C:\Program Files (x86)\MSBuild\Microsoft.Cpp\v4.0\V110\Microsoft.CppBuild.targets(346,5): warning MSB8004: Output Directory does not end with a trailing slash.  This build instance will add the slash as it is required to allow proper evaluation of the Output Directory.
  filesystem_helpers.cpp
  EntHTML.cpp
  AnalogBar.cpp
  AnimatingImagePanel.cpp
  AnimationController.cpp
  BitmapImagePanel.cpp
  BuildFactoryHelper.cpp
  BuildGroup.cpp
  BuildModeDialog.cpp
  Button.cpp
  CheckButton.cpp
  CheckButtonList.cpp
  CircularProgressBar.cpp
  ComboBox.cpp
  ControllerMap.cpp
  DirectorySelectDialog.cpp
  Divider.cpp
  EditablePanel.cpp
  ExpandButton.cpp
  FileOpenDialog.cpp
  Generating Code...
  Compiling...
  FileOpenStateMachine.cpp
  FocusNavGroup.cpp
  Frame.cpp
  GraphPanel.cpp
  HTML.cpp
  Image.cpp
  ImageList.cpp
  ImagePanel.cpp
  InputDialog.cpp
  KeyBindingHelpDialog.cpp
  KeyBoardEditorDialog.cpp
  KeyRepeat.cpp
  Label.cpp
  ListPanel.cpp
  ListViewPanel.cpp
  Menu.cpp
  MenuBar.cpp
  MenuButton.cpp
  MenuItem.cpp
  MessageBox.cpp
  Generating Code...
  Compiling...
  MessageDialog.cpp
  Panel.cpp
  PanelListPanel.cpp
  PerforceFileExplorer.cpp
  PerforceFileList.cpp
  ProgressBar.cpp
  ProgressBox.cpp
  PropertyDialog.cpp
  PropertyPage.cpp
  PropertySheet.cpp
  QueryBox.cpp
  RadioButton.cpp
  RichText.cpp
  RotatingProgressBar.cpp
  ScalableImagePanel.cpp
  ScrollBar.cpp
  ScrollBarSlider.cpp
  ScrollableEditablePanel.cpp
  SectionedListPanel.cpp
  Slider.cpp
  Generating Code...
  Compiling...
  Splitter.cpp
  TextEntry.cpp
  TextImage.cpp
  ToggleButton.cpp
  ToolWindow.cpp
  Tooltip.cpp
  TreeView.cpp
  TreeViewListControl.cpp
  URLLabel.cpp
  WizardPanel.cpp
  WizardSubPanel.cpp
  consoledialog.cpp
  controls.cpp
  perforcefilelistframe.cpp
  savedocumentquery.cpp
  subrectimage.cpp
  Generating Code...
  vgui_controls-2005.vcxproj -> C:\GabeModPlus\src\vgui2\vgui_controls\..\..\lib\public\vgui_controls.lib
