C:\GABEMODPLUS\SRC\VGUI2\VGUI_CONTROLS\RELEASE\FILEOPENDIALOG.OBJ
C:\GABEMODPLUS\SRC\VGUI2\VGUI_CONTROLS\RELEASE\EXPANDBUTTON.OBJ
C:\GABEMODPLUS\SRC\VGUI2\VGUI_CONTROLS\RELEASE\EDITABLEPANEL.OBJ
C:\GABEMODPLUS\SRC\VGUI2\VGUI_CONTROLS\RELEASE\DIVIDER.OBJ
C:\GABEMODPLUS\SRC\VGUI2\VGUI_CONTROLS\RELEASE\DIRECTORYSELECTDIALOG.OBJ
C:\GABEMODPLUS\SRC\VGUI2\VGUI_CONTROLS\RELEASE\CONTROLS.OBJ
C:\GABEMODPLUS\SRC\VGUI2\VGUI_CONTROLS\RELEASE\CONTROLLERMAP.OBJ
C:\GABEMODPLUS\SRC\VGUI2\VGUI_CONTROLS\RELEASE\CONSOLEDIALOG.OBJ
C:\GABEMODPLUS\SRC\VGUI2\VGUI_CONTROLS\RELEASE\COMBOBOX.OBJ
C:\GABEMODPLUS\SRC\VGUI2\VGUI_CONTROLS\RELEASE\CIRCULARPROGRESSBAR.OBJ
C:\GABEMODPLUS\SRC\VGUI2\VGUI_CONTROLS\RELEASE\CHECKBUTTONLIST.OBJ
C:\GABEMODPLUS\SRC\VGUI2\VGUI_CONTROLS\RELEASE\CHECKBUTTON.OBJ
C:\GABEMODPLUS\SRC\VGUI2\VGUI_CONTROLS\RELEASE\BUTTON.OBJ
C:\GABEMODPLUS\SRC\VGUI2\VGUI_CONTROLS\RELEASE\BUILDMODEDIALOG.OBJ
C:\GABEMODPLUS\SRC\VGUI2\VGUI_CONTROLS\RELEASE\BUILDGROUP.OBJ
C:\GABEMODPLUS\SRC\VGUI2\VGUI_CONTROLS\RELEASE\BUILDFACTORYHELPER.OBJ
C:\GABEMODPLUS\SRC\VGUI2\VGUI_CONTROLS\RELEASE\BITMAPIMAGEPANEL.OBJ
C:\GABEMODPLUS\SRC\VGUI2\VGUI_CONTROLS\RELEASE\ANIMATIONCONTROLLER.OBJ
C:\GABEMODPLUS\SRC\VGUI2\VGUI_CONTROLS\RELEASE\ANIMATINGIMAGEPANEL.OBJ
C:\GABEMODPLUS\SRC\VGUI2\VGUI_CONTROLS\RELEASE\ANALOGBAR.OBJ
C:\GABEMODPLUS\SRC\VGUI2\VGUI_CONTROLS\RELEASE\MENUITEM.OBJ
C:\GABEMODPLUS\SRC\VGUI2\VGUI_CONTROLS\RELEASE\MENUBUTTON.OBJ
C:\GABEMODPLUS\SRC\VGUI2\VGUI_CONTROLS\RELEASE\MENUBAR.OBJ
C:\GABEMODPLUS\SRC\VGUI2\VGUI_CONTROLS\RELEASE\MENU.OBJ
C:\GABEMODPLUS\SRC\VGUI2\VGUI_CONTROLS\RELEASE\LISTVIEWPANEL.OBJ
C:\GABEMODPLUS\SRC\VGUI2\VGUI_CONTROLS\RELEASE\LISTPANEL.OBJ
C:\GABEMODPLUS\SRC\VGUI2\VGUI_CONTROLS\RELEASE\LABEL.OBJ
C:\GABEMODPLUS\SRC\VGUI2\VGUI_CONTROLS\RELEASE\KEYREPEAT.OBJ
C:\GABEMODPLUS\SRC\VGUI2\VGUI_CONTROLS\RELEASE\KEYBOARDEDITORDIALOG.OBJ
C:\GABEMODPLUS\SRC\VGUI2\VGUI_CONTROLS\RELEASE\KEYBINDINGHELPDIALOG.OBJ
C:\GABEMODPLUS\SRC\VGUI2\VGUI_CONTROLS\RELEASE\INPUTDIALOG.OBJ
C:\GABEMODPLUS\SRC\VGUI2\VGUI_CONTROLS\RELEASE\IMAGEPANEL.OBJ
C:\GABEMODPLUS\SRC\VGUI2\VGUI_CONTROLS\RELEASE\IMAGELIST.OBJ
C:\GABEMODPLUS\SRC\VGUI2\VGUI_CONTROLS\RELEASE\IMAGE.OBJ
C:\GABEMODPLUS\SRC\VGUI2\VGUI_CONTROLS\RELEASE\HTML.OBJ
C:\GABEMODPLUS\SRC\VGUI2\VGUI_CONTROLS\RELEASE\GRAPHPANEL.OBJ
C:\GABEMODPLUS\SRC\VGUI2\VGUI_CONTROLS\RELEASE\FRAME.OBJ
C:\GABEMODPLUS\SRC\VGUI2\VGUI_CONTROLS\RELEASE\FOCUSNAVGROUP.OBJ
C:\GABEMODPLUS\SRC\VGUI2\VGUI_CONTROLS\RELEASE\FILESYSTEM_HELPERS.OBJ
C:\GABEMODPLUS\SRC\VGUI2\VGUI_CONTROLS\RELEASE\FILEOPENSTATEMACHINE.OBJ
C:\GABEMODPLUS\SRC\VGUI2\VGUI_CONTROLS\RELEASE\SCROLLBAR.OBJ
C:\GABEMODPLUS\SRC\VGUI2\VGUI_CONTROLS\RELEASE\SCROLLABLEEDITABLEPANEL.OBJ
C:\GABEMODPLUS\SRC\VGUI2\VGUI_CONTROLS\RELEASE\SCALABLEIMAGEPANEL.OBJ
C:\GABEMODPLUS\SRC\VGUI2\VGUI_CONTROLS\RELEASE\SAVEDOCUMENTQUERY.OBJ
C:\GABEMODPLUS\SRC\VGUI2\VGUI_CONTROLS\RELEASE\ROTATINGPROGRESSBAR.OBJ
C:\GABEMODPLUS\SRC\VGUI2\VGUI_CONTROLS\RELEASE\RICHTEXT.OBJ
C:\GABEMODPLUS\SRC\VGUI2\VGUI_CONTROLS\RELEASE\RADIOBUTTON.OBJ
C:\GABEMODPLUS\SRC\VGUI2\VGUI_CONTROLS\RELEASE\QUERYBOX.OBJ
C:\GABEMODPLUS\SRC\VGUI2\VGUI_CONTROLS\RELEASE\PROPERTYSHEET.OBJ
C:\GABEMODPLUS\SRC\VGUI2\VGUI_CONTROLS\RELEASE\PROPERTYPAGE.OBJ
C:\GABEMODPLUS\SRC\VGUI2\VGUI_CONTROLS\RELEASE\PROPERTYDIALOG.OBJ
C:\GABEMODPLUS\SRC\VGUI2\VGUI_CONTROLS\RELEASE\PROGRESSBOX.OBJ
C:\GABEMODPLUS\SRC\VGUI2\VGUI_CONTROLS\RELEASE\PROGRESSBAR.OBJ
C:\GABEMODPLUS\SRC\VGUI2\VGUI_CONTROLS\RELEASE\PERFORCEFILELISTFRAME.OBJ
C:\GABEMODPLUS\SRC\VGUI2\VGUI_CONTROLS\RELEASE\PERFORCEFILELIST.OBJ
C:\GABEMODPLUS\SRC\VGUI2\VGUI_CONTROLS\RELEASE\PERFORCEFILEEXPLORER.OBJ
C:\GABEMODPLUS\SRC\VGUI2\VGUI_CONTROLS\RELEASE\PANELLISTPANEL.OBJ
C:\GABEMODPLUS\SRC\VGUI2\VGUI_CONTROLS\RELEASE\PANEL.OBJ
C:\GABEMODPLUS\SRC\VGUI2\VGUI_CONTROLS\RELEASE\MESSAGEDIALOG.OBJ
C:\GABEMODPLUS\SRC\VGUI2\VGUI_CONTROLS\RELEASE\MESSAGEBOX.OBJ
C:\GABEMODPLUS\SRC\VGUI2\VGUI_CONTROLS\RELEASE\WIZARDSUBPANEL.OBJ
C:\GABEMODPLUS\SRC\VGUI2\VGUI_CONTROLS\RELEASE\WIZARDPANEL.OBJ
C:\GABEMODPLUS\SRC\VGUI2\VGUI_CONTROLS\RELEASE\URLLABEL.OBJ
C:\GABEMODPLUS\SRC\VGUI2\VGUI_CONTROLS\RELEASE\TREEVIEWLISTCONTROL.OBJ
C:\GABEMODPLUS\SRC\VGUI2\VGUI_CONTROLS\RELEASE\TREEVIEW.OBJ
C:\GABEMODPLUS\SRC\VGUI2\VGUI_CONTROLS\RELEASE\TOOLWINDOW.OBJ
C:\GABEMODPLUS\SRC\VGUI2\VGUI_CONTROLS\RELEASE\TOOLTIP.OBJ
C:\GABEMODPLUS\SRC\VGUI2\VGUI_CONTROLS\RELEASE\TOGGLEBUTTON.OBJ
C:\GABEMODPLUS\SRC\VGUI2\VGUI_CONTROLS\RELEASE\TEXTIMAGE.OBJ
C:\GABEMODPLUS\SRC\VGUI2\VGUI_CONTROLS\RELEASE\TEXTENTRY.OBJ
C:\GABEMODPLUS\SRC\VGUI2\VGUI_CONTROLS\RELEASE\SUBRECTIMAGE.OBJ
C:\GABEMODPLUS\SRC\VGUI2\VGUI_CONTROLS\RELEASE\SPLITTER.OBJ
C:\GABEMODPLUS\SRC\VGUI2\VGUI_CONTROLS\RELEASE\SLIDER.OBJ
C:\GABEMODPLUS\SRC\VGUI2\VGUI_CONTROLS\RELEASE\SECTIONEDLISTPANEL.OBJ
C:\GABEMODPLUS\SRC\VGUI2\VGUI_CONTROLS\RELEASE\SCROLLBARSLIDER.OBJ
C:\GABEMODPLUS\SRC\LIB\PUBLIC\VGUI_CONTROLS.LIB
C:\GabeModPlus\src\vgui2\vgui_controls\Release\AnalogBar.obj
C:\GabeModPlus\src\vgui2\vgui_controls\Release\AnimatingImagePanel.obj
C:\GabeModPlus\src\vgui2\vgui_controls\Release\AnimationController.obj
C:\GabeModPlus\src\vgui2\vgui_controls\Release\BitmapImagePanel.obj
C:\GabeModPlus\src\vgui2\vgui_controls\Release\BuildFactoryHelper.obj
C:\GabeModPlus\src\vgui2\vgui_controls\Release\BuildGroup.obj
C:\GabeModPlus\src\vgui2\vgui_controls\Release\BuildModeDialog.obj
C:\GabeModPlus\src\vgui2\vgui_controls\Release\Button.obj
C:\GabeModPlus\src\vgui2\vgui_controls\Release\CheckButton.obj
C:\GabeModPlus\src\vgui2\vgui_controls\Release\CheckButtonList.obj
C:\GabeModPlus\src\vgui2\vgui_controls\Release\CircularProgressBar.obj
C:\GabeModPlus\src\vgui2\vgui_controls\Release\ComboBox.obj
C:\GabeModPlus\src\vgui2\vgui_controls\Release\consoledialog.obj
C:\GabeModPlus\src\vgui2\vgui_controls\Release\ControllerMap.obj
C:\GabeModPlus\src\vgui2\vgui_controls\Release\controls.obj
C:\GabeModPlus\src\vgui2\vgui_controls\Release\DirectorySelectDialog.obj
C:\GabeModPlus\src\vgui2\vgui_controls\Release\Divider.obj
C:\GabeModPlus\src\vgui2\vgui_controls\Release\EditablePanel.obj
C:\GabeModPlus\src\vgui2\vgui_controls\Release\ExpandButton.obj
C:\GabeModPlus\src\vgui2\vgui_controls\Release\FileOpenDialog.obj
C:\GabeModPlus\src\vgui2\vgui_controls\Release\FileOpenStateMachine.obj
C:\GabeModPlus\src\vgui2\vgui_controls\Release\filesystem_helpers.obj
C:\GabeModPlus\src\vgui2\vgui_controls\Release\FocusNavGroup.obj
C:\GabeModPlus\src\vgui2\vgui_controls\Release\Frame.obj
C:\GabeModPlus\src\vgui2\vgui_controls\Release\GraphPanel.obj
C:\GabeModPlus\src\vgui2\vgui_controls\Release\HTML.obj
C:\GabeModPlus\src\vgui2\vgui_controls\Release\Image.obj
C:\GabeModPlus\src\vgui2\vgui_controls\Release\ImageList.obj
C:\GabeModPlus\src\vgui2\vgui_controls\Release\ImagePanel.obj
C:\GabeModPlus\src\vgui2\vgui_controls\Release\InputDialog.obj
C:\GabeModPlus\src\vgui2\vgui_controls\Release\KeyBindingHelpDialog.obj
C:\GabeModPlus\src\vgui2\vgui_controls\Release\KeyBoardEditorDialog.obj
C:\GabeModPlus\src\vgui2\vgui_controls\Release\KeyRepeat.obj
C:\GabeModPlus\src\vgui2\vgui_controls\Release\Label.obj
C:\GabeModPlus\src\vgui2\vgui_controls\Release\ListPanel.obj
C:\GabeModPlus\src\vgui2\vgui_controls\Release\ListViewPanel.obj
C:\GabeModPlus\src\vgui2\vgui_controls\Release\Menu.obj
C:\GabeModPlus\src\vgui2\vgui_controls\Release\MenuBar.obj
C:\GabeModPlus\src\vgui2\vgui_controls\Release\MenuButton.obj
C:\GabeModPlus\src\vgui2\vgui_controls\Release\MenuItem.obj
C:\GabeModPlus\src\vgui2\vgui_controls\Release\MessageBox.obj
C:\GabeModPlus\src\vgui2\vgui_controls\Release\MessageDialog.obj
C:\GabeModPlus\src\vgui2\vgui_controls\Release\Panel.obj
C:\GabeModPlus\src\vgui2\vgui_controls\Release\PanelListPanel.obj
C:\GabeModPlus\src\vgui2\vgui_controls\Release\PerforceFileExplorer.obj
C:\GabeModPlus\src\vgui2\vgui_controls\Release\PerforceFileList.obj
C:\GabeModPlus\src\vgui2\vgui_controls\Release\perforcefilelistframe.obj
C:\GabeModPlus\src\vgui2\vgui_controls\Release\ProgressBar.obj
C:\GabeModPlus\src\vgui2\vgui_controls\Release\ProgressBox.obj
C:\GabeModPlus\src\vgui2\vgui_controls\Release\PropertyDialog.obj
C:\GabeModPlus\src\vgui2\vgui_controls\Release\PropertyPage.obj
C:\GabeModPlus\src\vgui2\vgui_controls\Release\PropertySheet.obj
C:\GabeModPlus\src\vgui2\vgui_controls\Release\QueryBox.obj
C:\GabeModPlus\src\vgui2\vgui_controls\Release\RadioButton.obj
C:\GabeModPlus\src\vgui2\vgui_controls\Release\RichText.obj
C:\GabeModPlus\src\vgui2\vgui_controls\Release\RotatingProgressBar.obj
C:\GabeModPlus\src\vgui2\vgui_controls\Release\savedocumentquery.obj
C:\GabeModPlus\src\vgui2\vgui_controls\Release\ScalableImagePanel.obj
C:\GabeModPlus\src\vgui2\vgui_controls\Release\ScrollableEditablePanel.obj
C:\GabeModPlus\src\vgui2\vgui_controls\Release\ScrollBar.obj
C:\GabeModPlus\src\vgui2\vgui_controls\Release\ScrollBarSlider.obj
C:\GabeModPlus\src\vgui2\vgui_controls\Release\SectionedListPanel.obj
C:\GabeModPlus\src\vgui2\vgui_controls\Release\Slider.obj
C:\GabeModPlus\src\vgui2\vgui_controls\Release\Splitter.obj
C:\GabeModPlus\src\vgui2\vgui_controls\Release\subrectimage.obj
C:\GabeModPlus\src\vgui2\vgui_controls\Release\TextEntry.obj
C:\GabeModPlus\src\vgui2\vgui_controls\Release\TextImage.obj
C:\GabeModPlus\src\vgui2\vgui_controls\Release\ToggleButton.obj
C:\GabeModPlus\src\vgui2\vgui_controls\Release\Tooltip.obj
C:\GabeModPlus\src\vgui2\vgui_controls\Release\ToolWindow.obj
C:\GabeModPlus\src\vgui2\vgui_controls\Release\TreeView.obj
C:\GabeModPlus\src\vgui2\vgui_controls\Release\TreeViewListControl.obj
C:\GabeModPlus\src\vgui2\vgui_controls\Release\URLLabel.obj
C:\GabeModPlus\src\vgui2\vgui_controls\Release\WizardPanel.obj
C:\GabeModPlus\src\vgui2\vgui_controls\Release\WizardSubPanel.obj
C:\GabeModPlus\src\vgui2\vgui_controls\Release\cl.command.1.tlog
C:\GabeModPlus\src\vgui2\vgui_controls\Release\CL.read.1.tlog
C:\GabeModPlus\src\vgui2\vgui_controls\Release\CL.write.1.tlog
C:\GabeModPlus\src\vgui2\vgui_controls\Release\Lib-link.read.1.tlog
C:\GabeModPlus\src\vgui2\vgui_controls\Release\Lib-link.write.1.tlog
C:\GabeModPlus\src\vgui2\vgui_controls\Release\lib.command.1.tlog
C:\GabeModPlus\src\vgui2\vgui_controls\Release\Lib.read.1.tlog
