C:\GABEMODPLUS\SRC\GABE_LUA515\DEBUG\LMATHLIB.OBJ
C:\GABEMODPLUS\SRC\GABE_LUA515\DEBUG\LMEM.OBJ
C:\GABEMODPLUS\SRC\GABE_LUA515\DEBUG\LOADLIB.OBJ
C:\GABEMODPLUS\SRC\GABE_LUA515\DEBUG\LOBJECT.OBJ
C:\GABEMODPLUS\SRC\GABE_LUA515\DEBUG\LOPCODES.OBJ
C:\GABEMODPLUS\SRC\GABE_LUA515\DEBUG\LOSLIB.OBJ
C:\GABEMODPLUS\SRC\GABE_LUA515\DEBUG\LPARSER.OBJ
C:\GABEMODPLUS\SRC\GABE_LUA515\DEBUG\LSTATE.OBJ
C:\GABEMODPLUS\SRC\GABE_LUA515\DEBUG\LSTRING.OBJ
C:\GABEMODPLUS\SRC\GABE_LUA515\DEBUG\LSTRLIB.OBJ
C:\GABEMODPLUS\SRC\GABE_LUA515\DEBUG\LTABLE.OBJ
C:\GABEMODPLUS\SRC\GABE_LUA515\DEBUG\LTABLIB.OBJ
C:\GABEMODPLUS\SRC\GABE_LUA515\DEBUG\LTM.OBJ
C:\GABEMODPLUS\SRC\GABE_LUA515\DEBUG\LUA.OBJ
C:\GABEMODPLUS\SRC\GABE_LUA515\DEBUG\LUAC.OBJ
C:\GABEMODPLUS\SRC\GABE_LUA515\DEBUG\LUNDUMP.OBJ
C:\GABEMODPLUS\SRC\GABE_LUA515\DEBUG\LVM.OBJ
C:\GABEMODPLUS\SRC\GABE_LUA515\DEBUG\LZIO.OBJ
C:\GABEMODPLUS\SRC\GABE_LUA515\DEBUG\PRINT.OBJ
C:\GABEMODPLUS\SRC\GABE_LUA515\DEBUG\WMAIN.OBJ
C:\GABEMODPLUS\SRC\GABE_LUA515\DEBUG\LAPI.OBJ
C:\GABEMODPLUS\SRC\GABE_LUA515\DEBUG\LAUXLIB.OBJ
C:\GABEMODPLUS\SRC\GABE_LUA515\DEBUG\LBASELIB.OBJ
C:\GABEMODPLUS\SRC\GABE_LUA515\DEBUG\LCODE.OBJ
C:\GABEMODPLUS\SRC\GABE_LUA515\DEBUG\LDBLIB.OBJ
C:\GABEMODPLUS\SRC\GABE_LUA515\DEBUG\LDEBUG.OBJ
C:\GABEMODPLUS\SRC\GABE_LUA515\DEBUG\LDO.OBJ
C:\GABEMODPLUS\SRC\GABE_LUA515\DEBUG\LDUMP.OBJ
C:\GABEMODPLUS\SRC\GABE_LUA515\DEBUG\LFUNC.OBJ
C:\GABEMODPLUS\SRC\GABE_LUA515\DEBUG\LGC.OBJ
C:\GABEMODPLUS\SRC\GABE_LUA515\DEBUG\LINIT.OBJ
C:\GABEMODPLUS\SRC\GABE_LUA515\DEBUG\LIOLIB.OBJ
C:\GABEMODPLUS\SRC\GABE_LUA515\DEBUG\LLEX.OBJ
C:\GABEMODPLUS\SRC\GABE_LUA515\DEBUG\VC110.PDB
C:\GABEMODPLUS\SRC\DEBUG\GABE_LUA515.LIB
C:\GabeModPlus\src\gabe_lua515\Debug\lapi.obj
C:\GabeModPlus\src\gabe_lua515\Debug\lauxlib.obj
C:\GabeModPlus\src\gabe_lua515\Debug\lbaselib.obj
C:\GabeModPlus\src\gabe_lua515\Debug\lcode.obj
C:\GabeModPlus\src\gabe_lua515\Debug\ldblib.obj
C:\GabeModPlus\src\gabe_lua515\Debug\ldebug.obj
C:\GabeModPlus\src\gabe_lua515\Debug\ldo.obj
C:\GabeModPlus\src\gabe_lua515\Debug\ldump.obj
C:\GabeModPlus\src\gabe_lua515\Debug\lfunc.obj
C:\GabeModPlus\src\gabe_lua515\Debug\lgc.obj
C:\GabeModPlus\src\gabe_lua515\Debug\linit.obj
C:\GabeModPlus\src\gabe_lua515\Debug\liolib.obj
C:\GabeModPlus\src\gabe_lua515\Debug\llex.obj
C:\GabeModPlus\src\gabe_lua515\Debug\lmathlib.obj
C:\GabeModPlus\src\gabe_lua515\Debug\lmem.obj
C:\GabeModPlus\src\gabe_lua515\Debug\loadlib.obj
C:\GabeModPlus\src\gabe_lua515\Debug\lobject.obj
C:\GabeModPlus\src\gabe_lua515\Debug\lopcodes.obj
C:\GabeModPlus\src\gabe_lua515\Debug\loslib.obj
C:\GabeModPlus\src\gabe_lua515\Debug\lparser.obj
C:\GabeModPlus\src\gabe_lua515\Debug\lstate.obj
C:\GabeModPlus\src\gabe_lua515\Debug\lstring.obj
C:\GabeModPlus\src\gabe_lua515\Debug\lstrlib.obj
C:\GabeModPlus\src\gabe_lua515\Debug\ltable.obj
C:\GabeModPlus\src\gabe_lua515\Debug\ltablib.obj
C:\GabeModPlus\src\gabe_lua515\Debug\ltm.obj
C:\GabeModPlus\src\gabe_lua515\Debug\lua.obj
C:\GabeModPlus\src\gabe_lua515\Debug\luac.obj
C:\GabeModPlus\src\gabe_lua515\Debug\lundump.obj
C:\GabeModPlus\src\gabe_lua515\Debug\lvm.obj
C:\GabeModPlus\src\gabe_lua515\Debug\lzio.obj
C:\GabeModPlus\src\gabe_lua515\Debug\print.obj
C:\GabeModPlus\src\gabe_lua515\Debug\wmain.obj
C:\GabeModPlus\src\gabe_lua515\Debug\cl.command.1.tlog
C:\GabeModPlus\src\gabe_lua515\Debug\CL.read.1.tlog
C:\GabeModPlus\src\gabe_lua515\Debug\CL.write.1.tlog
C:\GabeModPlus\src\gabe_lua515\Debug\Lib-link.read.1.tlog
C:\GabeModPlus\src\gabe_lua515\Debug\Lib-link.write.1.tlog
C:\GabeModPlus\src\gabe_lua515\Debug\lib.command.1.tlog
C:\GabeModPlus\src\gabe_lua515\Debug\Lib.read.1.tlog
C:\GabeModPlus\src\gabe_lua515\Debug\vc110.idb
C:\GabeModPlus\src\gabe_lua515\Debug\vc110.pdb
C:\GabeModPlus\src\Debug\gabe_lua515.lib
