C:\Program Files (x86)\MSBuild\Microsoft.Cpp\v4.0\V110\Microsoft.CppBuild.targets(346,5): warning MSB8004: Output Directory does not end with a trailing slash.  This build instance will add the slash as it is required to allow proper evaluation of the Output Directory.
  wmain.c
  print.c
  lzio.c
  lvm.c
  lundump.c
  luac.c
  lua.c
  ltm.c
  ltablib.c
  ltable.c
  lstrlib.c
  lstring.c
  lstate.c
  lparser.c
  loslib.c
  lopcodes.c
  lobject.c
  loadlib.c
  lmem.c
  lmathlib.c
  Generating Code...
  Compiling...
  llex.c
  liolib.c
  linit.c
  lgc.c
  lfunc.c
  ldump.c
  ldo.c
  ldebug.c
  ldblib.c
  lcode.c
  lbaselib.c
  lauxlib.c
  lapi.c
  Generating Code...
lua.obj : warning LNK4006: _main already defined in luac.obj; second definition ignored
  gabe_lua515.vcxproj -> C:\GabeModPlus\src\\lib\public\gabe_lua515.lib
