  stdafx.cpp
cl : Command line warning D9030: '/Gm' is incompatible with multiprocessing; ignoring /MP switch
  toolframework_client.cpp
  entity_client_tools.cpp
  bonelist.cpp
  mp3player.cpp
  gabeplus_motd.cpp
  gabe_watermark.cpp
  multiplayer_animstate.cpp
  vgui_rootpanel_hl2.cpp
  shieldproxy.cpp
  script_intro_shared.cpp
  hud_zoom.cpp
  hud_weaponselection.cpp
  hud_suitpower.cpp
  hud_squadstatus.cpp
  hud_quickinfo.cpp
  hud_poisondamageindicator.cpp
  hud_health.cpp
  hud_flashlight.cpp
c:\gabemodplus\src\game\client\hl2\hud_flashlight.cpp(7): warning C4627: '#include "hudelement.h"': skipped when looking for precompiled header use
          Add directive to 'cbase.h' or rebuild precompiled header
c:\gabemodplus\src\game\client\hl2\hud_flashlight.cpp(8): warning C4627: '#include "hud_numericdisplay.h"': skipped when looking for precompiled header use
          Add directive to 'cbase.h' or rebuild precompiled header
c:\gabemodplus\src\game\client\hl2\hud_flashlight.cpp(9): warning C4627: '#include <vgui_controls/Panel.h>': skipped when looking for precompiled header use
          Add directive to 'cbase.h' or rebuild precompiled header
  hud_damageindicator.cpp
  hud_credits.cpp
c:\gabemodplus\src\game\client\hl2\hud_credits.cpp(7): warning C4627: '#include "hudelement.h"': skipped when looking for precompiled header use
          Add directive to 'cbase.h' or rebuild precompiled header
c:\gabemodplus\src\game\client\hl2\hud_credits.cpp(8): warning C4627: '#include "hud_numericdisplay.h"': skipped when looking for precompiled header use
          Add directive to 'cbase.h' or rebuild precompiled header
c:\gabemodplus\src\game\client\hl2\hud_credits.cpp(9): warning C4627: '#include <vgui_controls/Panel.h>': skipped when looking for precompiled header use
          Add directive to 'cbase.h' or rebuild precompiled header
  Generating Code...
  Compiling...
  hud_blood.cpp
  hud_battery.cpp
  hud_ammo.cpp
  hl_prediction.cpp
  hl_in_main.cpp
  hl_gamemovement.cpp
  hl2_usermessages.cpp
  hl2_gamerules.cpp
  hl2_clientmode.cpp
  fx_hl2_tracers.cpp
  fx_hl2_impacts.cpp
  fx_bugbait.cpp
  fx_antlion.cpp
  env_headcrabcanister_shared.cpp
  c_weapon_crossbow.cpp
  c_weapon__stubs_hl2.cpp
  c_vort_charge_token.cpp
  c_vehicle_prisoner_pod.cpp
  c_vehicle_crane.cpp
  c_vehicle_cannon.cpp
  Generating Code...
  Compiling...
  c_vehicle_airboat.cpp
  c_thumper_dust.cpp
  c_te_flare.cpp
  c_te_concussiveexplosion.cpp
  c_strider.cpp
  c_script_intro.cpp
  c_rotorwash.cpp
  c_prop_combine_ball.cpp
  c_plasma_beam_node.cpp
  c_npc_rollermine.cpp
  c_npc_manhack.cpp
  c_npc_combinegunship.cpp
  c_npc_antlionguard.cpp
  c_info_teleporter_countdown.cpp
  c_hl2_playerlocaldata.cpp
  c_func_tankmortar.cpp
  c_env_starfield.cpp
  c_env_headcrabcanister.cpp
  c_env_alyxtemp.cpp
  c_corpse.cpp
  Generating Code...
  Compiling...
  c_citadel_effects.cpp
  c_basehlplayer.cpp
  c_basehlcombatweapon.cpp
  c_basehelicopter.cpp
  c_barney.cpp
  c_barnacle.cpp
  c_ar2_explosion.cpp
  c_antlion_dust.cpp
  basehlcombatweapon_shared.cpp
  hl2mptextwindow.cpp
  hl2mpclientscoreboard.cpp
  hl2mp_hud_team.cpp
  hl2mp_hud_target_id.cpp
  hl2mp_hud_chat.cpp
  backgroundpanel.cpp
  weapon_stunstick.cpp
  weapon_smg1.cpp
  weapon_slam.cpp
c:\gabemodplus\src\game\shared\hl2mp\weapon_slam.cpp(471): warning C4189: 'pPlayer' : local variable is initialized but not referenced
  weapon_shotgun.cpp
  weapon_rpg.cpp
c:\gabemodplus\src\game\shared\hl2mp\weapon_rpg.cpp(1503): warning C4189: 'item' : local variable is initialized but not referenced
  Generating Code...
c:\gabemodplus\src\game\client\hl2mp\hl2mp_hud_chat.cpp(59): warning C4701: potentially uninitialized local variable 'r' used
c:\gabemodplus\src\game\client\hl2mp\hl2mp_hud_chat.cpp(59): warning C4701: potentially uninitialized local variable 'g' used
c:\gabemodplus\src\game\client\hl2mp\hl2mp_hud_chat.cpp(59): warning C4701: potentially uninitialized local variable 'b' used
  Compiling...
  weapon_pistol.cpp
  weapon_physcannon.cpp
  weapon_hl2mpbasehlmpcombatweapon.cpp
  weapon_hl2mpbasebasebludgeon.cpp
  weapon_hl2mpbase_machinegun.cpp
  weapon_hl2mpbase.cpp
  weapon_frag.cpp
  weapon_crowbar.cpp
  weapon_crossbow.cpp
  weapon_ar2.cpp
  weapon_357.cpp
  hl2mp_weapon_parse.cpp
  hl2mp_playeranimstate.cpp
  hl2mp_player_shared.cpp
  hl2mp_gamerules.cpp
  clientmode_hl2mpnormal.cpp
  c_te_hl2mp_shotgun_shot.cpp
  c_hl2mp_player.cpp
  vguitextwindow.cpp
  teammenu.cpp
  Generating Code...
  Compiling...
  SpectatorGUI.cpp
  NavProgress.cpp
  MapOverview.cpp
  intromenu.cpp
  IconPanel.cpp
  commandmenu.cpp
  ClientScoreBoardDialog.cpp
  classmenu.cpp
  baseviewport.cpp
  basemodelpanel.cpp
  basemodel_panel.cpp
  smoke_fog_overlay.cpp
  particlesphererenderer.cpp
  fx_sparks.cpp
  fx_line.cpp
  fx_envelope.cpp
  fx_discreetline.cpp
  fx.cpp
  c_tracer.cpp
  c_testtraceline.cpp
  Generating Code...
c:\gabemodplus\src\game\client\game_controls\spectatorgui.cpp(662): warning C4789: buffer 'szText' of size 126 bytes will be overrun; 2 bytes will be written starting at offset 126
  Compiling...
  c_te_worlddecal.cpp
  c_te_spritespray.cpp
  c_te_sprite.cpp
  c_te_sparks.cpp
  c_te_smoke.cpp
  c_te_showline.cpp
  c_te_projecteddecal.cpp
  c_te_playerdecal.cpp
  c_te_physicsprop.cpp
  c_te_particlesystem.cpp
  c_te_muzzleflash.cpp
  c_te_legacytempents.cpp
  c_te_largefunnel.cpp
  c_te_killplayerattachments.cpp
  c_te_impact.cpp
  c_te_glowsprite.cpp
  c_te_glassshatter.cpp
  c_te_footprint.cpp
  c_te_fizz.cpp
  c_te_explosion.cpp
  Generating Code...
  Compiling...
  c_te_energysplash.cpp
  c_te_effect_dispatch.cpp
  c_te_dynamiclight.cpp
  c_te_decal.cpp
  c_te_clientprojectile.cpp
  c_te_bubbletrail.cpp
  c_te_bubbles.cpp
  c_te_bspdecal.cpp
  c_te_breakmodel.cpp
  c_te_bloodstream.cpp
  c_te_bloodsprite.cpp
  c_te_beamspline.cpp
  c_te_beamringpoint.cpp
  c_te_beamring.cpp
  c_te_beampoints.cpp
  c_te_beamlaser.cpp
  c_te_beamfollow.cpp
  c_te_beaments.cpp
  c_te_beamentpoint.cpp
  c_te_basebeam.cpp
  Generating Code...
  Compiling...
  c_te_armorricochet.cpp
  c_te.cpp
  c_stickybolt.cpp
  c_steamjet.cpp
  c_smokestack.cpp
  c_smoke_trail.cpp
  c_recipientfilter.cpp
  c_prop_vehicle.cpp
  c_particle_smokegrenade.cpp
  c_particle_fire.cpp
  c_movie_explosion.cpp
  c_impact_effects.cpp
  c_effects.cpp
  c_basetempentity.cpp
  WorldDimsProxy.cpp
  weapons_resource.cpp
  weapon_selection.cpp
  weapon_parse.cpp
  WaterLODMaterialProxy.cpp
  warp_overlay.cpp
  Generating Code...
  Compiling...
  voice_status.cpp
  voice_banmgr.cpp
  viewrender.cpp
  viewpostprocess.cpp
  viewdebug.cpp
  ViewConeImage.cpp
  viewangleanim.cpp
  view_scene.cpp
  view_effects.cpp
  view_beams.cpp
  view.cpp
  vgui_test.cpp
c:\gabemodplus\src\game\client\vgui_test.cpp(113): warning C4189: 'automatic' : local variable is initialized but not referenced
  vgui_slideshow_display_screen.cpp
  vgui_netgraphpanel.cpp
  vgui_messagechars.cpp
  vgui_loadingdiscpanel.cpp
  vgui_keyvalue.cpp
  vgui_int.cpp
  vgui_grid.cpp
  vgui_game_viewport.cpp
  Generating Code...
  Compiling...
  vgui_fpspanel.cpp
  vgui_debugoverlaypanel.cpp
  vgui_credits.cpp
  vgui_consolepanel.cpp
  vgui_centerstringpanel.cpp
  vgui_bitmappanel.cpp
  vgui_bitmapimage.cpp
  vgui_bitmapbutton.cpp
  vgui_basepanel.cpp
  vgui_avatarimage.cpp
  vehicle_viewblend_shared.cpp
  util_shared.cpp
  usermessages.cpp
  usercmd.cpp
  train.cpp
  toggletextureproxy.cpp
  timematerialproxy.cpp
  texturescrollmaterialproxy.cpp
  text_message.cpp
  test_ehandle.cpp
  Generating Code...
  Compiling...
  teamplay_gamerules.cpp
  takedamageinfo.cpp
  studio_shared.cpp
  SpriteTrail.cpp
  spritemodel.cpp
  Sprite.cpp
  splinepatch.cpp
  SoundParametersInternal.cpp
  soundenvelope.cpp
  SoundEmitterSystem.cpp
  singleplay_gamerules.cpp
  simtimer.cpp
  simple_keys.cpp
  sdk_inventory.cpp
  sequence_Transitioner.cpp
  ScreenSpaceEffects.cpp
  sceneentity_shared.cpp
  saverestore.cpp
  rope_helpers.cpp
  recvproxy.cpp
  Generating Code...
  Compiling...
  ragdoll_shared.cpp
  ragdoll.cpp
  proxypupil.cpp
  proxyplayer.cpp
  ProxyHealth.cpp
  proxyentity.cpp
  props_shared.cpp
  predictioncopy.cpp
  prediction.cpp
  predicted_viewmodel.cpp
  predictableid.cpp
  precache_register.cpp
  point_posecontroller.cpp
  point_bonusmaps_accessor.cpp
  playerandobjectenumerator.cpp
  physpropclientside.cpp
  physics_shared.cpp
  physics_saverestore.cpp
  physics_main_shared.cpp
  physics_main_client.cpp
  Generating Code...
  Compiling...
  physics.cpp
  perfvisualbenchmark.cpp
  particlesystemquery.cpp
  particles_simple.cpp
  particles_new.cpp
  particles_localspace.cpp
  particles_ez.cpp
  particles_attractor.cpp
  particlemgr.cpp
  particle_simple3d.cpp
  particle_proxies.cpp
  particle_property.cpp
  particle_parse.cpp
  particle_litsmokeemitter.cpp
  particle_collision.cpp
  panelmetaclassmgr.cpp
  obstacle_pushaway.cpp
  multiplay_gamerules.cpp
  mp_shareddefs.cpp
  movevars_shared.cpp
  Generating Code...
  Compiling...
  movehelper_client.cpp
  message.cpp
  menu.cpp
  matrixproxy.cpp
  mathproxy.cpp
  mapload_background.cpp
  mapentities_shared.cpp
  lamphaloproxy.cpp
  lampbeamproxy.cpp
  IsNPCProxy.cpp
  interpolatedvar.cpp
  initializer.cpp
  in_main.cpp
  in_joystick.cpp
c:\gabemodplus\src\game\client\in_joystick.cpp(10): warning C4627: '#include <windows.h>': skipped when looking for precompiled header use
          Add directive to 'cbase.h' or rebuild precompiled header
  in_camera.cpp
  IHTMLView.cpp
  igamesystem.cpp
  hud_weapon.cpp
  hud_voicestatus.cpp
  hud_vehicle.cpp
  Generating Code...
  Compiling...
  hud_redraw.cpp
  hud_pdump.cpp
  hud_numericdisplay.cpp
  hud_mtool.cpp
  hud_msg.cpp
  hud_killfeed.cpp
  hud_hintdisplay.cpp
  hud_hdrdemo.cpp
  hud_filmdemo.cpp
  hud_element_helper.cpp
  hud_crosshair.cpp
  hud_closecaption.cpp
  hud_bitmapnumericdisplay.cpp
  hud_basetimer.cpp
  hud_basechat.cpp
  hud_autoaim.cpp
  hud_animationinfo.cpp
  hud.cpp
  hltvcamera.cpp
  history_resource.cpp
  Generating Code...
  Compiling...
  hintsystem.cpp
  hintmessage.cpp
  glow_overlay.cpp
  geiger.cpp
  gamevars_shared.cpp
  gametrace_client.cpp
  gamestringpool.cpp
  GameStats.cpp
  gamerules_register.cpp
  gamerules.cpp
  gamemovement.cpp
c:\gabemodplus\src\game\shared\gamemovement.cpp(2473): warning C4189: 'flNewSpeed' : local variable is initialized but not referenced
c:\gabemodplus\src\game\shared\gamemovement.cpp(2472): warning C4189: 'flMaxSpeed' : local variable is initialized but not referenced
  fx_water.cpp
  fx_trail.cpp
  fx_tracer.cpp
  fx_staticline.cpp
  fx_shelleject.cpp
  fx_quad.cpp
  fx_interpvalue.cpp
  fx_impact.cpp
  fx_fleck.cpp
  Generating Code...
  Compiling...
  fx_explosion.cpp
  fx_cube.cpp
  fx_blood.cpp
  functionproxy.cpp
  func_ladder.cpp
  flashlighteffect.cpp
  eventlist.cpp
  env_wind_shared.cpp
  env_detail_controller.cpp
  EntityParticleTrail_Shared.cpp
  entityoriginmaterialproxy.cpp
  entitylist_base.cpp
  ehandle.cpp
  EffectsClient.cpp
  effect_dispatch_data.cpp
  dummyproxy.cpp
  detailobjectsystem.cpp
  decals.cpp
  debugoverlay_shared.cpp
  death_pose.cpp
  Generating Code...
  Compiling...
  commentary_modelviewer.cpp
  colorcorrectionmgr.cpp
  collisionproperty.cpp
  clientsideeffects_test.cpp
  clientsideeffects.cpp
  clientshadowmgr.cpp
  clientmode_shared.cpp
  clientleafsystem.cpp
  cliententitylist.cpp
  clienteffectprecachesystem.cpp
  client_thinklist.cpp
  client_factorylist.cpp
  classmap.cpp
  cl_mat_stub.cpp
  cdll_util.cpp
  cdll_client_int.cpp
  cdll_bounded_cvars.cpp
  camomaterialproxy.cpp
  c_world.cpp
  C_WaterLODControl.cpp
  Generating Code...
  Compiling...
  c_waterbullet.cpp
  c_vguiscreen.cpp
  c_vehicle_jeep.cpp
  c_vehicle_choreo_generic.cpp
  c_user_message_register.cpp
  c_test_proxytoggle.cpp
  c_tesla.cpp
  c_team.cpp
  c_sun.cpp
  c_sprite_perfmonitor.cpp
  c_sprite.cpp
  c_spotlight_end.cpp
  c_soundscape.cpp
  c_slideshow_display.cpp
  c_shadowcontrol.cpp
  c_sceneentity.cpp
  c_rumble.cpp
  c_rope.cpp
  c_ragdoll_manager.cpp
  c_props.cpp
  Generating Code...
  Compiling...
  c_point_commentary_node.cpp
  c_point_camera.cpp
  c_playerresource.cpp
  c_plasma.cpp
  c_pixel_visibility.cpp
  c_physmagnet.cpp
  c_physicsprop.cpp
  c_physbox.cpp
  c_particle_system.cpp
  C_MaterialModifyControl.cpp
  c_lightglow.cpp
  c_info_overlay_accessor.cpp
  c_hairball.cpp
  c_gib.cpp
  c_func_tracktrain.cpp
  c_func_smokevolume.cpp
  c_func_rotating.cpp
  c_func_reflective_glass.cpp
  c_func_occluder.cpp
  C_Func_Monitor.cpp
  Generating Code...
  Compiling...
  gabe_newgamedialog.cpp
c:\gabemodplus\src\game\client\gabe_newgamedialog.cpp(924): warning C4189: 'publicServer' : local variable is initialized but not referenced
  gabeplus_tutorial.cpp
  gabeplus_spawnmenu.cpp
  gabeplus_issues.cpp
  gabeplus_friendslist.cpp
  c_weapon__stubs_gabemod.cpp
  c_weapon_proplauncher.cpp
  c_func_lod.cpp
  c_func_dust.cpp
  c_func_conveyor.cpp
  c_func_breakablesurf.cpp
  c_func_areaportalwindow.cpp
  c_fish.cpp
  c_fire_smoke.cpp
  c_env_tonemap_controller.cpp
  c_env_screenoverlay.cpp
  c_env_projectedtexture.cpp
  c_env_particlescript.cpp
  c_env_fog_controller.cpp
  c_entityparticletrail.cpp
  Generating Code...
  Compiling...
  c_entitydissolve.cpp
  c_dynamiclight.cpp
  c_colorcorrectionvolume.cpp
  c_colorcorrection.cpp
  c_breakableprop.cpp
  c_baseviewmodel.cpp
  c_baseplayer.cpp
  c_baseflex.cpp
  c_baseentity.cpp
  c_basedoor.cpp
  c_basecombatweapon.cpp
  c_basecombatcharacter.cpp
  c_baseanimatingoverlay.cpp
  c_baseanimating.cpp
  c_ai_basenpc.cpp
  c_ai_basehumanoid.cpp
  cl_camblur.cpp
  bone_merge_cache.cpp
  bone_accessor.cpp
  beamdraw.cpp
  Generating Code...
  Compiling...
  beam_shared.cpp
  baseviewmodel_shared.cpp
  basepresence.cpp
  baseplayer_shared.cpp
  baseparticleentity.cpp
  basegrenade_shared.cpp
  baseentity_shared.cpp
  basecombatweapon_shared.cpp
  basecombatcharacter_shared.cpp
  baseclientrendertargets.cpp
  baseanimatedtextureproxy.cpp
  baseachievement.cpp
  base_playeranimstate.cpp
  animation.cpp
  AnimateSpecificTextureProxy.cpp
  animatedtextureproxy.cpp
  animatedoffsettextureproxy.cpp
  animatedentitytextureproxy.cpp
  ammodef.cpp
  alphamaterialproxy.cpp
  Generating Code...
  Compiling...
  activitylist.cpp
  achievements_hlx.cpp
  achievementmgr.cpp
  achievement_saverestore.cpp
  achievement_notification_panel.cpp
  achievements_hl2.cpp
  weapon_physgun.cpp
c:\gabemodplus\src\game\shared\hl2mp\weapon_physgun.cpp(81): warning C4189: 'pszClass' : local variable is initialized but not referenced
c:\gabemodplus\src\game\shared\hl2mp\weapon_physgun.cpp(893): warning C4189: 'distance' : local variable is initialized but not referenced
c:\gabemodplus\src\game\shared\hl2mp\weapon_physgun.cpp(1312): warning C4189: 'bAllowNonVPhysics' : local variable is initialized but not referenced
  weapon_mp5.cpp
  gabe_events.cpp
  achievements_gabemod.cpp
  Generating Code...
cl : Command line warning D9030: '/Gm' is incompatible with multiprocessing; ignoring /MP switch
  vgui_controls.cpp
  vallocator.cpp
  studio.cpp
  stringregistry.cpp
  simple_physics.cpp
  sheetsimulator.cpp
  sentence.cpp
  ScratchPadUtils.cpp
  scratchpad3d.cpp
  rope_physics.cpp
  rendertexture.cpp
  posedebugger.cpp
  networkvar.cpp
  jigglebones.cpp
  interval.cpp
  interpolatortypes.cpp
  in_mouse.cpp
  hud_lcd.cpp
  filesystem_helpers.cpp
  dt_utlvector_recv.cpp
  Generating Code...
  Compiling...
  dt_utlvector_common.cpp
  dt_recv.cpp
  crtmemdebug.cpp
  compiledcaptionswap.cpp
  collisionutils.cpp
  client_class.cpp
  bone_setup.cpp
  Generating Code...
     Creating library .\Debug_hl2mp\Client.lib and object .\Debug_hl2mp\Client.exp
  client_hl2mp-2005.vcxproj -> C:\GabeModPlus\src\game\client\.\Debug_hl2mp\Client.dll
  Copying to D:\Program Files (x86)\Steam\steamapps\SourceMods\gabemodplus\bin\
          1 file(s) copied.
