PRT1
160
283
4 0 3 (1567.670044 15360 16288.299805 ) (1536 15360 16288.299805 ) (1536 15360 31.750700 ) (1567.670044 15360 31.750700 ) 
4 0 1 (1536 15360 64 ) (1536 15360 16288.299805 ) (1536 16288.200195 16288.299805 ) (1536 16288.200195 64 ) 
4 1 4 (1536 15360 16288.299805 ) (1024 15360 16288.299805 ) (1024 15360 64 ) (1536 15360 64 ) 
4 1 2 (1024 15360 64 ) (1024 15360 16288.299805 ) (1024 16288.200195 16288.299805 ) (1024 16288.200195 64 ) 
4 2 9 (0 15360 64 ) (0 15360 16288.299805 ) (0 16288.200195 16288.299805 ) (0 16288.200195 64 ) 
4 2 5 (1024 15360 64 ) (1024 15360 16288.299805 ) (0 15360 16288.299805 ) (0 15360 64 ) 
4 3 6 (1567.670044 14336 16288.299805 ) (1536 14336 16288.299805 ) (1536 14336 31.750700 ) (1567.670044 14336 31.750700 ) 
4 3 4 (1536 14336 64 ) (1536 14336 16288.299805 ) (1536 15360 16288.299805 ) (1536 15360 64 ) 
4 4 7 (1536 14336 16288.299805 ) (1024 14336 16288.299805 ) (1024 14336 64 ) (1536 14336 64 ) 
4 4 5 (1024 15360 16288.299805 ) (1024 15360 64 ) (1024 14336 64 ) (1024 14336 16288.299805 ) 
4 5 11 (0 14336 64 ) (0 14336 16288.299805 ) (0 15360 16288.299805 ) (0 15360 64 ) 
4 5 8 (1024 14336 64 ) (1024 14336 16288.299805 ) (0 14336 16288.299805 ) (0 14336 64 ) 
4 6 15 (1567.670044 13312 16288.299805 ) (1536 13312 16288.299805 ) (1536 13312 31.750700 ) (1567.670044 13312 31.750700 ) 
4 6 7 (1536 13312 64 ) (1536 13312 16288.299805 ) (1536 14336 16288.299805 ) (1536 14336 64 ) 
4 7 16 (1536 13312 16288.299805 ) (1024 13312 16288.299805 ) (1024 13312 64 ) (1536 13312 64 ) 
4 7 8 (1024 14336 16288.299805 ) (1024 14336 64 ) (1024 13312 64 ) (1024 13312 16288.299805 ) 
4 8 17 (1024 13312 64 ) (1024 13312 16288.299805 ) (0 13312 16288.299805 ) (0 13312 64 ) 
4 8 12 (0 13312 64 ) (0 13312 16288.299805 ) (0 14336 16288.299805 ) (0 14336 64 ) 
4 9 11 (0 15360 64 ) (0 15360 16288.299805 ) (-1024 15360 16288.299805 ) (-1024 15360 64 ) 
4 9 10 (-1024 15360 64 ) (-1024 15360 16288.299805 ) (-1024 16288.200195 16288.299805 ) (-1024 16288.200195 64 ) 
4 10 13 (-1024 15360 64 ) (-1024 15360 16288.299805 ) (-1535.670044 15360 16288.299805 ) (-1535.670044 15360 64 ) 
4 11 13 (-1024 15360 16288.299805 ) (-1024 15360 64 ) (-1024 14336 64 ) (-1024 14336 16288.299805 ) 
4 11 12 (0 14336 64 ) (0 14336 16288.299805 ) (-1024 14336 16288.299805 ) (-1024 14336 64 ) 
4 12 27 (0 13312 64 ) (0 13312 16288.299805 ) (-1024 13312 16288.299805 ) (-1024 13312 64 ) 
4 12 14 (-1024 13312 64 ) (-1024 13312 16288.299805 ) (-1024 14336 16288.299805 ) (-1024 14336 64 ) 
4 13 14 (-1024 14336 64 ) (-1024 14336 16288.299805 ) (-1535.670044 14336 16288.299805 ) (-1535.670044 14336 64 ) 
4 14 29 (-1024 13312 64 ) (-1024 13312 16288.299805 ) (-1535.670044 13312 16288.299805 ) (-1535.670044 13312 64 ) 
4 15 18 (1567.670044 12288 16288.299805 ) (1536 12288 16288.299805 ) (1536 12288 31.750700 ) (1567.670044 12288 31.750700 ) 
4 15 16 (1536 12288 64 ) (1536 12288 16288.299805 ) (1536 13312 16288.299805 ) (1536 13312 64 ) 
4 16 19 (1536 12288 16288.299805 ) (1024 12288 16288.299805 ) (1024 12288 64 ) (1536 12288 64 ) 
4 16 17 (1024 13312 16288.299805 ) (1024 13312 64 ) (1024 12288 64 ) (1024 12288 16288.299805 ) 
4 17 27 (0 13312 16288.299805 ) (0 13312 64 ) (0 12288 64 ) (0 12288 16288.299805 ) 
4 17 20 (1024 12288 64 ) (1024 12288 16288.299805 ) (0 12288 16288.299805 ) (0 12288 64 ) 
4 18 21 (1567.670044 11264 16288.299805 ) (1536 11264 16288.299805 ) (1536 11264 31.750700 ) (1567.670044 11264 31.750700 ) 
4 18 19 (1536 11264 64 ) (1536 11264 16288.299805 ) (1536 12288 16288.299805 ) (1536 12288 64 ) 
4 19 22 (1536 11264 16288.299805 ) (1024 11264 16288.299805 ) (1024 11264 64 ) (1536 11264 64 ) 
4 19 20 (1024 12288 16288.299805 ) (1024 12288 64 ) (1024 11264 64 ) (1024 11264 16288.299805 ) 
4 20 28 (0 11264 64 ) (0 11264 16288.299805 ) (0 12288 16288.299805 ) (0 12288 64 ) 
4 20 23 (1024 11264 64 ) (1024 11264 16288.299805 ) (0 11264 16288.299805 ) (0 11264 64 ) 
4 21 24 (1567.670044 10240 16288.299805 ) (1536 10240 16288.299805 ) (1536 10240 31.750700 ) (1567.670044 10240 31.750700 ) 
4 21 22 (1536 10240 64 ) (1536 10240 16288.299805 ) (1536 11264 16288.299805 ) (1536 11264 64 ) 
4 22 25 (1536 10240 16288.299805 ) (1024 10240 16288.299805 ) (1024 10240 64 ) (1536 10240 64 ) 
4 22 23 (1024 11264 16288.299805 ) (1024 11264 64 ) (1024 10240 64 ) (1024 10240 16288.299805 ) 
4 23 31 (0 10240 64 ) (0 10240 16288.299805 ) (0 11264 16288.299805 ) (0 11264 64 ) 
4 23 26 (1024 10240 64 ) (1024 10240 16288.299805 ) (0 10240 16288.299805 ) (0 10240 64 ) 
4 24 35 (1567.670044 9216 16288.299805 ) (1536 9216 16288.299805 ) (1536 9216 31.750700 ) (1567.670044 9216 31.750700 ) 
4 24 25 (1536 9216 64 ) (1536 9216 16288.299805 ) (1536 10240 16288.299805 ) (1536 10240 64 ) 
4 25 36 (1536 9216 16288.299805 ) (1024 9216 16288.299805 ) (1024 9216 64 ) (1536 9216 64 ) 
4 25 26 (1024 10240 16288.299805 ) (1024 10240 64 ) (1024 9216 64 ) (1024 9216 16288.299805 ) 
4 26 37 (1024 9216 64 ) (1024 9216 16288.299805 ) (0 9216 16288.299805 ) (0 9216 64 ) 
4 26 32 (0 9216 64 ) (0 9216 16288.299805 ) (0 10240 16288.299805 ) (0 10240 64 ) 
4 27 29 (-1024 13312 16288.299805 ) (-1024 13312 64 ) (-1024 12288 64 ) (-1024 12288 16288.299805 ) 
4 27 28 (0 12288 64 ) (0 12288 16288.299805 ) (-1024 12288 16288.299805 ) (-1024 12288 64 ) 
4 28 31 (0 11264 64 ) (0 11264 16288.299805 ) (-1024 11264 16288.299805 ) (-1024 11264 64 ) 
4 28 30 (-1024 11264 64 ) (-1024 11264 16288.299805 ) (-1024 12288 16288.299805 ) (-1024 12288 64 ) 
4 29 30 (-1024 12288 64 ) (-1024 12288 16288.299805 ) (-1535.670044 12288 16288.299805 ) (-1535.670044 12288 64 ) 
4 30 33 (-1024 11264 64 ) (-1024 11264 16288.299805 ) (-1535.670044 11264 16288.299805 ) (-1535.670044 11264 64 ) 
4 31 33 (-1024 11264 16288.299805 ) (-1024 11264 64 ) (-1024 10240 64 ) (-1024 10240 16288.299805 ) 
4 31 32 (0 10240 64 ) (0 10240 16288.299805 ) (-1024 10240 16288.299805 ) (-1024 10240 64 ) 
4 32 47 (0 9216 64 ) (0 9216 16288.299805 ) (-1024 9216 16288.299805 ) (-1024 9216 64 ) 
4 32 34 (-1024 9216 64 ) (-1024 9216 16288.299805 ) (-1024 10240 16288.299805 ) (-1024 10240 64 ) 
4 33 34 (-1024 10240 64 ) (-1024 10240 16288.299805 ) (-1535.670044 10240 16288.299805 ) (-1535.670044 10240 64 ) 
4 34 49 (-1024 9216 64 ) (-1024 9216 16288.299805 ) (-1535.670044 9216 16288.299805 ) (-1535.670044 9216 64 ) 
4 35 38 (1567.670044 8192 16288.299805 ) (1536 8192 16288.299805 ) (1536 8192 31.750700 ) (1567.670044 8192 31.750700 ) 
4 35 36 (1536 8192 64 ) (1536 8192 16288.299805 ) (1536 9216 16288.299805 ) (1536 9216 64 ) 
4 36 39 (1536 8192 16288.299805 ) (1024 8192 16288.299805 ) (1024 8192 64 ) (1536 8192 64 ) 
4 36 37 (1024 8192 64 ) (1024 8192 16288.299805 ) (1024 9216 16288.299805 ) (1024 9216 64 ) 
4 37 47 (0 8192 64 ) (0 8192 16288.299805 ) (0 9216 16288.299805 ) (0 9216 64 ) 
4 37 40 (1024 8192 64 ) (1024 8192 16288.299805 ) (0 8192 16288.299805 ) (0 8192 64 ) 
4 38 41 (1567.670044 7168 16288.299805 ) (1536 7168 16288.299805 ) (1536 7168 31.750700 ) (1567.670044 7168 31.750700 ) 
4 38 39 (1536 7168 64 ) (1536 7168 16288.299805 ) (1536 8192 16288.299805 ) (1536 8192 64 ) 
4 39 42 (1536 7168 16288.299805 ) (1024 7168 16288.299805 ) (1024 7168 64 ) (1536 7168 64 ) 
4 39 40 (1024 8192 16288.299805 ) (1024 8192 64 ) (1024 7168 64 ) (1024 7168 16288.299805 ) 
4 40 48 (0 7168 64 ) (0 7168 16288.299805 ) (0 8192 16288.299805 ) (0 8192 64 ) 
4 40 43 (1024 7168 64 ) (1024 7168 16288.299805 ) (0 7168 16288.299805 ) (0 7168 64 ) 
4 41 44 (1567.670044 6144 16288.299805 ) (1536 6144 16288.299805 ) (1536 6144 31.750700 ) (1567.670044 6144 31.750700 ) 
4 41 42 (1536 6144 64 ) (1536 6144 16288.299805 ) (1536 7168 16288.299805 ) (1536 7168 64 ) 
4 42 45 (1536 6144 16288.299805 ) (1024 6144 16288.299805 ) (1024 6144 64 ) (1536 6144 64 ) 
4 42 43 (1024 7168 16288.299805 ) (1024 7168 64 ) (1024 6144 64 ) (1024 6144 16288.299805 ) 
4 43 51 (0 6144 64 ) (0 6144 16288.299805 ) (0 7168 16288.299805 ) (0 7168 64 ) 
4 43 46 (1024 6144 64 ) (1024 6144 16288.299805 ) (0 6144 16288.299805 ) (0 6144 64 ) 
4 44 55 (1567.670044 5120 16288.299805 ) (1536 5120 16288.299805 ) (1536 5120 31.750700 ) (1567.670044 5120 31.750700 ) 
4 44 45 (1536 5120 64 ) (1536 5120 16288.299805 ) (1536 6144 16288.299805 ) (1536 6144 64 ) 
4 45 56 (1536 5120 16288.299805 ) (1024 5120 16288.299805 ) (1024 5120 64 ) (1536 5120 64 ) 
4 45 46 (1024 6144 16288.299805 ) (1024 6144 64 ) (1024 5120 64 ) (1024 5120 16288.299805 ) 
4 46 57 (1024 5120 64 ) (1024 5120 16288.299805 ) (0 5120 16288.299805 ) (0 5120 64 ) 
4 46 52 (0 5120 64 ) (0 5120 16288.299805 ) (0 6144 16288.299805 ) (0 6144 64 ) 
4 47 49 (-1024 8192 64 ) (-1024 8192 16288.299805 ) (-1024 9216 16288.299805 ) (-1024 9216 64 ) 
4 47 48 (0 8192 64 ) (0 8192 16288.299805 ) (-1024 8192 16288.299805 ) (-1024 8192 64 ) 
4 48 51 (0 7168 64 ) (0 7168 16288.299805 ) (-1024 7168 16288.299805 ) (-1024 7168 64 ) 
4 48 50 (-1024 7168 64 ) (-1024 7168 16288.299805 ) (-1024 8192 16288.299805 ) (-1024 8192 64 ) 
4 49 50 (-1024 8192 64 ) (-1024 8192 16288.299805 ) (-1535.670044 8192 16288.299805 ) (-1535.670044 8192 64 ) 
4 50 53 (-1024 7168 64 ) (-1024 7168 16288.299805 ) (-1535.670044 7168 16288.299805 ) (-1535.670044 7168 64 ) 
4 51 53 (-1024 7168 16288.299805 ) (-1024 7168 64 ) (-1024 6144 64 ) (-1024 6144 16288.299805 ) 
4 51 52 (0 6144 64 ) (0 6144 16288.299805 ) (-1024 6144 16288.299805 ) (-1024 6144 64 ) 
4 52 70 (0 5120 64 ) (0 5120 16288.299805 ) (-1024 5120 16288.299805 ) (-1024 5120 64 ) 
4 52 54 (-1024 5120 64 ) (-1024 5120 16288.299805 ) (-1024 6144 16288.299805 ) (-1024 6144 64 ) 
4 53 54 (-1024 6144 64 ) (-1024 6144 16288.299805 ) (-1535.670044 6144 16288.299805 ) (-1535.670044 6144 64 ) 
4 54 72 (-1024 5120 64 ) (-1024 5120 16288.299805 ) (-1535.670044 5120 16288.299805 ) (-1535.670044 5120 64 ) 
4 55 58 (1567.670044 4096 16288.299805 ) (1536 4096 16288.299805 ) (1536 4096 31.750700 ) (1567.670044 4096 31.750700 ) 
4 55 56 (1536 4096 64 ) (1536 4096 16288.299805 ) (1536 5120 16288.299805 ) (1536 5120 64 ) 
4 56 59 (1536 4096 16288.299805 ) (1024 4096 16288.299805 ) (1024 4096 64 ) (1536 4096 64 ) 
4 56 57 (1024 5120 16288.299805 ) (1024 5120 64 ) (1024 4096 64 ) (1024 4096 16288.299805 ) 
4 57 70 (0 5120 16288.299805 ) (0 5120 64 ) (0 4096 64 ) (0 4096 16288.299805 ) 
4 57 60 (1024 4096 64 ) (1024 4096 16288.299805 ) (0 4096 16288.299805 ) (0 4096 64 ) 
4 58 61 (1567.670044 3072 16288.299805 ) (1536 3072 16288.299805 ) (1536 3072 31.750700 ) (1567.670044 3072 31.750700 ) 
4 58 59 (1536 3072 64 ) (1536 3072 16288.299805 ) (1536 4096 16288.299805 ) (1536 4096 64 ) 
4 59 62 (1536 3072 16288.299805 ) (1024 3072 16288.299805 ) (1024 3072 64 ) (1536 3072 64 ) 
4 59 60 (1024 4096 16288.299805 ) (1024 4096 64 ) (1024 3072 64 ) (1024 3072 16288.299805 ) 
4 60 71 (0 3072 64 ) (0 3072 16288.299805 ) (0 4096 16288.299805 ) (0 4096 64 ) 
4 60 63 (1024 3072 64 ) (1024 3072 16288.299805 ) (0 3072 16288.299805 ) (0 3072 64 ) 
4 61 64 (1567.670044 2048 16288.299805 ) (1536 2048 16288.299805 ) (1536 2048 31.750700 ) (1567.670044 2048 31.750700 ) 
4 61 62 (1536 2048 64 ) (1536 2048 16288.299805 ) (1536 3072 16288.299805 ) (1536 3072 64 ) 
4 62 65 (1536 2048 16288.299805 ) (1024 2048 16288.299805 ) (1024 2048 64 ) (1536 2048 64 ) 
4 62 63 (1024 3072 16288.299805 ) (1024 3072 64 ) (1024 2048 64 ) (1024 2048 16288.299805 ) 
4 63 74 (0 2048 64 ) (0 2048 16288.299805 ) (0 3072 16288.299805 ) (0 3072 64 ) 
4 63 66 (0 2048 16288.299805 ) (0 2048 64 ) (1024 2048 64 ) (1024 2048 16288.299805 ) 
4 64 67 (1567.670044 1024 16288.299805 ) (1536 1024 16288.299805 ) (1536 1024 31.750700 ) (1567.670044 1024 31.750700 ) 
4 64 65 (1536 1024 64 ) (1536 1024 16288.299805 ) (1536 2048 16288.299805 ) (1536 2048 64 ) 
4 65 68 (1536 1024 16288.299805 ) (1024 1024 16288.299805 ) (1024 1024 64 ) (1536 1024 64 ) 
4 65 66 (1024 2048 16288.299805 ) (1024 2048 64 ) (1024 1024 64 ) (1024 1024 16288.299805 ) 
4 66 76 (0 1024 64 ) (0 1024 16288.299805 ) (0 2048 16288.299805 ) (0 2048 64 ) 
4 66 69 (0 1024 16288.299805 ) (0 1024 64 ) (1024 1024 64 ) (1024 1024 16288.299805 ) 
4 67 80 (1567.670044 0 16288.299805 ) (1536 0 16288.299805 ) (1536 0 31.750700 ) (1567.670044 0 31.750700 ) 
4 67 68 (1536 0 64 ) (1536 0 16288.299805 ) (1536 1024 16288.299805 ) (1536 1024 64 ) 
4 68 81 (1536 0 16288.299805 ) (1024 0 16288.299805 ) (1024 0 64 ) (1536 0 64 ) 
4 68 69 (1024 1024 16288.299805 ) (1024 1024 64 ) (1024 0 64 ) (1024 0 16288.299805 ) 
4 69 82 (1024 0 64 ) (1024 0 16288.299805 ) (0 0 16288.299805 ) (0 0 64 ) 
4 69 77 (0 0 64 ) (0 0 16288.299805 ) (0 1024 16288.299805 ) (0 1024 64 ) 
4 70 72 (-1024 5120 16288.299805 ) (-1024 5120 64 ) (-1024 4096 64 ) (-1024 4096 16288.299805 ) 
4 70 71 (0 4096 64 ) (0 4096 16288.299805 ) (-1024 4096 16288.299805 ) (-1024 4096 64 ) 
4 71 74 (0 3072 64 ) (0 3072 16288.299805 ) (-1024 3072 16288.299805 ) (-1024 3072 64 ) 
4 71 73 (-1024 3072 64 ) (-1024 3072 16288.299805 ) (-1024 4096 16288.299805 ) (-1024 4096 64 ) 
4 72 73 (-1024 4096 64 ) (-1024 4096 16288.299805 ) (-1535.670044 4096 16288.299805 ) (-1535.670044 4096 64 ) 
4 73 75 (-1024 3072 64 ) (-1024 3072 16288.299805 ) (-1535.670044 3072 16288.299805 ) (-1535.670044 3072 64 ) 
4 74 76 (0 2048 64 ) (0 2048 16288.299805 ) (-1024 2048 16288.299805 ) (-1024 2048 64 ) 
4 74 75 (-1024 2048 64 ) (-1024 2048 16288.299805 ) (-1024 3072 16288.299805 ) (-1024 3072 64 ) 
4 75 78 (-1024 2048 64 ) (-1024 2048 16288.299805 ) (-1535.670044 2048 16288.299805 ) (-1535.670044 2048 64 ) 
4 76 78 (-1024 2048 16288.299805 ) (-1024 2048 64 ) (-1024 1024 64 ) (-1024 1024 16288.299805 ) 
4 76 77 (0 1024 64 ) (0 1024 16288.299805 ) (-1024 1024 16288.299805 ) (-1024 1024 64 ) 
4 77 92 (0 0 64 ) (0 0 16288.299805 ) (-1024 0 16288.299805 ) (-1024 0 64 ) 
4 77 79 (-1024 0 64 ) (-1024 0 16288.299805 ) (-1024 1024 16288.299805 ) (-1024 1024 64 ) 
4 78 79 (-1024 1024 64 ) (-1024 1024 16288.299805 ) (-1535.670044 1024 16288.299805 ) (-1535.670044 1024 64 ) 
4 79 94 (-1024 0 64 ) (-1024 0 16288.299805 ) (-1535.670044 0 16288.299805 ) (-1535.670044 0 64 ) 
4 80 83 (1567.670044 -1024 16288.299805 ) (1536 -1024 16288.299805 ) (1536 -1024 31.750700 ) (1567.670044 -1024 31.750700 ) 
4 80 81 (1536 -1024 64 ) (1536 -1024 16288.299805 ) (1536 0 16288.299805 ) (1536 0 64 ) 
4 81 84 (1536 -1024 16288.299805 ) (1024 -1024 16288.299805 ) (1024 -1024 64 ) (1536 -1024 64 ) 
4 81 82 (1024 0 16288.299805 ) (1024 0 64 ) (1024 -1024 64 ) (1024 -1024 16288.299805 ) 
4 82 92 (0 0 16288.299805 ) (0 0 64 ) (0 -1024 64 ) (0 -1024 16288.299805 ) 
4 82 85 (1024 -1024 64 ) (1024 -1024 16288.299805 ) (0 -1024 16288.299805 ) (0 -1024 64 ) 
4 83 86 (1567.670044 -2048 16288.299805 ) (1536 -2048 16288.299805 ) (1536 -2048 31.750700 ) (1567.670044 -2048 31.750700 ) 
4 83 84 (1536 -2048 64 ) (1536 -2048 16288.299805 ) (1536 -1024 16288.299805 ) (1536 -1024 64 ) 
4 84 87 (1536 -2048 16288.299805 ) (1024 -2048 16288.299805 ) (1024 -2048 64 ) (1536 -2048 64 ) 
4 84 85 (1024 -1024 16288.299805 ) (1024 -1024 64 ) (1024 -2048 64 ) (1024 -2048 16288.299805 ) 
4 85 93 (0 -2048 64 ) (0 -2048 16288.299805 ) (0 -1024 16288.299805 ) (0 -1024 64 ) 
4 85 88 (1024 -2048 64 ) (1024 -2048 16288.299805 ) (0 -2048 16288.299805 ) (0 -2048 64 ) 
4 86 89 (1567.670044 -3072 16288.299805 ) (1536 -3072 16288.299805 ) (1536 -3072 31.750700 ) (1567.670044 -3072 31.750700 ) 
4 86 87 (1536 -3072 64 ) (1536 -3072 16288.299805 ) (1536 -2048 16288.299805 ) (1536 -2048 64 ) 
4 87 90 (1536 -3072 16288.299805 ) (1024 -3072 16288.299805 ) (1024 -3072 64 ) (1536 -3072 64 ) 
4 87 88 (1024 -2048 16288.299805 ) (1024 -2048 64 ) (1024 -3072 64 ) (1024 -3072 16288.299805 ) 
4 88 96 (0 -3072 64 ) (0 -3072 16288.299805 ) (0 -2048 16288.299805 ) (0 -2048 64 ) 
4 88 91 (1024 -3072 64 ) (1024 -3072 16288.299805 ) (0 -3072 16288.299805 ) (0 -3072 64 ) 
4 89 100 (1567.670044 -4096 16288.299805 ) (1536 -4096 16288.299805 ) (1536 -4096 31.750700 ) (1567.670044 -4096 31.750700 ) 
4 89 90 (1536 -4096 64 ) (1536 -4096 16288.299805 ) (1536 -3072 16288.299805 ) (1536 -3072 64 ) 
4 90 101 (1536 -4096 16288.299805 ) (1024 -4096 16288.299805 ) (1024 -4096 64 ) (1536 -4096 64 ) 
4 90 91 (1024 -3072 16288.299805 ) (1024 -3072 64 ) (1024 -4096 64 ) (1024 -4096 16288.299805 ) 
4 91 102 (1024 -4096 64 ) (1024 -4096 16288.299805 ) (0 -4096 16288.299805 ) (0 -4096 64 ) 
4 91 97 (0 -4096 64 ) (0 -4096 16288.299805 ) (0 -3072 16288.299805 ) (0 -3072 64 ) 
4 92 94 (-1024 0 16288.299805 ) (-1024 0 64 ) (-1024 -1024 64 ) (-1024 -1024 16288.299805 ) 
4 92 93 (0 -1024 64 ) (0 -1024 16288.299805 ) (-1024 -1024 16288.299805 ) (-1024 -1024 64 ) 
4 93 96 (0 -2048 64 ) (0 -2048 16288.299805 ) (-1024 -2048 16288.299805 ) (-1024 -2048 64 ) 
4 93 95 (-1024 -2048 64 ) (-1024 -2048 16288.299805 ) (-1024 -1024 16288.299805 ) (-1024 -1024 64 ) 
4 94 95 (-1024 -1024 64 ) (-1024 -1024 16288.299805 ) (-1535.670044 -1024 16288.299805 ) (-1535.670044 -1024 64 ) 
4 95 98 (-1024 -2048 64 ) (-1024 -2048 16288.299805 ) (-1535.670044 -2048 16288.299805 ) (-1535.670044 -2048 64 ) 
4 96 98 (-1024 -2048 16288.299805 ) (-1024 -2048 64 ) (-1024 -3072 64 ) (-1024 -3072 16288.299805 ) 
4 96 97 (0 -3072 64 ) (0 -3072 16288.299805 ) (-1024 -3072 16288.299805 ) (-1024 -3072 64 ) 
4 97 112 (0 -4096 64 ) (0 -4096 16288.299805 ) (-1024 -4096 16288.299805 ) (-1024 -4096 64 ) 
4 97 99 (-1024 -4096 64 ) (-1024 -4096 16288.299805 ) (-1024 -3072 16288.299805 ) (-1024 -3072 64 ) 
4 98 99 (-1024 -3072 64 ) (-1024 -3072 16288.299805 ) (-1535.670044 -3072 16288.299805 ) (-1535.670044 -3072 64 ) 
4 99 114 (-1024 -4096 64 ) (-1024 -4096 16288.299805 ) (-1535.670044 -4096 16288.299805 ) (-1535.670044 -4096 64 ) 
4 100 103 (1567.670044 -5120 16288.299805 ) (1536 -5120 16288.299805 ) (1536 -5120 31.750700 ) (1567.670044 -5120 31.750700 ) 
4 100 101 (1536 -5120 64 ) (1536 -5120 16288.299805 ) (1536 -4096 16288.299805 ) (1536 -4096 64 ) 
4 101 104 (1536 -5120 16288.299805 ) (1024 -5120 16288.299805 ) (1024 -5120 64 ) (1536 -5120 64 ) 
4 101 102 (1024 -4096 16288.299805 ) (1024 -4096 64 ) (1024 -5120 64 ) (1024 -5120 16288.299805 ) 
4 102 112 (0 -4096 16288.299805 ) (0 -4096 64 ) (0 -5120 64 ) (0 -5120 16288.299805 ) 
4 102 105 (1024 -5120 64 ) (1024 -5120 16288.299805 ) (0 -5120 16288.299805 ) (0 -5120 64 ) 
4 103 106 (1567.670044 -6144 16288.299805 ) (1536 -6144 16288.299805 ) (1536 -6144 31.750700 ) (1567.670044 -6144 31.750700 ) 
4 103 104 (1536 -6144 64 ) (1536 -6144 16288.299805 ) (1536 -5120 16288.299805 ) (1536 -5120 64 ) 
4 104 107 (1536 -6144 16288.299805 ) (1024 -6144 16288.299805 ) (1024 -6144 64 ) (1536 -6144 64 ) 
4 104 105 (1024 -5120 16288.299805 ) (1024 -5120 64 ) (1024 -6144 64 ) (1024 -6144 16288.299805 ) 
4 105 113 (0 -6144 64 ) (0 -6144 16288.299805 ) (0 -5120 16288.299805 ) (0 -5120 64 ) 
4 105 108 (1024 -6144 64 ) (1024 -6144 16288.299805 ) (0 -6144 16288.299805 ) (0 -6144 64 ) 
4 106 109 (1567.670044 -7168 16288.299805 ) (1536 -7168 16288.299805 ) (1536 -7168 31.750700 ) (1567.670044 -7168 31.750700 ) 
4 106 107 (1536 -7168 64 ) (1536 -7168 16288.299805 ) (1536 -6144 16288.299805 ) (1536 -6144 64 ) 
4 107 110 (1536 -7168 16288.299805 ) (1024 -7168 16288.299805 ) (1024 -7168 64 ) (1536 -7168 64 ) 
4 107 108 (1024 -6144 16288.299805 ) (1024 -6144 64 ) (1024 -7168 64 ) (1024 -7168 16288.299805 ) 
4 108 116 (0 -7168 64 ) (0 -7168 16288.299805 ) (0 -6144 16288.299805 ) (0 -6144 64 ) 
4 108 111 (1024 -7168 64 ) (1024 -7168 16288.299805 ) (0 -7168 16288.299805 ) (0 -7168 64 ) 
4 109 120 (1567.670044 -8192 16288.299805 ) (1536 -8192 16288.299805 ) (1536 -8192 31.750700 ) (1567.670044 -8192 31.750700 ) 
4 109 110 (1536 -8192 64 ) (1536 -8192 16288.299805 ) (1536 -7168 16288.299805 ) (1536 -7168 64 ) 
4 110 121 (1536 -8192 16288.299805 ) (1024 -8192 16288.299805 ) (1024 -8192 64 ) (1536 -8192 64 ) 
4 110 111 (1024 -7168 16288.299805 ) (1024 -7168 64 ) (1024 -8192 64 ) (1024 -8192 16288.299805 ) 
4 111 122 (1024 -8192 64 ) (1024 -8192 16288.299805 ) (0 -8192 16288.299805 ) (0 -8192 64 ) 
4 111 117 (0 -8192 64 ) (0 -8192 16288.299805 ) (0 -7168 16288.299805 ) (0 -7168 64 ) 
4 112 114 (-1024 -4096 16288.299805 ) (-1024 -4096 64 ) (-1024 -5120 64 ) (-1024 -5120 16288.299805 ) 
4 112 113 (0 -5120 64 ) (0 -5120 16288.299805 ) (-1024 -5120 16288.299805 ) (-1024 -5120 64 ) 
4 113 116 (0 -6144 64 ) (0 -6144 16288.299805 ) (-1024 -6144 16288.299805 ) (-1024 -6144 64 ) 
4 113 115 (-1024 -6144 64 ) (-1024 -6144 16288.299805 ) (-1024 -5120 16288.299805 ) (-1024 -5120 64 ) 
4 114 115 (-1024 -5120 64 ) (-1024 -5120 16288.299805 ) (-1535.670044 -5120 16288.299805 ) (-1535.670044 -5120 64 ) 
4 115 118 (-1024 -6144 64 ) (-1024 -6144 16288.299805 ) (-1535.670044 -6144 16288.299805 ) (-1535.670044 -6144 64 ) 
4 116 118 (-1024 -6144 16288.299805 ) (-1024 -6144 64 ) (-1024 -7168 64 ) (-1024 -7168 16288.299805 ) 
4 116 117 (0 -7168 64 ) (0 -7168 16288.299805 ) (-1024 -7168 16288.299805 ) (-1024 -7168 64 ) 
4 117 132 (0 -8192 64 ) (0 -8192 16288.299805 ) (-1024 -8192 16288.299805 ) (-1024 -8192 64 ) 
4 117 119 (-1024 -8192 64 ) (-1024 -8192 16288.299805 ) (-1024 -7168 16288.299805 ) (-1024 -7168 64 ) 
4 118 119 (-1024 -7168 64 ) (-1024 -7168 16288.299805 ) (-1535.670044 -7168 16288.299805 ) (-1535.670044 -7168 64 ) 
4 119 134 (-1024 -8192 64 ) (-1024 -8192 16288.299805 ) (-1535.670044 -8192 16288.299805 ) (-1535.670044 -8192 64 ) 
4 120 123 (1567.670044 -9216 16288.299805 ) (1536 -9216 16288.299805 ) (1536 -9216 31.750700 ) (1567.670044 -9216 31.750700 ) 
4 120 121 (1536 -9216 64 ) (1536 -9216 16288.299805 ) (1536 -8192 16288.299805 ) (1536 -8192 64 ) 
4 121 124 (1536 -9216 16288.299805 ) (1024 -9216 16288.299805 ) (1024 -9216 64 ) (1536 -9216 64 ) 
4 121 122 (1024 -9216 64 ) (1024 -9216 16288.299805 ) (1024 -8192 16288.299805 ) (1024 -8192 64 ) 
4 122 132 (0 -9216 64 ) (0 -9216 16288.299805 ) (0 -8192 16288.299805 ) (0 -8192 64 ) 
4 122 125 (1024 -9216 64 ) (1024 -9216 16288.299805 ) (0 -9216 16288.299805 ) (0 -9216 64 ) 
4 123 126 (1567.670044 -10240 16288.299805 ) (1536 -10240 16288.299805 ) (1536 -10240 31.750700 ) (1567.670044 -10240 31.750700 ) 
4 123 124 (1536 -10240 64 ) (1536 -10240 16288.299805 ) (1536 -9216 16288.299805 ) (1536 -9216 64 ) 
4 124 127 (1536 -10240 16288.299805 ) (1024 -10240 16288.299805 ) (1024 -10240 64 ) (1536 -10240 64 ) 
4 124 125 (1024 -9216 16288.299805 ) (1024 -9216 64 ) (1024 -10240 64 ) (1024 -10240 16288.299805 ) 
4 125 133 (0 -10240 64 ) (0 -10240 16288.299805 ) (0 -9216 16288.299805 ) (0 -9216 64 ) 
4 125 128 (1024 -10240 64 ) (1024 -10240 16288.299805 ) (0 -10240 16288.299805 ) (0 -10240 64 ) 
4 126 129 (1567.670044 -11264 16288.299805 ) (1536 -11264 16288.299805 ) (1536 -11264 31.750700 ) (1567.670044 -11264 31.750700 ) 
4 126 127 (1536 -11264 64 ) (1536 -11264 16288.299805 ) (1536 -10240 16288.299805 ) (1536 -10240 64 ) 
4 127 130 (1536 -11264 16288.299805 ) (1024 -11264 16288.299805 ) (1024 -11264 64 ) (1536 -11264 64 ) 
4 127 128 (1024 -10240 16288.299805 ) (1024 -10240 64 ) (1024 -11264 64 ) (1024 -11264 16288.299805 ) 
4 128 136 (0 -11264 64 ) (0 -11264 16288.299805 ) (0 -10240 16288.299805 ) (0 -10240 64 ) 
4 128 131 (1024 -11264 64 ) (1024 -11264 16288.299805 ) (0 -11264 16288.299805 ) (0 -11264 64 ) 
4 129 140 (1567.670044 -12288 16288.299805 ) (1536 -12288 16288.299805 ) (1536 -12288 31.750700 ) (1567.670044 -12288 31.750700 ) 
4 129 130 (1536 -12288 64 ) (1536 -12288 16288.299805 ) (1536 -11264 16288.299805 ) (1536 -11264 64 ) 
4 130 141 (1536 -12288 16288.299805 ) (1024 -12288 16288.299805 ) (1024 -12288 64 ) (1536 -12288 64 ) 
4 130 131 (1024 -11264 16288.299805 ) (1024 -11264 64 ) (1024 -12288 64 ) (1024 -12288 16288.299805 ) 
4 131 142 (1024 -12288 64 ) (1024 -12288 16288.299805 ) (0 -12288 16288.299805 ) (0 -12288 64 ) 
4 131 137 (0 -12288 64 ) (0 -12288 16288.299805 ) (0 -11264 16288.299805 ) (0 -11264 64 ) 
4 132 134 (-1024 -9216 64 ) (-1024 -9216 16288.299805 ) (-1024 -8192 16288.299805 ) (-1024 -8192 64 ) 
4 132 133 (0 -9216 64 ) (0 -9216 16288.299805 ) (-1024 -9216 16288.299805 ) (-1024 -9216 64 ) 
4 133 136 (0 -10240 64 ) (0 -10240 16288.299805 ) (-1024 -10240 16288.299805 ) (-1024 -10240 64 ) 
4 133 135 (-1024 -10240 64 ) (-1024 -10240 16288.299805 ) (-1024 -9216 16288.299805 ) (-1024 -9216 64 ) 
4 134 135 (-1024 -9216 64 ) (-1024 -9216 16288.299805 ) (-1535.670044 -9216 16288.299805 ) (-1535.670044 -9216 64 ) 
4 135 138 (-1024 -10240 64 ) (-1024 -10240 16288.299805 ) (-1535.670044 -10240 16288.299805 ) (-1535.670044 -10240 64 ) 
4 136 138 (-1024 -10240 16288.299805 ) (-1024 -10240 64 ) (-1024 -11264 64 ) (-1024 -11264 16288.299805 ) 
4 136 137 (0 -11264 64 ) (0 -11264 16288.299805 ) (-1024 -11264 16288.299805 ) (-1024 -11264 64 ) 
4 137 152 (0 -12288 64 ) (0 -12288 16288.299805 ) (-1024 -12288 16288.299805 ) (-1024 -12288 64 ) 
4 137 139 (-1024 -12288 64 ) (-1024 -12288 16288.299805 ) (-1024 -11264 16288.299805 ) (-1024 -11264 64 ) 
4 138 139 (-1024 -11264 64 ) (-1024 -11264 16288.299805 ) (-1535.670044 -11264 16288.299805 ) (-1535.670044 -11264 64 ) 
4 139 154 (-1024 -12288 64 ) (-1024 -12288 16288.299805 ) (-1535.670044 -12288 16288.299805 ) (-1535.670044 -12288 64 ) 
4 140 143 (1567.670044 -13312 16288.299805 ) (1536 -13312 16288.299805 ) (1536 -13312 31.750700 ) (1567.670044 -13312 31.750700 ) 
4 140 141 (1536 -13312 64 ) (1536 -13312 16288.299805 ) (1536 -12288 16288.299805 ) (1536 -12288 64 ) 
4 141 144 (1536 -13312 16288.299805 ) (1024 -13312 16288.299805 ) (1024 -13312 64 ) (1536 -13312 64 ) 
4 141 142 (1024 -12288 16288.299805 ) (1024 -12288 64 ) (1024 -13312 64 ) (1024 -13312 16288.299805 ) 
4 142 152 (0 -12288 16288.299805 ) (0 -12288 64 ) (0 -13312 64 ) (0 -13312 16288.299805 ) 
4 142 145 (1024 -13312 64 ) (1024 -13312 16288.299805 ) (0 -13312 16288.299805 ) (0 -13312 64 ) 
4 143 146 (1567.670044 -14336 16288.299805 ) (1536 -14336 16288.299805 ) (1536 -14336 31.750700 ) (1567.670044 -14336 31.750700 ) 
4 143 144 (1536 -14336 64 ) (1536 -14336 16288.299805 ) (1536 -13312 16288.299805 ) (1536 -13312 64 ) 
4 144 147 (1536 -14336 16288.299805 ) (1024 -14336 16288.299805 ) (1024 -14336 64 ) (1536 -14336 64 ) 
4 144 145 (1024 -13312 16288.299805 ) (1024 -13312 64 ) (1024 -14336 64 ) (1024 -14336 16288.299805 ) 
4 145 153 (0 -14336 64 ) (0 -14336 16288.299805 ) (0 -13312 16288.299805 ) (0 -13312 64 ) 
4 145 148 (1024 -14336 64 ) (1024 -14336 16288.299805 ) (0 -14336 16288.299805 ) (0 -14336 64 ) 
4 146 149 (1567.670044 -15360 16288.299805 ) (1536 -15360 16288.299805 ) (1536 -15360 31.750700 ) (1567.670044 -15360 31.750700 ) 
4 146 147 (1536 -15360 64 ) (1536 -15360 16288.299805 ) (1536 -14336 16288.299805 ) (1536 -14336 64 ) 
4 147 150 (1536 -15360 16288.299805 ) (1024 -15360 16288.299805 ) (1024 -15360 64 ) (1536 -15360 64 ) 
4 147 148 (1024 -14336 16288.299805 ) (1024 -14336 64 ) (1024 -15360 64 ) (1024 -15360 16288.299805 ) 
4 148 156 (0 -15360 64 ) (0 -15360 16288.299805 ) (0 -14336 16288.299805 ) (0 -14336 64 ) 
4 148 151 (0 -15360 16288.299805 ) (0 -15360 64 ) (1024 -15360 64 ) (1024 -15360 16288.299805 ) 
4 149 150 (1536 -16288.200195 64 ) (1536 -16288.200195 16288.299805 ) (1536 -15360 16288.299805 ) (1536 -15360 64 ) 
4 150 151 (1024 -15360 16288.299805 ) (1024 -15360 64 ) (1024 -16288.200195 64 ) (1024 -16288.200195 16288.299805 ) 
4 151 158 (0 -16288.200195 16288.299805 ) (0 -15360 16288.299805 ) (0 -15360 64 ) (0 -16288.200195 64 ) 
4 152 154 (-1024 -12288 16288.299805 ) (-1024 -12288 64 ) (-1024 -13312 64 ) (-1024 -13312 16288.299805 ) 
4 152 153 (0 -13312 64 ) (0 -13312 16288.299805 ) (-1024 -13312 16288.299805 ) (-1024 -13312 64 ) 
4 153 156 (0 -14336 64 ) (0 -14336 16288.299805 ) (-1024 -14336 16288.299805 ) (-1024 -14336 64 ) 
4 153 155 (-1024 -14336 64 ) (-1024 -14336 16288.299805 ) (-1024 -13312 16288.299805 ) (-1024 -13312 64 ) 
4 154 155 (-1024 -13312 64 ) (-1024 -13312 16288.299805 ) (-1535.670044 -13312 16288.299805 ) (-1535.670044 -13312 64 ) 
4 155 157 (-1024 -14336 64 ) (-1024 -14336 16288.299805 ) (-1535.670044 -14336 16288.299805 ) (-1535.670044 -14336 64 ) 
4 156 158 (0 -15360 64 ) (0 -15360 16288.299805 ) (-1024 -15360 16288.299805 ) (-1024 -15360 64 ) 
4 156 157 (-1024 -15360 64 ) (-1024 -15360 16288.299805 ) (-1024 -14336 16288.299805 ) (-1024 -14336 64 ) 
4 157 159 (-1024 -15360 64 ) (-1024 -15360 16288.299805 ) (-1535.670044 -15360 16288.299805 ) (-1535.670044 -15360 64 ) 
4 158 159 (-1024 -15360 16288.299805 ) (-1024 -15360 64 ) (-1024 -16288.200195 64 ) (-1024 -16288.200195 16288.299805 ) 
