C:\GABEMODPLUS\SRC\MATHLIB\RELEASE\VMATRIX.OBJ
C:\GABEMODPLUS\SRC\MATHLIB\RELEASE\VECTOR.OBJ
C:\GABEMODPLUS\SRC\MATHLIB\RELEASE\SSENOISE.OBJ
C:\GABEMODPLUS\SRC\MATHLIB\RELEASE\SSECONST.OBJ
C:\GABEMODPLUS\SRC\MATHLIB\RELEASE\SSE.OBJ
C:\GABEMODPLUS\SRC\MATHLIB\RELEASE\SPARSE_CONVOLUTION_NOISE.OBJ
C:\GABEMODPLUS\SRC\MATHLIB\RELEASE\SIMDVECTORMATRIX.OBJ
C:\GABEMODPLUS\SRC\MATHLIB\RELEASE\RANDSSE.OBJ
C:\GABEMODPLUS\SRC\MATHLIB\RELEASE\QUANTIZE.OBJ
C:\GABEMODPLUS\SRC\MATHLIB\RELEASE\POWSSE.OBJ
C:\GABEMODPLUS\SRC\MATHLIB\RELEASE\POLYHEDRON.OBJ
C:\GABEMODPLUS\SRC\MATHLIB\RELEASE\MATHLIB_BASE.OBJ
C:\GABEMODPLUS\SRC\MATHLIB\RELEASE\LIGHTDESC.OBJ
C:\GABEMODPLUS\SRC\MATHLIB\RELEASE\IMAGEQUANT.OBJ
C:\GABEMODPLUS\SRC\MATHLIB\RELEASE\ICEKEY.OBJ
C:\GABEMODPLUS\SRC\MATHLIB\RELEASE\HALTON.OBJ
C:\GABEMODPLUS\SRC\MATHLIB\RELEASE\COLOR_CONVERSION.OBJ
C:\GABEMODPLUS\SRC\MATHLIB\RELEASE\BUMPVECTS.OBJ
C:\GABEMODPLUS\SRC\MATHLIB\RELEASE\ANORMS.OBJ
C:\GABEMODPLUS\SRC\MATHLIB\RELEASE\3DNOW.OBJ
C:\GABEMODPLUS\SRC\LIB\PUBLIC\MATHLIB.LIB
C:\GabeModPlus\src\mathlib\Release\3dnow.obj
C:\GabeModPlus\src\mathlib\Release\anorms.obj
C:\GabeModPlus\src\mathlib\Release\bumpvects.obj
C:\GabeModPlus\src\mathlib\Release\color_conversion.obj
C:\GabeModPlus\src\mathlib\Release\halton.obj
C:\GabeModPlus\src\mathlib\Release\IceKey.obj
C:\GabeModPlus\src\mathlib\Release\imagequant.obj
C:\GabeModPlus\src\mathlib\Release\lightdesc.obj
C:\GabeModPlus\src\mathlib\Release\mathlib_base.obj
C:\GabeModPlus\src\mathlib\Release\polyhedron.obj
C:\GabeModPlus\src\mathlib\Release\powsse.obj
C:\GabeModPlus\src\mathlib\Release\quantize.obj
C:\GabeModPlus\src\mathlib\Release\randsse.obj
C:\GabeModPlus\src\mathlib\Release\simdvectormatrix.obj
C:\GabeModPlus\src\mathlib\Release\sparse_convolution_noise.obj
C:\GabeModPlus\src\mathlib\Release\sse.obj
C:\GabeModPlus\src\mathlib\Release\sseconst.obj
C:\GabeModPlus\src\mathlib\Release\ssenoise.obj
C:\GabeModPlus\src\mathlib\Release\vector.obj
C:\GabeModPlus\src\mathlib\Release\vmatrix.obj
C:\GabeModPlus\src\mathlib\Release\cl.command.1.tlog
C:\GabeModPlus\src\mathlib\Release\CL.read.1.tlog
C:\GabeModPlus\src\mathlib\Release\CL.write.1.tlog
C:\GabeModPlus\src\mathlib\Release\Lib-link.read.1.tlog
C:\GabeModPlus\src\mathlib\Release\Lib-link.write.1.tlog
C:\GabeModPlus\src\mathlib\Release\lib.command.1.tlog
C:\GabeModPlus\src\mathlib\Release\Lib.read.1.tlog
