PRT1
306
882
4 0 105 (0 1024 -440 ) (0 1024 256 ) (0 1072 256 ) (0 1072 -440 ) 
4 0 59 (0 1024 -64 ) (0 1024 -128 ) (640 1024 -128 ) (640 1024 -64 ) 
4 0 60 (0 1024 -128 ) (0 1024 -440 ) (640 1024 -440 ) (640 1024 -128 ) 
4 0 58 (640 1024 -440 ) (1008 1024 -440 ) (1008 1024 -64 ) (640 1024 -64 ) 
4 0 12 (0 1024 64 ) (0 1024 -64 ) (640 1024 -64 ) (640 1024 64 ) 
4 0 11 (640 1024 -64 ) (704 1024 -64 ) (704 1024 64 ) (640 1024 64 ) 
4 0 10 (704 1024 -64 ) (1008 1024 -64 ) (1008 1024 64 ) (704 1024 64 ) 
4 0 7 (0 1024 192 ) (0 1024 64 ) (640 1024 64 ) (640 1024 192 ) 
4 0 6 (640 1024 64 ) (696 1024 64 ) (696 1024 192 ) (640 1024 192 ) 
4 0 5 (0 1024 200 ) (0 1024 192 ) (696 1024 192 ) (696 1024 200 ) 
4 0 4 (696 1024 256 ) (0 1024 256 ) (0 1024 200 ) (696 1024 200 ) 
4 0 2 (704 1024 256 ) (696 1024 256 ) (696 1024 64 ) (704 1024 64 ) 
4 0 1 (1008 1024 256 ) (704 1024 256 ) (704 1024 64 ) (1008 1024 64 ) 
4 1 61 (704 0 64 ) (1008 0 64 ) (1008 0 256 ) (704 0 256 ) 
4 1 29 (1008 432 64 ) (1008 0 64 ) (704 0 64 ) (704 432 64 ) 
4 1 27 (1008 448 64 ) (1008 432 64 ) (704 432 64 ) (704 448 64 ) 
4 1 24 (1008 520 64 ) (1008 448 64 ) (704 448 64 ) (704 520 64 ) 
4 1 14 (1008 528 64 ) (1008 520 64 ) (704 520 64 ) (704 528 64 ) 
4 1 10 (704 1024 64 ) (1008 1024 64 ) (1008 528 64 ) (704 528 64 ) 
4 1 3 (704 0 192 ) (704 0 256 ) (704 512 256 ) (704 512 192 ) 
4 1 2 (704 1024 64 ) (704 512 64 ) (704 512 256 ) (704 1024 256 ) 
4 2 11 (696 1024 64 ) (704 1024 64 ) (704 960 64 ) (696 960 64 ) 
4 2 6 (696 1024 192 ) (696 1024 64 ) (696 512 64 ) (696 512 192 ) 
4 2 5 (696 1024 200 ) (696 1024 192 ) (696 512 192 ) (696 512 200 ) 
4 2 4 (696 1024 256 ) (696 1024 200 ) (696 512 200 ) (696 512 256 ) 
4 2 3 (704 512 192 ) (704 512 256 ) (696 512 256 ) (696 512 192 ) 
4 3 62 (704 0 192 ) (704 0 256 ) (696 0 256 ) (696 0 192 ) 
4 3 5 (696 504 200 ) (696 512 200 ) (696 512 192 ) (696 504 192 ) 
4 3 4 (696 0 200 ) (696 0 256 ) (696 512 256 ) (696 512 200 ) 
4 4 108 (0 0 200 ) (0 0 256 ) (0 504 256 ) (0 504 200 ) 
4 4 107 (0 504 256 ) (0 1024 256 ) (0 1024 200 ) (0 504 200 ) 
4 4 63 (0 0 256 ) (0 0 200 ) (696 0 200 ) (696 0 256 ) 
4 4 5 (0 1024 200 ) (696 1024 200 ) (696 504 200 ) (0 504 200 ) 
4 5 107 (0 504 200 ) (0 1024 200 ) (0 1024 192 ) (0 504 192 ) 
4 5 8 (0 512 192 ) (0 960 192 ) (640 960 192 ) (640 512 192 ) 
4 5 7 (0 960 192 ) (0 1024 192 ) (640 1024 192 ) (640 960 192 ) 
4 5 6 (640 1024 192 ) (696 1024 192 ) (696 512 192 ) (640 512 192 ) 
4 6 11 (640 1024 64 ) (696 1024 64 ) (696 960 64 ) (640 960 64 ) 
4 6 8 (640 512 80 ) (640 512 192 ) (640 960 192 ) (640 960 80 ) 
4 6 7 (640 1024 64 ) (640 960 64 ) (640 960 192 ) (640 1024 192 ) 
4 7 110 (0 960 192 ) (0 1024 192 ) (0 1024 64 ) (0 960 64 ) 
4 7 12 (0 984 64 ) (0 1024 64 ) (640 1024 64 ) (640 984 64 ) 
4 7 8 (640 960 80 ) (640 960 192 ) (0 960 192 ) (0 960 80 ) 
4 8 111 (0 512 192 ) (0 960 192 ) (0 960 80 ) (0 512 80 ) 
4 9 113 (0 0 64 ) (0 0 192 ) (0 504 192 ) (0 504 64 ) 
4 9 65 (0 0 72 ) (0 0 64 ) (696 0 64 ) (696 0 72 ) 
4 9 64 (0 0 192 ) (0 0 72 ) (696 0 72 ) (696 0 192 ) 
4 9 30 (0 0 64 ) (0 432 64 ) (640 432 64 ) (640 0 64 ) 
4 9 28 (0 432 64 ) (0 448 64 ) (640 448 64 ) (640 432 64 ) 
4 9 25 (552 504 64 ) (640 504 64 ) (640 448 64 ) (552 448 64 ) 
4 10 58 (704 1024 -64 ) (1008 1024 -64 ) (1008 528 -64 ) (704 528 -64 ) 
4 10 16 (704 528 -64 ) (1008 528 -64 ) (1008 528 -24 ) (704 528 -24 ) 
4 10 14 (1008 528 -24 ) (1008 528 64 ) (704 528 64 ) (704 528 -24 ) 
4 10 11 (704 1024 -64 ) (704 960 -64 ) (704 960 64 ) (704 1024 64 ) 
4 11 58 (640 1024 -64 ) (704 1024 -64 ) (704 960 -64 ) (640 960 -64 ) 
4 11 12 (640 1024 -64 ) (640 984 -64 ) (640 984 64 ) (640 1024 64 ) 
4 12 115 (0 984 64 ) (0 1024 64 ) (0 1024 -64 ) (0 984 -64 ) 
4 12 59 (0 984 -64 ) (0 1024 -64 ) (640 1024 -64 ) (640 984 -64 ) 
4 13 117 (0 528 64 ) (0 960 64 ) (0 960 -64 ) (0 528 -64 ) 
4 13 22 (16 528 -64 ) (72 528 -64 ) (72 528 -24 ) (16 528 -24 ) 
4 13 23 (0 528 -64 ) (8 528 -64 ) (8 528 -24 ) (0 528 -24 ) 
4 13 20 (160 528 -64 ) (248 528 -64 ) (248 528 -24 ) (160 528 -24 ) 
4 13 21 (80 528 -64 ) (152 528 -64 ) (152 528 -24 ) (80 528 -24 ) 
4 13 19 (256 528 -64 ) (344 528 -64 ) (344 528 -24 ) (256 528 -24 ) 
4 13 18 (352 528 -64 ) (424 528 -64 ) (424 528 -24 ) (352 528 -24 ) 
4 13 17 (432 528 -64 ) (640 528 -64 ) (640 528 -24 ) (432 528 -24 ) 
4 13 15 (640 528 -24 ) (640 528 64 ) (0 528 64 ) (0 528 -24 ) 
4 14 24 (1008 520 64 ) (704 520 64 ) (704 520 -24 ) (1008 520 -24 ) 
4 14 16 (1008 520 -24 ) (704 520 -24 ) (704 528 -24 ) (1008 528 -24 ) 
4 15 118 (0 520 64 ) (0 528 64 ) (0 528 -24 ) (0 520 -24 ) 
4 15 26 (552 520 64 ) (0 520 64 ) (0 520 -24 ) (552 520 -24 ) 
4 15 25 (640 520 64 ) (552 520 64 ) (552 520 -24 ) (640 520 -24 ) 
4 15 22 (72 520 -24 ) (16 520 -24 ) (16 528 -24 ) (72 528 -24 ) 
4 15 23 (8 520 -24 ) (0 520 -24 ) (0 528 -24 ) (8 528 -24 ) 
4 15 20 (248 520 -24 ) (160 520 -24 ) (160 528 -24 ) (248 528 -24 ) 
4 15 21 (152 520 -24 ) (80 520 -24 ) (80 528 -24 ) (152 528 -24 ) 
4 15 19 (344 520 -24 ) (256 520 -24 ) (256 528 -24 ) (344 528 -24 ) 
4 15 18 (424 520 -24 ) (352 520 -24 ) (352 528 -24 ) (424 528 -24 ) 
4 15 17 (640 520 -24 ) (432 520 -24 ) (432 528 -24 ) (640 528 -24 ) 
4 16 58 (704 528 -64 ) (1008 528 -64 ) (1008 520 -64 ) (704 520 -64 ) 
4 16 24 (704 520 -64 ) (1008 520 -64 ) (1008 520 -24 ) (704 520 -24 ) 
4 17 26 (432 520 -64 ) (552 520 -64 ) (552 520 -24 ) (432 520 -24 ) 
4 17 25 (552 520 -64 ) (640 520 -64 ) (640 520 -24 ) (552 520 -24 ) 
4 18 26 (352 520 -64 ) (424 520 -64 ) (424 520 -24 ) (352 520 -24 ) 
4 19 26 (256 520 -64 ) (344 520 -64 ) (344 520 -24 ) (256 520 -24 ) 
4 20 26 (160 520 -64 ) (248 520 -64 ) (248 520 -24 ) (160 520 -24 ) 
4 21 26 (80 520 -64 ) (152 520 -64 ) (152 520 -24 ) (80 520 -24 ) 
4 22 26 (16 520 -64 ) (72 520 -64 ) (72 520 -24 ) (16 520 -24 ) 
4 23 119 (0 528 -24 ) (0 528 -64 ) (0 520 -64 ) (0 520 -24 ) 
4 23 26 (0 520 -64 ) (8 520 -64 ) (8 520 -24 ) (0 520 -24 ) 
4 24 58 (704 520 -64 ) (1008 520 -64 ) (1008 448 -64 ) (704 448 -64 ) 
4 24 27 (704 448 -64 ) (1008 448 -64 ) (1008 448 64 ) (704 448 64 ) 
4 25 28 (552 448 -64 ) (640 448 -64 ) (640 448 64 ) (552 448 64 ) 
4 25 26 (552 520 64 ) (552 520 -64 ) (552 512 -64 ) (552 512 64 ) 
4 26 121 (0 512 64 ) (0 520 64 ) (0 520 -64 ) (0 512 -64 ) 
4 27 58 (704 448 -64 ) (1008 448 -64 ) (1008 432 -64 ) (704 432 -64 ) 
4 27 31 (704 432 -64 ) (1008 432 -64 ) (1008 432 -24 ) (704 432 -24 ) 
4 27 29 (1008 432 -24 ) (1008 432 64 ) (704 432 64 ) (704 432 -24 ) 
4 28 128 (0 432 64 ) (0 448 64 ) (0 448 -64 ) (0 432 -64 ) 
4 28 40 (0 432 -64 ) (56 432 -64 ) (56 432 -24 ) (0 432 -24 ) 
4 28 38 (88 432 -64 ) (104 432 -64 ) (104 432 -24 ) (88 432 -24 ) 
4 28 39 (64 432 -64 ) (80 432 -64 ) (80 432 -24 ) (64 432 -24 ) 
4 28 37 (112 432 -64 ) (144 432 -64 ) (144 432 -24 ) (112 432 -24 ) 
4 28 36 (152 432 -64 ) (208 432 -64 ) (208 432 -24 ) (152 432 -24 ) 
4 28 35 (216 432 -64 ) (232 432 -64 ) (232 432 -24 ) (216 432 -24 ) 
4 28 33 (288 432 -64 ) (320 432 -64 ) (320 432 -24 ) (288 432 -24 ) 
4 28 34 (240 432 -64 ) (280 432 -64 ) (280 432 -24 ) (240 432 -24 ) 
4 28 32 (328 432 -64 ) (640 432 -64 ) (640 432 -24 ) (328 432 -24 ) 
4 28 30 (640 432 -24 ) (640 432 64 ) (0 432 64 ) (0 432 -24 ) 
4 29 67 (704 0 -24 ) (1008 0 -24 ) (1008 0 64 ) (704 0 64 ) 
4 29 41 (1008 424 -24 ) (1008 0 -24 ) (704 0 -24 ) (704 424 -24 ) 
4 29 31 (704 432 -24 ) (1008 432 -24 ) (1008 424 -24 ) (704 424 -24 ) 
4 30 129 (0 424 64 ) (0 432 64 ) (0 432 -24 ) (0 424 -24 ) 
4 30 134 (0 0 -24 ) (0 0 64 ) (0 424 64 ) (0 424 -24 ) 
4 30 84 (424 0 -24 ) (432 0 -24 ) (432 0 64 ) (424 0 64 ) 
4 30 83 (432 0 -24 ) (448 0 -24 ) (448 0 64 ) (432 0 64 ) 
4 30 87 (0 0 64 ) (0 0 -24 ) (424 0 -24 ) (424 0 64 ) 
4 30 70 (448 0 -24 ) (576 0 -24 ) (576 0 64 ) (448 0 64 ) 
4 30 68 (576 0 -24 ) (640 0 -24 ) (640 0 64 ) (576 0 64 ) 
4 30 56 (432 48 -24 ) (432 0 -24 ) (424 0 -24 ) (424 48 -24 ) 
4 30 54 (432 344 -24 ) (432 208 -24 ) (424 208 -24 ) (424 344 -24 ) 
4 30 55 (432 200 -24 ) (432 56 -24 ) (424 56 -24 ) (424 200 -24 ) 
4 30 53 (424 424 -24 ) (432 424 -24 ) (432 352 -24 ) (424 352 -24 ) 
4 30 52 (432 424 -24 ) (448 424 -24 ) (448 0 -24 ) (432 0 -24 ) 
4 30 57 (0 0 -24 ) (0 424 -24 ) (424 424 -24 ) (424 0 -24 ) 
4 30 50 (576 80 -24 ) (576 0 -24 ) (448 0 -24 ) (448 80 -24 ) 
4 30 47 (576 232 -24 ) (576 104 -24 ) (448 104 -24 ) (448 232 -24 ) 
4 30 46 (576 248 -24 ) (576 232 -24 ) (448 232 -24 ) (448 248 -24 ) 
4 30 49 (576 104 -24 ) (576 80 -24 ) (448 80 -24 ) (448 104 -24 ) 
4 30 44 (576 376 -24 ) (576 248 -24 ) (448 248 -24 ) (448 376 -24 ) 
4 30 43 (448 424 -24 ) (576 424 -24 ) (576 376 -24 ) (448 376 -24 ) 
4 30 42 (576 424 -24 ) (640 424 -24 ) (640 0 -24 ) (576 0 -24 ) 
4 30 40 (0 424 -24 ) (0 432 -24 ) (56 432 -24 ) (56 424 -24 ) 
4 30 38 (88 432 -24 ) (104 432 -24 ) (104 424 -24 ) (88 424 -24 ) 
4 30 39 (64 432 -24 ) (80 432 -24 ) (80 424 -24 ) (64 424 -24 ) 
4 30 37 (112 432 -24 ) (144 432 -24 ) (144 424 -24 ) (112 424 -24 ) 
4 30 36 (152 432 -24 ) (208 432 -24 ) (208 424 -24 ) (152 424 -24 ) 
4 30 35 (216 432 -24 ) (232 432 -24 ) (232 424 -24 ) (216 424 -24 ) 
4 30 33 (288 432 -24 ) (320 432 -24 ) (320 424 -24 ) (288 424 -24 ) 
4 30 34 (240 432 -24 ) (280 432 -24 ) (280 424 -24 ) (240 424 -24 ) 
4 30 32 (328 432 -24 ) (640 432 -24 ) (640 424 -24 ) (328 424 -24 ) 
4 31 58 (704 432 -64 ) (1008 432 -64 ) (1008 424 -64 ) (704 424 -64 ) 
4 31 41 (704 424 -64 ) (1008 424 -64 ) (1008 424 -24 ) (704 424 -24 ) 
4 32 53 (424 424 -64 ) (432 424 -64 ) (432 424 -24 ) (424 424 -24 ) 
4 32 52 (432 424 -64 ) (448 424 -64 ) (448 424 -24 ) (432 424 -24 ) 
4 32 57 (328 424 -64 ) (424 424 -64 ) (424 424 -24 ) (328 424 -24 ) 
4 32 43 (448 424 -64 ) (576 424 -64 ) (576 424 -24 ) (448 424 -24 ) 
4 32 42 (576 424 -64 ) (640 424 -64 ) (640 424 -24 ) (576 424 -24 ) 
4 33 57 (288 424 -64 ) (320 424 -64 ) (320 424 -24 ) (288 424 -24 ) 
4 34 57 (240 424 -64 ) (280 424 -64 ) (280 424 -24 ) (240 424 -24 ) 
4 35 57 (216 424 -64 ) (232 424 -64 ) (232 424 -24 ) (216 424 -24 ) 
4 36 57 (152 424 -64 ) (208 424 -64 ) (208 424 -24 ) (152 424 -24 ) 
4 37 57 (112 424 -64 ) (144 424 -64 ) (144 424 -24 ) (112 424 -24 ) 
4 38 57 (88 424 -64 ) (104 424 -64 ) (104 424 -24 ) (88 424 -24 ) 
4 39 57 (64 424 -64 ) (80 424 -64 ) (80 424 -24 ) (64 424 -24 ) 
4 40 130 (0 424 -24 ) (0 432 -24 ) (0 432 -64 ) (0 424 -64 ) 
4 40 57 (0 424 -64 ) (56 424 -64 ) (56 424 -24 ) (0 424 -24 ) 
4 41 67 (704 0 -64 ) (1008 0 -64 ) (1008 0 -24 ) (704 0 -24 ) 
4 41 58 (1008 0 -64 ) (704 0 -64 ) (704 424 -64 ) (1008 424 -64 ) 
4 42 68 (576 0 -64 ) (640 0 -64 ) (640 0 -24 ) (576 0 -24 ) 
4 42 51 (576 80 -64 ) (576 0 -64 ) (576 0 -63 ) (576 80 -63 ) 
4 42 50 (576 0 -63 ) (576 0 -24 ) (576 80 -24 ) (576 80 -63 ) 
4 42 48 (576 232 -64 ) (576 104 -64 ) (576 104 -63 ) (576 232 -63 ) 
4 42 47 (576 104 -63 ) (576 104 -24 ) (576 232 -24 ) (576 232 -63 ) 
4 42 46 (576 248 -64 ) (576 232 -64 ) (576 232 -24 ) (576 248 -24 ) 
4 42 49 (576 104 -64 ) (576 80 -64 ) (576 80 -24 ) (576 104 -24 ) 
4 42 45 (576 376 -64 ) (576 248 -64 ) (576 248 -63 ) (576 376 -63 ) 
4 42 44 (576 248 -63 ) (576 248 -24 ) (576 376 -24 ) (576 376 -63 ) 
4 42 43 (576 424 -24 ) (576 424 -64 ) (576 376 -64 ) (576 376 -24 ) 
4 43 52 (448 424 -24 ) (448 424 -64 ) (448 376 -64 ) (448 376 -24 ) 
4 43 45 (448 376 -63 ) (448 376 -64 ) (576 376 -64 ) (576 376 -63 ) 
4 43 44 (448 376 -24 ) (448 376 -63 ) (576 376 -63 ) (576 376 -24 ) 
4 44 52 (448 248 -63 ) (448 248 -24 ) (448 376 -24 ) (448 376 -63 ) 
4 44 46 (448 248 -24 ) (448 248 -63 ) (576 248 -63 ) (576 248 -24 ) 
4 44 45 (576 248 -63 ) (448 248 -63 ) (448 376 -63 ) (576 376 -63 ) 
4 45 52 (448 376 -64 ) (448 248 -64 ) (448 248 -63 ) (448 376 -63 ) 
4 45 46 (448 248 -63 ) (448 248 -64 ) (576 248 -64 ) (576 248 -63 ) 
4 46 52 (448 248 -64 ) (448 232 -64 ) (448 232 -24 ) (448 248 -24 ) 
4 46 48 (448 232 -63 ) (448 232 -64 ) (576 232 -64 ) (576 232 -63 ) 
4 46 47 (448 232 -24 ) (448 232 -63 ) (576 232 -63 ) (576 232 -24 ) 
4 47 52 (448 104 -63 ) (448 104 -24 ) (448 232 -24 ) (448 232 -63 ) 
4 47 49 (448 104 -24 ) (448 104 -63 ) (576 104 -63 ) (576 104 -24 ) 
4 47 48 (576 104 -63 ) (448 104 -63 ) (448 232 -63 ) (576 232 -63 ) 
4 48 52 (448 232 -64 ) (448 104 -64 ) (448 104 -63 ) (448 232 -63 ) 
4 48 49 (448 104 -63 ) (448 104 -64 ) (576 104 -64 ) (576 104 -63 ) 
4 49 52 (448 104 -64 ) (448 80 -64 ) (448 80 -24 ) (448 104 -24 ) 
4 49 51 (448 80 -63 ) (448 80 -64 ) (576 80 -64 ) (576 80 -63 ) 
4 49 50 (448 80 -24 ) (448 80 -63 ) (576 80 -63 ) (576 80 -24 ) 
4 50 70 (576 0 -63 ) (576 0 -24 ) (448 0 -24 ) (448 0 -63 ) 
4 50 52 (448 0 -63 ) (448 0 -24 ) (448 80 -24 ) (448 80 -63 ) 
4 50 51 (448 0 -63 ) (448 80 -63 ) (576 80 -63 ) (576 0 -63 ) 
4 51 71 (448 0 -64 ) (576 0 -64 ) (576 0 -63 ) (448 0 -63 ) 
4 51 52 (448 80 -64 ) (448 0 -64 ) (448 0 -63 ) (448 80 -63 ) 
4 52 83 (432 0 -64 ) (448 0 -64 ) (448 0 -24 ) (432 0 -24 ) 
4 52 56 (432 48 -64 ) (432 0 -64 ) (432 0 -24 ) (432 48 -24 ) 
4 52 54 (432 344 -64 ) (432 208 -64 ) (432 208 -24 ) (432 344 -24 ) 
4 52 55 (432 200 -64 ) (432 56 -64 ) (432 56 -24 ) (432 200 -24 ) 
4 52 53 (432 424 -24 ) (432 424 -64 ) (432 352 -64 ) (432 352 -24 ) 
4 53 57 (424 424 -24 ) (424 424 -64 ) (424 352 -64 ) (424 352 -24 ) 
4 54 57 (424 344 -64 ) (424 208 -64 ) (424 208 -24 ) (424 344 -24 ) 
4 55 57 (424 200 -64 ) (424 56 -64 ) (424 56 -24 ) (424 200 -24 ) 
4 56 85 (424 0 -64 ) (432 0 -64 ) (432 0 -24 ) (424 0 -24 ) 
4 56 57 (424 48 -64 ) (424 0 -64 ) (424 0 -24 ) (424 48 -24 ) 
4 57 134 (0 0 -64 ) (0 0 -24 ) (0 424 -24 ) (0 424 -64 ) 
4 57 87 (0 0 -24 ) (0 0 -64 ) (424 0 -64 ) (424 0 -24 ) 
4 58 101 (640 0 -440 ) (1008 0 -440 ) (1008 0 -128 ) (640 0 -128 ) 
4 58 97 (1008 0 -128 ) (1008 0 -80 ) (640 0 -80 ) (640 0 -128 ) 
4 58 94 (1008 0 -80 ) (1008 0 -64 ) (640 0 -64 ) (640 0 -80 ) 
4 58 59 (640 960 -64 ) (640 1024 -64 ) (640 1024 -128 ) (640 960 -128 ) 
4 58 60 (640 1024 -440 ) (640 0 -440 ) (640 0 -128 ) (640 1024 -128 ) 
4 59 136 (0 960 -64 ) (0 1024 -64 ) (0 1024 -128 ) (0 960 -128 ) 
4 59 60 (0 960 -128 ) (0 1024 -128 ) (640 1024 -128 ) (640 960 -128 ) 
4 60 138 (0 0 -440 ) (0 0 -128 ) (0 1024 -128 ) (0 1024 -440 ) 
4 60 102 (136 0 -440 ) (632 0 -440 ) (632 0 -128 ) (136 0 -128 ) 
4 60 101 (632 0 -440 ) (640 0 -440 ) (640 0 -128 ) (632 0 -128 ) 
4 60 104 (0 0 -128 ) (0 0 -440 ) (136 0 -440 ) (136 0 -128 ) 
4 61 176 (704 -1024 192 ) (704 -1024 64 ) (1008 -1024 64 ) (1008 -1024 192 ) 
4 61 173 (704 -1024 200 ) (704 -1024 192 ) (1008 -1024 192 ) (1008 -1024 200 ) 
4 61 172 (1008 -1024 256 ) (704 -1024 256 ) (704 -1024 200 ) (1008 -1024 200 ) 
4 61 67 (1008 -1024 64 ) (704 -1024 64 ) (704 0 64 ) (1008 0 64 ) 
4 61 62 (704 -1024 192 ) (704 -1024 256 ) (704 0 256 ) (704 0 192 ) 
4 62 173 (696 -1024 200 ) (696 -1024 192 ) (704 -1024 192 ) (704 -1024 200 ) 
4 62 172 (704 -1024 256 ) (696 -1024 256 ) (696 -1024 200 ) (704 -1024 200 ) 
4 62 63 (696 0 256 ) (696 0 200 ) (696 -1024 200 ) (696 -1024 256 ) 
4 63 172 (0 -1024 256 ) (0 -1024 200 ) (696 -1024 200 ) (696 -1024 256 ) 
4 63 139 (0 -1024 200 ) (0 -1024 256 ) (0 0 256 ) (0 0 200 ) 
4 64 177 (0 -1024 192 ) (0 -1024 72 ) (696 -1024 72 ) (696 -1024 192 ) 
4 64 141 (0 -1024 72 ) (0 -1024 192 ) (0 0 192 ) (0 0 72 ) 
4 64 66 (696 -632 72 ) (696 -1024 72 ) (0 -1024 72 ) (0 -632 72 ) 
4 64 65 (0 0 72 ) (696 0 72 ) (696 -584 72 ) (0 -584 72 ) 
4 65 142 (0 -584 72 ) (0 0 72 ) (0 0 64 ) (0 -576 64 ) 
4 65 92 (0 -576 64 ) (0 -432 64 ) (448 -432 64 ) (448 -576 64 ) 
4 65 90 (432 -424 64 ) (432 -432 64 ) (424 -432 64 ) (424 -424 64 ) 
4 65 89 (424 -272 64 ) (432 -272 64 ) (432 -424 64 ) (424 -424 64 ) 
4 65 88 (432 -272 64 ) (448 -272 64 ) (448 -432 64 ) (432 -432 64 ) 
4 65 91 (0 -432 64 ) (0 -272 64 ) (424 -272 64 ) (424 -432 64 ) 
4 65 84 (424 0 64 ) (432 0 64 ) (432 -272 64 ) (424 -272 64 ) 
4 65 83 (432 0 64 ) (448 0 64 ) (448 -272 64 ) (432 -272 64 ) 
4 65 87 (0 -272 64 ) (0 0 64 ) (424 0 64 ) (424 -272 64 ) 
4 65 79 (576 -400 64 ) (576 -528 64 ) (448 -528 64 ) (448 -400 64 ) 
4 65 81 (576 -528 64 ) (576 -576 64 ) (448 -576 64 ) (448 -528 64 ) 
4 65 76 (576 -240 64 ) (576 -368 64 ) (448 -368 64 ) (448 -240 64 ) 
4 65 78 (576 -368 64 ) (576 -400 64 ) (448 -400 64 ) (448 -368 64 ) 
4 65 73 (576 -80 64 ) (576 -208 64 ) (448 -208 64 ) (448 -80 64 ) 
4 65 72 (576 -48 64 ) (576 -80 64 ) (448 -80 64 ) (448 -48 64 ) 
4 65 75 (576 -208 64 ) (576 -240 64 ) (448 -240 64 ) (448 -208 64 ) 
4 65 70 (448 0 64 ) (576 0 64 ) (576 -48 64 ) (448 -48 64 ) 
4 65 68 (576 0 64 ) (640 0 64 ) (640 -576 64 ) (576 -576 64 ) 
4 66 177 (0 -1024 72 ) (0 -1024 64 ) (696 -1024 64 ) (696 -1024 72 ) 
4 66 143 (0 -1024 64 ) (0 -1024 72 ) (0 -632 72 ) (0 -640 64 ) 
4 66 93 (448 -1024 64 ) (0 -1024 64 ) (0 -640 64 ) (448 -640 64 ) 
4 66 82 (576 -1024 64 ) (448 -1024 64 ) (448 -640 64 ) (576 -640 64 ) 
4 66 69 (640 -1024 64 ) (576 -1024 64 ) (576 -640 64 ) (640 -640 64 ) 
4 67 184 (1008 -1024 64 ) (704 -1024 64 ) (704 -1024 -64 ) (1008 -1024 -64 ) 
4 67 94 (704 0 -64 ) (1008 0 -64 ) (1008 -1024 -64 ) (704 -1024 -64 ) 
4 68 80 (576 -400 -64 ) (576 -528 -64 ) (576 -528 -63 ) (576 -400 -63 ) 
4 68 79 (576 -528 -63 ) (576 -528 64 ) (576 -400 64 ) (576 -400 -63 ) 
4 68 81 (576 -528 -64 ) (576 -576 -64 ) (576 -576 64 ) (576 -528 64 ) 
4 68 77 (576 -240 -64 ) (576 -368 -64 ) (576 -368 -63 ) (576 -240 -63 ) 
4 68 76 (576 -368 -63 ) (576 -368 64 ) (576 -240 64 ) (576 -240 -63 ) 
4 68 78 (576 -368 -64 ) (576 -400 -64 ) (576 -400 64 ) (576 -368 64 ) 
4 68 74 (576 -80 -64 ) (576 -208 -64 ) (576 -208 -63 ) (576 -80 -63 ) 
4 68 73 (576 -208 -63 ) (576 -208 64 ) (576 -80 64 ) (576 -80 -63 ) 
4 68 72 (576 -48 -64 ) (576 -80 -64 ) (576 -80 64 ) (576 -48 64 ) 
4 68 75 (576 -208 -64 ) (576 -240 -64 ) (576 -240 64 ) (576 -208 64 ) 
4 68 71 (576 0 -64 ) (576 -48 -64 ) (576 -48 -63 ) (576 0 -63 ) 
4 68 70 (576 -48 -63 ) (576 -48 64 ) (576 0 64 ) (576 0 -63 ) 
4 69 185 (640 -1024 64 ) (576 -1024 64 ) (576 -1024 -64 ) (640 -1024 -64 ) 
4 69 96 (632 -1024 -64 ) (576 -1024 -64 ) (576 -648 -64 ) (632 -648 -64 ) 
4 69 82 (576 -640 -64 ) (576 -1024 -64 ) (576 -1024 64 ) (576 -640 64 ) 
4 70 83 (448 -48 -63 ) (448 -48 64 ) (448 0 64 ) (448 0 -63 ) 
4 70 72 (448 -48 64 ) (448 -48 -63 ) (576 -48 -63 ) (576 -48 64 ) 
4 70 71 (576 -48 -63 ) (448 -48 -63 ) (448 0 -63 ) (576 0 -63 ) 
4 71 83 (448 0 -64 ) (448 -48 -64 ) (448 -48 -63 ) (448 0 -63 ) 
4 71 72 (448 -48 -63 ) (448 -48 -64 ) (576 -48 -64 ) (576 -48 -63 ) 
4 72 83 (448 -48 -64 ) (448 -80 -64 ) (448 -80 64 ) (448 -48 64 ) 
4 72 74 (448 -80 -63 ) (448 -80 -64 ) (576 -80 -64 ) (576 -80 -63 ) 
4 72 73 (448 -80 64 ) (448 -80 -63 ) (576 -80 -63 ) (576 -80 64 ) 
4 73 83 (448 -208 -63 ) (448 -208 64 ) (448 -80 64 ) (448 -80 -63 ) 
4 73 75 (448 -208 64 ) (448 -208 -63 ) (576 -208 -63 ) (576 -208 64 ) 
4 73 74 (576 -208 -63 ) (448 -208 -63 ) (448 -80 -63 ) (576 -80 -63 ) 
4 74 83 (448 -80 -64 ) (448 -208 -64 ) (448 -208 -63 ) (448 -80 -63 ) 
4 74 75 (448 -208 -63 ) (448 -208 -64 ) (576 -208 -64 ) (576 -208 -63 ) 
4 75 83 (448 -208 -64 ) (448 -240 -64 ) (448 -240 64 ) (448 -208 64 ) 
4 75 77 (448 -240 -63 ) (448 -240 -64 ) (576 -240 -64 ) (576 -240 -63 ) 
4 75 76 (448 -240 64 ) (448 -240 -63 ) (576 -240 -63 ) (576 -240 64 ) 
4 76 88 (448 -368 -63 ) (448 -368 64 ) (448 -272 64 ) (448 -272 -63 ) 
4 76 83 (448 -272 64 ) (448 -240 64 ) (448 -240 -63 ) (448 -272 -63 ) 
4 76 78 (448 -368 64 ) (448 -368 -63 ) (576 -368 -63 ) (576 -368 64 ) 
4 76 77 (576 -368 -63 ) (448 -368 -63 ) (448 -240 -63 ) (576 -240 -63 ) 
4 77 88 (448 -272 -64 ) (448 -368 -64 ) (448 -368 -63 ) (448 -272 -63 ) 
4 77 83 (448 -240 -64 ) (448 -272 -64 ) (448 -272 -63 ) (448 -240 -63 ) 
4 77 78 (448 -368 -63 ) (448 -368 -64 ) (576 -368 -64 ) (576 -368 -63 ) 
4 78 88 (448 -368 -64 ) (448 -400 -64 ) (448 -400 64 ) (448 -368 64 ) 
4 78 80 (448 -400 -63 ) (448 -400 -64 ) (576 -400 -64 ) (576 -400 -63 ) 
4 78 79 (448 -400 64 ) (448 -400 -63 ) (576 -400 -63 ) (576 -400 64 ) 
4 79 92 (448 -528 -63 ) (448 -528 64 ) (448 -432 64 ) (448 -432 -63 ) 
4 79 88 (448 -432 64 ) (448 -400 64 ) (448 -400 -63 ) (448 -432 -63 ) 
4 79 81 (448 -528 64 ) (448 -528 -63 ) (576 -528 -63 ) (576 -528 64 ) 
4 79 80 (576 -528 -63 ) (448 -528 -63 ) (448 -400 -63 ) (576 -400 -63 ) 
4 80 92 (448 -432 -64 ) (448 -528 -64 ) (448 -528 -63 ) (448 -432 -63 ) 
4 80 88 (448 -400 -64 ) (448 -432 -64 ) (448 -432 -63 ) (448 -400 -63 ) 
4 80 81 (448 -528 -63 ) (448 -528 -64 ) (576 -528 -64 ) (576 -528 -63 ) 
4 81 92 (448 -528 -64 ) (448 -576 -64 ) (448 -576 64 ) (448 -528 64 ) 
4 82 185 (576 -1024 64 ) (448 -1024 64 ) (448 -1024 -64 ) (576 -1024 -64 ) 
4 82 96 (576 -648 -64 ) (576 -1024 -64 ) (448 -1024 -64 ) (448 -648 -64 ) 
4 82 93 (448 -640 -64 ) (448 -1024 -64 ) (448 -1024 64 ) (448 -640 64 ) 
4 83 88 (432 -272 -64 ) (448 -272 -64 ) (448 -272 64 ) (432 -272 64 ) 
4 83 86 (432 -112 -64 ) (432 -264 -64 ) (432 -264 -24 ) (432 -112 -24 ) 
4 83 85 (432 0 -64 ) (432 -104 -64 ) (432 -104 -24 ) (432 0 -24 ) 
4 83 84 (432 -272 -24 ) (432 -272 64 ) (432 0 64 ) (432 0 -24 ) 
4 84 89 (432 -272 -24 ) (432 -272 64 ) (424 -272 64 ) (424 -272 -24 ) 
4 84 86 (424 -264 -24 ) (424 -112 -24 ) (432 -112 -24 ) (432 -264 -24 ) 
4 84 85 (424 -104 -24 ) (424 0 -24 ) (432 0 -24 ) (432 -104 -24 ) 
4 84 87 (424 -272 -24 ) (424 -272 64 ) (424 0 64 ) (424 0 -24 ) 
4 85 87 (424 0 -64 ) (424 -104 -64 ) (424 -104 -24 ) (424 0 -24 ) 
4 86 87 (424 -112 -64 ) (424 -264 -64 ) (424 -264 -24 ) (424 -112 -24 ) 
4 87 146 (0 -272 64 ) (0 0 64 ) (0 0 -64 ) (0 -272 -64 ) 
4 87 91 (0 -272 -64 ) (424 -272 -64 ) (424 -272 64 ) (0 -272 64 ) 
4 88 92 (432 -432 -64 ) (448 -432 -64 ) (448 -432 64 ) (432 -432 64 ) 
4 88 90 (432 -432 -24 ) (432 -432 64 ) (432 -424 64 ) (432 -424 -24 ) 
4 88 89 (432 -272 64 ) (432 -272 -64 ) (432 -424 -64 ) (432 -424 64 ) 
4 89 90 (424 -424 64 ) (424 -424 -24 ) (432 -424 -24 ) (432 -424 64 ) 
4 89 91 (424 -272 64 ) (424 -272 -64 ) (424 -424 -64 ) (424 -424 64 ) 
4 90 92 (432 -432 -24 ) (432 -432 64 ) (424 -432 64 ) (424 -432 -24 ) 
4 90 91 (424 -432 -24 ) (424 -432 64 ) (424 -424 64 ) (424 -424 -24 ) 
4 91 146 (0 -432 64 ) (0 -272 64 ) (0 -272 -64 ) (0 -432 -64 ) 
4 91 92 (0 -432 -64 ) (424 -432 -64 ) (424 -432 64 ) (0 -432 64 ) 
4 92 146 (0 -576 64 ) (0 -432 64 ) (0 -432 -64 ) (0 -576 -64 ) 
4 93 185 (448 -1024 64 ) (0 -1024 64 ) (0 -1024 -64 ) (448 -1024 -64 ) 
4 93 147 (0 -1024 -64 ) (0 -1024 64 ) (0 -640 64 ) (0 -640 -64 ) 
4 93 96 (448 -648 -64 ) (448 -1024 -64 ) (0 -1024 -64 ) (0 -648 -64 ) 
4 94 189 (1008 -1024 -64 ) (640 -1024 -64 ) (640 -1024 -80 ) (1008 -1024 -80 ) 
4 94 99 (1008 -1024 -80 ) (640 -1024 -80 ) (640 -648 -80 ) (1008 -648 -80 ) 
4 94 97 (640 -648 -80 ) (640 0 -80 ) (1008 0 -80 ) (1008 -648 -80 ) 
4 94 95 (640 -576 -80 ) (640 -640 -80 ) (640 -640 -64 ) (640 -576 -64 ) 
4 95 155 (0 -640 -64 ) (0 -576 -64 ) (0 -576 -80 ) (0 -640 -80 ) 
4 95 98 (0 -640 -80 ) (0 -576 -80 ) (640 -576 -80 ) (640 -640 -80 ) 
4 96 192 (344 -1024 -64 ) (0 -1024 -64 ) (0 -1024 -80 ) (344 -1024 -80 ) 
4 96 190 (632 -1024 -64 ) (344 -1024 -64 ) (344 -1024 -80 ) (632 -1024 -80 ) 
4 96 158 (0 -1024 -80 ) (0 -1024 -64 ) (0 -648 -64 ) (0 -648 -80 ) 
4 96 100 (632 -1024 -80 ) (0 -1024 -80 ) (0 -648 -80 ) (632 -648 -80 ) 
4 97 101 (640 0 -128 ) (1008 0 -128 ) (1008 -648 -128 ) (640 -648 -128 ) 
4 97 99 (640 -648 -128 ) (1008 -648 -128 ) (1008 -648 -80 ) (640 -648 -80 ) 
4 97 98 (640 -576 -128 ) (640 -640 -128 ) (640 -640 -80 ) (640 -576 -80 ) 
4 98 164 (0 -640 -80 ) (0 -576 -80 ) (0 -576 -128 ) (0 -640 -128 ) 
4 98 102 (632 -640 -128 ) (136 -640 -128 ) (136 -576 -128 ) (632 -576 -128 ) 
4 98 101 (640 -576 -128 ) (640 -640 -128 ) (632 -640 -128 ) (632 -576 -128 ) 
4 98 104 (136 -640 -128 ) (0 -640 -128 ) (0 -576 -128 ) (136 -576 -128 ) 
4 99 194 (1008 -1024 -80 ) (640 -1024 -80 ) (640 -1024 -128 ) (1008 -1024 -128 ) 
4 99 101 (1008 -1024 -128 ) (640 -1024 -128 ) (640 -648 -128 ) (1008 -648 -128 ) 
5 100 195 (632 -1024 -80 ) (0 -1024 -80 ) (0 -1024 -107.682541 ) (160 -1024 -128 ) (632 -1024 -128 ) 
4 100 167 (0 -1024 -107.682541 ) (0 -1024 -80 ) (0 -648 -80 ) (0 -648 -107.682541 ) 
4 101 196 (1008 -1024 -128 ) (632 -1024 -128 ) (632 -1024 -440 ) (1008 -1024 -440 ) 
4 101 103 (632 -648 -440 ) (632 -1024 -440 ) (632 -1024 -136 ) (632 -648 -136 ) 
4 101 102 (632 0 -440 ) (632 -648 -440 ) (632 -648 -128 ) (632 0 -128 ) 
4 102 103 (136 -648 -136 ) (136 -648 -440 ) (632 -648 -440 ) (632 -648 -136 ) 
4 102 104 (136 0 -440 ) (136 -648 -440 ) (136 -648 -128 ) (136 0 -128 ) 
4 103 197 (136 -1024 -136 ) (136 -1024 -440 ) (632 -1024 -440 ) (632 -1024 -136 ) 
4 103 104 (136 -648 -440 ) (136 -1024 -440 ) (136 -1024 -136 ) (136 -648 -136 ) 
4 104 198 (136 -1024 -128 ) (0 -1024 -128 ) (0 -1024 -440 ) (136 -1024 -440 ) 
4 104 169 (0 -1024 -440 ) (0 -1024 -128 ) (0 0 -128 ) (0 0 -440 ) 
4 105 138 (0 1024 -440 ) (0 1024 -128 ) (-1024 1024 -128 ) (-1024 1024 -440 ) 
4 105 136 (0 1024 -128 ) (0 1024 -64 ) (-512 1024 -64 ) (-512 1024 -128 ) 
4 105 137 (-512 1024 -64 ) (-1024 1024 -64 ) (-1024 1024 -128 ) (-512 1024 -128 ) 
4 105 115 (0 1024 -64 ) (0 1024 64 ) (-512 1024 64 ) (-512 1024 -64 ) 
4 105 116 (-512 1024 64 ) (-1024 1024 64 ) (-1024 1024 -64 ) (-512 1024 -64 ) 
4 105 110 (0 1024 64 ) (0 1024 192 ) (-512 1024 192 ) (-512 1024 64 ) 
4 105 112 (-512 1024 192 ) (-1024 1024 192 ) (-1024 1024 64 ) (-512 1024 64 ) 
4 105 107 (0 1024 192 ) (0 1024 256 ) (-568 1024 256 ) (-568 1024 192 ) 
4 105 109 (-568 1024 256 ) (-1024 1024 256 ) (-1024 1024 192 ) (-568 1024 192 ) 
4 105 106 (-1024 1024 -440 ) (-1024 1024 256 ) (-1024 1072 256 ) (-1024 1072 -440 ) 
4 106 170 (-1024 1024 -440 ) (-1024 1024 256 ) (-1088 1024 256 ) (-1088 1024 -440 ) 
4 107 111 (0 960 192 ) (0 512 192 ) (-512 512 192 ) (-512 960 192 ) 
4 107 110 (-512 1024 192 ) (0 1024 192 ) (0 960 192 ) (-512 960 192 ) 
4 107 112 (-568 1024 192 ) (-512 1024 192 ) (-512 512 192 ) (-568 512 192 ) 
4 107 108 (-568 504 256 ) (-568 504 200 ) (0 504 200 ) (0 504 256 ) 
4 107 109 (-568 1024 192 ) (-568 504 192 ) (-568 504 256 ) (-568 1024 256 ) 
4 108 139 (0 0 200 ) (0 0 256 ) (-568 0 256 ) (-568 0 200 ) 
4 108 109 (-568 0 200 ) (-568 0 256 ) (-568 504 256 ) (-568 504 200 ) 
4 109 170 (-1024 1024 256 ) (-1024 1024 192 ) (-1024 0 192 ) (-1024 0 256 ) 
4 109 140 (-568 0 256 ) (-1024 0 256 ) (-1024 0 192 ) (-568 0 192 ) 
4 109 114 (-1024 0 192 ) (-1024 512 192 ) (-576 512 192 ) (-576 0 192 ) 
4 109 112 (-1024 512 192 ) (-1024 1024 192 ) (-568 1024 192 ) (-568 512 192 ) 
4 110 115 (-512 1024 64 ) (0 1024 64 ) (0 984 64 ) (-512 984 64 ) 
4 110 111 (-512 960 192 ) (-512 960 80 ) (0 960 80 ) (0 960 192 ) 
4 110 112 (-512 1024 64 ) (-512 960 64 ) (-512 960 192 ) (-512 1024 192 ) 
4 111 112 (-512 512 80 ) (-512 512 192 ) (-512 960 192 ) (-512 960 80 ) 
4 112 170 (-1024 1024 192 ) (-1024 1024 64 ) (-1024 512 64 ) (-1024 512 192 ) 
4 112 127 (-1024 512 64 ) (-1024 960 64 ) (-512 960 64 ) (-512 512 64 ) 
4 112 116 (-1024 960 64 ) (-1024 1024 64 ) (-512 1024 64 ) (-512 960 64 ) 
4 112 114 (-1024 512 64 ) (-576 512 64 ) (-576 512 192 ) (-1024 512 192 ) 
4 113 142 (0 0 64 ) (0 0 72 ) (-568 0 72 ) (-568 0 64 ) 
4 113 141 (0 0 72 ) (0 0 192 ) (-568 0 192 ) (-568 0 72 ) 
4 113 129 (-512 424 64 ) (-512 432 64 ) (0 432 64 ) (0 424 64 ) 
4 113 134 (0 0 64 ) (-512 0 64 ) (-512 424 64 ) (0 424 64 ) 
4 113 128 (-512 432 64 ) (-512 448 64 ) (0 448 64 ) (0 432 64 ) 
4 114 170 (-1024 512 64 ) (-1024 0 64 ) (-1024 0 192 ) (-1024 512 192 ) 
4 114 145 (-576 0 192 ) (-1024 0 192 ) (-1024 0 64 ) (-576 0 64 ) 
4 114 135 (-576 0 64 ) (-1024 0 64 ) (-1024 512 64 ) (-576 512 64 ) 
4 115 136 (-512 1024 -64 ) (0 1024 -64 ) (0 984 -64 ) (-512 984 -64 ) 
4 115 116 (-512 1024 -64 ) (-512 984 -64 ) (-512 984 64 ) (-512 1024 64 ) 
4 116 170 (-1024 1024 64 ) (-1024 1024 -64 ) (-1024 960 -64 ) (-1024 960 64 ) 
4 116 137 (-1024 960 -64 ) (-1024 1024 -64 ) (-512 1024 -64 ) (-512 960 -64 ) 
4 116 127 (-1024 960 -64 ) (-512 960 -64 ) (-512 960 64 ) (-1024 960 64 ) 
4 117 122 (-112 960 64 ) (-112 960 -64 ) (-112 528 -64 ) (-112 528 64 ) 
4 117 120 (-104 528 -64 ) (-48 528 -64 ) (-48 528 -24 ) (-104 528 -24 ) 
4 117 119 (-40 528 -64 ) (0 528 -64 ) (0 528 -24 ) (-40 528 -24 ) 
4 117 118 (-112 528 64 ) (-112 528 -24 ) (0 528 -24 ) (0 528 64 ) 
4 118 122 (-112 520 -24 ) (-112 520 64 ) (-112 528 64 ) (-112 528 -24 ) 
4 118 120 (-48 520 -24 ) (-104 520 -24 ) (-104 528 -24 ) (-48 528 -24 ) 
4 118 119 (0 520 -24 ) (-40 520 -24 ) (-40 528 -24 ) (0 528 -24 ) 
4 118 121 (-112 520 64 ) (-112 520 -24 ) (0 520 -24 ) (0 520 64 ) 
4 119 121 (-40 520 -64 ) (0 520 -64 ) (0 520 -24 ) (-40 520 -24 ) 
4 120 121 (-104 520 -64 ) (-48 520 -64 ) (-48 520 -24 ) (-104 520 -24 ) 
4 121 122 (-112 520 -64 ) (-112 512 -64 ) (-112 512 64 ) (-112 520 64 ) 
4 122 124 (-168 520 -24 ) (-168 520 64 ) (-168 528 64 ) (-168 528 -24 ) 
4 122 123 (-168 960 64 ) (-168 960 -64 ) (-168 528 -64 ) (-168 528 64 ) 
4 122 125 (-168 520 -64 ) (-168 512 -64 ) (-168 512 64 ) (-168 520 64 ) 
4 123 126 (-176 960 64 ) (-176 960 -64 ) (-176 528 -64 ) (-176 528 64 ) 
4 123 124 (-176 528 64 ) (-176 528 -24 ) (-168 528 -24 ) (-168 528 64 ) 
4 124 126 (-176 520 -24 ) (-176 520 64 ) (-176 528 64 ) (-176 528 -24 ) 
4 124 125 (-176 520 64 ) (-176 520 -24 ) (-168 520 -24 ) (-168 520 64 ) 
4 125 126 (-176 520 -64 ) (-176 512 -64 ) (-176 512 64 ) (-176 520 64 ) 
4 127 170 (-1024 960 -64 ) (-1024 512 -64 ) (-1024 512 64 ) (-1024 960 64 ) 
4 127 137 (-1024 512 -64 ) (-1024 960 -64 ) (-512 960 -64 ) (-512 512 -64 ) 
4 127 135 (-1024 512 -64 ) (-576 512 -64 ) (-576 512 64 ) (-1024 512 64 ) 
4 128 133 (-512 432 -24 ) (-512 432 -64 ) (-128 432 -64 ) (-128 432 -24 ) 
4 128 132 (-120 432 -64 ) (-88 432 -64 ) (-88 432 -24 ) (-120 432 -24 ) 
4 128 130 (-48 432 -64 ) (0 432 -64 ) (0 432 -24 ) (-48 432 -24 ) 
4 128 131 (-80 432 -64 ) (-56 432 -64 ) (-56 432 -24 ) (-80 432 -24 ) 
4 128 129 (-512 432 64 ) (-512 432 -24 ) (0 432 -24 ) (0 432 64 ) 
4 129 133 (-128 424 -24 ) (-512 424 -24 ) (-512 432 -24 ) (-128 432 -24 ) 
4 129 132 (-88 424 -24 ) (-120 424 -24 ) (-120 432 -24 ) (-88 432 -24 ) 
4 129 130 (0 424 -24 ) (-48 424 -24 ) (-48 432 -24 ) (0 432 -24 ) 
4 129 131 (-56 424 -24 ) (-80 424 -24 ) (-80 432 -24 ) (-56 432 -24 ) 
4 129 134 (-512 424 64 ) (-512 424 -24 ) (0 424 -24 ) (0 424 64 ) 
4 130 134 (-48 424 -64 ) (0 424 -64 ) (0 424 -24 ) (-48 424 -24 ) 
4 131 134 (-80 424 -64 ) (-56 424 -64 ) (-56 424 -24 ) (-80 424 -24 ) 
4 132 134 (-120 424 -64 ) (-88 424 -64 ) (-88 424 -24 ) (-120 424 -24 ) 
4 133 134 (-512 424 -24 ) (-512 424 -64 ) (-128 424 -64 ) (-128 424 -24 ) 
4 134 152 (-320 0 64 ) (-512 0 64 ) (-512 0 -64 ) (-320 0 -64 ) 
4 134 149 (-312 0 64 ) (-320 0 64 ) (-320 0 -64 ) (-312 0 -64 ) 
4 134 148 (-256 0 64 ) (-312 0 64 ) (-312 0 -64 ) (-256 0 -64 ) 
4 134 146 (0 0 -64 ) (0 0 64 ) (-256 0 64 ) (-256 0 -64 ) 
4 135 170 (-1024 512 -64 ) (-1024 0 -64 ) (-1024 0 64 ) (-1024 512 64 ) 
4 135 153 (-576 0 64 ) (-1024 0 64 ) (-1024 0 -64 ) (-576 0 -64 ) 
4 135 137 (-1024 0 -64 ) (-1024 512 -64 ) (-576 512 -64 ) (-576 0 -64 ) 
4 136 138 (-512 960 -128 ) (-512 1024 -128 ) (0 1024 -128 ) (0 960 -128 ) 
4 136 137 (-512 1024 -128 ) (-512 960 -128 ) (-512 960 -64 ) (-512 1024 -64 ) 
4 137 170 (-1024 1024 -64 ) (-1024 1024 -128 ) (-1024 0 -128 ) (-1024 0 -64 ) 
4 137 163 (-1024 0 -80 ) (-1024 0 -128 ) (-512 0 -128 ) (-512 0 -80 ) 
4 137 154 (-512 0 -64 ) (-1024 0 -64 ) (-1024 0 -80 ) (-512 0 -80 ) 
4 137 138 (-512 0 -128 ) (-1024 0 -128 ) (-1024 1024 -128 ) (-512 1024 -128 ) 
4 138 170 (-1024 1024 -128 ) (-1024 1024 -440 ) (-1024 0 -440 ) (-1024 0 -128 ) 
4 138 169 (0 0 -440 ) (0 0 -128 ) (-1024 0 -128 ) (-1024 0 -440 ) 
4 139 238 (0 -1024 200 ) (0 -1024 256 ) (-568 -1024 256 ) (-568 -1024 200 ) 
4 139 140 (-568 -1024 200 ) (-568 -1024 256 ) (-568 0 256 ) (-568 0 200 ) 
4 140 240 (-1024 -1024 200 ) (-1024 -1024 192 ) (-568 -1024 192 ) (-568 -1024 200 ) 
4 140 238 (-568 -1024 256 ) (-1024 -1024 256 ) (-1024 -1024 200 ) (-568 -1024 200 ) 
4 140 171 (-1024 -1024 192 ) (-1024 -1024 256 ) (-1024 0 256 ) (-1024 0 192 ) 
4 140 145 (-576 -1024 192 ) (-1024 -1024 192 ) (-1024 0 192 ) (-576 0 192 ) 
4 141 242 (0 -1024 72 ) (0 -1024 192 ) (-568 -1024 192 ) (-568 -1024 72 ) 
4 141 144 (-568 -632 72 ) (-568 -584 72 ) (-248 -584 72 ) (-248 -632 72 ) 
4 141 143 (0 -1024 72 ) (-568 -1024 72 ) (-568 -632 72 ) (0 -632 72 ) 
4 141 142 (-568 -584 72 ) (-568 0 72 ) (0 0 72 ) (0 -584 72 ) 
4 142 152 (-320 -576 64 ) (-512 -576 64 ) (-512 0 64 ) (-320 0 64 ) 
4 142 149 (-312 -576 64 ) (-320 -576 64 ) (-320 0 64 ) (-312 0 64 ) 
4 142 148 (-256 -576 64 ) (-312 -576 64 ) (-312 0 64 ) (-256 0 64 ) 
4 142 146 (0 0 64 ) (0 -576 64 ) (-256 -576 64 ) (-256 0 64 ) 
4 142 144 (-248 -584 72 ) (-568 -584 72 ) (-568 -576 64 ) (-256 -576 64 ) 
4 143 242 (0 -1024 64 ) (0 -1024 72 ) (-568 -1024 72 ) (-568 -1024 64 ) 
4 143 152 (-320 -1024 64 ) (-512 -1024 64 ) (-512 -640 64 ) (-320 -640 64 ) 
4 143 150 (-320 -736 64 ) (-320 -728 64 ) (-312 -728 64 ) (-312 -736 64 ) 
4 143 149 (-320 -728 64 ) (-320 -640 64 ) (-312 -640 64 ) (-312 -728 64 ) 
4 143 151 (-312 -1024 64 ) (-320 -1024 64 ) (-320 -736 64 ) (-312 -736 64 ) 
4 143 148 (-256 -1024 64 ) (-312 -1024 64 ) (-312 -640 64 ) (-256 -640 64 ) 
4 143 147 (0 -640 64 ) (0 -1024 64 ) (-256 -1024 64 ) (-256 -640 64 ) 
4 143 144 (-256 -640 64 ) (-568 -640 64 ) (-568 -632 72 ) (-248 -632 72 ) 
4 144 152 (-320 -640 64 ) (-512 -640 64 ) (-512 -576 64 ) (-320 -576 64 ) 
4 144 149 (-312 -640 64 ) (-320 -640 64 ) (-320 -576 64 ) (-312 -576 64 ) 
4 144 148 (-256 -640 64 ) (-312 -640 64 ) (-312 -576 64 ) (-256 -576 64 ) 
4 145 243 (-576 -1024 192 ) (-1024 -1024 192 ) (-1024 -1024 64 ) (-576 -1024 64 ) 
4 145 171 (-1024 -1024 64 ) (-1024 -1024 192 ) (-1024 0 192 ) (-1024 0 64 ) 
4 145 153 (-576 -1024 64 ) (-1024 -1024 64 ) (-1024 0 64 ) (-576 0 64 ) 
4 146 148 (-256 0 -64 ) (-256 -576 -64 ) (-256 -576 64 ) (-256 0 64 ) 
4 147 251 (0 -1024 -64 ) (0 -1024 64 ) (-256 -1024 64 ) (-256 -1024 -64 ) 
4 147 158 (0 -1024 -64 ) (-256 -1024 -64 ) (-256 -648 -64 ) (0 -648 -64 ) 
4 147 148 (-256 -640 -64 ) (-256 -1024 -64 ) (-256 -1024 64 ) (-256 -640 64 ) 
4 148 251 (-256 -1024 64 ) (-272 -1024 64 ) (-272 -1024 -64 ) (-256 -1024 -64 ) 
4 148 253 (-272 -1024 64 ) (-312 -1024 64 ) (-312 -1024 -64 ) (-272 -1024 -64 ) 
4 148 158 (-256 -1024 -64 ) (-312 -1024 -64 ) (-312 -648 -64 ) (-256 -648 -64 ) 
4 148 150 (-312 -736 -32 ) (-312 -736 64 ) (-312 -728 64 ) (-312 -728 -32 ) 
4 148 149 (-312 0 -64 ) (-312 -728 -64 ) (-312 -728 64 ) (-312 0 64 ) 
4 148 151 (-312 -736 -64 ) (-312 -1024 -64 ) (-312 -1024 64 ) (-312 -736 64 ) 
4 149 159 (-320 -728 -64 ) (-320 -648 -64 ) (-312 -648 -64 ) (-312 -728 -64 ) 
4 149 152 (-320 0 -64 ) (-320 -728 -64 ) (-320 -728 64 ) (-320 0 64 ) 
4 149 150 (-320 -728 64 ) (-320 -728 -32 ) (-312 -728 -32 ) (-312 -728 64 ) 
4 150 152 (-320 -736 -32 ) (-320 -736 64 ) (-320 -728 64 ) (-320 -728 -32 ) 
4 150 151 (-320 -736 64 ) (-320 -736 -32 ) (-312 -736 -32 ) (-312 -736 64 ) 
4 151 253 (-312 -1024 64 ) (-320 -1024 64 ) (-320 -1024 -64 ) (-312 -1024 -64 ) 
4 151 160 (-312 -1024 -64 ) (-320 -1024 -64 ) (-320 -736 -64 ) (-312 -736 -64 ) 
4 151 152 (-320 -736 -64 ) (-320 -1024 -64 ) (-320 -1024 64 ) (-320 -736 64 ) 
4 152 253 (-320 -1024 64 ) (-512 -1024 64 ) (-512 -1024 -64 ) (-320 -1024 -64 ) 
4 152 161 (-320 -1024 -64 ) (-344 -1024 -64 ) (-344 -648 -64 ) (-320 -648 -64 ) 
4 153 255 (-576 -1024 64 ) (-1024 -1024 64 ) (-1024 -1024 -64 ) (-576 -1024 -64 ) 
4 153 171 (-1024 -1024 -64 ) (-1024 -1024 64 ) (-1024 0 64 ) (-1024 0 -64 ) 
4 153 162 (-576 -1024 -64 ) (-1024 -1024 -64 ) (-1024 -648 -64 ) (-576 -648 -64 ) 
4 153 157 (-1024 -648 -64 ) (-1024 -640 -64 ) (-576 -640 -64 ) (-576 -648 -64 ) 
4 153 156 (-1024 -640 -64 ) (-1024 -576 -64 ) (-576 -576 -64 ) (-576 -640 -64 ) 
4 153 154 (-1024 -576 -64 ) (-1024 0 -64 ) (-576 0 -64 ) (-576 -576 -64 ) 
4 154 171 (-1024 -576 -64 ) (-1024 0 -64 ) (-1024 0 -80 ) (-1024 -576 -80 ) 
4 154 163 (-1024 -576 -80 ) (-1024 0 -80 ) (-512 0 -80 ) (-512 -576 -80 ) 
4 154 156 (-1024 -576 -80 ) (-512 -576 -80 ) (-512 -576 -64 ) (-1024 -576 -64 ) 
4 155 164 (-176 -576 -80 ) (0 -576 -80 ) (0 -640 -80 ) (-176 -640 -80 ) 
4 156 171 (-1024 -640 -64 ) (-1024 -576 -64 ) (-1024 -576 -80 ) (-1024 -640 -80 ) 
4 156 165 (-1024 -640 -80 ) (-1024 -576 -80 ) (-512 -576 -80 ) (-512 -640 -80 ) 
4 156 157 (-1024 -640 -80 ) (-512 -640 -80 ) (-512 -640 -64 ) (-1024 -640 -64 ) 
4 157 171 (-1024 -648 -64 ) (-1024 -640 -64 ) (-1024 -640 -80 ) (-1024 -648 -80 ) 
4 157 166 (-1024 -648 -80 ) (-1024 -640 -80 ) (-512 -640 -80 ) (-512 -648 -80 ) 
4 157 162 (-1024 -648 -80 ) (-512 -648 -80 ) (-512 -648 -64 ) (-1024 -648 -64 ) 
5 158 258 (0 -1024 -80 ) (0 -1024 -64 ) (-312 -1024 -64 ) (-312 -1024 -68.063492 ) (-218 -1024 -80 ) 
4 158 167 (0 -1024 -80 ) (-218 -1024 -80 ) (-218 -648 -80 ) (0 -648 -80 ) 
4 158 159 (-312 -648 -64 ) (-312 -648 -68.060570 ) (-312 -728 -68.060570 ) (-312 -728 -64 ) 
4 158 160 (-312 -736 -68.060570 ) (-312 -1024 -68.060577 ) (-312 -1024 -64 ) (-312 -736 -64 ) 
4 159 161 (-320 -648 -64 ) (-320 -648 -67.044945 ) (-320 -728 -67.044945 ) (-320 -728 -64 ) 
4 160 258 (-312 -1024 -64 ) (-320 -1024 -64 ) (-320 -1024 -67.047623 ) (-312 -1024 -68.063492 ) 
4 160 161 (-320 -736 -67.044945 ) (-320 -1024 -67.044952 ) (-320 -1024 -64 ) (-320 -736 -64 ) 
3 161 258 (-320 -1024 -64 ) (-344 -1024 -64 ) (-320 -1024 -67.047623 ) 
4 162 259 (-512 -1024 -64 ) (-1024 -1024 -64 ) (-1024 -1024 -80 ) (-512 -1024 -80 ) 
4 162 171 (-1024 -1024 -80 ) (-1024 -1024 -64 ) (-1024 -648 -64 ) (-1024 -648 -80 ) 
4 162 168 (-512 -1024 -80 ) (-1024 -1024 -80 ) (-1024 -648 -80 ) (-512 -648 -80 ) 
4 163 171 (-1024 -576 -80 ) (-1024 0 -80 ) (-1024 0 -128 ) (-1024 -576 -128 ) 
4 163 169 (-512 -576 -128 ) (-1024 -576 -128 ) (-1024 0 -128 ) (-512 0 -128 ) 
4 163 165 (-1024 -576 -128 ) (-512 -576 -128 ) (-512 -576 -80 ) (-1024 -576 -80 ) 
4 164 169 (0 -576 -128 ) (0 -640 -128 ) (-176 -640 -128 ) (-176 -576 -128 ) 
4 165 171 (-1024 -640 -80 ) (-1024 -576 -80 ) (-1024 -576 -128 ) (-1024 -640 -128 ) 
4 165 169 (-512 -640 -128 ) (-1024 -640 -128 ) (-1024 -576 -128 ) (-512 -576 -128 ) 
4 165 166 (-1024 -640 -128 ) (-512 -640 -128 ) (-512 -640 -80 ) (-1024 -640 -80 ) 
4 166 171 (-1024 -648 -80 ) (-1024 -640 -80 ) (-1024 -640 -128 ) (-1024 -648 -128 ) 
4 166 169 (-512 -648 -128 ) (-1024 -648 -128 ) (-1024 -640 -128 ) (-512 -640 -128 ) 
4 166 168 (-1024 -648 -128 ) (-512 -648 -128 ) (-512 -648 -80 ) (-1024 -648 -80 ) 
3 167 263 (0 -1024 -107.682541 ) (0 -1024 -80 ) (-218 -1024 -80 ) 
4 168 264 (-512 -1024 -80 ) (-1024 -1024 -80 ) (-1024 -1024 -128 ) (-512 -1024 -128 ) 
4 168 171 (-1024 -1024 -128 ) (-1024 -1024 -80 ) (-1024 -648 -80 ) (-1024 -648 -128 ) 
4 168 169 (-512 -1024 -128 ) (-1024 -1024 -128 ) (-1024 -648 -128 ) (-512 -648 -128 ) 
4 169 266 (0 -1024 -440 ) (0 -1024 -128 ) (-1024 -1024 -128 ) (-1024 -1024 -440 ) 
4 169 171 (-1024 -1024 -440 ) (-1024 -1024 -128 ) (-1024 0 -128 ) (-1024 0 -440 ) 
4 170 171 (-1024 0 -440 ) (-1024 0 256 ) (-1088 0 256 ) (-1088 0 -440 ) 
4 171 285 (-1024 -1024 -440 ) (-1024 -1024 256 ) (-1088 -1024 256 ) (-1088 -1024 -440 ) 
4 172 238 (0 -1024 256 ) (0 -1024 200 ) (0 -2048 200 ) (0 -2048 256 ) 
4 172 209 (0 -2048 256 ) (0 -2048 200 ) (416 -2048 200 ) (416 -2048 256 ) 
4 172 208 (416 -2048 200 ) (1008 -2048 200 ) (1008 -2048 256 ) (416 -2048 256 ) 
4 172 175 (1008 -1568 200 ) (1008 -2048 200 ) (416 -2048 200 ) (416 -1568 200 ) 
4 172 174 (696 -1568 200 ) (0 -1568 200 ) (0 -1272 200 ) (696 -1272 200 ) 
4 172 173 (1008 -1024 200 ) (1008 -1568 200 ) (696 -1568 200 ) (696 -1024 200 ) 
4 173 178 (1008 -1280 192 ) (1008 -1568 192 ) (696 -1568 192 ) (696 -1280 192 ) 
4 173 176 (704 -1024 192 ) (1008 -1024 192 ) (1008 -1280 192 ) (704 -1280 192 ) 
4 173 175 (696 -1568 192 ) (1008 -1568 192 ) (1008 -1568 200 ) (696 -1568 200 ) 
4 173 174 (696 -1272 192 ) (696 -1568 192 ) (696 -1568 200 ) (696 -1272 200 ) 
4 174 239 (0 -1272 192 ) (0 -1568 192 ) (0 -1568 200 ) (0 -1272 200 ) 
4 174 181 (400 -1552 192 ) (432 -1552 192 ) (432 -1568 192 ) (400 -1568 192 ) 
4 174 180 (432 -1552 192 ) (656 -1552 192 ) (656 -1568 192 ) (432 -1568 192 ) 
4 174 179 (0 -1552 192 ) (0 -1280 192 ) (656 -1280 192 ) (656 -1552 192 ) 
4 174 178 (656 -1280 192 ) (696 -1280 192 ) (696 -1568 192 ) (656 -1568 192 ) 
4 174 175 (416 -1568 192 ) (696 -1568 192 ) (696 -1568 200 ) (416 -1568 200 ) 
4 175 208 (416 -2048 192 ) (1008 -2048 192 ) (1008 -2048 200 ) (416 -2048 200 ) 
4 175 182 (656 -1616 192 ) (656 -2048 192 ) (432 -2048 192 ) (432 -1616 192 ) 
4 175 181 (416 -1568 192 ) (432 -1568 192 ) (432 -1600 192 ) (416 -1600 192 ) 
4 175 180 (432 -1568 192 ) (656 -1568 192 ) (656 -1616 192 ) (432 -1616 192 ) 
4 175 178 (656 -1568 192 ) (1008 -1568 192 ) (1008 -2048 192 ) (656 -2048 192 ) 
4 176 184 (704 -1024 64 ) (1008 -1024 64 ) (1008 -1280 64 ) (704 -1280 64 ) 
4 176 178 (704 -1280 64 ) (1008 -1280 64 ) (1008 -1280 192 ) (704 -1280 192 ) 
4 177 242 (0 -1024 192 ) (0 -1024 64 ) (0 -1272 64 ) (0 -1272 192 ) 
4 177 185 (0 -1216 64 ) (0 -1024 64 ) (640 -1024 64 ) (640 -1216 64 ) 
4 178 210 (656 -2048 64 ) (1008 -2048 64 ) (1008 -2048 192 ) (656 -2048 192 ) 
4 178 187 (704 -2048 64 ) (656 -2048 64 ) (656 -1792 64 ) (704 -1792 64 ) 
4 178 184 (1008 -2048 64 ) (704 -2048 64 ) (704 -1280 64 ) (1008 -1280 64 ) 
4 178 182 (656 -1616 64 ) (656 -2048 64 ) (656 -2048 192 ) (656 -1616 192 ) 
4 178 180 (656 -1616 128 ) (656 -1616 192 ) (656 -1552 192 ) (656 -1552 128 ) 
4 178 179 (656 -1280 192 ) (656 -1280 128 ) (656 -1552 128 ) (656 -1552 192 ) 
4 179 244 (0 -1552 128 ) (0 -1552 192 ) (0 -1280 192 ) (0 -1280 128 ) 
4 179 181 (432 -1552 192 ) (400 -1552 192 ) (400 -1552 128 ) (432 -1552 128 ) 
4 179 180 (656 -1552 128 ) (656 -1552 192 ) (432 -1552 192 ) (432 -1552 128 ) 
4 180 182 (656 -1616 128 ) (656 -1616 192 ) (432 -1616 192 ) (432 -1616 128 ) 
4 180 181 (432 -1552 192 ) (432 -1552 128 ) (432 -1600 128 ) (432 -1600 192 ) 
4 182 210 (432 -2048 64 ) (656 -2048 64 ) (656 -2048 192 ) (432 -2048 192 ) 
4 182 187 (656 -2048 64 ) (432 -2048 64 ) (432 -1792 64 ) (656 -1792 64 ) 
4 183 246 (0 -1616 64 ) (0 -2048 64 ) (0 -2048 128 ) (0 -1616 128 ) 
4 183 245 (0 -2048 128 ) (0 -2048 192 ) (0 -1616 192 ) (0 -1616 128 ) 
4 183 211 (0 -2048 192 ) (0 -2048 64 ) (368 -2048 64 ) (368 -2048 192 ) 
4 183 188 (344 -2048 64 ) (0 -2048 64 ) (0 -1792 64 ) (344 -1792 64 ) 
4 184 212 (704 -2048 -64 ) (1008 -2048 -64 ) (1008 -2048 64 ) (704 -2048 64 ) 
4 184 189 (704 -1024 -64 ) (1008 -1024 -64 ) (1008 -2048 -64 ) (704 -2048 -64 ) 
4 184 187 (704 -1792 -64 ) (704 -2048 -64 ) (704 -2048 64 ) (704 -1792 64 ) 
4 185 251 (0 -1024 64 ) (0 -1024 -64 ) (0 -1216 -64 ) (0 -1216 64 ) 
4 185 192 (0 -1208 -64 ) (0 -1024 -64 ) (344 -1024 -64 ) (344 -1208 -64 ) 
4 185 190 (344 -1024 -64 ) (632 -1024 -64 ) (632 -1208 -64 ) (344 -1208 -64 ) 
4 186 252 (0 -1280 -64 ) (0 -1600 -64 ) (0 -1600 64 ) (0 -1280 64 ) 
4 187 212 (408 -2048 -64 ) (704 -2048 -64 ) (704 -2048 64 ) (408 -2048 64 ) 
4 187 191 (408 -1792 -64 ) (640 -1792 -64 ) (640 -2048 -64 ) (408 -2048 -64 ) 
4 187 189 (640 -1792 -64 ) (704 -1792 -64 ) (704 -2048 -64 ) (640 -2048 -64 ) 
4 188 256 (0 -1792 -64 ) (0 -2048 -64 ) (0 -2048 64 ) (0 -1792 64 ) 
4 188 213 (0 -2048 64 ) (0 -2048 -64 ) (344 -2048 -64 ) (344 -2048 64 ) 
4 188 193 (0 -2048 -64 ) (0 -2000 -64 ) (344 -2000 -64 ) (344 -2048 -64 ) 
4 189 214 (640 -2048 -80 ) (1008 -2048 -80 ) (1008 -2048 -64 ) (640 -2048 -64 ) 
4 189 201 (1008 -2048 -80 ) (640 -2048 -80 ) (640 -1792 -80 ) (1008 -1792 -80 ) 
4 189 199 (640 -1792 -80 ) (640 -1208 -80 ) (1008 -1208 -80 ) (1008 -1792 -80 ) 
4 189 194 (640 -1208 -80 ) (640 -1024 -80 ) (1008 -1024 -80 ) (1008 -1208 -80 ) 
4 189 191 (640 -1792 -80 ) (640 -2048 -80 ) (640 -2048 -64 ) (640 -1792 -64 ) 
4 190 195 (344 -1208 -80 ) (344 -1024 -80 ) (632 -1024 -80 ) (632 -1208 -80 ) 
4 190 192 (344 -1024 -80 ) (344 -1208 -80 ) (344 -1208 -64 ) (344 -1024 -64 ) 
4 191 214 (408 -2048 -80 ) (640 -2048 -80 ) (640 -2048 -64 ) (408 -2048 -64 ) 
4 191 201 (640 -2048 -80 ) (408 -2048 -80 ) (408 -1792 -80 ) (640 -1792 -80 ) 
4 192 258 (0 -1024 -64 ) (0 -1024 -80 ) (0 -1208 -80 ) (0 -1208 -64 ) 
4 192 195 (0 -1208 -80 ) (0 -1024 -80 ) (344 -1024 -80 ) (344 -1208 -80 ) 
4 193 261 (0 -2037.887085 -80 ) (0 -2048 -80 ) (0 -2048 -64 ) (0 -2000 -64 ) 
4 193 216 (0 -2048 -64 ) (0 -2048 -80 ) (344 -2048 -80 ) (344 -2048 -64 ) 
4 193 205 (344 -2048 -80 ) (0 -2048 -80 ) (0 -2037.887085 -80 ) (344 -2037.887085 -80 ) 
4 194 199 (1008 -1208 -80 ) (640 -1208 -80 ) (640 -1208 -128 ) (1008 -1208 -128 ) 
4 194 196 (1008 -1208 -128 ) (640 -1208 -128 ) (640 -1024 -128 ) (1008 -1024 -128 ) 
4 195 263 (0 -1024 -80 ) (0 -1024 -107.682541 ) (0 -1208 -107.682541 ) (0 -1208 -80 ) 
4 196 200 (640 -1208 -128 ) (632 -1208 -128 ) (632 -1208 -440 ) (640 -1208 -440 ) 
4 196 199 (1008 -1208 -128 ) (640 -1208 -128 ) (640 -1208 -440 ) (1008 -1208 -440 ) 
4 196 197 (632 -1024 -440 ) (632 -1208 -440 ) (632 -1208 -136 ) (632 -1024 -136 ) 
4 197 203 (136 -1208 -136 ) (136 -1208 -440 ) (344 -1208 -440 ) (344 -1208 -136 ) 
4 197 200 (344 -1208 -440 ) (632 -1208 -440 ) (632 -1208 -136 ) (344 -1208 -136 ) 
4 197 198 (136 -1024 -440 ) (136 -1208 -440 ) (136 -1208 -136 ) (136 -1024 -136 ) 
4 198 266 (0 -1024 -128 ) (0 -1024 -440 ) (0 -1208 -440 ) (0 -1208 -128 ) 
4 198 203 (136 -1208 -128 ) (0 -1208 -128 ) (0 -1208 -440 ) (136 -1208 -440 ) 
4 199 201 (640 -1792 -440 ) (1008 -1792 -440 ) (1008 -1792 -80 ) (640 -1792 -80 ) 
4 199 200 (640 -1208 -128 ) (640 -1208 -440 ) (640 -1792 -440 ) (640 -1792 -128 ) 
4 200 203 (344 -1208 -128 ) (344 -1208 -440 ) (344 -1792 -440 ) (344 -1792 -128 ) 
4 200 202 (344 -1792 -336 ) (344 -1792 -440 ) (408 -1792 -440 ) (408 -1792 -336 ) 
4 200 201 (408 -1792 -440 ) (640 -1792 -440 ) (640 -1792 -128 ) (408 -1792 -128 ) 
4 201 214 (408 -2048 -440 ) (1008 -2048 -440 ) (1008 -2048 -80 ) (408 -2048 -80 ) 
4 201 202 (408 -1792 -336 ) (408 -1792 -440 ) (408 -2048 -440 ) (408 -2048 -336 ) 
4 202 215 (344 -2048 -440 ) (408 -2048 -440 ) (408 -2048 -336 ) (344 -2048 -336 ) 
4 202 207 (344 -2000 -440 ) (344 -2048 -440 ) (344 -2048 -336 ) (344 -2000 -336 ) 
4 202 204 (344 -1792 -440 ) (344 -2000 -440 ) (344 -2000 -336 ) (344 -1792 -336 ) 
4 203 266 (0 -1208 -128 ) (0 -1208 -440 ) (0 -1792 -440 ) (0 -1792 -128 ) 
4 203 204 (0 -1792 -440 ) (344 -1792 -440 ) (344 -1792 -128 ) (0 -1792 -128 ) 
4 204 267 (0 -1792 -128 ) (0 -1792 -440 ) (0 -2000 -440 ) (0 -2000 -128 ) 
4 204 207 (0 -2000 -440 ) (344 -2000 -440 ) (344 -2000 -208 ) (0 -2000 -208 ) 
4 204 206 (344 -2000 -208 ) (344 -2000 -200 ) (0 -2000 -200 ) (0 -2000 -208 ) 
3 205 268 (0 -2048 -84.270767 ) (0 -2048 -80 ) (0 -2037.887085 -80 ) 
4 205 216 (0 -2048 -80 ) (0 -2048 -84.270775 ) (344 -2048 -84.270767 ) (344 -2048 -80 ) 
4 206 269 (0 -2048 -208 ) (0 -2048 -200 ) (0 -2000 -200 ) (0 -2000 -208 ) 
4 206 218 (0 -2048 -200 ) (0 -2048 -208 ) (344 -2048 -208 ) (344 -2048 -200 ) 
4 206 207 (0 -2000 -208 ) (344 -2000 -208 ) (344 -2048 -208 ) (0 -2048 -208 ) 
4 207 270 (0 -2048 -440 ) (0 -2048 -208 ) (0 -2000 -208 ) (0 -2000 -440 ) 
4 207 219 (0 -2048 -208 ) (0 -2048 -440 ) (344 -2048 -440 ) (344 -2048 -208 ) 
4 208 220 (1008 -3072 256 ) (416 -3072 256 ) (416 -3072 192 ) (1008 -3072 192 ) 
4 208 210 (432 -2048 192 ) (1008 -2048 192 ) (1008 -3072 192 ) (432 -3072 192 ) 
4 208 209 (416 -3072 200 ) (416 -3072 256 ) (416 -2048 256 ) (416 -2048 200 ) 
4 209 273 (0 -3072 200 ) (0 -3072 256 ) (0 -2048 256 ) (0 -2048 200 ) 
4 209 221 (416 -3072 256 ) (0 -3072 256 ) (0 -3072 200 ) (416 -3072 200 ) 
4 210 223 (1008 -3072 192 ) (432 -3072 192 ) (432 -3072 64 ) (1008 -3072 64 ) 
4 210 212 (1008 -3072 64 ) (432 -3072 64 ) (432 -2048 64 ) (1008 -2048 64 ) 
4 211 275 (0 -3072 64 ) (0 -3072 192 ) (0 -2048 192 ) (0 -2048 64 ) 
4 211 224 (368 -3072 192 ) (0 -3072 192 ) (0 -3072 64 ) (368 -3072 64 ) 
4 211 213 (344 -3072 64 ) (0 -3072 64 ) (0 -2048 64 ) (344 -2048 64 ) 
4 212 226 (1008 -3072 64 ) (408 -3072 64 ) (408 -3072 -64 ) (1008 -3072 -64 ) 
4 212 214 (1008 -3072 -64 ) (408 -3072 -64 ) (408 -2048 -64 ) (1008 -2048 -64 ) 
4 213 277 (0 -3072 -64 ) (0 -3072 64 ) (0 -2048 64 ) (0 -2048 -64 ) 
4 213 227 (344 -3072 64 ) (0 -3072 64 ) (0 -3072 -64 ) (344 -3072 -64 ) 
4 213 217 (344 -3072 -64 ) (0 -3072 -64 ) (0 -2322.042969 -64 ) (344 -2322.042969 -64 ) 
4 213 216 (0 -2322.042969 -64 ) (0 -2048 -64 ) (344 -2048 -64 ) (344 -2322.042969 -64 ) 
4 214 230 (1008 -3072 -64 ) (408 -3072 -64 ) (408 -3072 -440 ) (1008 -3072 -440 ) 
4 214 215 (408 -2048 -440 ) (408 -3072 -440 ) (408 -3072 -336 ) (408 -2048 -336 ) 
4 215 231 (344 -3072 -336 ) (344 -3072 -440 ) (408 -3072 -440 ) (408 -3072 -336 ) 
4 215 219 (344 -3072 -440 ) (344 -3072 -336 ) (344 -2048 -336 ) (344 -2048 -440 ) 
5 216 279 (0 -2322.042969 -64 ) (0 -2048 -64 ) (0 -2048 -84.270737 ) (0 -2322.040039 -200 ) (0 -2322.042969 -200 ) 
4 216 217 (344 -2322.042969 -197.875000 ) (344 -2322.042969 -64 ) (0 -2322.042969 -64 ) (0 -2322.042969 -197.875000 ) 
4 217 280 (0 -3072 -197.875000 ) (0 -3072 -64 ) (0 -2322.042969 -64 ) (0 -2322.042969 -197.875000 ) 
4 217 232 (344 -3072 -197.875000 ) (344 -3072 -64 ) (0 -3072 -64 ) (0 -3072 -197.875000 ) 
4 218 281 (0 -3072 -208 ) (0 -3072 -200 ) (0 -2048 -200 ) (0 -2048 -208 ) 
4 218 233 (344 -3072 -208 ) (344 -3072 -200 ) (0 -3072 -200 ) (0 -3072 -208 ) 
4 218 219 (0 -3072 -208 ) (0 -2048 -208 ) (344 -2048 -208 ) (344 -3072 -208 ) 
4 219 282 (0 -3072 -440 ) (0 -3072 -208 ) (0 -2048 -208 ) (0 -2048 -440 ) 
4 219 234 (344 -3072 -440 ) (344 -3072 -208 ) (0 -3072 -208 ) (0 -3072 -440 ) 
4 220 225 (1008 -3344 192 ) (1008 -3544 192 ) (416 -3544 192 ) (416 -3344 192 ) 
4 220 223 (432 -3072 192 ) (1008 -3072 192 ) (1008 -3344 192 ) (432 -3344 192 ) 
4 220 221 (416 -3336 200 ) (416 -3336 256 ) (416 -3072 256 ) (416 -3072 200 ) 
4 220 222 (416 -3336 192 ) (416 -3544 192 ) (416 -3544 256 ) (416 -3336 256 ) 
4 221 287 (0 -3336 256 ) (0 -3072 256 ) (0 -3072 200 ) (0 -3336 200 ) 
4 221 222 (416 -3336 200 ) (416 -3336 256 ) (0 -3336 256 ) (0 -3336 200 ) 
4 222 289 (0 -3544 256 ) (0 -3336 256 ) (0 -3336 192 ) (0 -3544 192 ) 
4 222 225 (416 -3344 192 ) (416 -3544 192 ) (0 -3544 192 ) (0 -3344 192 ) 
4 223 228 (1008 -3328 64 ) (1008 -3344 64 ) (432 -3344 64 ) (432 -3328 64 ) 
4 223 226 (432 -3072 64 ) (1008 -3072 64 ) (1008 -3328 64 ) (432 -3328 64 ) 
4 223 225 (432 -3344 64 ) (1008 -3344 64 ) (1008 -3344 192 ) (432 -3344 192 ) 
4 224 290 (0 -3336 192 ) (0 -3072 192 ) (0 -3072 64 ) (0 -3336 64 ) 
4 224 227 (0 -3328 64 ) (0 -3072 64 ) (344 -3072 64 ) (344 -3328 64 ) 
4 225 292 (0 -3544 192 ) (0 -3344 192 ) (0 -3344 64 ) (0 -3544 64 ) 
4 225 229 (0 -3544 64 ) (0 -3392 64 ) (384 -3392 64 ) (384 -3544 64 ) 
4 225 228 (384 -3344 64 ) (1008 -3344 64 ) (1008 -3544 64 ) (384 -3544 64 ) 
4 226 230 (408 -3072 -64 ) (1008 -3072 -64 ) (1008 -3328 -64 ) (408 -3328 -64 ) 
4 226 228 (408 -3328 -64 ) (1008 -3328 -64 ) (1008 -3328 64 ) (408 -3328 64 ) 
4 227 293 (0 -3328 64 ) (0 -3072 64 ) (0 -3072 -64 ) (0 -3328 -64 ) 
4 227 232 (0 -3328 -64 ) (0 -3072 -64 ) (344 -3072 -64 ) (344 -3328 -64 ) 
4 228 237 (1008 -3392 -64 ) (1008 -3544 -64 ) (384 -3544 -64 ) (384 -3392 -64 ) 
4 228 235 (384 -3328 -64 ) (1008 -3328 -64 ) (1008 -3392 -64 ) (384 -3392 -64 ) 
4 228 229 (384 -3392 -64 ) (384 -3544 -64 ) (384 -3544 64 ) (384 -3392 64 ) 
4 229 295 (0 -3544 64 ) (0 -3392 64 ) (0 -3392 -64 ) (0 -3544 -64 ) 
4 229 237 (0 -3544 -64 ) (0 -3392 -64 ) (384 -3392 -64 ) (384 -3544 -64 ) 
4 230 235 (408 -3328 -440 ) (1008 -3328 -440 ) (1008 -3328 -64 ) (408 -3328 -64 ) 
4 230 231 (408 -3072 -440 ) (408 -3328 -440 ) (408 -3328 -336 ) (408 -3072 -336 ) 
4 231 236 (344 -3328 -440 ) (384 -3328 -440 ) (384 -3328 -336 ) (344 -3328 -336 ) 
4 231 235 (384 -3328 -440 ) (408 -3328 -440 ) (408 -3328 -336 ) (384 -3328 -336 ) 
4 231 234 (344 -3072 -440 ) (344 -3328 -440 ) (344 -3328 -336 ) (344 -3072 -336 ) 
4 232 297 (0 -3328 -64 ) (0 -3072 -64 ) (0 -3072 -197.875000 ) (0 -3328 -197.875000 ) 
4 233 298 (0 -3072 -200 ) (0 -3072 -208 ) (0 -3328 -208 ) (0 -3328 -200 ) 
4 233 234 (344 -3072 -208 ) (344 -3328 -208 ) (0 -3328 -208 ) (0 -3072 -208 ) 
4 234 299 (0 -3072 -208 ) (0 -3072 -440 ) (0 -3328 -440 ) (0 -3328 -208 ) 
4 234 236 (0 -3328 -440 ) (344 -3328 -440 ) (344 -3328 -336 ) (0 -3328 -336 ) 
4 235 237 (384 -3392 -440 ) (1008 -3392 -440 ) (1008 -3392 -64 ) (384 -3392 -64 ) 
4 235 236 (384 -3328 -336 ) (384 -3328 -440 ) (384 -3392 -440 ) (384 -3392 -336 ) 
4 236 302 (0 -3328 -336 ) (0 -3328 -440 ) (0 -3392 -440 ) (0 -3392 -336 ) 
4 236 237 (0 -3392 -440 ) (384 -3392 -440 ) (384 -3392 -336 ) (0 -3392 -336 ) 
4 237 303 (0 -3544 -64 ) (0 -3392 -64 ) (0 -3392 -440 ) (0 -3544 -440 ) 
4 238 285 (-1024 -1024 256 ) (-1024 -1024 200 ) (-1024 -2048 200 ) (-1024 -2048 256 ) 
4 238 273 (0 -2048 200 ) (0 -2048 256 ) (-1024 -2048 256 ) (-1024 -2048 200 ) 
4 238 241 (-1024 -2048 200 ) (-1024 -1568 200 ) (-617.799988 -1568 200 ) (-617.799988 -2048 200 ) 
4 238 239 (0 -1272 200 ) (0 -1568 200 ) (-568 -1568 200 ) (-568 -1272 200 ) 
4 238 240 (-1024 -1568 200 ) (-1024 -1024 200 ) (-568 -1024 200 ) (-568 -1568 200 ) 
4 239 247 (-568 -1552 192 ) (-568 -1280 192 ) (-528 -1280 192 ) (-528 -1552 192 ) 
4 239 244 (0 -1280 192 ) (0 -1552 192 ) (-528 -1552 192 ) (-528 -1280 192 ) 
4 239 240 (-568 -1272 192 ) (-568 -1568 192 ) (-568 -1568 200 ) (-568 -1272 200 ) 
4 240 285 (-1024 -1024 200 ) (-1024 -1024 192 ) (-1024 -1568 192 ) (-1024 -1568 200 ) 
4 240 249 (-656 -1280 192 ) (-592 -1280 192 ) (-592 -1568 192 ) (-656 -1568 192 ) 
4 240 250 (-1024 -1568 192 ) (-1024 -1280 192 ) (-656 -1280 192 ) (-656 -1568 192 ) 
4 240 247 (-592 -1280 192 ) (-568 -1280 192 ) (-568 -1552 192 ) (-592 -1552 192 ) 
4 240 243 (-1024 -1280 192 ) (-1024 -1024 192 ) (-576 -1024 192 ) (-576 -1280 192 ) 
4 240 241 (-1024 -1568 192 ) (-617.799988 -1568 192 ) (-617.799988 -1568 200 ) (-1024 -1568 200 ) 
4 241 285 (-1024 -1568 192 ) (-1024 -2048 192 ) (-1024 -2048 200 ) (-1024 -1568 200 ) 
4 241 274 (-617.799988 -2048 200 ) (-1024 -2048 200 ) (-1024 -2048 192 ) (-617.799988 -2048 192 ) 
4 241 249 (-656 -1792 192 ) (-656 -1568 192 ) (-617.799988 -1568 192 ) (-617.799988 -1792 192 ) 
4 241 250 (-656 -2048 192 ) (-1024 -2048 192 ) (-1024 -1568 192 ) (-656 -1568 192 ) 
4 242 251 (-272 -1024 64 ) (0 -1024 64 ) (0 -1216 64 ) (-272 -1216 64 ) 
4 242 253 (-512 -1024 64 ) (-272 -1024 64 ) (-272 -1272 64 ) (-512 -1272 64 ) 
4 243 285 (-1024 -1024 192 ) (-1024 -1024 64 ) (-1024 -1280 64 ) (-1024 -1280 192 ) 
4 243 255 (-1024 -1280 64 ) (-1024 -1024 64 ) (-576 -1024 64 ) (-576 -1280 64 ) 
4 243 249 (-656 -1280 64 ) (-592 -1280 64 ) (-592 -1280 192 ) (-656 -1280 192 ) 
4 243 250 (-1024 -1280 64 ) (-656 -1280 64 ) (-656 -1280 192 ) (-1024 -1280 192 ) 
4 243 247 (-592 -1280 64 ) (-576 -1280 64 ) (-576 -1280 192 ) (-592 -1280 192 ) 
4 244 247 (-528 -1280 192 ) (-528 -1280 128 ) (-528 -1552 128 ) (-528 -1552 192 ) 
4 245 275 (0 -2048 128 ) (0 -2048 192 ) (-528 -2048 192 ) (-528 -2048 128 ) 
4 245 248 (-528 -1792 128 ) (-528 -2048 128 ) (-528 -2048 192 ) (-528 -1792 192 ) 
4 245 246 (-528 -2048 128 ) (-528 -1616 128 ) (0 -1616 128 ) (0 -2048 128 ) 
4 246 275 (0 -2048 64 ) (0 -2048 128 ) (-528 -2048 128 ) (-528 -2048 64 ) 
4 246 256 (0 -1792 64 ) (0 -2048 64 ) (-528 -2048 64 ) (-528 -1792 64 ) 
4 246 254 (-344 -1792 64 ) (-512 -1792 64 ) (-512 -1616 64 ) (-300 -1616 64 ) 
4 246 248 (-528 -1792 64 ) (-528 -2048 64 ) (-528 -2048 128 ) (-528 -1792 128 ) 
4 247 255 (-592 -1280 64 ) (-576 -1280 64 ) (-576 -1552 64 ) (-592 -1552 64 ) 
4 247 249 (-592 -1280 192 ) (-592 -1280 64 ) (-592 -1552 64 ) (-592 -1552 192 ) 
4 248 275 (-528 -2048 192 ) (-592 -2048 192 ) (-592 -2048 64 ) (-528 -2048 64 ) 
4 248 256 (-528 -1792 64 ) (-528 -2048 64 ) (-576 -2048 64 ) (-576 -1792 64 ) 
4 249 255 (-656 -1280 64 ) (-592 -1280 64 ) (-592 -1792 64 ) (-656 -1792 64 ) 
4 249 250 (-656 -1280 192 ) (-656 -1280 64 ) (-656 -1792 64 ) (-656 -1792 192 ) 
4 250 285 (-1024 -1280 64 ) (-1024 -2048 64 ) (-1024 -2048 192 ) (-1024 -1280 192 ) 
4 250 276 (-656 -2048 192 ) (-1024 -2048 192 ) (-1024 -2048 64 ) (-656 -2048 64 ) 
4 250 257 (-1024 -2048 64 ) (-1024 -1792 64 ) (-656 -1792 64 ) (-656 -2048 64 ) 
4 250 255 (-1024 -1792 64 ) (-1024 -1280 64 ) (-656 -1280 64 ) (-656 -1792 64 ) 
4 251 258 (-272 -1024 -64 ) (0 -1024 -64 ) (0 -1208 -64 ) (-272 -1208 -64 ) 
4 251 253 (-272 -1024 -64 ) (-272 -1216 -64 ) (-272 -1216 64 ) (-272 -1024 64 ) 
4 252 253 (-272 -1280 -64 ) (-272 -1600 -64 ) (-272 -1600 64 ) (-272 -1280 64 ) 
4 253 258 (-344 -1024 -64 ) (-272 -1024 -64 ) (-272 -1208 -64 ) (-344 -1208 -64 ) 
4 253 254 (-512 -1600 64 ) (-512 -1600 -64 ) (-296 -1600 -64 ) (-296 -1600 64 ) 
4 254 256 (-512 -1792 -64 ) (-344 -1792 -64 ) (-344 -1792 64 ) (-512 -1792 64 ) 
4 255 285 (-1024 -1024 64 ) (-1024 -1024 -64 ) (-1024 -1792 -64 ) (-1024 -1792 64 ) 
4 255 260 (-1024 -1792 -64 ) (-1024 -1208 -64 ) (-576 -1208 -64 ) (-576 -1792 -64 ) 
4 255 259 (-1024 -1208 -64 ) (-1024 -1024 -64 ) (-576 -1024 -64 ) (-576 -1208 -64 ) 
4 255 257 (-1024 -1792 -64 ) (-640 -1792 -64 ) (-640 -1792 64 ) (-1024 -1792 64 ) 
4 256 277 (0 -2048 -64 ) (0 -2048 64 ) (-576 -2048 64 ) (-576 -2048 -64 ) 
4 256 261 (0 -2048 -64 ) (-576 -2048 -64 ) (-576 -2000 -64 ) (0 -2000 -64 ) 
4 257 285 (-1024 -1792 -64 ) (-1024 -2048 -64 ) (-1024 -2048 64 ) (-1024 -1792 64 ) 
4 257 278 (-640 -2048 64 ) (-1024 -2048 64 ) (-1024 -2048 -64 ) (-640 -2048 -64 ) 
4 257 262 (-640 -2048 -64 ) (-1024 -2048 -64 ) (-1024 -1792 -64 ) (-640 -1792 -64 ) 
4 258 263 (-218 -1024 -80 ) (0 -1024 -80 ) (0 -1208 -80 ) (-218 -1208 -80 ) 
4 259 285 (-1024 -1024 -64 ) (-1024 -1024 -80 ) (-1024 -1208 -80 ) (-1024 -1208 -64 ) 
4 259 264 (-1024 -1208 -80 ) (-1024 -1024 -80 ) (-512 -1024 -80 ) (-512 -1208 -80 ) 
4 259 260 (-1024 -1208 -80 ) (-512 -1208 -80 ) (-512 -1208 -64 ) (-1024 -1208 -64 ) 
4 260 285 (-1024 -1208 -80 ) (-1024 -1792 -80 ) (-1024 -1792 -64 ) (-1024 -1208 -64 ) 
4 260 265 (-1024 -1792 -80 ) (-1024 -1208 -80 ) (-512 -1208 -80 ) (-512 -1792 -80 ) 
4 260 262 (-1024 -1792 -80 ) (-640 -1792 -80 ) (-640 -1792 -64 ) (-1024 -1792 -64 ) 
4 261 279 (0 -2048 -80 ) (0 -2048 -64 ) (-576 -2048 -64 ) (-576 -2048 -80 ) 
4 261 268 (0 -2037.887085 -80 ) (0 -2048 -80 ) (-576 -2048 -80 ) (-576 -2037.887085 -80 ) 
4 262 285 (-1024 -1792 -80 ) (-1024 -2048 -80 ) (-1024 -2048 -64 ) (-1024 -1792 -64 ) 
4 262 283 (-640 -2048 -64 ) (-1024 -2048 -64 ) (-1024 -2048 -80 ) (-640 -2048 -80 ) 
4 262 272 (-1024 -2048 -80 ) (-1024 -1792 -80 ) (-640 -1792 -80 ) (-640 -2048 -80 ) 
4 264 285 (-1024 -1024 -80 ) (-1024 -1024 -128 ) (-1024 -1208 -128 ) (-1024 -1208 -80 ) 
4 264 266 (-1024 -1208 -128 ) (-1024 -1024 -128 ) (-512 -1024 -128 ) (-512 -1208 -128 ) 
4 264 265 (-1024 -1208 -128 ) (-512 -1208 -128 ) (-512 -1208 -80 ) (-1024 -1208 -80 ) 
4 265 285 (-1024 -1208 -128 ) (-1024 -1792 -128 ) (-1024 -1792 -80 ) (-1024 -1208 -80 ) 
4 265 272 (-640 -1792 -80 ) (-1024 -1792 -80 ) (-1024 -1792 -128 ) (-640 -1792 -128 ) 
4 265 266 (-512 -1792 -128 ) (-1024 -1792 -128 ) (-1024 -1208 -128 ) (-512 -1208 -128 ) 
4 266 285 (-1024 -1024 -128 ) (-1024 -1024 -440 ) (-1024 -1792 -440 ) (-1024 -1792 -128 ) 
4 266 271 (-640 -1792 -336 ) (-640 -1792 -440 ) (-576 -1792 -440 ) (-576 -1792 -336 ) 
4 266 272 (-640 -1792 -128 ) (-1024 -1792 -128 ) (-1024 -1792 -440 ) (-640 -1792 -440 ) 
4 266 267 (0 -1792 -440 ) (0 -1792 -128 ) (-576 -1792 -128 ) (-576 -1792 -440 ) 
4 267 271 (-576 -1792 -336 ) (-576 -1792 -440 ) (-576 -2000 -440 ) (-576 -2000 -336 ) 
4 267 270 (-576 -2000 -208 ) (-576 -2000 -440 ) (0 -2000 -440 ) (0 -2000 -208 ) 
4 267 269 (-576 -2000 -200 ) (-576 -2000 -208 ) (0 -2000 -208 ) (0 -2000 -200 ) 
4 268 279 (0 -2048 -84.270767 ) (0 -2048 -80 ) (-576 -2048 -80 ) (-576 -2048 -84.270775 ) 
4 269 281 (0 -2048 -208 ) (0 -2048 -200 ) (-576 -2048 -200 ) (-576 -2048 -208 ) 
4 269 270 (-576 -2048 -208 ) (-576 -2000 -208 ) (0 -2000 -208 ) (0 -2048 -208 ) 
4 270 282 (0 -2048 -440 ) (0 -2048 -208 ) (-576 -2048 -208 ) (-576 -2048 -440 ) 
4 270 271 (-576 -2048 -440 ) (-576 -2048 -336 ) (-576 -2000 -336 ) (-576 -2000 -440 ) 
4 271 284 (-576 -2048 -440 ) (-576 -2048 -336 ) (-640 -2048 -336 ) (-640 -2048 -440 ) 
4 271 272 (-640 -1792 -336 ) (-640 -1792 -440 ) (-640 -2048 -440 ) (-640 -2048 -336 ) 
4 272 285 (-1024 -2048 -440 ) (-1024 -2048 -80 ) (-1024 -1792 -80 ) (-1024 -1792 -440 ) 
4 272 284 (-1024 -2048 -336 ) (-1024 -2048 -440 ) (-640 -2048 -440 ) (-640 -2048 -336 ) 
4 272 283 (-640 -2048 -80 ) (-1024 -2048 -80 ) (-1024 -2048 -336 ) (-640 -2048 -336 ) 
4 273 287 (0 -3072 200 ) (0 -3072 256 ) (-617.799988 -3072 256 ) (-617.799988 -3072 200 ) 
4 273 288 (-617.799988 -3072 256 ) (-1024 -3072 256 ) (-1024 -3072 200 ) (-617.799988 -3072 200 ) 
4 273 286 (-1024 -3072 200 ) (-1024 -3072 256 ) (-1024 -2048 256 ) (-1024 -2048 200 ) 
4 273 274 (-1024 -3072 200 ) (-1024 -2048 200 ) (-617.799988 -2048 200 ) (-617.799988 -3072 200 ) 
4 274 288 (-617.799988 -3072 200 ) (-1024 -3072 200 ) (-1024 -3072 192 ) (-617.799988 -3072 192 ) 
4 274 286 (-1024 -3072 192 ) (-1024 -3072 200 ) (-1024 -2048 200 ) (-1024 -2048 192 ) 
4 274 276 (-656 -3072 192 ) (-1024 -3072 192 ) (-1024 -2048 192 ) (-656 -2048 192 ) 
4 275 290 (0 -3072 64 ) (0 -3072 192 ) (-592 -3072 192 ) (-592 -3072 64 ) 
4 275 277 (-576 -2048 64 ) (0 -2048 64 ) (0 -3072 64 ) (-576 -3072 64 ) 
4 276 291 (-656 -3072 192 ) (-1024 -3072 192 ) (-1024 -3072 64 ) (-656 -3072 64 ) 
4 276 286 (-1024 -3072 64 ) (-1024 -3072 192 ) (-1024 -2048 192 ) (-1024 -2048 64 ) 
4 276 278 (-1024 -3072 64 ) (-1024 -2048 64 ) (-656 -2048 64 ) (-656 -3072 64 ) 
4 277 293 (0 -3072 -64 ) (0 -3072 64 ) (-576 -3072 64 ) (-576 -3072 -64 ) 
4 277 280 (0 -2322.042969 -64 ) (0 -3072 -64 ) (-576 -3072 -64 ) (-576 -2322.042969 -64 ) 
4 277 279 (-576 -2048 -64 ) (0 -2048 -64 ) (0 -2322.042969 -64 ) (-576 -2322.042969 -64 ) 
4 278 294 (-640 -3072 64 ) (-1024 -3072 64 ) (-1024 -3072 -64 ) (-640 -3072 -64 ) 
4 278 286 (-1024 -3072 -64 ) (-1024 -3072 64 ) (-1024 -2048 64 ) (-1024 -2048 -64 ) 
4 278 283 (-1024 -3072 -64 ) (-1024 -2048 -64 ) (-640 -2048 -64 ) (-640 -3072 -64 ) 
4 279 280 (-576 -2322.042969 -64 ) (-576 -2322.042969 -197.875000 ) (0 -2322.042969 -197.875000 ) (0 -2322.042969 -64 ) 
4 280 297 (0 -3072 -197.875000 ) (0 -3072 -64 ) (-576 -3072 -64 ) (-576 -3072 -197.875000 ) 
4 281 298 (0 -3072 -208 ) (0 -3072 -200 ) (-576 -3072 -200 ) (-576 -3072 -208 ) 
4 281 282 (-576 -3072 -208 ) (-576 -2048 -208 ) (0 -2048 -208 ) (0 -3072 -208 ) 
4 282 299 (0 -3072 -440 ) (0 -3072 -208 ) (-576 -3072 -208 ) (-576 -3072 -440 ) 
4 282 284 (-576 -3072 -440 ) (-576 -3072 -336 ) (-576 -2048 -336 ) (-576 -2048 -440 ) 
4 283 301 (-640 -3072 -64 ) (-1024 -3072 -64 ) (-1024 -3072 -336 ) (-640 -3072 -336 ) 
4 283 286 (-1024 -3072 -336 ) (-1024 -3072 -64 ) (-1024 -2048 -64 ) (-1024 -2048 -336 ) 
4 283 284 (-1024 -3072 -336 ) (-1024 -2048 -336 ) (-640 -2048 -336 ) (-640 -3072 -336 ) 
4 284 300 (-576 -3072 -440 ) (-576 -3072 -336 ) (-640 -3072 -336 ) (-640 -3072 -440 ) 
4 284 301 (-640 -3072 -336 ) (-1024 -3072 -336 ) (-1024 -3072 -440 ) (-640 -3072 -440 ) 
4 284 286 (-1024 -3072 -440 ) (-1024 -3072 -336 ) (-1024 -2048 -336 ) (-1024 -2048 -440 ) 
4 285 286 (-1024 -2048 -440 ) (-1024 -2048 256 ) (-1088 -2048 256 ) (-1088 -2048 -440 ) 
4 286 305 (-1024 -3072 -440 ) (-1024 -3072 256 ) (-1088 -3072 256 ) (-1088 -3072 -440 ) 
4 287 289 (0 -3336 200 ) (0 -3336 256 ) (-617.799988 -3336 256 ) (-617.799988 -3336 200 ) 
4 287 288 (-617.799988 -3336 200 ) (-617.799988 -3336 256 ) (-617.799988 -3072 256 ) (-617.799988 -3072 200 ) 
4 288 305 (-1024 -3072 256 ) (-1024 -3072 192 ) (-1024 -3336 192 ) (-1024 -3336 256 ) 
4 288 291 (-1024 -3336 192 ) (-1024 -3072 192 ) (-656 -3072 192 ) (-656 -3336 192 ) 
4 288 289 (-1024 -3336 192 ) (-617.799988 -3336 192 ) (-617.799988 -3336 256 ) (-1024 -3336 256 ) 
4 289 305 (-1024 -3336 192 ) (-1024 -3544 192 ) (-1024 -3544 256 ) (-1024 -3336 256 ) 
4 289 292 (-1024 -3544 192 ) (-1024 -3344 192 ) (0 -3344 192 ) (0 -3544 192 ) 
4 289 291 (-1024 -3344 192 ) (-1024 -3336 192 ) (-656 -3336 192 ) (-656 -3344 192 ) 
4 290 296 (-576 -3336 64 ) (-592 -3336 64 ) (-592 -3328 64 ) (-576 -3328 64 ) 
4 290 293 (-576 -3072 64 ) (0 -3072 64 ) (0 -3328 64 ) (-576 -3328 64 ) 
4 291 305 (-1024 -3072 192 ) (-1024 -3072 64 ) (-1024 -3344 64 ) (-1024 -3344 192 ) 
4 291 296 (-1024 -3344 64 ) (-1024 -3328 64 ) (-656 -3328 64 ) (-656 -3344 64 ) 
4 291 294 (-1024 -3328 64 ) (-1024 -3072 64 ) (-656 -3072 64 ) (-656 -3328 64 ) 
4 291 292 (-1024 -3344 64 ) (-656 -3344 64 ) (-656 -3344 192 ) (-1024 -3344 192 ) 
4 292 305 (-1024 -3344 64 ) (-1024 -3544 64 ) (-1024 -3544 192 ) (-1024 -3344 192 ) 
4 292 295 (0 -3392 64 ) (0 -3544 64 ) (-576 -3544 64 ) (-576 -3392 64 ) 
4 292 296 (-1024 -3544 64 ) (-1024 -3344 64 ) (-576 -3344 64 ) (-576 -3544 64 ) 
4 293 297 (-576 -3072 -64 ) (0 -3072 -64 ) (0 -3328 -64 ) (-576 -3328 -64 ) 
4 294 305 (-1024 -3072 64 ) (-1024 -3072 -64 ) (-1024 -3328 -64 ) (-1024 -3328 64 ) 
4 294 301 (-1024 -3328 -64 ) (-1024 -3072 -64 ) (-640 -3072 -64 ) (-640 -3328 -64 ) 
4 294 296 (-1024 -3328 -64 ) (-640 -3328 -64 ) (-640 -3328 64 ) (-1024 -3328 64 ) 
4 295 303 (0 -3392 -64 ) (0 -3544 -64 ) (-576 -3544 -64 ) (-576 -3392 -64 ) 
4 295 296 (-576 -3392 -64 ) (-576 -3544 -64 ) (-576 -3544 64 ) (-576 -3392 64 ) 
4 296 305 (-1024 -3328 -64 ) (-1024 -3544 -64 ) (-1024 -3544 64 ) (-1024 -3328 64 ) 
4 296 304 (-1024 -3544 -64 ) (-1024 -3328 -64 ) (-576 -3328 -64 ) (-576 -3544 -64 ) 
4 298 299 (0 -3328 -208 ) (-576 -3328 -208 ) (-576 -3072 -208 ) (0 -3072 -208 ) 
4 299 302 (0 -3328 -440 ) (0 -3328 -336 ) (-576 -3328 -336 ) (-576 -3328 -440 ) 
4 299 300 (-576 -3328 -440 ) (-576 -3328 -336 ) (-576 -3072 -336 ) (-576 -3072 -440 ) 
4 300 304 (-576 -3328 -440 ) (-576 -3328 -336 ) (-640 -3328 -336 ) (-640 -3328 -440 ) 
4 300 301 (-640 -3072 -440 ) (-640 -3328 -440 ) (-640 -3328 -336 ) (-640 -3072 -336 ) 
4 301 305 (-1024 -3072 -64 ) (-1024 -3072 -440 ) (-1024 -3328 -440 ) (-1024 -3328 -64 ) 
4 301 304 (-640 -3328 -64 ) (-1024 -3328 -64 ) (-1024 -3328 -440 ) (-640 -3328 -440 ) 
4 302 303 (-576 -3392 -336 ) (-576 -3392 -440 ) (0 -3392 -440 ) (0 -3392 -336 ) 
4 302 304 (-576 -3328 -336 ) (-576 -3328 -440 ) (-576 -3392 -440 ) (-576 -3392 -336 ) 
4 303 304 (-576 -3392 -440 ) (-576 -3544 -440 ) (-576 -3544 -64 ) (-576 -3392 -64 ) 
4 304 305 (-1024 -3544 -64 ) (-1024 -3328 -64 ) (-1024 -3328 -440 ) (-1024 -3544 -440 ) 
