PRT1
47
126
4 0 26 (1024 0 128 ) (1024 0 1024 ) (0 0 1024 ) (0 0 128 ) 
4 0 7 (0 0 128 ) (0 0 1024 ) (0 1024 1024 ) (0 1024 128 ) 
4 0 1 (960 0 128 ) (0 0 128 ) (0 960 128 ) (960 960 128 ) 
4 1 28 (0 0 4 ) (0 0 0 ) (960 0 0 ) (960 0 4 ) 
4 1 27 (960 0 128 ) (0 0 128 ) (0 0 4 ) (960 0 4 ) 
4 1 8 (0 640 128 ) (0 960 128 ) (0 960 0 ) (0 640 0 ) 
4 1 19 (0 0 0 ) (0 0 128 ) (0 640 128 ) (0 640 0 ) 
4 1 3 (256 768 0 ) (928 768 0 ) (928 0 0 ) (256 0 0 ) 
4 1 2 (0 768 0 ) (0 928 0 ) (928 928 0 ) (928 768 0 ) 
4 2 24 (0 768 0 ) (0 928 0 ) (0 928 -10.666663 ) (0 768 -10.666694 ) 
4 2 5 (16 928 -16 ) (256 928 -16 ) (256 768 -16 ) (16 768 -16 ) 
4 2 4 (256 928 -16 ) (928 928 -16 ) (928 768 -16 ) (256 768 -16 ) 
4 2 3 (256 768 -16 ) (928 768 -16 ) (928 768 0 ) (256 768 0 ) 
4 3 29 (928 0 0 ) (256 0 0 ) (256 0 -16 ) (928 0 -16 ) 
4 3 4 (928 0 -16 ) (256 0 -16 ) (256 768 -16 ) (928 768 -16 ) 
4 4 30 (928 0 -16 ) (256 0 -16 ) (256 0 -256 ) (928 0 -256 ) 
4 4 5 (256 768 -16 ) (256 928 -16 ) (256 928 -96 ) (256 768 -96 ) 
4 7 35 (-960 0 132.177002 ) (-1024 0 132.177002 ) (-1024 0 128 ) (-960 0 128 ) 
4 7 34 (0 0 128 ) (0 0 132.177002 ) (-960 0 132.177002 ) (-960 0 128 ) 
4 7 33 (-512 0 644.177002 ) (-1024 0 644.177002 ) (-1024 0 132.177002 ) (-512 0 132.177002 ) 
4 7 32 (0 0 132.177002 ) (0 0 644.177002 ) (-512 0 644.177002 ) (-512 0 132.177002 ) 
4 7 31 (0 0 644.177002 ) (0 0 1024 ) (-1024 0 1024 ) (-1024 0 644.177002 ) 
4 7 21 (-960 748 128 ) (-960 764 128 ) (-956 764 128 ) (-956 748 128 ) 
4 7 20 (-960 764 128 ) (-960 960 128 ) (-956 960 128 ) (-956 764 128 ) 
4 7 23 (-956 0 128 ) (-960 0 128 ) (-960 748 128 ) (-956 748 128 ) 
4 7 16 (-952 776 128 ) (-952 872 128 ) (-888 872 128 ) (-888 776 128 ) 
4 7 15 (-952 872 128 ) (-952 960 128 ) (-888 960 128 ) (-888 872 128 ) 
4 7 17 (-888 640 128 ) (-952 640 128 ) (-952 776 128 ) (-888 776 128 ) 
4 7 18 (-952 640 128 ) (-956 640 128 ) (-956 960 128 ) (-952 960 128 ) 
4 7 14 (-704 640 128 ) (-888 640 128 ) (-888 960 128 ) (-704 960 128 ) 
4 7 12 (-440 640 128 ) (-448 640 128 ) (-448 960 128 ) (-440 960 128 ) 
4 7 13 (-512 640 128 ) (-640 640 128 ) (-640 960 128 ) (-512 960 128 ) 
4 7 10 (-440 888 128 ) (-440 952 128 ) (-376 952 128 ) (-376 888 128 ) 
4 7 9 (-440 952 128 ) (-440 960 128 ) (-376 960 128 ) (-376 952 128 ) 
4 7 11 (-376 640 128 ) (-440 640 128 ) (-440 888 128 ) (-376 888 128 ) 
4 7 8 (0 960 128 ) (0 640 128 ) (-376 640 128 ) (-376 960 128 ) 
4 7 19 (0 640 128 ) (0 0 128 ) (-956 0 128 ) (-956 640 128 ) 
4 8 24 (0 928 0 ) (0 768 0 ) (-32 768 0 ) (-32 928 0 ) 
4 8 10 (-376 888 4 ) (-376 888 128 ) (-376 952 128 ) (-376 952 4 ) 
4 8 9 (-376 960 128 ) (-376 960 0 ) (-376 952 0 ) (-376 952 128 ) 
4 8 11 (-376 888 0 ) (-376 640 0 ) (-376 640 128 ) (-376 888 128 ) 
4 8 19 (-376 640 0 ) (0 640 0 ) (0 640 128 ) (-376 640 128 ) 
4 9 12 (-440 960 128 ) (-440 960 0 ) (-440 952 0 ) (-440 952 128 ) 
4 9 10 (-440 952 128 ) (-440 952 4 ) (-376 952 4 ) (-376 952 128 ) 
4 10 12 (-440 888 4 ) (-440 888 128 ) (-440 952 128 ) (-440 952 4 ) 
4 10 11 (-440 888 128 ) (-440 888 4 ) (-376 888 4 ) (-376 888 128 ) 
4 11 12 (-440 888 0 ) (-440 640 0 ) (-440 640 128 ) (-440 888 128 ) 
4 11 19 (-440 640 0 ) (-376 640 0 ) (-376 640 128 ) (-440 640 128 ) 
4 12 19 (-448 640 0 ) (-440 640 0 ) (-440 640 128 ) (-448 640 128 ) 
4 13 25 (-528 944 0 ) (-528 848 0 ) (-624 848 0 ) (-624 944 0 ) 
4 13 19 (-640 640 0 ) (-512 640 0 ) (-512 640 128 ) (-640 640 128 ) 
4 14 16 (-888 776 4 ) (-888 776 128 ) (-888 872 128 ) (-888 872 4 ) 
4 14 15 (-888 960 128 ) (-888 960 0 ) (-888 872 0 ) (-888 872 128 ) 
4 14 17 (-888 776 0 ) (-888 640 0 ) (-888 640 128 ) (-888 776 128 ) 
4 14 19 (-888 640 0 ) (-704 640 0 ) (-704 640 128 ) (-888 640 128 ) 
4 15 16 (-952 872 128 ) (-952 872 4 ) (-888 872 4 ) (-888 872 128 ) 
4 15 18 (-952 960 128 ) (-952 960 0 ) (-952 872 0 ) (-952 872 128 ) 
4 16 18 (-952 776 4 ) (-952 776 128 ) (-952 872 128 ) (-952 872 4 ) 
4 16 17 (-952 776 128 ) (-952 776 4 ) (-888 776 4 ) (-888 776 128 ) 
4 17 18 (-952 776 0 ) (-952 640 0 ) (-952 640 128 ) (-952 776 128 ) 
4 17 19 (-952 640 0 ) (-888 640 0 ) (-888 640 128 ) (-952 640 128 ) 
4 18 21 (-956 748 48 ) (-956 748 128 ) (-956 764 128 ) (-956 764 48 ) 
4 18 22 (-956 764 0 ) (-956 748 0 ) (-956 748 42 ) (-956 764 42 ) 
4 18 20 (-956 960 128 ) (-956 960 0 ) (-956 764 0 ) (-956 764 128 ) 
4 18 23 (-956 748 0 ) (-956 640 0 ) (-956 640 128 ) (-956 748 128 ) 
4 18 19 (-956 640 128 ) (-956 640 0 ) (-952 640 0 ) (-952 640 128 ) 
4 19 34 (0 0 0 ) (0 0 128 ) (-956 0 128 ) (-956 0 0 ) 
4 19 23 (-956 640 0 ) (-956 0 0 ) (-956 0 128 ) (-956 640 128 ) 
4 20 21 (-960 764 128 ) (-960 764 48 ) (-956 764 48 ) (-956 764 128 ) 
4 20 22 (-960 764 42 ) (-960 764 0 ) (-956 764 0 ) (-956 764 42 ) 
4 21 23 (-960 748 128 ) (-960 748 48 ) (-956 748 48 ) (-956 748 128 ) 
4 22 23 (-960 748 42 ) (-960 748 0 ) (-956 748 0 ) (-956 748 42 ) 
4 23 34 (-956 0 128 ) (-960 0 128 ) (-960 0 0 ) (-956 0 0 ) 
4 26 37 (0 -640 128 ) (0 -1024 128 ) (0 -1024 132.177002 ) (0 -640 132.177002 ) 
4 26 36 (0 -256 128 ) (0 -640 128 ) (0 -640 132.177002 ) (0 -256 132.177002 ) 
4 26 34 (0 0 132.177002 ) (0 0 128 ) (0 -256 128 ) (0 -256 132.177002 ) 
4 26 32 (0 0 644.177002 ) (0 0 132.177002 ) (0 -1024 132.177002 ) (0 -1024 644.177002 ) 
4 26 31 (0 0 1024 ) (0 0 644.177002 ) (0 -1024 644.177002 ) (0 -1024 1024 ) 
4 26 27 (0 -960 128 ) (0 0 128 ) (960 0 128 ) (960 -960 128 ) 
4 27 38 (0 -640 4 ) (0 -960 4 ) (0 -960 128 ) (0 -640 128 ) 
4 27 36 (0 -256 4 ) (0 -640 4 ) (0 -640 128 ) (0 -256 128 ) 
4 27 34 (0 0 128 ) (0 0 4 ) (0 -256 4 ) (0 -256 128 ) 
4 27 28 (0 0 4 ) (960 0 4 ) (960 -640 4 ) (0 -640 4 ) 
4 28 36 (0 -256 0 ) (0 -640 0 ) (0 -640 4 ) (0 -256 4 ) 
4 28 34 (0 0 4 ) (0 0 0 ) (0 -256 0 ) (0 -256 4 ) 
4 28 29 (256 0 0 ) (928 0 0 ) (928 -256 0 ) (256 -256 0 ) 
4 29 30 (256 0 -16 ) (928 0 -16 ) (928 -256 -16 ) (256 -256 -16 ) 
4 31 33 (-1024 -512 644.177002 ) (-1024 0 644.177002 ) (-512 0 644.177002 ) (-512 -512 644.177002 ) 
4 31 32 (-512 0 644.177002 ) (0 0 644.177002 ) (0 -1024 644.177002 ) (-512 -1024 644.177002 ) 
4 32 39 (-256 -1024 132.177002 ) (-512 -1024 132.177002 ) (-512 -256 132.177002 ) (-256 -256 132.177002 ) 
4 32 37 (0 -1024 132.177002 ) (-256 -1024 132.177002 ) (-256 -640 132.177002 ) (0 -640 132.177002 ) 
4 32 36 (-256 -640 132.177002 ) (-256 -256 132.177002 ) (0 -256 132.177002 ) (0 -640 132.177002 ) 
4 32 34 (-512 -256 132.177002 ) (-512 0 132.177002 ) (0 0 132.177002 ) (0 -256 132.177002 ) 
4 32 33 (-512 0 132.177002 ) (-512 -512 132.177002 ) (-512 -512 644.177002 ) (-512 0 644.177002 ) 
4 33 45 (-1024 -512 132.177002 ) (-1024 -256 132.177002 ) (-896 -256 132.177002 ) (-896 -512 132.177002 ) 
4 33 41 (-768 -256 132.177002 ) (-512 -256 132.177002 ) (-512 -512 132.177002 ) (-768 -512 132.177002 ) 
4 33 42 (-896 -256 132.177002 ) (-768 -256 132.177002 ) (-768 -512 132.177002 ) (-896 -512 132.177002 ) 
4 33 35 (-1024 -256 132.177002 ) (-1024 0 132.177002 ) (-960 0 132.177002 ) (-960 -256 132.177002 ) 
4 33 34 (-960 0 132.177002 ) (-512 0 132.177002 ) (-512 -256 132.177002 ) (-960 -256 132.177002 ) 
4 34 46 (-960 -256 128 ) (-960 -256 4 ) (-896 -256 4 ) (-896 -256 128 ) 
4 34 45 (-896 -256 132.177002 ) (-960 -256 132.177002 ) (-960 -256 128 ) (-896 -256 128 ) 
4 34 41 (-512 -256 132.177002 ) (-768 -256 132.177002 ) (-768 -256 4 ) (-512 -256 4 ) 
4 34 42 (-768 -256 132.177002 ) (-896 -256 132.177002 ) (-896 -256 4 ) (-768 -256 4 ) 
4 34 40 (-512 -256 128 ) (-512 -256 4 ) (-256 -256 4 ) (-256 -256 128 ) 
4 34 39 (-256 -256 132.177002 ) (-512 -256 132.177002 ) (-512 -256 128 ) (-256 -256 128 ) 
4 34 36 (0 -256 132.177002 ) (-256 -256 132.177002 ) (-256 -256 0 ) (0 -256 0 ) 
4 34 35 (-960 -256 128 ) (-960 -256 132.177002 ) (-960 0 132.177002 ) (-960 0 128 ) 
4 35 45 (-960 -256 132.177002 ) (-1024 -256 132.177002 ) (-1024 -256 128 ) (-960 -256 128 ) 
4 36 40 (-256 -256 128 ) (-256 -256 4 ) (-256 -640 4 ) (-256 -640 128 ) 
4 36 39 (-256 -256 132.177002 ) (-256 -256 128 ) (-256 -640 128 ) (-256 -640 132.177002 ) 
4 36 38 (-256 -640 128 ) (-256 -640 4 ) (0 -640 4 ) (0 -640 128 ) 
4 36 37 (-256 -640 132.177002 ) (-256 -640 128 ) (0 -640 128 ) (0 -640 132.177002 ) 
4 37 39 (-256 -1024 128 ) (-256 -1024 132.177002 ) (-256 -640 132.177002 ) (-256 -640 128 ) 
4 37 38 (-256 -960 128 ) (-256 -640 128 ) (0 -640 128 ) (0 -960 128 ) 
4 38 40 (-256 -960 4 ) (-256 -960 128 ) (-256 -640 128 ) (-256 -640 4 ) 
4 39 43 (-512 -768 128 ) (-512 -960 128 ) (-512 -960 132.177002 ) (-512 -768 132.177002 ) 
4 39 41 (-512 -256 132.177002 ) (-512 -256 128 ) (-512 -512 128 ) (-512 -512 132.177002 ) 
4 39 40 (-512 -960 128 ) (-512 -256 128 ) (-256 -256 128 ) (-256 -960 128 ) 
4 40 43 (-512 -768 4 ) (-512 -960 4 ) (-512 -960 128 ) (-512 -768 128 ) 
4 40 41 (-512 -256 128 ) (-512 -256 4 ) (-512 -512 4 ) (-512 -512 128 ) 
4 41 42 (-768 -256 132.177002 ) (-768 -256 4 ) (-768 -512 4 ) (-768 -512 132.177002 ) 
4 42 46 (-896 -256 128 ) (-896 -256 4 ) (-896 -512 4 ) (-896 -512 128 ) 
4 42 45 (-896 -256 132.177002 ) (-896 -256 128 ) (-896 -512 128 ) (-896 -512 132.177002 ) 
4 42 44 (-896 -768 132.177002 ) (-896 -768 4 ) (-768 -768 4 ) (-768 -768 132.177002 ) 
4 43 44 (-576 -768 132.177002 ) (-576 -768 4 ) (-576 -960 4 ) (-576 -960 132.177002 ) 
4 45 46 (-896 -512 128 ) (-960 -512 128 ) (-960 -256 128 ) (-896 -256 128 ) 
