PRT1
144
365
4 1 21 (2192 1024 3019.310059 ) (2112 1024 3019.310059 ) (2112 1024 336 ) (2192 1024 336 ) 
4 1 20 (2194 1024 3019.310059 ) (2192 1024 3019.310059 ) (2192 1024 336 ) (2194 1024 336 ) 
4 1 22 (2112 1024 3019.310059 ) (2048 1024 3019.310059 ) (2048 1024 336 ) (2112 1024 336 ) 
4 1 18 (2201.649902 1024 336 ) (2201.649902 1024 3019.310059 ) (2194 1024 3019.310059 ) (2194 1024 336 ) 
4 1 7 (2048 1536 3019.310059 ) (2048 1544 3019.310059 ) (2048 1544 336 ) (2048 1536 336 ) 
4 1 8 (2048 1024 336 ) (2048 1024 3019.310059 ) (2048 1536 3019.310059 ) (2048 1536 336 ) 
4 1 3 (2112 1536 336 ) (2192 1536 336 ) (2192 1024 336 ) (2112 1024 336 ) 
4 1 2 (2192 1536 336 ) (2194 1536 336 ) (2194 1024 336 ) (2192 1024 336 ) 
4 1 4 (2048 1024 336 ) (2048 1536 336 ) (2112 1536 336 ) (2112 1024 336 ) 
4 2 20 (2194 1024 336 ) (2192 1024 336 ) (2192 1024 64 ) (2194 1024 64 ) 
4 2 3 (2192 1536 336 ) (2192 1536 96 ) (2192 1024 96 ) (2192 1024 336 ) 
4 3 21 (2192 1024 336 ) (2112 1024 336 ) (2112 1024 96 ) (2192 1024 96 ) 
4 3 4 (2112 1536 336 ) (2112 1536 96 ) (2112 1024 96 ) (2112 1024 336 ) 
4 4 22 (2112 1024 336 ) (2048 1024 336 ) (2048 1024 64 ) (2112 1024 64 ) 
4 4 8 (2048 1024 64 ) (2048 1024 336 ) (2048 1536 336 ) (2048 1536 64 ) 
4 5 19 (2201.649902 1024 -5111.310059 ) (2201.649902 1024 -8 ) (2194 1024 -8 ) (2194 1024 -5111.310059 ) 
4 5 6 (2194 1024 -5111.310059 ) (2194 1024 -8 ) (2194 1544 -8 ) (2194 1544 -5111.310059 ) 
4 6 23 (2194 1024 -5111.310059 ) (2194 1024 0 ) (2048 1024 0 ) (2048 1024 -5111.310059 ) 
4 6 17 (2048 1024 -5111.310059 ) (2048 1024 -124 ) (2048 1544 -124 ) (2048 1544 -5111.310059 ) 
4 6 14 (2048 1024 -124 ) (2048 1024 0 ) (2048 1280 0 ) (2048 1280 -124 ) 
4 6 13 (2048 1280 0 ) (2048 1296 0 ) (2048 1296 -124 ) (2048 1280 -124 ) 
4 6 12 (2048 1296 0 ) (2048 1536 0 ) (2048 1536 -124 ) (2048 1296 -124 ) 
4 6 11 (2048 1536 0 ) (2048 1544 0 ) (2048 1544 -124 ) (2048 1536 -124 ) 
4 7 77 (1024 1536 3019.310059 ) (1024 1544 3019.310059 ) (1024 1544 336 ) (1024 1536 336 ) 
4 7 8 (2048 1536 336 ) (2048 1536 3019.310059 ) (1024 1536 3019.310059 ) (1024 1536 336 ) 
4 8 81 (1024 1280 3019.310059 ) (1024 1296 3019.310059 ) (1024 1296 64 ) (1024 1280 64 ) 
4 8 83 (1024 1024 64 ) (1024 1024 3019.310059 ) (1024 1280 3019.310059 ) (1024 1280 64 ) 
4 8 79 (1024 1296 3019.310059 ) (1024 1536 3019.310059 ) (1024 1536 64 ) (1024 1296 64 ) 
4 8 25 (2048 1024 64 ) (2048 1024 464 ) (1024 1024 464 ) (1024 1024 64 ) 
4 8 24 (2048 1024 464 ) (2048 1024 3019.310059 ) (1024 1024 3019.310059 ) (1024 1024 464 ) 
4 8 10 (1278 1024 64 ) (1024 1024 64 ) (1024 1280 64 ) (1278 1280 64 ) 
4 8 9 (1882 1024 64 ) (1279 1024 64 ) (1279 1280 64 ) (1882 1280 64 ) 
4 9 36 (1882 1024 64 ) (1279 1024 64 ) (1279 1024 48 ) (1882 1024 48 ) 
4 9 15 (1279 1280 48 ) (1882 1280 48 ) (1882 1024 48 ) (1279 1024 48 ) 
4 10 83 (1024 1024 48 ) (1024 1024 64 ) (1024 1280 64 ) (1024 1280 48 ) 
4 10 37 (1278 1024 64 ) (1024 1024 64 ) (1024 1024 48 ) (1278 1024 48 ) 
4 10 16 (1024 1024 48 ) (1024 1280 48 ) (1278 1280 48 ) (1278 1024 48 ) 
4 11 78 (1024 1544 0 ) (1024 1544 -124 ) (1024 1536 -124 ) (1024 1536 0 ) 
4 11 17 (1024 1536 -124 ) (1024 1544 -124 ) (2048 1544 -124 ) (2048 1536 -124 ) 
4 11 12 (1898 1536 -124 ) (2048 1536 -124 ) (2048 1536 0 ) (1898 1536 0 ) 
4 12 17 (1898 1536 -124 ) (2048 1536 -124 ) (2048 1296 -124 ) (1898 1296 -124 ) 
4 12 13 (1898 1296 -124 ) (2048 1296 -124 ) (2048 1296 0 ) (1898 1296 0 ) 
4 13 17 (1898 1296 -124 ) (2048 1296 -124 ) (2048 1280 -124 ) (1898 1280 -124 ) 
4 13 14 (1898 1280 -124 ) (2048 1280 -124 ) (2048 1280 0 ) (1898 1280 0 ) 
4 14 38 (2048 1024 -124 ) (2048 1024 0 ) (1884 1024 0 ) (1884 1024 -124 ) 
4 14 17 (2048 1024 -124 ) (1884 1024 -124 ) (1884 1280 -124 ) (2048 1280 -124 ) 
4 15 39 (1882 1024 48 ) (1279 1024 48 ) (1279 1024 -102.063820 ) (1882 1024 -102.063820 ) 
4 16 83 (1024 1024 -124 ) (1024 1024 48 ) (1024 1280 48 ) (1024 1280 -124 ) 
4 16 40 (1278 1024 48 ) (1024 1024 48 ) (1024 1024 -124 ) (1278 1024 -124 ) 
4 16 17 (1278 1024 -124 ) (1024 1024 -124 ) (1024 1280 -124 ) (1278 1280 -124 ) 
4 17 82 (1024 1280 -124 ) (1024 1296 -124 ) (1024 1296 -5111.310059 ) (1024 1280 -5111.310059 ) 
4 17 83 (1024 1024 -5111.310059 ) (1024 1024 -124 ) (1024 1280 -124 ) (1024 1280 -5111.310059 ) 
4 17 80 (1024 1296 -124 ) (1024 1536 -124 ) (1024 1536 -5111.310059 ) (1024 1296 -5111.310059 ) 
4 17 78 (1024 1536 -124 ) (1024 1544 -124 ) (1024 1544 -5111.310059 ) (1024 1536 -5111.310059 ) 
4 17 41 (2048 1024 -5111.310059 ) (2048 1024 -124 ) (1024 1024 -124 ) (1024 1024 -5111.310059 ) 
4 18 42 (2201.649902 0 3019.310059 ) (2194 0 3019.310059 ) (2194 0 336 ) (2201.649902 0 336 ) 
4 18 20 (2194 0 336 ) (2194 0 3019.310059 ) (2194 1024 3019.310059 ) (2194 1024 336 ) 
4 19 43 (2194 0 -8 ) (2194 0 -5111.310059 ) (2201.649902 0 -5111.310059 ) (2201.649902 0 -8 ) 
4 19 23 (2194 1024 -5111.310059 ) (2194 0 -5111.310059 ) (2194 0 -8 ) (2194 1024 -8 ) 
4 20 44 (2194 0 3019.310059 ) (2192 0 3019.310059 ) (2192 0 64 ) (2194 0 64 ) 
4 20 21 (2192 0 96 ) (2192 0 3019.310059 ) (2192 1024 3019.310059 ) (2192 1024 96 ) 
4 21 45 (2192 0 3019.310059 ) (2112 0 3019.310059 ) (2112 0 96 ) (2192 0 96 ) 
4 21 22 (2112 0 96 ) (2112 0 3019.310059 ) (2112 1024 3019.310059 ) (2112 1024 96 ) 
4 22 46 (2112 0 3019.310059 ) (2048 0 3019.310059 ) (2048 0 64 ) (2112 0 64 ) 
4 22 31 (2048 192 464 ) (2048 224 464 ) (2048 224 64 ) (2048 192 64 ) 
4 22 30 (2048 224 464 ) (2048 795.289001 464 ) (2048 795.289001 64 ) (2048 224 64 ) 
4 22 35 (2048 0 64 ) (2048 0 464 ) (2048 192 464 ) (2048 192 64 ) 
4 22 27 (2048 827.289001 432 ) (2048 827.289001 64 ) (2048 795.289001 64 ) (2048 795.289001 432 ) 
4 22 26 (2048 795.289001 464 ) (2048 827.289001 464 ) (2048 827.289001 432 ) (2048 795.289001 432 ) 
4 22 25 (2048 827.289001 464 ) (2048 1024 464 ) (2048 1024 64 ) (2048 827.289001 64 ) 
4 22 24 (2048 0 464 ) (2048 0 3019.310059 ) (2048 1024 3019.310059 ) (2048 1024 464 ) 
4 23 47 (2048 0 0 ) (2048 0 -5111.310059 ) (2194 0 -5111.310059 ) (2194 0 0 ) 
4 23 41 (2048 0 -5111.310059 ) (2048 0 -124 ) (2048 1024 -124 ) (2048 1024 -5111.310059 ) 
4 23 38 (2048 0 -124 ) (2048 0 0 ) (2048 1024 0 ) (2048 1024 -124 ) 
4 24 100 (1024 0 464 ) (1024 0 3019.310059 ) (1024 1024 3019.310059 ) (1024 1024 464 ) 
4 24 48 (1024 0 3019.310059 ) (1024 0 464 ) (2048 0 464 ) (2048 0 3019.310059 ) 
4 24 32 (1216 192 464 ) (1024 192 464 ) (1024 224 464 ) (1216 224 464 ) 
4 24 31 (2048 224 464 ) (2048 192 464 ) (1920 192 464 ) (1920 224 464 ) 
4 24 30 (2048 795.289001 464 ) (2048 224 464 ) (1024 224 464 ) (1024 795.289001 464 ) 
4 24 35 (2048 192 464 ) (2048 0 464 ) (1024 0 464 ) (1024 192 464 ) 
4 24 29 (1205.989990 795.289001 464 ) (1024 795.289001 464 ) (1024 827.289001 464 ) (1205.989990 827.289001 464 ) 
4 24 26 (2048 827.289001 464 ) (2048 795.289001 464 ) (1912 795.289001 464 ) (1912 827.289001 464 ) 
4 24 25 (1024 1024 464 ) (2048 1024 464 ) (2048 827.289001 464 ) (1024 827.289001 464 ) 
4 25 100 (1024 827.289001 464 ) (1024 1024 464 ) (1024 1024 64 ) (1024 827.289001 64 ) 
4 25 37 (1024 827.289001 64 ) (1024 1024 64 ) (1278 1024 64 ) (1278 827.289001 64 ) 
4 25 36 (1279 1024 64 ) (1882 1024 64 ) (1882 827.289001 64 ) (1279 827.289001 64 ) 
4 25 29 (1024 827.289001 64 ) (1205.989990 827.289001 64 ) (1205.989990 827.289001 464 ) (1024 827.289001 464 ) 
4 25 27 (1909.989990 827.289001 64 ) (2048 827.289001 64 ) (2048 827.289001 432 ) (1909.989990 827.289001 432 ) 
4 25 28 (1237.989990 827.289001 64 ) (1877.989990 827.289001 64 ) (1877.989990 827.289001 432 ) (1237.989990 827.289001 432 ) 
4 25 26 (2048 827.289001 432 ) (2048 827.289001 464 ) (1912 827.289001 464 ) (1912 827.289001 432 ) 
4 26 30 (2048 795.289001 432 ) (2048 795.289001 464 ) (1912 795.289001 464 ) (1912 795.289001 432 ) 
4 26 27 (2048 795.289001 432 ) (1912 795.289001 432 ) (1912 827.289001 432 ) (2048 827.289001 432 ) 
4 27 30 (1909.989990 795.289001 64 ) (2048 795.289001 64 ) (2048 795.289001 432 ) (1909.989990 795.289001 432 ) 
4 28 37 (1237.989990 827.289001 64 ) (1278 827.289001 64 ) (1278 795.289001 64 ) (1237.989990 795.289001 64 ) 
4 28 36 (1279 827.289001 64 ) (1877.989990 827.289001 64 ) (1877.989990 795.289001 64 ) (1279 795.289001 64 ) 
4 28 30 (1237.989990 795.289001 64 ) (1877.989990 795.289001 64 ) (1877.989990 795.289001 432 ) (1237.989990 795.289001 432 ) 
4 29 100 (1024 795.289001 464 ) (1024 827.289001 464 ) (1024 827.289001 64 ) (1024 795.289001 64 ) 
4 29 37 (1024 795.289001 64 ) (1024 827.289001 64 ) (1205.989990 827.289001 64 ) (1205.989990 795.289001 64 ) 
4 29 30 (1024 795.289001 64 ) (1205.989990 795.289001 64 ) (1205.989990 795.289001 464 ) (1024 795.289001 464 ) 
4 30 100 (1024 224 464 ) (1024 795.289001 464 ) (1024 795.289001 64 ) (1024 224 64 ) 
4 30 37 (1024 224 64 ) (1024 795.289001 64 ) (1278 795.289001 64 ) (1278 224 64 ) 
4 30 36 (1279 795.289001 64 ) (1882 795.289001 64 ) (1882 224 64 ) (1279 224 64 ) 
4 30 33 (1248 224 64 ) (1888 224 64 ) (1888 224 432 ) (1248 224 432 ) 
4 30 34 (1024 224 64 ) (1216 224 64 ) (1216 224 432 ) (1024 224 432 ) 
4 30 32 (1216 224 464 ) (1024 224 464 ) (1024 224 432 ) (1216 224 432 ) 
4 30 31 (1920 224 64 ) (2048 224 64 ) (2048 224 464 ) (1920 224 464 ) 
4 31 35 (1920 192 64 ) (2048 192 64 ) (2048 192 464 ) (1920 192 464 ) 
4 32 100 (1024 192 464 ) (1024 224 464 ) (1024 224 432 ) (1024 192 432 ) 
4 32 34 (1024 224 432 ) (1216 224 432 ) (1216 192 432 ) (1024 192 432 ) 
4 32 35 (1216 192 464 ) (1024 192 464 ) (1024 192 432 ) (1216 192 432 ) 
4 33 37 (1248 224 64 ) (1278 224 64 ) (1278 192 64 ) (1248 192 64 ) 
4 33 36 (1279 224 64 ) (1882 224 64 ) (1882 192 64 ) (1279 192 64 ) 
4 33 35 (1248 192 64 ) (1888 192 64 ) (1888 192 432 ) (1248 192 432 ) 
4 34 100 (1024 224 432 ) (1024 224 64 ) (1024 192 64 ) (1024 192 432 ) 
4 34 37 (1024 192 64 ) (1024 224 64 ) (1216 224 64 ) (1216 192 64 ) 
4 34 35 (1024 192 64 ) (1216 192 64 ) (1216 192 432 ) (1024 192 432 ) 
4 35 100 (1024 0 64 ) (1024 0 464 ) (1024 192 464 ) (1024 192 64 ) 
4 35 49 (1024 0 464 ) (1024 0 64 ) (2048 0 64 ) (2048 0 464 ) 
4 35 37 (1278 0 64 ) (1024 0 64 ) (1024 192 64 ) (1278 192 64 ) 
4 35 36 (1882 0 64 ) (1279 0 64 ) (1279 192 64 ) (1882 192 64 ) 
4 36 55 (1279 0 48 ) (1882 0 48 ) (1882 0 64 ) (1279 0 64 ) 
4 36 39 (1279 1024 48 ) (1882 1024 48 ) (1882 0 48 ) (1279 0 48 ) 
4 37 100 (1024 0 48 ) (1024 0 64 ) (1024 1024 64 ) (1024 1024 48 ) 
4 37 56 (1024 0 64 ) (1024 0 48 ) (1278 0 48 ) (1278 0 64 ) 
4 37 40 (1024 1024 48 ) (1278 1024 48 ) (1278 0 48 ) (1024 0 48 ) 
4 38 58 (1884 0 -124 ) (1898 0 -124 ) (1898 0 0 ) (1884 0 0 ) 
4 38 57 (1898 0 -124 ) (2048 0 -124 ) (2048 0 0 ) (1898 0 0 ) 
4 38 41 (2048 0 -124 ) (1884 0 -124 ) (1884 1024 -124 ) (2048 1024 -124 ) 
4 39 59 (1882 0 -14.319052 ) (1882 0 48 ) (1279 0 48 ) (1279 0 -14.319052 ) 
4 40 100 (1024 0 -124 ) (1024 0 48 ) (1024 1024 48 ) (1024 1024 -124 ) 
4 40 62 (1024 0 48 ) (1024 0 -124 ) (1278 0 -124 ) (1278 0 48 ) 
4 40 41 (1278 0 -124 ) (1024 0 -124 ) (1024 1024 -124 ) (1278 1024 -124 ) 
4 41 100 (1024 0 -5111.310059 ) (1024 0 -124 ) (1024 1024 -124 ) (1024 1024 -5111.310059 ) 
4 41 62 (1024 0 -124 ) (1024 0 -5111.310059 ) (1278 0 -5111.310059 ) (1278 0 -124 ) 
4 41 61 (1278 0 -5111.310059 ) (2048 0 -5111.310059 ) (2048 0 -124 ) (1278 0 -124 ) 
4 42 65 (2201.649902 -1024 3019.310059 ) (2194 -1024 3019.310059 ) (2194 -1024 336 ) (2201.649902 -1024 336 ) 
4 42 44 (2194 -1024 336 ) (2194 -1024 3019.310059 ) (2194 0 3019.310059 ) (2194 0 336 ) 
4 43 66 (2194 -1024 -8 ) (2194 -1024 -5111.310059 ) (2201.649902 -1024 -5111.310059 ) (2201.649902 -1024 -8 ) 
4 43 47 (2194 0 -5111.310059 ) (2194 -1024 -5111.310059 ) (2194 -1024 -8 ) (2194 0 -8 ) 
4 44 67 (2194 -1024 3019.310059 ) (2192 -1024 3019.310059 ) (2192 -1024 64 ) (2194 -1024 64 ) 
4 44 45 (2192 -1024 96 ) (2192 -1024 3019.310059 ) (2192 0 3019.310059 ) (2192 0 96 ) 
4 45 68 (2192 -1024 3019.310059 ) (2112 -1024 3019.310059 ) (2112 -1024 96 ) (2192 -1024 96 ) 
4 45 46 (2112 -1024 96 ) (2112 -1024 3019.310059 ) (2112 0 3019.310059 ) (2112 0 96 ) 
4 46 69 (2112 -1024 3019.310059 ) (2048 -1024 3019.310059 ) (2048 -1024 64 ) (2112 -1024 64 ) 
4 46 51 (2048 -296 64 ) (2048 -328 64 ) (2048 -328 432 ) (2048 -296 432 ) 
4 46 50 (2048 -328 432 ) (2048 -328 464 ) (2048 -296 464 ) (2048 -296 432 ) 
4 46 49 (2048 0 464 ) (2048 0 64 ) (2048 -296 64 ) (2048 -296 464 ) 
4 46 54 (2048 -328 64 ) (2048 -1024 64 ) (2048 -1024 464 ) (2048 -328 464 ) 
4 46 48 (2048 0 3019.310059 ) (2048 0 464 ) (2048 -1024 464 ) (2048 -1024 3019.310059 ) 
4 47 71 (2048 -1024 0 ) (2048 -1024 -5111.310059 ) (2194 -1024 -5111.310059 ) (2194 -1024 0 ) 
4 47 61 (2048 0 -124 ) (2048 0 -5111.310059 ) (2048 -1024 -5111.310059 ) (2048 -1024 -124 ) 
4 47 57 (2048 0 0 ) (2048 0 -124 ) (2048 -1024 -124 ) (2048 -1024 0 ) 
4 48 102 (1024 -1024 464 ) (1024 -1024 3019.310059 ) (1024 0 3019.310059 ) (1024 0 464 ) 
4 48 72 (1024 -1024 3019.310059 ) (1024 -1024 464 ) (2048 -1024 464 ) (2048 -1024 3019.310059 ) 
4 48 53 (1216 -328 464 ) (1024 -328 464 ) (1024 -296 464 ) (1216 -296 464 ) 
4 48 50 (2048 -296 464 ) (2048 -328 464 ) (1920 -328 464 ) (1920 -296 464 ) 
4 48 49 (2048 0 464 ) (2048 -296 464 ) (1024 -296 464 ) (1024 0 464 ) 
4 48 54 (2048 -328 464 ) (2048 -1024 464 ) (1024 -1024 464 ) (1024 -328 464 ) 
4 49 102 (1024 -296 464 ) (1024 0 464 ) (1024 0 64 ) (1024 -296 64 ) 
4 49 56 (1024 -296 64 ) (1024 0 64 ) (1278 0 64 ) (1278 -296 64 ) 
4 49 55 (1279 0 64 ) (1882 0 64 ) (1882 -296 64 ) (1279 -296 64 ) 
4 49 53 (1024 -296 64 ) (1216 -296 64 ) (1216 -296 464 ) (1024 -296 464 ) 
4 49 51 (1920 -296 64 ) (2048 -296 64 ) (2048 -296 432 ) (1920 -296 432 ) 
4 49 52 (1248 -296 64 ) (1888 -296 64 ) (1888 -296 432 ) (1248 -296 432 ) 
4 49 50 (2048 -296 432 ) (2048 -296 464 ) (1920 -296 464 ) (1920 -296 432 ) 
4 50 51 (2048 -328 432 ) (1920 -328 432 ) (1920 -296 432 ) (2048 -296 432 ) 
4 50 54 (2048 -328 432 ) (2048 -328 464 ) (1920 -328 464 ) (1920 -328 432 ) 
4 51 54 (1920 -328 64 ) (2048 -328 64 ) (2048 -328 432 ) (1920 -328 432 ) 
4 52 56 (1248 -296 64 ) (1278 -296 64 ) (1278 -328 64 ) (1248 -328 64 ) 
4 52 55 (1279 -296 64 ) (1882 -296 64 ) (1882 -328 64 ) (1279 -328 64 ) 
4 52 54 (1248 -328 64 ) (1888 -328 64 ) (1888 -328 432 ) (1248 -328 432 ) 
4 53 102 (1024 -328 464 ) (1024 -296 464 ) (1024 -296 64 ) (1024 -328 64 ) 
4 53 56 (1024 -328 64 ) (1024 -296 64 ) (1216 -296 64 ) (1216 -328 64 ) 
4 53 54 (1024 -328 64 ) (1216 -328 64 ) (1216 -328 464 ) (1024 -328 464 ) 
4 54 102 (1024 -1024 64 ) (1024 -1024 464 ) (1024 -328 464 ) (1024 -328 64 ) 
4 54 72 (1024 -1024 464 ) (1024 -1024 64 ) (2048 -1024 64 ) (2048 -1024 464 ) 
4 54 56 (1024 -896 64 ) (1024 -328 64 ) (1278 -328 64 ) (1278 -896 64 ) 
4 54 55 (1279 -912 64 ) (1279 -328 64 ) (1882 -328 64 ) (1882 -912 64 ) 
4 55 59 (1279 -727.276611 48 ) (1279 0 48 ) (1882 0 48 ) (1882 -727.276550 48 ) 
4 56 103 (1024 -896 64 ) (1024 0 64 ) (1024 0 48 ) (1024 -896 48 ) 
4 56 62 (1024 -896 48 ) (1024 0 48 ) (1278 0 48 ) (1278 -896 48 ) 
4 57 73 (2048 -1024 -124 ) (2048 -1024 0 ) (1898 -1024 0 ) (1898 -1024 -124 ) 
4 57 61 (1898 0 -124 ) (2048 0 -124 ) (2048 -1024 -124 ) (1898 -1024 -124 ) 
4 57 58 (1898 0 -124 ) (1898 -912 -124 ) (1898 -912 0 ) (1898 0 0 ) 
4 58 61 (1884 0 -124 ) (1898 0 -124 ) (1898 -912 -124 ) (1884 -912 -124 ) 
4 60 63 (1278 -896 0 ) (1278 -896 -124 ) (1278 -912 -124 ) (1278 -912 0 ) 
4 60 61 (1278 -912 -124 ) (1278 -896 -124 ) (1279 -896 -124 ) (1279 -912 -124 ) 
4 61 74 (2048 -1024 -5111.310059 ) (2048 -1024 -124 ) (1278 -1024 -124 ) (1278 -1024 -5111.310059 ) 
4 61 64 (1278 -912 -5111.310059 ) (1278 -1024 -5111.310059 ) (1278 -1024 -124 ) (1278 -912 -124 ) 
4 61 63 (1278 -896 -5111.310059 ) (1278 -912 -5111.310059 ) (1278 -912 -124 ) (1278 -896 -124 ) 
4 61 62 (1278 0 -124 ) (1278 0 -5111.310059 ) (1278 -896 -5111.310059 ) (1278 -896 -124 ) 
4 62 104 (1024 0 0 ) (1024 0 -5111.310059 ) (1024 -896 -5111.310059 ) (1024 -896 0 ) 
4 62 103 (1024 -896 48 ) (1024 0 48 ) (1024 0 0 ) (1024 -896 0 ) 
4 62 63 (1024 -896 -5111.310059 ) (1278 -896 -5111.310059 ) (1278 -896 0 ) (1024 -896 0 ) 
4 63 104 (1024 -912 -5111.310059 ) (1024 -912 0 ) (1024 -896 0 ) (1024 -896 -5111.310059 ) 
4 63 64 (1278 -912 -5111.310059 ) (1278 -912 -124 ) (1024 -912 -124 ) (1024 -912 -5111.310059 ) 
4 64 105 (1024 -1024 -5111.310059 ) (1024 -1024 -124 ) (1024 -912 -124 ) (1024 -912 -5111.310059 ) 
4 64 74 (1024 -1024 -124 ) (1024 -1024 -5111.310059 ) (1278 -1024 -5111.310059 ) (1278 -1024 -124 ) 
4 65 70 (2194 -1160 336 ) (2194 -1160 3019.310059 ) (2194 -1152 3019.310059 ) (2194 -1152 336 ) 
4 65 67 (2194 -1152 3019.310059 ) (2194 -1024 3019.310059 ) (2194 -1024 336 ) (2194 -1152 336 ) 
4 66 71 (2194 -1024 -5111.310059 ) (2194 -1160 -5111.310059 ) (2194 -1160 -8 ) (2194 -1024 -8 ) 
4 67 70 (2194 -1152 336 ) (2194 -1152 3019.310059 ) (2192 -1152 3019.310059 ) (2192 -1152 336 ) 
4 67 68 (2192 -1152 96 ) (2192 -1152 3019.310059 ) (2192 -1024 3019.310059 ) (2192 -1024 96 ) 
4 68 70 (2192 -1152 336 ) (2192 -1152 3019.310059 ) (2112 -1152 3019.310059 ) (2112 -1152 336 ) 
4 68 69 (2112 -1152 96 ) (2112 -1152 3019.310059 ) (2112 -1024 3019.310059 ) (2112 -1024 96 ) 
4 69 72 (2048 -1024 3019.310059 ) (2048 -1024 64 ) (2048 -1152 64 ) (2048 -1152 3019.310059 ) 
4 69 70 (2112 -1152 336 ) (2112 -1152 3019.310059 ) (2048 -1152 3019.310059 ) (2048 -1152 336 ) 
4 70 75 (2048 -1160 336 ) (2048 -1160 3019.310059 ) (2048 -1152 3019.310059 ) (2048 -1152 336 ) 
4 71 76 (2048 -1152 -5111.310059 ) (2048 -1160 -5111.310059 ) (2048 -1160 0 ) (2048 -1152 0 ) 
4 71 74 (2048 -1024 -124 ) (2048 -1024 -5111.310059 ) (2048 -1152 -5111.310059 ) (2048 -1152 -124 ) 
4 71 73 (2048 -1024 0 ) (2048 -1024 -124 ) (2048 -1152 -124 ) (2048 -1152 0 ) 
4 72 129 (1024 -1152 64 ) (1024 -1152 3019.310059 ) (1024 -1024 3019.310059 ) (1024 -1024 64 ) 
4 72 75 (1024 -1152 3019.310059 ) (1024 -1152 336 ) (2048 -1152 336 ) (2048 -1152 3019.310059 ) 
4 73 76 (1898 -1152 -124 ) (2048 -1152 -124 ) (2048 -1152 0 ) (1898 -1152 0 ) 
4 73 74 (2048 -1152 -124 ) (1898 -1152 -124 ) (1898 -1024 -124 ) (2048 -1024 -124 ) 
4 74 130 (1024 -1152 -5111.310059 ) (1024 -1152 -124 ) (1024 -1024 -124 ) (1024 -1024 -5111.310059 ) 
4 74 76 (1024 -1152 -124 ) (1024 -1152 -5111.310059 ) (2048 -1152 -5111.310059 ) (2048 -1152 -124 ) 
4 75 131 (1024 -1160 3019.310059 ) (1024 -1152 3019.310059 ) (1024 -1152 336 ) (1024 -1160 336 ) 
4 76 132 (1024 -1152 0 ) (1024 -1152 -5111.310059 ) (1024 -1160 -5111.310059 ) (1024 -1160 0 ) 
4 77 84 (0 1536 3019.310059 ) (0 1544 3019.310059 ) (0 1544 336 ) (0 1536 336 ) 
4 77 79 (1024 1536 336 ) (1024 1536 3019.310059 ) (0 1536 3019.310059 ) (0 1536 336 ) 
4 78 85 (0 1544 0 ) (0 1544 -5111.310059 ) (0 1536 -5111.310059 ) (0 1536 0 ) 
4 78 80 (0 1536 -5111.310059 ) (1024 1536 -5111.310059 ) (1024 1536 -124 ) (0 1536 -124 ) 
4 79 86 (0 1296 3019.310059 ) (0 1536 3019.310059 ) (0 1536 64 ) (0 1296 64 ) 
4 79 81 (1024 1296 64 ) (1024 1296 3019.310059 ) (0 1296 3019.310059 ) (0 1296 64 ) 
4 80 87 (0 1536 -124 ) (0 1536 -5111.310059 ) (0 1296 -5111.310059 ) (0 1296 -124 ) 
4 80 82 (0 1296 -5111.310059 ) (1024 1296 -5111.310059 ) (1024 1296 -124 ) (0 1296 -124 ) 
4 81 88 (0 1280 3019.310059 ) (0 1296 3019.310059 ) (0 1296 64 ) (0 1280 64 ) 
4 81 83 (1024 1280 64 ) (1024 1280 3019.310059 ) (0 1280 3019.310059 ) (0 1280 64 ) 
4 82 89 (0 1296 -124 ) (0 1296 -5111.310059 ) (0 1280 -5111.310059 ) (0 1280 -124 ) 
4 82 83 (0 1280 -5111.310059 ) (1024 1280 -5111.310059 ) (1024 1280 -124 ) (0 1280 -124 ) 
4 83 100 (1024 1024 -5111.310059 ) (1024 1024 3019.310059 ) (0 1024 3019.310059 ) (0 1024 -5111.310059 ) 
4 83 90 (0 1024 -5111.310059 ) (0 1024 3019.310059 ) (0 1280 3019.310059 ) (0 1280 -5111.310059 ) 
4 84 91 (-1024 1536 3019.310059 ) (-1024 1544 3019.310059 ) (-1024 1544 336 ) (-1024 1536 336 ) 
4 84 86 (0 1536 336 ) (0 1536 3019.310059 ) (-1024 1536 3019.310059 ) (-1024 1536 336 ) 
4 85 92 (-1024 1544 0 ) (-1024 1544 -5111.310059 ) (-1024 1536 -5111.310059 ) (-1024 1536 0 ) 
4 85 87 (-1024 1536 -5111.310059 ) (0 1536 -5111.310059 ) (0 1536 -124 ) (-1024 1536 -124 ) 
4 86 93 (-1024 1296 3019.310059 ) (-1024 1536 3019.310059 ) (-1024 1536 64 ) (-1024 1296 64 ) 
4 86 88 (0 1296 64 ) (0 1296 3019.310059 ) (-1024 1296 3019.310059 ) (-1024 1296 64 ) 
4 87 95 (-1024 1536 -124 ) (-1024 1536 -5111.310059 ) (-1024 1296 -5111.310059 ) (-1024 1296 -124 ) 
4 87 89 (-1024 1296 -5111.310059 ) (0 1296 -5111.310059 ) (0 1296 -124 ) (-1024 1296 -124 ) 
4 88 93 (-1024 1280 3019.310059 ) (-1024 1296 3019.310059 ) (-1024 1296 64 ) (-1024 1280 64 ) 
4 88 90 (0 1280 64 ) (0 1280 3019.310059 ) (-1024 1280 3019.310059 ) (-1024 1280 64 ) 
4 89 96 (-1024 1296 -124 ) (-1024 1296 -5111.310059 ) (-1024 1280 -5111.310059 ) (-1024 1280 -124 ) 
4 89 90 (-1024 1280 -5111.310059 ) (0 1280 -5111.310059 ) (0 1280 -124 ) (-1024 1280 -124 ) 
4 90 101 (0 1024 -5111.310059 ) (0 1024 3019.310059 ) (-1024 1024 3019.310059 ) (-1024 1024 -5111.310059 ) 
4 90 98 (-1024 1024 -5111.310059 ) (-1024 1024 0 ) (-1024 1280 0 ) (-1024 1280 -5111.310059 ) 
4 90 93 (-1024 1024 64 ) (-1024 1024 3019.310059 ) (-1024 1280 3019.310059 ) (-1024 1280 64 ) 
4 91 94 (-1345.650024 1536 3019.310059 ) (-1345.650024 1536 336 ) (-1344 1536 336 ) (-1344 1536 3019.310059 ) 
4 91 93 (-1344 1536 336 ) (-1024 1536 336 ) (-1024 1536 3019.310059 ) (-1344 1536 3019.310059 ) 
4 92 99 (-1345.650024 1536 0 ) (-1345.650024 1536 -5111.310059 ) (-1344 1536 -5111.310059 ) (-1344 1536 0 ) 
4 92 95 (-1344 1536 -5111.310059 ) (-1024 1536 -5111.310059 ) (-1024 1536 -124 ) (-1344 1536 -124 ) 
4 93 112 (-1212 1024 71 ) (-1344 1024 71 ) (-1344 1024 64 ) (-1212 1024 64 ) 
4 93 111 (-1024 1024 64 ) (-1024 1024 71 ) (-1212 1024 71 ) (-1212 1024 64 ) 
4 93 110 (-1024 1024 71 ) (-1024 1024 3019.310059 ) (-1344 1024 3019.310059 ) (-1344 1024 71 ) 
4 93 94 (-1344 1536 3019.310059 ) (-1344 1536 336 ) (-1344 1024 336 ) (-1344 1024 3019.310059 ) 
4 94 115 (-1344 1024 3019.310059 ) (-1345.650024 1024 3019.310059 ) (-1345.650024 1024 336 ) (-1344 1024 336 ) 
4 95 99 (-1344 1536 -124 ) (-1344 1536 -5111.310059 ) (-1344 1296 -5111.310059 ) (-1344 1296 -124 ) 
4 95 97 (-1344 1296 -124 ) (-1344 1296 -5111.310059 ) (-1040 1296 -5111.310059 ) (-1040 1296 -124 ) 
4 95 96 (-1040 1296 -5111.310059 ) (-1024 1296 -5111.310059 ) (-1024 1296 -124 ) (-1040 1296 -124 ) 
4 96 98 (-1024 1280 -5111.310059 ) (-1024 1280 -124 ) (-1040 1280 -124 ) (-1040 1280 -5111.310059 ) 
4 96 97 (-1040 1296 -124 ) (-1040 1296 -5111.310059 ) (-1040 1280 -5111.310059 ) (-1040 1280 -124 ) 
4 97 99 (-1344 1296 0 ) (-1344 1296 -5111.310059 ) (-1344 1280 -5111.310059 ) (-1344 1280 0 ) 
4 97 98 (-1344 1280 0 ) (-1344 1280 -5111.310059 ) (-1040 1280 -5111.310059 ) (-1040 1280 0 ) 
4 98 116 (-1024 1024 -5111.310059 ) (-1024 1024 0 ) (-1344 1024 0 ) (-1344 1024 -5111.310059 ) 
4 98 99 (-1344 1280 0 ) (-1344 1280 -5111.310059 ) (-1344 1024 -5111.310059 ) (-1344 1024 0 ) 
4 99 116 (-1344 1024 -5111.310059 ) (-1344 1024 0 ) (-1345.650024 1024 0 ) (-1345.650024 1024 -5111.310059 ) 
4 100 104 (1024 0 -5111.310059 ) (1024 0 0 ) (0 0 0 ) (0 0 -5111.310059 ) 
4 100 103 (1024 0 0 ) (1024 0 64 ) (0 0 64 ) (0 0 0 ) 
4 100 102 (1024 0 64 ) (1024 0 3019.310059 ) (0 0 3019.310059 ) (0 0 64 ) 
4 100 101 (0 0 -5111.310059 ) (0 0 3019.310059 ) (0 1024 3019.310059 ) (0 1024 -5111.310059 ) 
4 101 116 (-1024 0 -5111.310059 ) (-1024 0 0 ) (-1024 1024 0 ) (-1024 1024 -5111.310059 ) 
4 101 111 (-1024 0 64 ) (-1024 0 71 ) (-1024 1024 71 ) (-1024 1024 64 ) 
4 101 110 (-1024 0 71 ) (-1024 0 3019.310059 ) (-1024 1024 3019.310059 ) (-1024 1024 71 ) 
4 101 108 (0 0 -5111.310059 ) (0 0 0 ) (-1024 0 0 ) (-1024 0 -5111.310059 ) 
4 101 107 (0 0 0 ) (0 0 64 ) (-1024 0 64 ) (-1024 0 0 ) 
4 101 106 (0 0 64 ) (0 0 3019.310059 ) (-1024 0 3019.310059 ) (-1024 0 64 ) 
4 102 129 (1024 -1024 64 ) (1024 -1024 3019.310059 ) (0 -1024 3019.310059 ) (0 -1024 64 ) 
4 102 106 (0 0 3019.310059 ) (0 0 64 ) (0 -1024 64 ) (0 -1024 3019.310059 ) 
4 102 103 (0 -896 64 ) (0 0 64 ) (1024 0 64 ) (1024 -896 64 ) 
4 103 107 (0 0 64 ) (0 0 0 ) (0 -896 0 ) (0 -896 64 ) 
4 103 104 (0 -896 0 ) (0 0 0 ) (1024 0 0 ) (1024 -896 0 ) 
4 104 108 (0 0 0 ) (0 0 -5111.310059 ) (0 -912 -5111.310059 ) (0 -912 0 ) 
4 104 105 (1024 -912 -5111.310059 ) (1024 -912 -124 ) (0 -912 -124 ) (0 -912 -5111.310059 ) 
4 105 130 (1024 -1024 -5111.310059 ) (1024 -1024 -124 ) (0 -1024 -124 ) (0 -1024 -5111.310059 ) 
4 105 109 (0 -1024 -5111.310059 ) (0 -1024 -124 ) (0 -912 -124 ) (0 -912 -5111.310059 ) 
4 106 133 (0 -1024 64 ) (0 -1024 3019.310059 ) (-1024 -1024 3019.310059 ) (-1024 -1024 64 ) 
4 106 121 (-1024 -1024 64 ) (-1024 -1024 104 ) (-1024 0 104 ) (-1024 0 64 ) 
4 106 117 (-1024 -1024 104 ) (-1024 -1024 3019.310059 ) (-1024 0 3019.310059 ) (-1024 0 104 ) 
4 106 107 (0 0 64 ) (0 -896 64 ) (-1024 -896 64 ) (-1024 0 64 ) 
4 107 108 (-1024 -896 0 ) (-1024 0 0 ) (0 0 0 ) (0 -896 0 ) 
4 108 125 (-1024 -912 -5111.310059 ) (-1024 -912 0 ) (-1024 0 0 ) (-1024 0 -5111.310059 ) 
4 108 109 (-1024 -912 -124 ) (-1024 -912 -5111.310059 ) (0 -912 -5111.310059 ) (0 -912 -124 ) 
4 109 134 (0 -1024 -5111.310059 ) (0 -1024 -124 ) (-1024 -1024 -124 ) (-1024 -1024 -5111.310059 ) 
4 109 126 (-1024 -1024 -5111.310059 ) (-1024 -1024 -124 ) (-1024 -912 -124 ) (-1024 -912 -5111.310059 ) 
4 110 122 (-1212 0 104 ) (-1344 0 104 ) (-1344 0 71 ) (-1212 0 71 ) 
4 110 121 (-1024 0 71 ) (-1024 0 104 ) (-1212 0 104 ) (-1212 0 71 ) 
4 110 118 (-1340 0 3019.310059 ) (-1344 0 3019.310059 ) (-1344 0 104 ) (-1340 0 104 ) 
4 110 117 (-1024 0 104 ) (-1024 0 3019.310059 ) (-1340 0 3019.310059 ) (-1340 0 104 ) 
4 110 115 (-1344 0 336 ) (-1344 0 3019.310059 ) (-1344 1024 3019.310059 ) (-1344 1024 336 ) 
4 110 114 (-1212 0 71 ) (-1344 0 71 ) (-1344 392 71 ) (-1212 392 71 ) 
4 110 113 (-1344 392 71 ) (-1344 584 71 ) (-1212 584 71 ) (-1212 392 71 ) 
4 110 112 (-1344 900 71 ) (-1344 1024 71 ) (-1212 1024 71 ) (-1212 900 71 ) 
4 110 111 (-1024 0 71 ) (-1212 0 71 ) (-1212 1024 71 ) (-1024 1024 71 ) 
4 111 121 (-1024 0 64 ) (-1024 0 71 ) (-1212 0 71 ) (-1212 0 64 ) 
4 111 114 (-1212 0 67 ) (-1212 0 71 ) (-1212 392 71 ) (-1212 392 67 ) 
4 111 113 (-1212 584 64 ) (-1212 392 64 ) (-1212 392 71 ) (-1212 584 71 ) 
4 111 112 (-1212 1024 64 ) (-1212 900 64 ) (-1212 900 71 ) (-1212 1024 71 ) 
4 113 114 (-1212 392 67 ) (-1212 392 71 ) (-1344 392 71 ) (-1344 392 67 ) 
4 114 122 (-1212 0 71 ) (-1344 0 71 ) (-1344 0 67 ) (-1212 0 67 ) 
4 115 124 (-1344 0 336 ) (-1344 0 3019.310059 ) (-1345.650024 0 3019.310059 ) (-1345.650024 0 336 ) 
4 116 128 (-1344 0 0 ) (-1345.650024 0 0 ) (-1345.650024 0 -5111.310059 ) (-1344 0 -5111.310059 ) 
4 116 127 (-1040 0 0 ) (-1344 0 0 ) (-1344 0 -5111.310059 ) (-1040 0 -5111.310059 ) 
4 116 125 (-1024 0 -5111.310059 ) (-1024 0 0 ) (-1040 0 0 ) (-1040 0 -5111.310059 ) 
4 117 138 (-1040 -1024 3019.310059 ) (-1340 -1024 3019.310059 ) (-1340 -1024 104 ) (-1040 -1024 104 ) 
4 117 137 (-1024 -1024 104 ) (-1024 -1024 3019.310059 ) (-1040 -1024 3019.310059 ) (-1040 -1024 104 ) 
4 117 122 (-1340 0 104 ) (-1212 0 104 ) (-1212 -308 104 ) (-1340 -308 104 ) 
4 117 123 (-1212 -308 104 ) (-1212 -1024 104 ) (-1340 -1024 104 ) (-1340 -308 104 ) 
4 117 121 (-1212 0 104 ) (-1024 0 104 ) (-1024 -1024 104 ) (-1212 -1024 104 ) 
4 117 119 (-1340 -452 168 ) (-1340 -452 3019.310059 ) (-1340 -352 3019.310059 ) (-1340 -352 168 ) 
4 117 118 (-1340 0 104 ) (-1340 -352 104 ) (-1340 -352 3019.310059 ) (-1340 0 3019.310059 ) 
4 117 120 (-1340 -452 104 ) (-1340 -1024 104 ) (-1340 -1024 3019.310059 ) (-1340 -452 3019.310059 ) 
4 118 124 (-1344 0 3019.310059 ) (-1344 0 336 ) (-1344 -352 336 ) (-1344 -352 3019.310059 ) 
4 118 122 (-1344 -308 104 ) (-1344 0 104 ) (-1340 0 104 ) (-1340 -308 104 ) 
4 118 123 (-1344 -352 104 ) (-1344 -308 104 ) (-1340 -308 104 ) (-1340 -352 104 ) 
4 118 119 (-1340 -352 168 ) (-1340 -352 3019.310059 ) (-1344 -352 3019.310059 ) (-1344 -352 168 ) 
4 119 124 (-1344 -452 336 ) (-1344 -452 3019.310059 ) (-1344 -352 3019.310059 ) (-1344 -352 336 ) 
4 119 120 (-1340 -452 168 ) (-1340 -452 3019.310059 ) (-1344 -452 3019.310059 ) (-1344 -452 168 ) 
4 120 138 (-1340 -1024 3019.310059 ) (-1344 -1024 3019.310059 ) (-1344 -1024 104 ) (-1340 -1024 104 ) 
4 120 124 (-1344 -1024 336 ) (-1344 -1024 3019.310059 ) (-1344 -452 3019.310059 ) (-1344 -452 336 ) 
4 120 123 (-1344 -1024 104 ) (-1344 -452 104 ) (-1340 -452 104 ) (-1340 -1024 104 ) 
4 121 138 (-1040 -1024 104 ) (-1212 -1024 104 ) (-1212 -1024 64 ) (-1040 -1024 64 ) 
4 121 137 (-1024 -1024 64 ) (-1024 -1024 104 ) (-1040 -1024 104 ) (-1040 -1024 64 ) 
4 121 122 (-1212 -308 67 ) (-1212 -308 104 ) (-1212 0 104 ) (-1212 0 67 ) 
4 121 123 (-1212 -308 64 ) (-1212 -1024 64 ) (-1212 -1024 104 ) (-1212 -308 104 ) 
4 122 123 (-1212 -308 67 ) (-1212 -308 104 ) (-1344 -308 104 ) (-1344 -308 67 ) 
4 123 138 (-1212 -1024 104 ) (-1344 -1024 104 ) (-1344 -1024 64 ) (-1212 -1024 64 ) 
4 124 139 (-1344 -1024 336 ) (-1344 -1024 3019.310059 ) (-1345.650024 -1024 3019.310059 ) (-1345.650024 -1024 336 ) 
4 125 127 (-1040 0 0 ) (-1040 0 -5111.310059 ) (-1040 -912 -5111.310059 ) (-1040 -912 0 ) 
4 125 126 (-1040 -912 -5111.310059 ) (-1024 -912 -5111.310059 ) (-1024 -912 -124 ) (-1040 -912 -124 ) 
4 126 140 (-1024 -1024 -5111.310059 ) (-1024 -1024 -124 ) (-1040 -1024 -124 ) (-1040 -1024 -5111.310059 ) 
4 126 127 (-1040 -912 -5111.310059 ) (-1040 -1024 -5111.310059 ) (-1040 -1024 -124 ) (-1040 -912 -124 ) 
4 127 141 (-1040 -1024 -5111.310059 ) (-1040 -1024 0 ) (-1344 -1024 0 ) (-1344 -1024 -5111.310059 ) 
4 127 128 (-1344 -1024 -5111.310059 ) (-1344 -1024 0 ) (-1344 0 0 ) (-1344 0 -5111.310059 ) 
4 128 141 (-1344 -1024 -5111.310059 ) (-1344 -1024 0 ) (-1345.650024 -1024 0 ) (-1345.650024 -1024 -5111.310059 ) 
4 129 133 (0 -1024 3019.310059 ) (0 -1024 64 ) (0 -1152 64 ) (0 -1152 3019.310059 ) 
4 129 131 (1024 -1152 336 ) (1024 -1152 3019.310059 ) (0 -1152 3019.310059 ) (0 -1152 336 ) 
4 130 134 (0 -1024 -124 ) (0 -1024 -5111.310059 ) (0 -1152 -5111.310059 ) (0 -1152 -124 ) 
4 130 132 (0 -1152 -5111.310059 ) (1024 -1152 -5111.310059 ) (1024 -1152 -124 ) (0 -1152 -124 ) 
4 131 135 (0 -1160 336 ) (0 -1160 3019.310059 ) (0 -1152 3019.310059 ) (0 -1152 336 ) 
4 132 136 (0 -1152 -5111.310059 ) (0 -1160 -5111.310059 ) (0 -1160 0 ) (0 -1152 0 ) 
4 133 137 (-1024 -1024 3019.310059 ) (-1024 -1024 64 ) (-1024 -1152 64 ) (-1024 -1152 3019.310059 ) 
4 133 135 (0 -1152 336 ) (0 -1152 3019.310059 ) (-1024 -1152 3019.310059 ) (-1024 -1152 336 ) 
4 134 140 (-1024 -1024 -124 ) (-1024 -1024 -5111.310059 ) (-1024 -1152 -5111.310059 ) (-1024 -1152 -124 ) 
4 134 136 (-1024 -1152 -5111.310059 ) (0 -1152 -5111.310059 ) (0 -1152 -124 ) (-1024 -1152 -124 ) 
4 135 142 (-1024 -1160 336 ) (-1024 -1160 3019.310059 ) (-1024 -1152 3019.310059 ) (-1024 -1152 336 ) 
4 136 143 (-1024 -1152 -5111.310059 ) (-1024 -1160 -5111.310059 ) (-1024 -1160 0 ) (-1024 -1152 0 ) 
4 137 142 (-1024 -1152 336 ) (-1024 -1152 3019.310059 ) (-1040 -1152 3019.310059 ) (-1040 -1152 336 ) 
4 137 138 (-1040 -1152 64 ) (-1040 -1152 3019.310059 ) (-1040 -1024 3019.310059 ) (-1040 -1024 64 ) 
4 138 142 (-1040 -1152 336 ) (-1040 -1152 3019.310059 ) (-1344 -1152 3019.310059 ) (-1344 -1152 336 ) 
4 138 139 (-1344 -1152 336 ) (-1344 -1152 3019.310059 ) (-1344 -1024 3019.310059 ) (-1344 -1024 336 ) 
4 139 142 (-1345.650024 -1152 3019.310059 ) (-1345.650024 -1152 336 ) (-1344 -1152 336 ) (-1344 -1152 3019.310059 ) 
4 140 143 (-1040 -1152 -5111.310059 ) (-1024 -1152 -5111.310059 ) (-1024 -1152 -124 ) (-1040 -1152 -124 ) 
4 140 141 (-1040 -1024 -5111.310059 ) (-1040 -1152 -5111.310059 ) (-1040 -1152 -124 ) (-1040 -1024 -124 ) 
4 141 143 (-1345.650024 -1152 0 ) (-1345.650024 -1152 -5111.310059 ) (-1040 -1152 -5111.310059 ) (-1040 -1152 0 ) 
