PRT1
36
80
4 0 6 (1024 960 288 ) (1024 960 1021.650024 ) (1024 992 1021.650024 ) (1024 992 288 ) 
4 0 2 (1024 960 1021.650024 ) (1024 960 288 ) (1056 960 288 ) (1056 960 1021.650024 ) 
4 1 7 (1024 960 -77.647003 ) (1024 960 0 ) (1024 992 0 ) (1024 992 -77.647003 ) 
4 1 3 (1024 960 0 ) (1024 960 -77.647003 ) (1056 960 -77.647003 ) (1056 960 0 ) 
4 2 9 (1024 0 288 ) (1024 0 1021.650024 ) (1024 224 1021.650024 ) (1024 224 288 ) 
4 2 8 (1024 224 1021.650024 ) (1024 960 1021.650024 ) (1024 960 288 ) (1024 224 288 ) 
4 2 4 (1056 0 288 ) (1056 0 1021.650024 ) (1024 0 1021.650024 ) (1024 0 288 ) 
4 3 11 (1024 0 -77.647003 ) (1024 0 -76 ) (1024 224 -76 ) (1024 224 -77.647003 ) 
4 3 10 (1024 0 -76 ) (1024 0 0 ) (1024 224 0 ) (1024 224 -76 ) 
4 3 8 (1024 224 0 ) (1024 960 0 ) (1024 960 -77.647003 ) (1024 224 -77.647003 ) 
4 3 5 (1056 0 -77.647003 ) (1056 0 0 ) (1024 0 0 ) (1024 0 -77.647003 ) 
4 4 24 (1024 -544 288 ) (1024 -544 1021.650024 ) (1024 -512 1021.650024 ) (1024 -512 288 ) 
4 4 22 (1024 -512 1021.650024 ) (1024 0 1021.650024 ) (1024 0 288 ) (1024 -512 288 ) 
4 5 26 (1024 -544 -77.647003 ) (1024 -544 -76 ) (1024 0 -76 ) (1024 0 -77.647003 ) 
4 5 25 (1024 -544 -76 ) (1024 -544 0 ) (1024 -512 0 ) (1024 -512 -76 ) 
4 5 23 (1024 -512 0 ) (1024 0 0 ) (1024 0 -76 ) (1024 -512 -76 ) 
4 6 12 (0 960 1021.650024 ) (0 992 1021.650024 ) (0 992 288 ) (0 960 288 ) 
4 6 8 (1024 960 288 ) (1024 960 1021.650024 ) (0 960 1021.650024 ) (0 960 288 ) 
4 7 13 (0 992 0 ) (0 992 -77.647003 ) (0 960 -77.647003 ) (0 960 0 ) 
4 7 8 (0 960 -77.647003 ) (1024 960 -77.647003 ) (1024 960 0 ) (0 960 0 ) 
4 8 15 (0 224 -77.647003 ) (0 224 288 ) (0 960 288 ) (0 960 -77.647003 ) 
4 8 14 (0 224 288 ) (0 224 1021.650024 ) (0 960 1021.650024 ) (0 960 288 ) 
4 8 11 (1024 224 -77.647003 ) (1024 224 -76 ) (0 224 -76 ) (0 224 -77.647003 ) 
4 8 9 (1024 224 60 ) (1024 224 1021.650024 ) (0 224 1021.650024 ) (0 224 60 ) 
4 8 10 (1024 224 -76 ) (1024 224 60 ) (0 224 60 ) (0 224 -76 ) 
4 9 22 (1024 0 60 ) (1024 0 1021.650024 ) (0 0 1021.650024 ) (0 0 60 ) 
4 9 17 (0 0 60 ) (0 0 1021.650024 ) (0 224 1021.650024 ) (0 224 60 ) 
4 9 10 (1024 0 60 ) (0 0 60 ) (0 224 60 ) (1024 224 60 ) 
4 10 23 (1024 0 -76 ) (1024 0 60 ) (0 0 60 ) (0 0 -76 ) 
4 10 18 (0 0 -76 ) (0 0 60 ) (0 224 60 ) (0 224 -76 ) 
4 10 11 (0 0 -76 ) (0 224 -76 ) (1024 224 -76 ) (1024 0 -76 ) 
4 11 26 (1024 0 -77.647003 ) (1024 0 -76 ) (0 0 -76 ) (0 0 -77.647003 ) 
4 11 19 (0 0 -77.647003 ) (0 0 -76 ) (0 224 -76 ) (0 224 -77.647003 ) 
4 12 14 (-544 960 1021.650024 ) (-544 960 288 ) (0 960 288 ) (0 960 1021.650024 ) 
4 13 16 (-544 960 0 ) (-544 960 -77.647003 ) (-512 960 -77.647003 ) (-512 960 0 ) 
4 13 15 (-512 960 -77.647003 ) (0 960 -77.647003 ) (0 960 0 ) (-512 960 0 ) 
4 14 20 (-512 224 1021.650024 ) (-544 224 1021.650024 ) (-544 224 288 ) (-512 224 288 ) 
4 14 17 (0 224 288 ) (0 224 1021.650024 ) (-512 224 1021.650024 ) (-512 224 288 ) 
4 14 15 (0 224 288 ) (-512 224 288 ) (-512 960 288 ) (0 960 288 ) 
4 15 19 (0 224 -77.647003 ) (0 224 -76 ) (-512 224 -76 ) (-512 224 -77.647003 ) 
4 15 17 (0 224 60 ) (0 224 288 ) (-512 224 288 ) (-512 224 60 ) 
4 15 18 (0 224 -76 ) (0 224 60 ) (-512 224 60 ) (-512 224 -76 ) 
4 15 16 (-512 960 -77.647003 ) (-512 224 -77.647003 ) (-512 224 0 ) (-512 960 0 ) 
4 16 21 (-544 224 0 ) (-544 224 -77.647003 ) (-512 224 -77.647003 ) (-512 224 0 ) 
4 17 28 (0 0 60 ) (0 0 288 ) (-512 0 288 ) (-512 0 60 ) 
4 17 27 (0 0 288 ) (0 0 1021.650024 ) (-512 0 1021.650024 ) (-512 0 288 ) 
4 17 20 (-512 224 1021.650024 ) (-512 224 288 ) (-512 0 288 ) (-512 0 1021.650024 ) 
4 17 18 (-512 0 60 ) (-512 224 60 ) (0 224 60 ) (0 0 60 ) 
4 18 29 (0 0 -76 ) (0 0 60 ) (-512 0 60 ) (-512 0 -76 ) 
4 18 21 (-512 224 0 ) (-512 224 -76 ) (-512 0 -76 ) (-512 0 0 ) 
4 18 19 (0 0 -76 ) (-512 0 -76 ) (-512 224 -76 ) (0 224 -76 ) 
4 19 35 (0 0 -77.647003 ) (0 0 -76 ) (-512 0 -76 ) (-512 0 -77.647003 ) 
4 19 21 (-512 224 -76 ) (-512 224 -77.647003 ) (-512 0 -77.647003 ) (-512 0 -76 ) 
4 20 31 (-512 0 288 ) (-512 0 1021.650024 ) (-544 0 1021.650024 ) (-544 0 288 ) 
4 21 35 (-512 0 -77.647003 ) (-512 0 -76 ) (-544 0 -76 ) (-544 0 -77.647003 ) 
4 21 32 (-512 0 -76 ) (-512 0 0 ) (-544 0 0 ) (-544 0 -76 ) 
4 22 28 (0 0 288 ) (0 0 60 ) (0 -512 60 ) (0 -512 288 ) 
4 22 27 (0 0 1021.650024 ) (0 0 288 ) (0 -512 288 ) (0 -512 1021.650024 ) 
4 22 24 (1024 -512 288 ) (1024 -512 1021.650024 ) (0 -512 1021.650024 ) (0 -512 288 ) 
4 22 23 (1024 -512 60 ) (0 -512 60 ) (0 0 60 ) (1024 0 60 ) 
4 23 29 (0 0 60 ) (0 0 -76 ) (0 -512 -76 ) (0 -512 60 ) 
4 23 26 (0 -512 -76 ) (0 0 -76 ) (1024 0 -76 ) (1024 -512 -76 ) 
4 23 25 (0 -512 -76 ) (1024 -512 -76 ) (1024 -512 0 ) (0 -512 0 ) 
4 24 27 (0 -544 288 ) (0 -544 1021.650024 ) (0 -512 1021.650024 ) (0 -512 288 ) 
4 25 30 (0 -512 -76 ) (0 -544 -76 ) (0 -544 0 ) (0 -512 0 ) 
4 25 26 (0 -544 -76 ) (0 -512 -76 ) (1024 -512 -76 ) (1024 -544 -76 ) 
4 26 35 (0 0 -76 ) (0 0 -77.647003 ) (0 -544 -77.647003 ) (0 -544 -76 ) 
4 27 33 (-512 -512 288 ) (-512 -544 288 ) (-512 -544 1021.650024 ) (-512 -512 1021.650024 ) 
4 27 31 (-512 0 1021.650024 ) (-512 0 288 ) (-512 -512 288 ) (-512 -512 1021.650024 ) 
4 27 28 (-512 -512 288 ) (-512 0 288 ) (0 0 288 ) (0 -512 288 ) 
4 28 29 (-512 -512 60 ) (-512 0 60 ) (0 0 60 ) (0 -512 60 ) 
4 29 35 (-512 -512 -76 ) (-512 0 -76 ) (0 0 -76 ) (0 -512 -76 ) 
4 29 32 (-512 0 0 ) (-512 0 -76 ) (-512 -512 -76 ) (-512 -512 0 ) 
4 29 30 (-512 -512 0 ) (-512 -512 -76 ) (0 -512 -76 ) (0 -512 0 ) 
4 30 35 (-512 -544 -76 ) (-512 -512 -76 ) (0 -512 -76 ) (0 -544 -76 ) 
4 30 34 (-512 -512 -76 ) (-512 -544 -76 ) (-512 -544 0 ) (-512 -512 0 ) 
4 31 33 (-544 -512 1021.650024 ) (-544 -512 288 ) (-512 -512 288 ) (-512 -512 1021.650024 ) 
4 32 35 (-544 -512 -76 ) (-544 0 -76 ) (-512 0 -76 ) (-512 -512 -76 ) 
4 32 34 (-544 -512 0 ) (-544 -512 -76 ) (-512 -512 -76 ) (-512 -512 0 ) 
4 34 35 (-544 -544 -76 ) (-544 -512 -76 ) (-512 -512 -76 ) (-512 -544 -76 ) 
