C:\GABEMODPLUS\SRC\GAME\SERVER\RELEASE_HL2MP\FILESYSTEM_HELPERS.OBJ
C:\GABEMODPLUS\SRC\GAME\SERVER\RELEASE_HL2MP\REGISTRY.OBJ
C:\GABEMODPLUS\SRC\GAME\SERVER\RELEASE_HL2MP\COLLISIONUTILS.OBJ
C:\GABEMODPLUS\SRC\GAME\SERVER\RELEASE_HL2MP\SCRATCHPADUTILS.OBJ
C:\GABEMODPLUS\SRC\GAME\SERVER\RELEASE_HL2MP\INIT_FACTORY.OBJ
C:\GABEMODPLUS\SRC\GAME\SERVER\RELEASE_HL2MP\INTERVAL.OBJ
C:\GABEMODPLUS\SRC\GAME\SERVER\RELEASE_HL2MP\MEMOVERRIDE.OBJ
C:\GABEMODPLUS\SRC\GAME\SERVER\RELEASE_HL2MP\GAMEHANDLE.OBJ
C:\GABEMODPLUS\SRC\GAME\SERVER\RELEASE_HL2MP\SCRATCHPAD3D.OBJ
C:\GABEMODPLUS\SRC\GAME\SERVER\RELEASE_HL2MP\H_EXPORT.OBJ
C:\GABEMODPLUS\SRC\GAME\SERVER\RELEASE_HL2MP\SHEETSIMULATOR.OBJ
C:\GABEMODPLUS\SRC\GAME\SERVER\RELEASE_HL2MP\BONE_SETUP.OBJ
C:\GABEMODPLUS\SRC\GAME\SERVER\RELEASE_HL2MP\GAMESTATS_BASICSTATSFUNCTIONS.OBJ
C:\GABEMODPLUS\SRC\GAME\SERVER\RELEASE_HL2MP\DT_UTLVECTOR_SEND.OBJ
C:\GABEMODPLUS\SRC\GAME\SERVER\RELEASE_HL2MP\NETWORKVAR.OBJ
C:\GABEMODPLUS\SRC\GAME\SERVER\RELEASE_HL2MP\ROPE_PHYSICS.OBJ
C:\GABEMODPLUS\SRC\GAME\SERVER\RELEASE_HL2MP\STUDIO.OBJ
C:\GABEMODPLUS\SRC\GAME\SERVER\RELEASE_HL2MP\DT_UTLVECTOR_COMMON.OBJ
C:\GABEMODPLUS\SRC\GAME\SERVER\RELEASE_HL2MP\MAP_UTILS.OBJ
C:\GABEMODPLUS\SRC\GAME\SERVER\RELEASE_HL2MP\STRINGREGISTRY.OBJ
C:\GABEMODPLUS\SRC\GAME\SERVER\RELEASE_HL2MP\DT_SEND.OBJ
C:\GABEMODPLUS\SRC\GAME\SERVER\RELEASE_HL2MP\RANDOVERRIDE.OBJ
C:\GABEMODPLUS\SRC\GAME\SERVER\RELEASE_HL2MP\SERVER_CLASS.OBJ
C:\GABEMODPLUS\SRC\GAME\SERVER\RELEASE_HL2MP\INTERPOLATORTYPES.OBJ
C:\GABEMODPLUS\SRC\GAME\SERVER\RELEASE_HL2MP\KEYFRAME.OBJ
C:\GABEMODPLUS\SRC\GAME\SERVER\RELEASE_HL2MP\SIMPLE_PHYSICS.OBJ
C:\GABEMODPLUS\SRC\GAME\SERVER\RELEASE_HL2MP\EDITOR_SENDCOMMAND.OBJ
C:\GABEMODPLUS\SRC\GAME\SERVER\RELEASE_HL2MP\VC110.PDB
C:\GABEMODPLUS\SRC\GAME\SERVER\RELEASE_HL2MP\SERVER.PCH
C:\GABEMODPLUS\SRC\GAME\SERVER\RELEASE_HL2MP\STDAFX.OBJ
C:\GABEMODPLUS\SRC\GAME\SERVER\RELEASE_HL2MP\SPRITE.OBJ
C:\GABEMODPLUS\SRC\GAME\SERVER\RELEASE_HL2MP\BASECOMBATCHARACTER_SHARED.OBJ
C:\GABEMODPLUS\SRC\GAME\SERVER\RELEASE_HL2MP\BASEGRENADE_SHARED.OBJ
C:\GABEMODPLUS\SRC\GAME\SERVER\RELEASE_HL2MP\FUNC_LADDER.OBJ
C:\GABEMODPLUS\SRC\GAME\SERVER\RELEASE_HL2MP\HL2_USERMESSAGES.OBJ
C:\GABEMODPLUS\SRC\GAME\SERVER\RELEASE_HL2MP\HL2MP_PLAYER_SHARED.OBJ
C:\GABEMODPLUS\SRC\GAME\SERVER\RELEASE_HL2MP\GABE.OBJ
C:\GABEMODPLUS\SRC\GAME\SERVER\RELEASE_HL2MP\SOUNDEMITTERSYSTEM.OBJ
C:\GABEMODPLUS\SRC\GAME\SERVER\RELEASE_HL2MP\BASEENTITY_SHARED.OBJ
C:\GABEMODPLUS\SRC\GAME\SERVER\RELEASE_HL2MP\BASEHLCOMBATWEAPON_SHARED.OBJ
C:\GABEMODPLUS\SRC\GAME\SERVER\RELEASE_HL2MP\MODELSOUNDSCACHE.OBJ
C:\GABEMODPLUS\SRC\GAME\SERVER\RELEASE_HL2MP\BASE_PLAYERANIMSTATE.OBJ
C:\GABEMODPLUS\SRC\GAME\SERVER\RELEASE_HL2MP\DECALS.OBJ
C:\GABEMODPLUS\SRC\GAME\SERVER\RELEASE_HL2MP\ENV_HEADCRABCANISTER_SHARED.OBJ
C:\GABEMODPLUS\SRC\GAME\SERVER\RELEASE_HL2MP\HL2MP_PLAYERANIMSTATE.OBJ
C:\GABEMODPLUS\SRC\GAME\SERVER\RELEASE_HL2MP\ENTITYPARTICLETRAIL_SHARED.OBJ
C:\GABEMODPLUS\SRC\GAME\SERVER\RELEASE_HL2MP\ACTIVITYLIST.OBJ
C:\GABEMODPLUS\SRC\GAME\SERVER\RELEASE_HL2MP\BEAM_SHARED.OBJ
C:\GABEMODPLUS\SRC\GAME\SERVER\RELEASE_HL2MP\GAMERULES_REGISTER.OBJ
C:\GABEMODPLUS\SRC\GAME\SERVER\RELEASE_HL2MP\GAMEVARS_SHARED.OBJ
C:\GABEMODPLUS\SRC\GAME\SERVER\RELEASE_HL2MP\ACHIEVEMENTS_HL2.OBJ
C:\GABEMODPLUS\SRC\GAME\SERVER\RELEASE_HL2MP\SPRITETRAIL.OBJ
C:\GABEMODPLUS\SRC\GAME\SERVER\RELEASE_HL2MP\ANIMATION.OBJ
C:\GABEMODPLUS\SRC\GAME\SERVER\RELEASE_HL2MP\ACHIEVEMENTMGR.OBJ
C:\GABEMODPLUS\SRC\GAME\SERVER\RELEASE_HL2MP\DEATH_POSE.OBJ
C:\GABEMODPLUS\SRC\GAME\SERVER\RELEASE_HL2MP\DEBUGOVERLAY_SHARED.OBJ
C:\GABEMODPLUS\SRC\GAME\SERVER\RELEASE_HL2MP\EHANDLE.OBJ
C:\GABEMODPLUS\SRC\GAME\SERVER\RELEASE_HL2MP\ENV_DETAIL_CONTROLLER.OBJ
C:\GABEMODPLUS\SRC\GAME\SERVER\RELEASE_HL2MP\GAMESTRINGPOOL.OBJ
C:\GABEMODPLUS\SRC\GAME\SERVER\RELEASE_HL2MP\HINTSYSTEM.OBJ
C:\GABEMODPLUS\SRC\GAME\SERVER\RELEASE_HL2MP\SURVIVAL_GAMERULES.OBJ
C:\GABEMODPLUS\SRC\GAME\SERVER\RELEASE_HL2MP\SCENECACHE.OBJ
C:\GABEMODPLUS\SRC\GAME\SERVER\RELEASE_HL2MP\COLLISIONPROPERTY.OBJ
C:\GABEMODPLUS\SRC\GAME\SERVER\RELEASE_HL2MP\GABE_EVENTS.OBJ
C:\GABEMODPLUS\SRC\GAME\SERVER\RELEASE_HL2MP\GAMERULES.OBJ
C:\GABEMODPLUS\SRC\GAME\SERVER\RELEASE_HL2MP\MULTIPLAYER_ANIMSTATE.OBJ
C:\GABEMODPLUS\SRC\GAME\SERVER\RELEASE_HL2MP\AMMODEF.OBJ
C:\GABEMODPLUS\SRC\GAME\SERVER\RELEASE_HL2MP\BASEACHIEVEMENT.OBJ
C:\GABEMODPLUS\SRC\GAME\SERVER\RELEASE_HL2MP\WEAPON_DEAGLE.OBJ
C:\GABEMODPLUS\SRC\GAME\SERVER\RELEASE_HL2MP\EVENTLIST.OBJ
C:\GABEMODPLUS\SRC\GAME\SERVER\RELEASE_HL2MP\GAMEMOVEMENT.OBJ
C:\GABEMODPLUS\SRC\GAME\SERVER\RELEASE_HL2MP\HL2MP_WEAPON_PARSE.OBJ
C:\GABEMODPLUS\SRC\GAME\SERVER\RELEASE_HL2MP\GAMESTATS.OBJ
C:\GABEMODPLUS\SRC\GAME\SERVER\RELEASE_HL2MP\SOUNDPARAMETERSINTERNAL.OBJ
C:\GABEMODPLUS\SRC\GAME\SERVER\RELEASE_HL2MP\ACHIEVEMENTS_HLX.OBJ
C:\GABEMODPLUS\SRC\GAME\SERVER\RELEASE_HL2MP\BASEPARTICLEENTITY.OBJ
C:\GABEMODPLUS\SRC\GAME\SERVER\RELEASE_HL2MP\BASEVIEWMODEL_SHARED.OBJ
C:\GABEMODPLUS\SRC\GAME\SERVER\RELEASE_HL2MP\EFFECT_DISPATCH_DATA.OBJ
C:\GABEMODPLUS\SRC\GAME\SERVER\RELEASE_HL2MP\ENTITYLIST_BASE.OBJ
C:\GABEMODPLUS\SRC\GAME\SERVER\RELEASE_HL2MP\ENV_WIND_SHARED.OBJ
C:\GABEMODPLUS\SRC\GAME\SERVER\RELEASE_HL2MP\HINTMESSAGE.OBJ
C:\GABEMODPLUS\SRC\GAME\SERVER\RELEASE_HL2MP\HL_GAMEMOVEMENT.OBJ
C:\GABEMODPLUS\SRC\GAME\SERVER\RELEASE_HL2MP\ACHIEVEMENT_SAVERESTORE.OBJ
C:\GABEMODPLUS\SRC\GAME\SERVER\RELEASE_HL2MP\BASECOMBATWEAPON_SHARED.OBJ
D:\STEAM\STEAMAPPS\SOURCEMODS\GABEMODPLUS\BIN\SERVER.DLL
C:\GABEMODPLUS\SRC\GAME\SERVER\RELEASE_HL2MP\SERVER.MAP
C:\GABEMODPLUS\SRC\GAME\SERVER\RELEASE_HL2MP\SERVER.PDB
D:\Steam\steamapps\sourcemods\gabemodplus\bin\server.lib
D:\Steam\steamapps\sourcemods\gabemodplus\bin\server.exp
C:\GabeModPlus\src\game\server\Release_hl2mp\achievementmgr.obj
C:\GabeModPlus\src\game\server\Release_hl2mp\achievements_hl2.obj
C:\GabeModPlus\src\game\server\Release_hl2mp\achievements_hlx.obj
C:\GabeModPlus\src\game\server\Release_hl2mp\achievement_saverestore.obj
C:\GabeModPlus\src\game\server\Release_hl2mp\actanimating.obj
C:\GabeModPlus\src\game\server\Release_hl2mp\activitylist.obj
C:\GabeModPlus\src\game\server\Release_hl2mp\ai_activity.obj
C:\GabeModPlus\src\game\server\Release_hl2mp\ai_allymanager.obj
C:\GabeModPlus\src\game\server\Release_hl2mp\ai_baseactor.obj
C:\GabeModPlus\src\game\server\Release_hl2mp\ai_basehumanoid.obj
C:\GabeModPlus\src\game\server\Release_hl2mp\ai_basenpc.obj
C:\GabeModPlus\src\game\server\Release_hl2mp\ai_basenpc_flyer.obj
C:\GabeModPlus\src\game\server\Release_hl2mp\ai_basenpc_flyer_new.obj
C:\GabeModPlus\src\game\server\Release_hl2mp\ai_basenpc_movement.obj
C:\GabeModPlus\src\game\server\Release_hl2mp\ai_basenpc_physicsflyer.obj
C:\GabeModPlus\src\game\server\Release_hl2mp\ai_basenpc_schedule.obj
C:\GabeModPlus\src\game\server\Release_hl2mp\ai_basenpc_squad.obj
C:\GabeModPlus\src\game\server\Release_hl2mp\ai_behavior.obj
C:\GabeModPlus\src\game\server\Release_hl2mp\ai_behavior_actbusy.obj
C:\GabeModPlus\src\game\server\Release_hl2mp\ai_behavior_assault.obj
C:\GabeModPlus\src\game\server\Release_hl2mp\ai_behavior_fear.obj
C:\GabeModPlus\src\game\server\Release_hl2mp\ai_behavior_follow.obj
C:\GabeModPlus\src\game\server\Release_hl2mp\ai_behavior_functank.obj
C:\GabeModPlus\src\game\server\Release_hl2mp\ai_behavior_holster.obj
C:\GabeModPlus\src\game\server\Release_hl2mp\ai_behavior_lead.obj
C:\GabeModPlus\src\game\server\Release_hl2mp\ai_behavior_police.obj
C:\GabeModPlus\src\game\server\Release_hl2mp\ai_behavior_rappel.obj
C:\GabeModPlus\src\game\server\Release_hl2mp\ai_behavior_standoff.obj
C:\GabeModPlus\src\game\server\Release_hl2mp\ai_blended_movement.obj
C:\GabeModPlus\src\game\server\Release_hl2mp\ai_concommands.obj
C:\GabeModPlus\src\game\server\Release_hl2mp\ai_condition.obj
C:\GabeModPlus\src\game\server\Release_hl2mp\AI_Criteria.obj
C:\GabeModPlus\src\game\server\Release_hl2mp\ai_default.obj
C:\GabeModPlus\src\game\server\Release_hl2mp\ai_dynamiclink.obj
C:\GabeModPlus\src\game\server\Release_hl2mp\ai_event.obj
C:\GabeModPlus\src\game\server\Release_hl2mp\ai_goalentity.obj
C:\GabeModPlus\src\game\server\Release_hl2mp\ai_goal_police.obj
C:\GabeModPlus\src\game\server\Release_hl2mp\ai_hint.obj
C:\GabeModPlus\src\game\server\Release_hl2mp\ai_hull.obj
C:\GabeModPlus\src\game\server\Release_hl2mp\ai_initutils.obj
C:\GabeModPlus\src\game\server\Release_hl2mp\AI_Interest_Target.obj
C:\GabeModPlus\src\game\server\Release_hl2mp\ai_link.obj
C:\GabeModPlus\src\game\server\Release_hl2mp\ai_localnavigator.obj
C:\GabeModPlus\src\game\server\Release_hl2mp\ai_looktarget.obj
C:\GabeModPlus\src\game\server\Release_hl2mp\ai_memory.obj
C:\GabeModPlus\src\game\server\Release_hl2mp\ai_motor.obj
C:\GabeModPlus\src\game\server\Release_hl2mp\ai_moveprobe.obj
C:\GabeModPlus\src\game\server\Release_hl2mp\ai_moveshoot.obj
C:\GabeModPlus\src\game\server\Release_hl2mp\ai_movesolver.obj
C:\GabeModPlus\src\game\server\Release_hl2mp\ai_namespaces.obj
C:\GabeModPlus\src\game\server\Release_hl2mp\ai_navigator.obj
C:\GabeModPlus\src\game\server\Release_hl2mp\ai_network.obj
C:\GabeModPlus\src\game\server\Release_hl2mp\ai_networkmanager.obj
C:\GabeModPlus\src\game\server\Release_hl2mp\ai_node.obj
C:\GabeModPlus\src\game\server\Release_hl2mp\ai_pathfinder.obj
C:\GabeModPlus\src\game\server\Release_hl2mp\ai_planesolver.obj
C:\GabeModPlus\src\game\server\Release_hl2mp\ai_playerally.obj
C:\GabeModPlus\src\game\server\Release_hl2mp\ai_relationship.obj
C:\GabeModPlus\src\game\server\Release_hl2mp\AI_ResponseSystem.obj
C:\GabeModPlus\src\game\server\Release_hl2mp\ai_route.obj
C:\GabeModPlus\src\game\server\Release_hl2mp\ai_saverestore.obj
C:\GabeModPlus\src\game\server\Release_hl2mp\ai_schedule.obj
C:\GabeModPlus\src\game\server\Release_hl2mp\ai_scriptconditions.obj
C:\GabeModPlus\src\game\server\Release_hl2mp\ai_senses.obj
C:\GabeModPlus\src\game\server\Release_hl2mp\ai_sentence.obj
C:\GabeModPlus\src\game\server\Release_hl2mp\ai_speech.obj
C:\GabeModPlus\src\game\server\Release_hl2mp\ai_speechfilter.obj
C:\GabeModPlus\src\game\server\Release_hl2mp\ai_spotlight.obj
C:\GabeModPlus\src\game\server\Release_hl2mp\ai_squad.obj
C:\GabeModPlus\src\game\server\Release_hl2mp\ai_squadslot.obj
C:\GabeModPlus\src\game\server\Release_hl2mp\ai_tacticalservices.obj
C:\GabeModPlus\src\game\server\Release_hl2mp\ai_task.obj
C:\GabeModPlus\src\game\server\Release_hl2mp\ai_trackpather.obj
C:\GabeModPlus\src\game\server\Release_hl2mp\ai_utils.obj
C:\GabeModPlus\src\game\server\Release_hl2mp\ai_waypoint.obj
C:\GabeModPlus\src\game\server\Release_hl2mp\ammodef.obj
C:\GabeModPlus\src\game\server\Release_hl2mp\animation.obj
C:\GabeModPlus\src\game\server\Release_hl2mp\antlion_dust.obj
C:\GabeModPlus\src\game\server\Release_hl2mp\antlion_maker.obj
C:\GabeModPlus\src\game\server\Release_hl2mp\ar2_explosion.obj
C:\GabeModPlus\src\game\server\Release_hl2mp\baseachievement.obj
C:\GabeModPlus\src\game\server\Release_hl2mp\baseanimating.obj
C:\GabeModPlus\src\game\server\Release_hl2mp\BaseAnimatingOverlay.obj
C:\GabeModPlus\src\game\server\Release_hl2mp\basebludgeonweapon.obj
C:\GabeModPlus\src\game\server\Release_hl2mp\basecombatcharacter.obj
C:\GabeModPlus\src\game\server\Release_hl2mp\basecombatcharacter_shared.obj
C:\GabeModPlus\src\game\server\Release_hl2mp\basecombatweapon.obj
C:\GabeModPlus\src\game\server\Release_hl2mp\basecombatweapon_shared.obj
C:\GabeModPlus\src\game\server\Release_hl2mp\baseentity.obj
C:\GabeModPlus\src\game\server\Release_hl2mp\baseentity_shared.obj
C:\GabeModPlus\src\game\server\Release_hl2mp\baseflex.obj
C:\GabeModPlus\src\game\server\Release_hl2mp\basegrenade_concussion.obj
C:\GabeModPlus\src\game\server\Release_hl2mp\basegrenade_contact.obj
C:\GabeModPlus\src\game\server\Release_hl2mp\basegrenade_shared.obj
C:\GabeModPlus\src\game\server\Release_hl2mp\basegrenade_timed.obj
C:\GabeModPlus\src\game\server\Release_hl2mp\basehlcombatweapon.obj
C:\GabeModPlus\src\game\server\Release_hl2mp\basehlcombatweapon_shared.obj
C:\GabeModPlus\src\game\server\Release_hl2mp\basemultiplayerplayer.obj
C:\GabeModPlus\src\game\server\Release_hl2mp\baseparticleentity.obj
C:\GabeModPlus\src\game\server\Release_hl2mp\baseplayer_shared.obj
C:\GabeModPlus\src\game\server\Release_hl2mp\baseprojectile.obj
C:\GabeModPlus\src\game\server\Release_hl2mp\basestaticragdoll.obj
C:\GabeModPlus\src\game\server\Release_hl2mp\basetempentity.obj
C:\GabeModPlus\src\game\server\Release_hl2mp\baseviewmodel.obj
C:\GabeModPlus\src\game\server\Release_hl2mp\baseviewmodel_shared.obj
C:\GabeModPlus\src\game\server\Release_hl2mp\base_playeranimstate.obj
C:\GabeModPlus\src\game\server\Release_hl2mp\base_transmit_proxy.obj
C:\GabeModPlus\src\game\server\Release_hl2mp\beam_shared.obj
C:\GabeModPlus\src\game\server\Release_hl2mp\bitstring.obj
C:\GabeModPlus\src\game\server\Release_hl2mp\bmodels.obj
C:\GabeModPlus\src\game\server\Release_hl2mp\bone_setup.obj
C:\GabeModPlus\src\game\server\Release_hl2mp\buttons.obj
C:\GabeModPlus\src\game\server\Release_hl2mp\cbase.obj
C:\GabeModPlus\src\game\server\Release_hl2mp\cbasehelicopter.obj
C:\GabeModPlus\src\game\server\Release_hl2mp\cbasespriteprojectile.obj
C:\GabeModPlus\src\game\server\Release_hl2mp\citadel_effects.obj
C:\GabeModPlus\src\game\server\Release_hl2mp\client.obj
C:\GabeModPlus\src\game\server\Release_hl2mp\collisionproperty.obj
C:\GabeModPlus\src\game\server\Release_hl2mp\collisionutils.obj
C:\GabeModPlus\src\game\server\Release_hl2mp\colorcorrection.obj
C:\GabeModPlus\src\game\server\Release_hl2mp\colorcorrectionvolume.obj
C:\GabeModPlus\src\game\server\Release_hl2mp\combine_mine.obj
C:\GabeModPlus\src\game\server\Release_hl2mp\CommentarySystem.obj
C:\GabeModPlus\src\game\server\Release_hl2mp\controlentities.obj
C:\GabeModPlus\src\game\server\Release_hl2mp\cplane.obj
C:\GabeModPlus\src\game\server\Release_hl2mp\CRagdollMagnet.obj
C:\GabeModPlus\src\game\server\Release_hl2mp\damagemodifier.obj
C:\GabeModPlus\src\game\server\Release_hl2mp\death_pose.obj
C:\GabeModPlus\src\game\server\Release_hl2mp\debugoverlay_shared.obj
C:\GabeModPlus\src\game\server\Release_hl2mp\decals.obj
C:\GabeModPlus\src\game\server\Release_hl2mp\doors.obj
C:\GabeModPlus\src\game\server\Release_hl2mp\dt_send.obj
C:\GabeModPlus\src\game\server\Release_hl2mp\dt_utlvector_common.obj
C:\GabeModPlus\src\game\server\Release_hl2mp\dt_utlvector_send.obj
C:\GabeModPlus\src\game\server\Release_hl2mp\dynamiclight.obj
C:\GabeModPlus\src\game\server\Release_hl2mp\edictfiller.obj
C:\GabeModPlus\src\game\server\Release_hl2mp\editor_sendcommand.obj
C:\GabeModPlus\src\game\server\Release_hl2mp\effects.obj
C:\GabeModPlus\src\game\server\Release_hl2mp\EffectsServer.obj
C:\GabeModPlus\src\game\server\Release_hl2mp\effect_dispatch_data.obj
C:\GabeModPlus\src\game\server\Release_hl2mp\ehandle.obj
C:\GabeModPlus\src\game\server\Release_hl2mp\entityblocker.obj
C:\GabeModPlus\src\game\server\Release_hl2mp\EntityDissolve.obj
C:\GabeModPlus\src\game\server\Release_hl2mp\EntityFlame.obj
C:\GabeModPlus\src\game\server\Release_hl2mp\entitylist.obj
C:\GabeModPlus\src\game\server\Release_hl2mp\entitylist_base.obj
C:\GabeModPlus\src\game\server\Release_hl2mp\EntityParticleTrail.obj
C:\GabeModPlus\src\game\server\Release_hl2mp\EntityParticleTrail_Shared.obj
C:\GabeModPlus\src\game\server\Release_hl2mp\entity_tools_server.obj
C:\GabeModPlus\src\game\server\Release_hl2mp\ent_test.obj
C:\GabeModPlus\src\game\server\Release_hl2mp\EnvBeam.obj
C:\GabeModPlus\src\game\server\Release_hl2mp\EnvFade.obj
C:\GabeModPlus\src\game\server\Release_hl2mp\EnvHudHint.obj
C:\GabeModPlus\src\game\server\Release_hl2mp\EnvLaser.obj
C:\GabeModPlus\src\game\server\Release_hl2mp\EnvMessage.obj
C:\GabeModPlus\src\game\server\Release_hl2mp\envmicrophone.obj
C:\GabeModPlus\src\game\server\Release_hl2mp\EnvShake.obj
C:\GabeModPlus\src\game\server\Release_hl2mp\EnvSpark.obj
C:\GabeModPlus\src\game\server\Release_hl2mp\env_alyxemp.obj
C:\GabeModPlus\src\game\server\Release_hl2mp\env_debughistory.obj
C:\GabeModPlus\src\game\server\Release_hl2mp\env_detail_controller.obj
C:\GabeModPlus\src\game\server\Release_hl2mp\env_effectsscript.obj
C:\GabeModPlus\src\game\server\Release_hl2mp\env_entity_maker.obj
C:\GabeModPlus\src\game\server\Release_hl2mp\env_headcrabcanister.obj
C:\GabeModPlus\src\game\server\Release_hl2mp\env_headcrabcanister_shared.obj
C:\GabeModPlus\src\game\server\Release_hl2mp\env_particlescript.obj
C:\GabeModPlus\src\game\server\Release_hl2mp\env_player_surface_trigger.obj
C:\GabeModPlus\src\game\server\Release_hl2mp\env_projectedtexture.obj
C:\GabeModPlus\src\game\server\Release_hl2mp\env_screenoverlay.obj
C:\GabeModPlus\src\game\server\Release_hl2mp\env_speaker.obj
C:\GabeModPlus\src\game\server\Release_hl2mp\env_starfield.obj
C:\GabeModPlus\src\game\server\Release_hl2mp\env_tasklist.obj
C:\GabeModPlus\src\game\server\Release_hl2mp\env_texturetoggle.obj
C:\GabeModPlus\src\game\server\Release_hl2mp\env_tonemap_controller.obj
C:\GabeModPlus\src\game\server\Release_hl2mp\env_wind_shared.obj
C:\GabeModPlus\src\game\server\Release_hl2mp\env_zoom.obj
C:\GabeModPlus\src\game\server\Release_hl2mp\eventlist.obj
C:\GabeModPlus\src\game\server\Release_hl2mp\EventLog.obj
C:\GabeModPlus\src\game\server\Release_hl2mp\event_tempentity_tester.obj
C:\GabeModPlus\src\game\server\Release_hl2mp\explode.obj
C:\GabeModPlus\src\game\server\Release_hl2mp\fartcmd.obj
C:\GabeModPlus\src\game\server\Release_hl2mp\filesystem_helpers.obj
C:\GabeModPlus\src\game\server\Release_hl2mp\filters.obj
C:\GabeModPlus\src\game\server\Release_hl2mp\fire.obj
C:\GabeModPlus\src\game\server\Release_hl2mp\fire_smoke.obj
C:\GabeModPlus\src\game\server\Release_hl2mp\fish.obj
C:\GabeModPlus\src\game\server\Release_hl2mp\fogcontroller.obj
C:\GabeModPlus\src\game\server\Release_hl2mp\fourwheelvehiclephysics.obj
C:\GabeModPlus\src\game\server\Release_hl2mp\func_areaportal.obj
C:\GabeModPlus\src\game\server\Release_hl2mp\func_areaportalbase.obj
C:\GabeModPlus\src\game\server\Release_hl2mp\func_areaportalwindow.obj
C:\GabeModPlus\src\game\server\Release_hl2mp\func_break.obj
C:\GabeModPlus\src\game\server\Release_hl2mp\func_breakablesurf.obj
C:\GabeModPlus\src\game\server\Release_hl2mp\func_dust.obj
C:\GabeModPlus\src\game\server\Release_hl2mp\func_ladder.obj
C:\GabeModPlus\src\game\server\Release_hl2mp\func_ladder_endpoint.obj
C:\GabeModPlus\src\game\server\Release_hl2mp\func_lod.obj
C:\GabeModPlus\src\game\server\Release_hl2mp\Func_Monitor.obj
C:\GabeModPlus\src\game\server\Release_hl2mp\func_movelinear.obj
C:\GabeModPlus\src\game\server\Release_hl2mp\func_occluder.obj
C:\GabeModPlus\src\game\server\Release_hl2mp\func_recharge.obj
C:\GabeModPlus\src\game\server\Release_hl2mp\func_reflective_glass.obj
C:\GabeModPlus\src\game\server\Release_hl2mp\func_smokevolume.obj
C:\GabeModPlus\src\game\server\Release_hl2mp\func_tank.obj
C:\GabeModPlus\src\game\server\Release_hl2mp\GABE.obj
C:\GabeModPlus\src\game\server\Release_hl2mp\gabeplus_chaosent.obj
C:\GabeModPlus\src\game\server\Release_hl2mp\gabeplus_debugobjects.obj
C:\GabeModPlus\src\game\server\Release_hl2mp\gabeplus_maxammo.obj
C:\GabeModPlus\src\game\server\Release_hl2mp\gabeplus_npcinfo.obj
C:\GabeModPlus\src\game\server\Release_hl2mp\gabeplus_npc_nextbot.obj
C:\GabeModPlus\src\game\server\Release_hl2mp\gabeplus_shared.obj
C:\GabeModPlus\src\game\server\Release_hl2mp\gabeplus_testfile.obj
C:\GabeModPlus\src\game\server\Release_hl2mp\gabe_constraints.obj
C:\GabeModPlus\src\game\server\Release_hl2mp\gabe_effects.obj
C:\GabeModPlus\src\game\server\Release_hl2mp\gabe_effect_carrier.obj
C:\GabeModPlus\src\game\server\Release_hl2mp\gabe_events.obj
C:\GabeModPlus\src\game\server\Release_hl2mp\gabe_nextbot.obj
C:\GabeModPlus\src\game\server\Release_hl2mp\gabe_saverestore.obj
C:\GabeModPlus\src\game\server\Release_hl2mp\gabe_simpgun.obj
C:\GabeModPlus\src\game\server\Release_hl2mp\game.obj
C:\GabeModPlus\src\game\server\Release_hl2mp\gamehandle.obj
C:\GabeModPlus\src\game\server\Release_hl2mp\gameinterface.obj
C:\GabeModPlus\src\game\server\Release_hl2mp\gamemovement.obj
C:\GabeModPlus\src\game\server\Release_hl2mp\gamerules.obj
C:\GabeModPlus\src\game\server\Release_hl2mp\gamerules_register.obj
C:\GabeModPlus\src\game\server\Release_hl2mp\GameStats.obj
C:\GabeModPlus\src\game\server\Release_hl2mp\GameStats_BasicStatsFunctions.obj
C:\GabeModPlus\src\game\server\Release_hl2mp\gamestringpool.obj
C:\GabeModPlus\src\game\server\Release_hl2mp\gametrace_dll.obj
C:\GabeModPlus\src\game\server\Release_hl2mp\gamevars_shared.obj
C:\GabeModPlus\src\game\server\Release_hl2mp\gameweaponmanager.obj
C:\GabeModPlus\src\game\server\Release_hl2mp\game_ui.obj
C:\GabeModPlus\src\game\server\Release_hl2mp\genericactor.obj
C:\GabeModPlus\src\game\server\Release_hl2mp\genericmonster.obj
C:\GabeModPlus\src\game\server\Release_hl2mp\ge_gamelua.obj
C:\GabeModPlus\src\game\server\Release_hl2mp\ge_luamanager.obj
C:\GabeModPlus\src\game\server\Release_hl2mp\gib.obj
C:\GabeModPlus\src\game\server\Release_hl2mp\globals.obj
C:\GabeModPlus\src\game\server\Release_hl2mp\globalstate.obj
C:\GabeModPlus\src\game\server\Release_hl2mp\grenadethrown.obj
C:\GabeModPlus\src\game\server\Release_hl2mp\grenade_ar2.obj
C:\GabeModPlus\src\game\server\Release_hl2mp\grenade_beam.obj
C:\GabeModPlus\src\game\server\Release_hl2mp\grenade_bugbait.obj
C:\GabeModPlus\src\game\server\Release_hl2mp\grenade_frag.obj
C:\GabeModPlus\src\game\server\Release_hl2mp\grenade_homer.obj
C:\GabeModPlus\src\game\server\Release_hl2mp\grenade_hopwire.obj
C:\GabeModPlus\src\game\server\Release_hl2mp\grenade_pathfollower.obj
C:\GabeModPlus\src\game\server\Release_hl2mp\grenade_satchel.obj
C:\GabeModPlus\src\game\server\Release_hl2mp\grenade_spit.obj
C:\GabeModPlus\src\game\server\Release_hl2mp\grenade_tripmine.obj
C:\GabeModPlus\src\game\server\Release_hl2mp\guntarget.obj
C:\GabeModPlus\src\game\server\Release_hl2mp\hierarchy.obj
C:\GabeModPlus\src\game\server\Release_hl2mp\hintmessage.obj
C:\GabeModPlus\src\game\server\Release_hl2mp\hintsystem.obj
C:\GabeModPlus\src\game\server\Release_hl2mp\hl1_basegrenade.obj
C:\GabeModPlus\src\game\server\Release_hl2mp\hl1_env.obj
C:\GabeModPlus\src\game\server\Release_hl2mp\hl1_eventlog.obj
C:\GabeModPlus\src\game\server\Release_hl2mp\hl1_funcs.obj
C:\GabeModPlus\src\game\server\Release_hl2mp\hl1_grenade_mp5.obj
C:\GabeModPlus\src\game\server\Release_hl2mp\hl1_items.obj
C:\GabeModPlus\src\game\server\Release_hl2mp\hl1_item_longjump.obj
C:\GabeModPlus\src\game\server\Release_hl2mp\hl1_monster.obj
C:\GabeModPlus\src\game\server\Release_hl2mp\hl1_monstermaker.obj
C:\GabeModPlus\src\game\server\Release_hl2mp\hl1_monster_alien_grunt.obj
C:\GabeModPlus\src\game\server\Release_hl2mp\hl1_monster_alien_slave.obj
C:\GabeModPlus\src\game\server\Release_hl2mp\hl1_monster_assassin.obj
C:\GabeModPlus\src\game\server\Release_hl2mp\hl1_monster_barnacle.obj
C:\GabeModPlus\src\game\server\Release_hl2mp\hl1_monster_barney.obj
C:\GabeModPlus\src\game\server\Release_hl2mp\hl1_monster_bigmomma.obj
C:\GabeModPlus\src\game\server\Release_hl2mp\hl1_monster_bullsquid.obj
C:\GabeModPlus\src\game\server\Release_hl2mp\hl1_monster_controller.obj
C:\GabeModPlus\src\game\server\Release_hl2mp\hl1_monster_flyer_flock.obj
C:\GabeModPlus\src\game\server\Release_hl2mp\hl1_monster_gargantua.obj
C:\GabeModPlus\src\game\server\Release_hl2mp\hl1_monster_gman.obj
C:\GabeModPlus\src\game\server\Release_hl2mp\hl1_monster_headcrab.obj
C:\GabeModPlus\src\game\server\Release_hl2mp\hl1_monster_hgrunt.obj
C:\GabeModPlus\src\game\server\Release_hl2mp\hl1_monster_hornet.obj
C:\GabeModPlus\src\game\server\Release_hl2mp\hl1_monster_houndeye.obj
C:\GabeModPlus\src\game\server\Release_hl2mp\hl1_monster_ichthyosaur.obj
C:\GabeModPlus\src\game\server\Release_hl2mp\hl1_monster_leech.obj
C:\GabeModPlus\src\game\server\Release_hl2mp\hl1_monster_nihilanth.obj
C:\GabeModPlus\src\game\server\Release_hl2mp\hl1_monster_roach.obj
C:\GabeModPlus\src\game\server\Release_hl2mp\hl1_monster_scientist.obj
C:\GabeModPlus\src\game\server\Release_hl2mp\hl1_monster_snark.obj
C:\GabeModPlus\src\game\server\Release_hl2mp\hl1_monster_squad.obj
C:\GabeModPlus\src\game\server\Release_hl2mp\hl1_monster_talker.obj
C:\GabeModPlus\src\game\server\Release_hl2mp\hl1_monster_tentacle.obj
C:\GabeModPlus\src\game\server\Release_hl2mp\hl1_monster_turrets.obj
C:\GabeModPlus\src\game\server\Release_hl2mp\hl1_monster_zombie.obj
C:\GabeModPlus\src\game\server\Release_hl2mp\hl1_speaker.obj
C:\GabeModPlus\src\game\server\Release_hl2mp\hl1_triggers.obj
C:\GabeModPlus\src\game\server\Release_hl2mp\hl1_usermessages.obj
C:\GabeModPlus\src\game\server\Release_hl2mp\hl1_weaponbox.obj
C:\GabeModPlus\src\game\server\Release_hl2mp\hl1_weapon_357.obj
C:\GabeModPlus\src\game\server\Release_hl2mp\hl1_weapon_crossbow.obj
C:\GabeModPlus\src\game\server\Release_hl2mp\hl1_weapon_gauss.obj
C:\GabeModPlus\src\game\server\Release_hl2mp\hl1_weapon_glock.obj
C:\GabeModPlus\src\game\server\Release_hl2mp\hl1_weapon_handgrenade.obj
C:\GabeModPlus\src\game\server\Release_hl2mp\hl1_weapon_hornetgun.obj
C:\GabeModPlus\src\game\server\Release_hl2mp\hl1_weapon_mp5.obj
C:\GabeModPlus\src\game\server\Release_hl2mp\hl1_weapon_rpg.obj
C:\GabeModPlus\src\game\server\Release_hl2mp\hl1_weapon_satchel.obj
C:\GabeModPlus\src\game\server\Release_hl2mp\hl1_weapon_shotgun.obj
C:\GabeModPlus\src\game\server\Release_hl2mp\hl1_weapon_snark.obj
C:\GabeModPlus\src\game\server\Release_hl2mp\hl1_xen.obj
C:\GabeModPlus\src\game\server\Release_hl2mp\hl2mp_bot_temp.obj
C:\GabeModPlus\src\game\server\Release_hl2mp\hl2mp_client.obj
C:\GabeModPlus\src\game\server\Release_hl2mp\hl2mp_cvars.obj
C:\GabeModPlus\src\game\server\Release_hl2mp\hl2mp_gameinterface.obj
C:\GabeModPlus\src\game\server\Release_hl2mp\hl2mp_gamerules.obj
C:\GabeModPlus\src\game\server\Release_hl2mp\hl2mp_player.obj
C:\GabeModPlus\src\game\server\Release_hl2mp\hl2mp_playeranimstate.obj
C:\GabeModPlus\src\game\server\Release_hl2mp\hl2mp_player_shared.obj
C:\GabeModPlus\src\game\server\Release_hl2mp\hl2mp_weapon_parse.obj
C:\GabeModPlus\src\game\server\Release_hl2mp\hl2_ai_network.obj
C:\GabeModPlus\src\game\server\Release_hl2mp\hl2_eventlog.obj
C:\GabeModPlus\src\game\server\Release_hl2mp\hl2_gamerules.obj
C:\GabeModPlus\src\game\server\Release_hl2mp\hl2_player.obj
C:\GabeModPlus\src\game\server\Release_hl2mp\hl2_playerlocaldata.obj
C:\GabeModPlus\src\game\server\Release_hl2mp\hl2_triggers.obj
C:\GabeModPlus\src\game\server\Release_hl2mp\hl2_usermessages.obj
C:\GabeModPlus\src\game\server\Release_hl2mp\hltvdirector.obj
C:\GabeModPlus\src\game\server\Release_hl2mp\hl_gamemovement.obj
C:\GabeModPlus\src\game\server\Release_hl2mp\hl_playermove.obj
C:\GabeModPlus\src\game\server\Release_hl2mp\h_ai.obj
C:\GabeModPlus\src\game\server\Release_hl2mp\h_cycler.obj
C:\GabeModPlus\src\game\server\Release_hl2mp\h_export.obj
C:\GabeModPlus\src\game\server\Release_hl2mp\igamesystem.obj
C:\GabeModPlus\src\game\server\Release_hl2mp\info_camera_link.obj
C:\GabeModPlus\src\game\server\Release_hl2mp\info_overlay_accessor.obj
C:\GabeModPlus\src\game\server\Release_hl2mp\info_teleporter_countdown.obj
C:\GabeModPlus\src\game\server\Release_hl2mp\init_factory.obj
C:\GabeModPlus\src\game\server\Release_hl2mp\intermission.obj
C:\GabeModPlus\src\game\server\Release_hl2mp\interpolatortypes.obj
C:\GabeModPlus\src\game\server\Release_hl2mp\interval.obj
C:\GabeModPlus\src\game\server\Release_hl2mp\item_ammo.obj
C:\GabeModPlus\src\game\server\Release_hl2mp\item_battery.obj
C:\GabeModPlus\src\game\server\Release_hl2mp\item_dynamic_resupply.obj
C:\GabeModPlus\src\game\server\Release_hl2mp\item_healthkit.obj
C:\GabeModPlus\src\game\server\Release_hl2mp\item_itemcrate.obj
C:\GabeModPlus\src\game\server\Release_hl2mp\item_suit.obj
C:\GabeModPlus\src\game\server\Release_hl2mp\item_world.obj
C:\GabeModPlus\src\game\server\Release_hl2mp\keyframe.obj
C:\GabeModPlus\src\game\server\Release_hl2mp\lightglow.obj
C:\GabeModPlus\src\game\server\Release_hl2mp\lights.obj
C:\GabeModPlus\src\game\server\Release_hl2mp\logicauto.obj
C:\GabeModPlus\src\game\server\Release_hl2mp\logicentities.obj
C:\GabeModPlus\src\game\server\Release_hl2mp\logicrelay.obj
C:\GabeModPlus\src\game\server\Release_hl2mp\logic_achievement.obj
C:\GabeModPlus\src\game\server\Release_hl2mp\logic_autosave.obj
C:\GabeModPlus\src\game\server\Release_hl2mp\logic_measure_movement.obj
C:\GabeModPlus\src\game\server\Release_hl2mp\logic_navigation.obj
C:\GabeModPlus\src\game\server\Release_hl2mp\look_door.obj
C:\GabeModPlus\src\game\server\Release_hl2mp\lua_dbg.obj
C:\GabeModPlus\src\game\server\Release_hl2mp\lua_debugoverlay.obj
C:\GabeModPlus\src\game\server\Release_hl2mp\lua_ents.obj
C:\GabeModPlus\src\game\server\Release_hl2mp\lua_player.obj
C:\GabeModPlus\src\game\server\Release_hl2mp\lua_test.obj
C:\GabeModPlus\src\game\server\Release_hl2mp\lua_vector.obj
C:\GabeModPlus\src\game\server\Release_hl2mp\macrotest.obj
C:\GabeModPlus\src\game\server\Release_hl2mp\mapentities.obj
C:\GabeModPlus\src\game\server\Release_hl2mp\mapentities_shared.obj
C:\GabeModPlus\src\game\server\Release_hl2mp\maprules.obj
C:\GabeModPlus\src\game\server\Release_hl2mp\map_utils.obj
C:\GabeModPlus\src\game\server\Release_hl2mp\MaterialModifyControl.obj
C:\GabeModPlus\src\game\server\Release_hl2mp\memoverride.obj
C:\GabeModPlus\src\game\server\Release_hl2mp\message_entity.obj
C:\GabeModPlus\src\game\server\Release_hl2mp\modelentities.obj
C:\GabeModPlus\src\game\server\Release_hl2mp\ModelSoundsCache.obj
C:\GabeModPlus\src\game\server\Release_hl2mp\monstermaker.obj
C:\GabeModPlus\src\game\server\Release_hl2mp\monster_dummy.obj
C:\GabeModPlus\src\game\server\Release_hl2mp\monster_tripmine.obj
C:\GabeModPlus\src\game\server\Release_hl2mp\movehelper_server.obj
C:\GabeModPlus\src\game\server\Release_hl2mp\movement.obj
C:\GabeModPlus\src\game\server\Release_hl2mp\movevars_shared.obj
C:\GabeModPlus\src\game\server\Release_hl2mp\movie_explosion.obj
C:\GabeModPlus\src\game\server\Release_hl2mp\mp_shareddefs.obj
C:\GabeModPlus\src\game\server\Release_hl2mp\multiplayer_animstate.obj
C:\GabeModPlus\src\game\server\Release_hl2mp\multiplay_gamerules.obj
C:\GabeModPlus\src\game\server\Release_hl2mp\nav_area.obj
C:\GabeModPlus\src\game\server\Release_hl2mp\nav_colors.obj
C:\GabeModPlus\src\game\server\Release_hl2mp\nav_edit.obj
C:\GabeModPlus\src\game\server\Release_hl2mp\nav_file.obj
C:\GabeModPlus\src\game\server\Release_hl2mp\nav_generate.obj
C:\GabeModPlus\src\game\server\Release_hl2mp\nav_ladder.obj
C:\GabeModPlus\src\game\server\Release_hl2mp\nav_mesh.obj
C:\GabeModPlus\src\game\server\Release_hl2mp\nav_node.obj
C:\GabeModPlus\src\game\server\Release_hl2mp\ndebugoverlay.obj
C:\GabeModPlus\src\game\server\Release_hl2mp\networkvar.obj
C:\GabeModPlus\src\game\server\Release_hl2mp\npc_alyx.obj
C:\GabeModPlus\src\game\server\Release_hl2mp\npc_antlion.obj
C:\GabeModPlus\src\game\server\Release_hl2mp\npc_antliongrub.obj
C:\GabeModPlus\src\game\server\Release_hl2mp\npc_antlionguard.obj
C:\GabeModPlus\src\game\server\Release_hl2mp\npc_apcdriver.obj
C:\GabeModPlus\src\game\server\Release_hl2mp\npc_attackchopper.obj
C:\GabeModPlus\src\game\server\Release_hl2mp\npc_barnacle.obj
C:\GabeModPlus\src\game\server\Release_hl2mp\npc_barney.obj
C:\GabeModPlus\src\game\server\Release_hl2mp\npc_basescanner.obj
C:\GabeModPlus\src\game\server\Release_hl2mp\npc_BaseZombie.obj
C:\GabeModPlus\src\game\server\Release_hl2mp\npc_blob.obj
C:\GabeModPlus\src\game\server\Release_hl2mp\npc_breen.obj
C:\GabeModPlus\src\game\server\Release_hl2mp\npc_bullseye.obj
C:\GabeModPlus\src\game\server\Release_hl2mp\npc_citizen17.obj
C:\GabeModPlus\src\game\server\Release_hl2mp\npc_combine.obj
C:\GabeModPlus\src\game\server\Release_hl2mp\npc_combinecamera.obj
C:\GabeModPlus\src\game\server\Release_hl2mp\npc_combinedropship.obj
C:\GabeModPlus\src\game\server\Release_hl2mp\npc_combinegunship.obj
C:\GabeModPlus\src\game\server\Release_hl2mp\npc_combines.obj
C:\GabeModPlus\src\game\server\Release_hl2mp\npc_cranedriver.obj
C:\GabeModPlus\src\game\server\Release_hl2mp\npc_crow.obj
C:\GabeModPlus\src\game\server\Release_hl2mp\npc_dog.obj
C:\GabeModPlus\src\game\server\Release_hl2mp\npc_eli.obj
C:\GabeModPlus\src\game\server\Release_hl2mp\npc_enemyfinder.obj
C:\GabeModPlus\src\game\server\Release_hl2mp\npc_fastzombie.obj
C:\GabeModPlus\src\game\server\Release_hl2mp\npc_fisherman.obj
C:\GabeModPlus\src\game\server\Release_hl2mp\npc_gman.obj
C:\GabeModPlus\src\game\server\Release_hl2mp\npc_headcrab.obj
C:\GabeModPlus\src\game\server\Release_hl2mp\npc_ichthyosaur.obj
C:\GabeModPlus\src\game\server\Release_hl2mp\npc_kleiner.obj
C:\GabeModPlus\src\game\server\Release_hl2mp\npc_launcher.obj
C:\GabeModPlus\src\game\server\Release_hl2mp\npc_manhack.obj
C:\GabeModPlus\src\game\server\Release_hl2mp\npc_metropolice.obj
C:\GabeModPlus\src\game\server\Release_hl2mp\npc_monk.obj
C:\GabeModPlus\src\game\server\Release_hl2mp\npc_mossman.obj
C:\GabeModPlus\src\game\server\Release_hl2mp\npc_playercompanion.obj
C:\GabeModPlus\src\game\server\Release_hl2mp\npc_PoisonZombie.obj
C:\GabeModPlus\src\game\server\Release_hl2mp\npc_rollermine.obj
C:\GabeModPlus\src\game\server\Release_hl2mp\npc_scanner.obj
C:\GabeModPlus\src\game\server\Release_hl2mp\npc_stalker.obj
C:\GabeModPlus\src\game\server\Release_hl2mp\npc_strider.obj
C:\GabeModPlus\src\game\server\Release_hl2mp\npc_talker.obj
C:\GabeModPlus\src\game\server\Release_hl2mp\npc_turret_ceiling.obj
C:\GabeModPlus\src\game\server\Release_hl2mp\npc_turret_floor.obj
C:\GabeModPlus\src\game\server\Release_hl2mp\npc_turret_ground.obj
C:\GabeModPlus\src\game\server\Release_hl2mp\npc_vehicledriver.obj
C:\GabeModPlus\src\game\server\Release_hl2mp\npc_vortigaunt_episodic.obj
C:\GabeModPlus\src\game\server\Release_hl2mp\npc_zombie.obj
C:\GabeModPlus\src\game\server\Release_hl2mp\obstacle_pushaway.obj
C:\GabeModPlus\src\game\server\Release_hl2mp\oldmanharpoon.obj
C:\GabeModPlus\src\game\server\Release_hl2mp\particlesystemquery.obj
C:\GabeModPlus\src\game\server\Release_hl2mp\particle_fire.obj
C:\GabeModPlus\src\game\server\Release_hl2mp\particle_light.obj
C:\GabeModPlus\src\game\server\Release_hl2mp\particle_parse.obj
C:\GabeModPlus\src\game\server\Release_hl2mp\particle_smokegrenade.obj
C:\GabeModPlus\src\game\server\Release_hl2mp\particle_system.obj
C:\GabeModPlus\src\game\server\Release_hl2mp\pathcorner.obj
C:\GabeModPlus\src\game\server\Release_hl2mp\pathtrack.obj
C:\GabeModPlus\src\game\server\Release_hl2mp\physconstraint.obj
C:\GabeModPlus\src\game\server\Release_hl2mp\physgun.obj
C:\GabeModPlus\src\game\server\Release_hl2mp\physics.obj
C:\GabeModPlus\src\game\server\Release_hl2mp\physics_bone_follower.obj
C:\GabeModPlus\src\game\server\Release_hl2mp\physics_cannister.obj
C:\GabeModPlus\src\game\server\Release_hl2mp\physics_fx.obj
C:\GabeModPlus\src\game\server\Release_hl2mp\physics_impact_damage.obj
C:\GabeModPlus\src\game\server\Release_hl2mp\physics_main.obj
C:\GabeModPlus\src\game\server\Release_hl2mp\physics_main_shared.obj
C:\GabeModPlus\src\game\server\Release_hl2mp\physics_npc_solver.obj
C:\GabeModPlus\src\game\server\Release_hl2mp\physics_prop_ragdoll.obj
C:\GabeModPlus\src\game\server\Release_hl2mp\physics_saverestore.obj
C:\GabeModPlus\src\game\server\Release_hl2mp\physics_shared.obj
C:\GabeModPlus\src\game\server\Release_hl2mp\physobj.obj
C:\GabeModPlus\src\game\server\Release_hl2mp\phys_controller.obj
C:\GabeModPlus\src\game\server\Release_hl2mp\plasma.obj
C:\GabeModPlus\src\game\server\Release_hl2mp\player.obj
C:\GabeModPlus\src\game\server\Release_hl2mp\playerinfomanager.obj
C:\GabeModPlus\src\game\server\Release_hl2mp\playerlocaldata.obj
C:\GabeModPlus\src\game\server\Release_hl2mp\player_command.obj
C:\GabeModPlus\src\game\server\Release_hl2mp\player_lagcompensation.obj
C:\GabeModPlus\src\game\server\Release_hl2mp\player_pickup.obj
C:\GabeModPlus\src\game\server\Release_hl2mp\player_resource.obj
C:\GabeModPlus\src\game\server\Release_hl2mp\plugin_check.obj
C:\GabeModPlus\src\game\server\Release_hl2mp\pointanglesensor.obj
C:\GabeModPlus\src\game\server\Release_hl2mp\PointAngularVelocitySensor.obj
C:\GabeModPlus\src\game\server\Release_hl2mp\pointhurt.obj
C:\GabeModPlus\src\game\server\Release_hl2mp\pointteleport.obj
C:\GabeModPlus\src\game\server\Release_hl2mp\point_apc_controller.obj
C:\GabeModPlus\src\game\server\Release_hl2mp\point_bonusmaps_accessor.obj
C:\GabeModPlus\src\game\server\Release_hl2mp\point_camera.obj
C:\GabeModPlus\src\game\server\Release_hl2mp\point_devshot_camera.obj
C:\GabeModPlus\src\game\server\Release_hl2mp\point_playermoveconstraint.obj
C:\GabeModPlus\src\game\server\Release_hl2mp\point_posecontroller.obj
C:\GabeModPlus\src\game\server\Release_hl2mp\point_spotlight.obj
C:\GabeModPlus\src\game\server\Release_hl2mp\point_template.obj
C:\GabeModPlus\src\game\server\Release_hl2mp\precache_register.obj
C:\GabeModPlus\src\game\server\Release_hl2mp\predictableid.obj
C:\GabeModPlus\src\game\server\Release_hl2mp\predicted_viewmodel.obj
C:\GabeModPlus\src\game\server\Release_hl2mp\props.obj
C:\GabeModPlus\src\game\server\Release_hl2mp\props_shared.obj
C:\GabeModPlus\src\game\server\Release_hl2mp\prop_combine_ball.obj
C:\GabeModPlus\src\game\server\Release_hl2mp\prop_thumper.obj
C:\GabeModPlus\src\game\server\Release_hl2mp\proto_sniper.obj
C:\GabeModPlus\src\game\server\Release_hl2mp\RagdollBoogie.obj
C:\GabeModPlus\src\game\server\Release_hl2mp\ragdoll_manager.obj
C:\GabeModPlus\src\game\server\Release_hl2mp\ragdoll_shared.obj
C:\GabeModPlus\src\game\server\Release_hl2mp\randoverride.obj
C:\GabeModPlus\src\game\server\Release_hl2mp\recipientfilter.obj
C:\GabeModPlus\src\game\server\Release_hl2mp\registry.obj
C:\GabeModPlus\src\game\server\Release_hl2mp\rope.obj
C:\GabeModPlus\src\game\server\Release_hl2mp\rope_helpers.obj
C:\GabeModPlus\src\game\server\Release_hl2mp\rope_physics.obj
C:\GabeModPlus\src\game\server\Release_hl2mp\rotorwash.obj
C:\GabeModPlus\src\game\server\Release_hl2mp\saverestore.obj
C:\GabeModPlus\src\game\server\Release_hl2mp\saverestore_gamedll.obj
C:\GabeModPlus\src\game\server\Release_hl2mp\SceneCache.obj
C:\GabeModPlus\src\game\server\Release_hl2mp\sceneentity.obj
C:\GabeModPlus\src\game\server\Release_hl2mp\sceneentity_shared.obj
C:\GabeModPlus\src\game\server\Release_hl2mp\scratchpad3d.obj
C:\GabeModPlus\src\game\server\Release_hl2mp\ScratchPadUtils.obj
C:\GabeModPlus\src\game\server\Release_hl2mp\scratchpad_gamedll_helpers.obj
C:\GabeModPlus\src\game\server\Release_hl2mp\scripted.obj
C:\GabeModPlus\src\game\server\Release_hl2mp\scriptedtarget.obj
C:\GabeModPlus\src\game\server\Release_hl2mp\script_intro.obj
C:\GabeModPlus\src\game\server\Release_hl2mp\script_intro_shared.obj
C:\GabeModPlus\src\game\server\Release_hl2mp\sdk_inventorymelon.obj
C:\GabeModPlus\src\game\server\Release_hl2mp\sendproxy.obj
C:\GabeModPlus\src\game\server\Release_hl2mp\sequence_Transitioner.obj
C:\GabeModPlus\src\game\server\Release_hl2mp\serverbenchmark_base.obj
C:\GabeModPlus\src\game\server\Release_hl2mp\ServerNetworkProperty.obj
C:\GabeModPlus\src\game\server\Release_hl2mp\server_class.obj
C:\GabeModPlus\src\game\server\Release_hl2mp\shadowcontrol.obj
C:\GabeModPlus\src\game\server\Release_hl2mp\sheetsimulator.obj
C:\GabeModPlus\src\game\server\Release_hl2mp\simple_physics.obj
C:\GabeModPlus\src\game\server\Release_hl2mp\simtimer.obj
C:\GabeModPlus\src\game\server\Release_hl2mp\singleplay_gamerules.obj
C:\GabeModPlus\src\game\server\Release_hl2mp\SkyCamera.obj
C:\GabeModPlus\src\game\server\Release_hl2mp\slideshow_display.obj
C:\GabeModPlus\src\game\server\Release_hl2mp\smokestack.obj
C:\GabeModPlus\src\game\server\Release_hl2mp\smoke_trail.obj
C:\GabeModPlus\src\game\server\Release_hl2mp\sound.obj
C:\GabeModPlus\src\game\server\Release_hl2mp\SoundEmitterSystem.obj
C:\GabeModPlus\src\game\server\Release_hl2mp\soundent.obj
C:\GabeModPlus\src\game\server\Release_hl2mp\soundenvelope.obj
C:\GabeModPlus\src\game\server\Release_hl2mp\SoundParametersInternal.obj
C:\GabeModPlus\src\game\server\Release_hl2mp\soundscape.obj
C:\GabeModPlus\src\game\server\Release_hl2mp\soundscape_system.obj
C:\GabeModPlus\src\game\server\Release_hl2mp\spotlightend.obj
C:\GabeModPlus\src\game\server\Release_hl2mp\Sprite.obj
C:\GabeModPlus\src\game\server\Release_hl2mp\SpriteTrail.obj
C:\GabeModPlus\src\game\server\Release_hl2mp\sprite_perfmonitor.obj
C:\GabeModPlus\src\game\server\Release_hl2mp\stdafx.obj
C:\GabeModPlus\src\game\server\Release_hl2mp\steamjet.obj
C:\GabeModPlus\src\game\server\Release_hl2mp\sticky_pellet.obj
C:\GabeModPlus\src\game\server\Release_hl2mp\stringregistry.obj
C:\GabeModPlus\src\game\server\Release_hl2mp\studio.obj
C:\GabeModPlus\src\game\server\Release_hl2mp\studio_shared.obj
C:\GabeModPlus\src\game\server\Release_hl2mp\subs.obj
C:\GabeModPlus\src\game\server\Release_hl2mp\sun.obj
C:\GabeModPlus\src\game\server\Release_hl2mp\survival_gamerules.obj
C:\GabeModPlus\src\game\server\Release_hl2mp\sv_htmlcon.obj
C:\GabeModPlus\src\game\server\Release_hl2mp\takedamageinfo.obj
C:\GabeModPlus\src\game\server\Release_hl2mp\tanktrain.obj
C:\GabeModPlus\src\game\server\Release_hl2mp\te.obj
C:\GabeModPlus\src\game\server\Release_hl2mp\team.obj
C:\GabeModPlus\src\game\server\Release_hl2mp\teamplay_gamerules.obj
C:\GabeModPlus\src\game\server\Release_hl2mp\team_spawnpoint.obj
C:\GabeModPlus\src\game\server\Release_hl2mp\TemplateEntities.obj
C:\GabeModPlus\src\game\server\Release_hl2mp\tempmonster.obj
C:\GabeModPlus\src\game\server\Release_hl2mp\tesla.obj
C:\GabeModPlus\src\game\server\Release_hl2mp\test.obj
C:\GabeModPlus\src\game\server\Release_hl2mp\testcombatcharacter.obj
C:\GabeModPlus\src\game\server\Release_hl2mp\testfunctions.obj
C:\GabeModPlus\src\game\server\Release_hl2mp\testtraceline.obj
C:\GabeModPlus\src\game\server\Release_hl2mp\test_ehandle.obj
C:\GabeModPlus\src\game\server\Release_hl2mp\test_proxytoggle.obj
C:\GabeModPlus\src\game\server\Release_hl2mp\test_stressentities.obj
C:\GabeModPlus\src\game\server\Release_hl2mp\textstatsmgr.obj
C:\GabeModPlus\src\game\server\Release_hl2mp\te_armorricochet.obj
C:\GabeModPlus\src\game\server\Release_hl2mp\te_basebeam.obj
C:\GabeModPlus\src\game\server\Release_hl2mp\te_beamentpoint.obj
C:\GabeModPlus\src\game\server\Release_hl2mp\te_beaments.obj
C:\GabeModPlus\src\game\server\Release_hl2mp\te_beamfollow.obj
C:\GabeModPlus\src\game\server\Release_hl2mp\te_beamlaser.obj
C:\GabeModPlus\src\game\server\Release_hl2mp\te_beampoints.obj
C:\GabeModPlus\src\game\server\Release_hl2mp\te_beamring.obj
C:\GabeModPlus\src\game\server\Release_hl2mp\te_beamringpoint.obj
C:\GabeModPlus\src\game\server\Release_hl2mp\te_beamspline.obj
C:\GabeModPlus\src\game\server\Release_hl2mp\te_bloodsprite.obj
C:\GabeModPlus\src\game\server\Release_hl2mp\te_bloodstream.obj
C:\GabeModPlus\src\game\server\Release_hl2mp\te_breakmodel.obj
C:\GabeModPlus\src\game\server\Release_hl2mp\te_bspdecal.obj
C:\GabeModPlus\src\game\server\Release_hl2mp\te_bubbles.obj
C:\GabeModPlus\src\game\server\Release_hl2mp\te_bubbletrail.obj
C:\GabeModPlus\src\game\server\Release_hl2mp\te_clientprojectile.obj
C:\GabeModPlus\src\game\server\Release_hl2mp\te_decal.obj
C:\GabeModPlus\src\game\server\Release_hl2mp\te_dynamiclight.obj
C:\GabeModPlus\src\game\server\Release_hl2mp\te_effect_dispatch.obj
C:\GabeModPlus\src\game\server\Release_hl2mp\te_energysplash.obj
C:\GabeModPlus\src\game\server\Release_hl2mp\te_explosion.obj
C:\GabeModPlus\src\game\server\Release_hl2mp\te_fizz.obj
C:\GabeModPlus\src\game\server\Release_hl2mp\te_footprintdecal.obj
C:\GabeModPlus\src\game\server\Release_hl2mp\te_gaussexplosion.obj
C:\GabeModPlus\src\game\server\Release_hl2mp\te_glassshatter.obj
C:\GabeModPlus\src\game\server\Release_hl2mp\te_glowsprite.obj
C:\GabeModPlus\src\game\server\Release_hl2mp\te_hl2mp_shotgun_shot.obj
C:\GabeModPlus\src\game\server\Release_hl2mp\te_impact.obj
C:\GabeModPlus\src\game\server\Release_hl2mp\te_killplayerattachments.obj
C:\GabeModPlus\src\game\server\Release_hl2mp\te_largefunnel.obj
C:\GabeModPlus\src\game\server\Release_hl2mp\te_muzzleflash.obj
C:\GabeModPlus\src\game\server\Release_hl2mp\te_particlesystem.obj
C:\GabeModPlus\src\game\server\Release_hl2mp\te_physicsprop.obj
C:\GabeModPlus\src\game\server\Release_hl2mp\te_playerdecal.obj
C:\GabeModPlus\src\game\server\Release_hl2mp\te_projecteddecal.obj
C:\GabeModPlus\src\game\server\Release_hl2mp\te_showline.obj
C:\GabeModPlus\src\game\server\Release_hl2mp\te_smoke.obj
C:\GabeModPlus\src\game\server\Release_hl2mp\te_sparks.obj
C:\GabeModPlus\src\game\server\Release_hl2mp\te_sprite.obj
C:\GabeModPlus\src\game\server\Release_hl2mp\te_spritespray.obj
C:\GabeModPlus\src\game\server\Release_hl2mp\te_worlddecal.obj
C:\GabeModPlus\src\game\server\Release_hl2mp\timedeventmgr.obj
C:\GabeModPlus\src\game\server\Release_hl2mp\toolframework_server.obj
C:\GabeModPlus\src\game\server\Release_hl2mp\trains.obj
C:\GabeModPlus\src\game\server\Release_hl2mp\triggers.obj
C:\GabeModPlus\src\game\server\Release_hl2mp\usercmd.obj
C:\GabeModPlus\src\game\server\Release_hl2mp\usermessages.obj
C:\GabeModPlus\src\game\server\Release_hl2mp\util.obj
C:\GabeModPlus\src\game\server\Release_hl2mp\util_shared.obj
C:\GabeModPlus\src\game\server\Release_hl2mp\variant_t.obj
C:\GabeModPlus\src\game\server\Release_hl2mp\vehicle_airboat.obj
C:\GabeModPlus\src\game\server\Release_hl2mp\vehicle_apc.obj
C:\GabeModPlus\src\game\server\Release_hl2mp\vehicle_base.obj
C:\GabeModPlus\src\game\server\Release_hl2mp\vehicle_baseserver.obj
C:\GabeModPlus\src\game\server\Release_hl2mp\vehicle_crane.obj
C:\GabeModPlus\src\game\server\Release_hl2mp\vehicle_jeep.obj
C:\GabeModPlus\src\game\server\Release_hl2mp\vehicle_jetski.obj
C:\GabeModPlus\src\game\server\Release_hl2mp\vehicle_prisoner_pod.obj
C:\GabeModPlus\src\game\server\Release_hl2mp\vehicle_viewblend_shared.obj
C:\GabeModPlus\src\game\server\Release_hl2mp\vehicle_viewcontroller.obj
C:\GabeModPlus\src\game\server\Release_hl2mp\vguiscreen.obj
C:\GabeModPlus\src\game\server\Release_hl2mp\voice_gamemgr.obj
C:\GabeModPlus\src\game\server\Release_hl2mp\waterbullet.obj
C:\GabeModPlus\src\game\server\Release_hl2mp\WaterLODControl.obj
C:\GabeModPlus\src\game\server\Release_hl2mp\wcedit.obj
C:\GabeModPlus\src\game\server\Release_hl2mp\weapon_357.obj
C:\GabeModPlus\src\game\server\Release_hl2mp\weapon_annabelle.obj
C:\GabeModPlus\src\game\server\Release_hl2mp\weapon_ar2.obj
C:\GabeModPlus\src\game\server\Release_hl2mp\weapon_bugbait.obj
C:\GabeModPlus\src\game\server\Release_hl2mp\weapon_camera.obj
C:\GabeModPlus\src\game\server\Release_hl2mp\weapon_cguard.obj
C:\GabeModPlus\src\game\server\Release_hl2mp\weapon_citizenpackage.obj
C:\GabeModPlus\src\game\server\Release_hl2mp\weapon_crossbow.obj
C:\GabeModPlus\src\game\server\Release_hl2mp\weapon_crowbar.obj
C:\GabeModPlus\src\game\server\Release_hl2mp\weapon_crowbar_hl1.obj
C:\GabeModPlus\src\game\server\Release_hl2mp\weapon_cubemap.obj
C:\GabeModPlus\src\game\server\Release_hl2mp\weapon_deagle.obj
C:\GabeModPlus\src\game\server\Release_hl2mp\weapon_eattach.obj
C:\GabeModPlus\src\game\server\Release_hl2mp\weapon_egon.obj
C:\GabeModPlus\src\game\server\Release_hl2mp\weapon_flaregun.obj
C:\GabeModPlus\src\game\server\Release_hl2mp\weapon_frag.obj
C:\GabeModPlus\src\game\server\Release_hl2mp\weapon_hax.obj
C:\GabeModPlus\src\game\server\Release_hl2mp\weapon_hl1tripmine.obj
C:\GabeModPlus\src\game\server\Release_hl2mp\weapon_hl2mpbase.obj
C:\GabeModPlus\src\game\server\Release_hl2mp\weapon_hl2mpbasebasebludgeon.obj
C:\GabeModPlus\src\game\server\Release_hl2mp\weapon_hl2mpbasehlmpcombatweapon.obj
C:\GabeModPlus\src\game\server\Release_hl2mp\weapon_hl2mpbase_machinegun.obj
C:\GabeModPlus\src\game\server\Release_hl2mp\weapon_hopwire.obj
C:\GabeModPlus\src\game\server\Release_hl2mp\weapon_immolator.obj
C:\GabeModPlus\src\game\server\Release_hl2mp\weapon_jetpack.obj
C:\GabeModPlus\src\game\server\Release_hl2mp\weapon_lasergun.obj
C:\GabeModPlus\src\game\server\Release_hl2mp\weapon_multitool.obj
C:\GabeModPlus\src\game\server\Release_hl2mp\weapon_multitool_legacy.obj
C:\GabeModPlus\src\game\server\Release_hl2mp\weapon_parse.obj
C:\GabeModPlus\src\game\server\Release_hl2mp\weapon_physcannon.obj
C:\GabeModPlus\src\game\server\Release_hl2mp\weapon_physgun.obj
C:\GabeModPlus\src\game\server\Release_hl2mp\weapon_pistol.obj
C:\GabeModPlus\src\game\server\Release_hl2mp\weapon_proficiency.obj
C:\GabeModPlus\src\game\server\Release_hl2mp\weapon_proplauncher.obj
C:\GabeModPlus\src\game\server\Release_hl2mp\weapon_propspawner.obj
C:\GabeModPlus\src\game\server\Release_hl2mp\weapon_proto1.obj
C:\GabeModPlus\src\game\server\Release_hl2mp\weapon_rpg.obj
C:\GabeModPlus\src\game\server\Release_hl2mp\weapon_shotgun.obj
C:\GabeModPlus\src\game\server\Release_hl2mp\weapon_slam.obj
C:\GabeModPlus\src\game\server\Release_hl2mp\weapon_smg1.obj
C:\GabeModPlus\src\game\server\Release_hl2mp\weapon_stickylauncher.obj
C:\GabeModPlus\src\game\server\Release_hl2mp\weapon_stunstick.obj
C:\GabeModPlus\src\game\server\Release_hl2mp\weight_button.obj
C:\GabeModPlus\src\game\server\Release_hl2mp\world.obj
C:\GabeModPlus\src\game\server\Release_hl2mp\wpnscanner.obj
C:\GabeModPlus\src\game\server\Release_hl2mp\CL.11880.read.1.tlog
C:\GabeModPlus\src\game\server\Release_hl2mp\CL.11880.write.1.tlog
C:\GabeModPlus\src\game\server\Release_hl2mp\CL.13824.read.1.tlog
C:\GabeModPlus\src\game\server\Release_hl2mp\CL.13824.write.1.tlog
C:\GabeModPlus\src\game\server\Release_hl2mp\CL.15676.read.1.tlog
C:\GabeModPlus\src\game\server\Release_hl2mp\CL.15676.write.1.tlog
C:\GabeModPlus\src\game\server\Release_hl2mp\CL.16496.read.1.tlog
C:\GabeModPlus\src\game\server\Release_hl2mp\CL.16496.write.1.tlog
C:\GabeModPlus\src\game\server\Release_hl2mp\CL.17724.read.1.tlog
C:\GabeModPlus\src\game\server\Release_hl2mp\CL.17724.write.1.tlog
C:\GabeModPlus\src\game\server\Release_hl2mp\CL.18592.read.1.tlog
C:\GabeModPlus\src\game\server\Release_hl2mp\CL.18592.write.1.tlog
C:\GabeModPlus\src\game\server\Release_hl2mp\CL.18788.read.1.tlog
C:\GabeModPlus\src\game\server\Release_hl2mp\CL.18788.write.1.tlog
C:\GabeModPlus\src\game\server\Release_hl2mp\CL.1996.read.1.tlog
C:\GabeModPlus\src\game\server\Release_hl2mp\CL.1996.write.1.tlog
C:\GabeModPlus\src\game\server\Release_hl2mp\CL.20688.read.1.tlog
C:\GabeModPlus\src\game\server\Release_hl2mp\CL.20688.write.1.tlog
C:\GabeModPlus\src\game\server\Release_hl2mp\CL.21844.read.1.tlog
C:\GabeModPlus\src\game\server\Release_hl2mp\CL.21844.write.1.tlog
C:\GabeModPlus\src\game\server\Release_hl2mp\CL.21916.read.1.tlog
C:\GabeModPlus\src\game\server\Release_hl2mp\CL.21916.write.1.tlog
C:\GabeModPlus\src\game\server\Release_hl2mp\CL.22464.read.1.tlog
C:\GabeModPlus\src\game\server\Release_hl2mp\CL.22464.write.1.tlog
C:\GabeModPlus\src\game\server\Release_hl2mp\CL.22504.read.1.tlog
C:\GabeModPlus\src\game\server\Release_hl2mp\CL.22504.write.1.tlog
C:\GabeModPlus\src\game\server\Release_hl2mp\CL.22976.read.1.tlog
C:\GabeModPlus\src\game\server\Release_hl2mp\CL.22976.write.1.tlog
C:\GabeModPlus\src\game\server\Release_hl2mp\CL.23132.read.1.tlog
C:\GabeModPlus\src\game\server\Release_hl2mp\CL.23132.write.1.tlog
C:\GabeModPlus\src\game\server\Release_hl2mp\CL.23880.read.1.tlog
C:\GabeModPlus\src\game\server\Release_hl2mp\CL.23880.write.1.tlog
C:\GabeModPlus\src\game\server\Release_hl2mp\CL.23964.read.1.tlog
C:\GabeModPlus\src\game\server\Release_hl2mp\CL.23964.write.1.tlog
C:\GabeModPlus\src\game\server\Release_hl2mp\CL.24308.read.1.tlog
C:\GabeModPlus\src\game\server\Release_hl2mp\CL.24308.write.1.tlog
C:\GabeModPlus\src\game\server\Release_hl2mp\CL.2432.read.1.tlog
C:\GabeModPlus\src\game\server\Release_hl2mp\CL.2432.write.1.tlog
C:\GabeModPlus\src\game\server\Release_hl2mp\CL.24824.read.1.tlog
C:\GabeModPlus\src\game\server\Release_hl2mp\CL.24824.write.1.tlog
C:\GabeModPlus\src\game\server\Release_hl2mp\CL.25624.read.1.tlog
C:\GabeModPlus\src\game\server\Release_hl2mp\CL.25624.write.1.tlog
C:\GabeModPlus\src\game\server\Release_hl2mp\CL.26556.read.1.tlog
C:\GabeModPlus\src\game\server\Release_hl2mp\CL.26556.write.1.tlog
C:\GabeModPlus\src\game\server\Release_hl2mp\CL.26748.read.1.tlog
C:\GabeModPlus\src\game\server\Release_hl2mp\CL.26748.write.1.tlog
C:\GabeModPlus\src\game\server\Release_hl2mp\CL.27724.read.1.tlog
C:\GabeModPlus\src\game\server\Release_hl2mp\CL.27724.write.1.tlog
C:\GabeModPlus\src\game\server\Release_hl2mp\CL.28180.read.1.tlog
C:\GabeModPlus\src\game\server\Release_hl2mp\CL.28180.write.1.tlog
C:\GabeModPlus\src\game\server\Release_hl2mp\CL.28208.read.1.tlog
C:\GabeModPlus\src\game\server\Release_hl2mp\CL.28208.write.1.tlog
C:\GabeModPlus\src\game\server\Release_hl2mp\CL.28224.read.1.tlog
C:\GabeModPlus\src\game\server\Release_hl2mp\CL.28224.write.1.tlog
C:\GabeModPlus\src\game\server\Release_hl2mp\CL.28248.read.1.tlog
C:\GabeModPlus\src\game\server\Release_hl2mp\CL.28248.write.1.tlog
C:\GabeModPlus\src\game\server\Release_hl2mp\CL.28376.read.1.tlog
C:\GabeModPlus\src\game\server\Release_hl2mp\CL.28376.write.1.tlog
C:\GabeModPlus\src\game\server\Release_hl2mp\CL.28660.read.1.tlog
C:\GabeModPlus\src\game\server\Release_hl2mp\CL.28660.write.1.tlog
C:\GabeModPlus\src\game\server\Release_hl2mp\CL.3064.read.1.tlog
C:\GabeModPlus\src\game\server\Release_hl2mp\CL.3064.write.1.tlog
C:\GabeModPlus\src\game\server\Release_hl2mp\CL.3160.read.1.tlog
C:\GabeModPlus\src\game\server\Release_hl2mp\CL.3160.write.1.tlog
C:\GabeModPlus\src\game\server\Release_hl2mp\CL.4476.read.1.tlog
C:\GabeModPlus\src\game\server\Release_hl2mp\CL.4476.write.1.tlog
C:\GabeModPlus\src\game\server\Release_hl2mp\CL.6520.read.1.tlog
C:\GabeModPlus\src\game\server\Release_hl2mp\CL.6520.write.1.tlog
C:\GabeModPlus\src\game\server\Release_hl2mp\CL.6952.read.1.tlog
C:\GabeModPlus\src\game\server\Release_hl2mp\CL.6952.write.1.tlog
C:\GabeModPlus\src\game\server\Release_hl2mp\CL.9384.read.1.tlog
C:\GabeModPlus\src\game\server\Release_hl2mp\CL.9384.write.1.tlog
C:\GabeModPlus\src\game\server\Release_hl2mp\cl.command.1.tlog
C:\GabeModPlus\src\game\server\Release_hl2mp\CL.read.1.tlog
C:\GabeModPlus\src\game\server\Release_hl2mp\CL.read.10.tlog
C:\GabeModPlus\src\game\server\Release_hl2mp\CL.read.11.tlog
C:\GabeModPlus\src\game\server\Release_hl2mp\CL.read.12.tlog
C:\GabeModPlus\src\game\server\Release_hl2mp\CL.read.2.tlog
C:\GabeModPlus\src\game\server\Release_hl2mp\CL.read.3.tlog
C:\GabeModPlus\src\game\server\Release_hl2mp\CL.read.4.tlog
C:\GabeModPlus\src\game\server\Release_hl2mp\CL.read.5.tlog
C:\GabeModPlus\src\game\server\Release_hl2mp\CL.read.6.tlog
C:\GabeModPlus\src\game\server\Release_hl2mp\CL.read.7.tlog
C:\GabeModPlus\src\game\server\Release_hl2mp\CL.read.8.tlog
C:\GabeModPlus\src\game\server\Release_hl2mp\CL.read.9.tlog
C:\GabeModPlus\src\game\server\Release_hl2mp\CL.write.1.tlog
C:\GabeModPlus\src\game\server\Release_hl2mp\link.11896.read.1.tlog
C:\GabeModPlus\src\game\server\Release_hl2mp\link.11896.write.1.tlog
C:\GabeModPlus\src\game\server\Release_hl2mp\link.2836.read.1.tlog
C:\GabeModPlus\src\game\server\Release_hl2mp\link.2836.write.1.tlog
C:\GabeModPlus\src\game\server\Release_hl2mp\link.command.1.tlog
C:\GabeModPlus\src\game\server\Release_hl2mp\link.read.1.tlog
C:\GabeModPlus\src\game\server\Release_hl2mp\link.write.1.tlog
C:\GabeModPlus\src\game\server\Release_hl2mp\Server Gabe Mod Plus.write.1.tlog
C:\GabeModPlus\src\game\server\Release_hl2mp\server.pch
C:\GabeModPlus\src\game\server\Release_hl2mp\server.pdb
C:\GabeModPlus\src\game\server\Release_hl2mp\vc110.pdb
D:\Steam\steamapps\sourcemods\gabemodplus\bin\server.dll
