PRT1
54
121
4 0 19 (608 2048 1567.719971 ) (512 2048 1567.719971 ) (512 2048 16 ) (608 2048 16 ) 
4 0 1 (512 2432 1567.719971 ) (512 2432 16 ) (512 2368 16 ) (512 2368 1567.719971 ) 
4 0 2 (512 2368 16 ) (512 2048 16 ) (512 2048 1567.719971 ) (512 2368 1567.719971 ) 
4 1 6 (0 2368 1567.719971 ) (0 2432 1567.719971 ) (0 2432 16 ) (0 2368 16 ) 
4 1 2 (512 2368 16 ) (512 2368 1567.719971 ) (0 2368 1567.719971 ) (0 2368 16 ) 
4 2 20 (512 2048 1567.719971 ) (0 2048 1567.719971 ) (0 2048 0 ) (512 2048 0 ) 
4 2 7 (0 2048 0 ) (0 2048 1567.719971 ) (0 2368 1567.719971 ) (0 2368 0 ) 
4 2 5 (512 2048 0 ) (0 2048 0 ) (0 2368 0 ) (512 2368 0 ) 
4 3 21 (512 2048 -128 ) (512 2048 -3775.719971 ) (608 2048 -3775.719971 ) (608 2048 -128 ) 
4 3 4 (512 2432 -128 ) (512 2432 -3775.719971 ) (512 2368 -3775.719971 ) (512 2368 -128 ) 
4 3 5 (512 2368 -3775.719971 ) (512 2048 -3775.719971 ) (512 2048 -128 ) (512 2368 -128 ) 
4 4 8 (0 2432 -128 ) (0 2432 -3775.719971 ) (0 2368 -3775.719971 ) (0 2368 -128 ) 
4 4 5 (0 2368 -3775.719971 ) (512 2368 -3775.719971 ) (512 2368 -128 ) (0 2368 -128 ) 
4 5 21 (0 2048 -128 ) (0 2048 -3775.719971 ) (512 2048 -3775.719971 ) (512 2048 -128 ) 
4 5 20 (512 2048 0 ) (0 2048 0 ) (0 2048 -128 ) (512 2048 -128 ) 
4 5 9 (0 2048 -3775.719971 ) (0 2048 0 ) (0 2368 0 ) (0 2368 -3775.719971 ) 
4 6 10 (-1024 2368 1567.719971 ) (-1024 2432 1567.719971 ) (-1024 2432 16 ) (-1024 2368 16 ) 
4 6 7 (0 2368 16 ) (0 2368 1567.719971 ) (-1024 2368 1567.719971 ) (-1024 2368 16 ) 
4 7 27 (0 2048 0 ) (0 2048 1567.719971 ) (-1024 2048 1567.719971 ) (-1024 2048 0 ) 
4 7 13 (-1024 2048 0 ) (-1024 2048 1567.719971 ) (-1024 2368 1567.719971 ) (-1024 2368 0 ) 
4 7 9 (-1024 2048 0 ) (-1024 2368 0 ) (0 2368 0 ) (0 2048 0 ) 
4 8 11 (-1024 2432 -128 ) (-1024 2432 -3775.719971 ) (-1024 2368 -3775.719971 ) (-1024 2368 -128 ) 
4 8 9 (-1024 2368 -3775.719971 ) (0 2368 -3775.719971 ) (0 2368 -128 ) (-1024 2368 -128 ) 
4 9 27 (0 2048 -3775.719971 ) (0 2048 0 ) (-1024 2048 0 ) (-1024 2048 -3775.719971 ) 
4 9 18 (-1024 2048 -3775.719971 ) (-1024 2048 -128 ) (-1024 2368 -128 ) (-1024 2368 -3775.719971 ) 
4 9 15 (-1024 2048 -128 ) (-1024 2048 -1 ) (-1024 2368 -1 ) (-1024 2368 -128 ) 
4 9 13 (-1024 2048 -1 ) (-1024 2048 0 ) (-1024 2368 0 ) (-1024 2368 -1 ) 
4 10 14 (-1824 2368 1567.719971 ) (-1824 2368 16 ) (-1472 2368 16 ) (-1472 2368 1567.719971 ) 
4 10 13 (-1472 2368 16 ) (-1024 2368 16 ) (-1024 2368 1567.719971 ) (-1472 2368 1567.719971 ) 
4 11 18 (-1664 2368 -3775.719971 ) (-1024 2368 -3775.719971 ) (-1024 2368 -128 ) (-1664 2368 -128 ) 
4 11 12 (-1664 2432 -3775.719971 ) (-1664 2368 -3775.719971 ) (-1664 2368 -128 ) (-1664 2432 -128 ) 
4 12 18 (-1824 2368 -128 ) (-1824 2368 -3775.719971 ) (-1664 2368 -3775.719971 ) (-1664 2368 -128 ) 
4 12 16 (-1792 2368 -128 ) (-1664 2368 -128 ) (-1664 2368 -1 ) (-1792 2368 -1 ) 
4 12 17 (-1824 2368 -1 ) (-1824 2368 -128 ) (-1792 2368 -128 ) (-1792 2368 -1 ) 
4 13 28 (-1024 2048 -1 ) (-1024 2048 1567.719971 ) (-1472 2048 1567.719971 ) (-1472 2048 -1 ) 
4 13 15 (-1024 2048 -1 ) (-1472 2048 -1 ) (-1472 2368 -1 ) (-1024 2368 -1 ) 
4 13 14 (-1472 2368 1567.719971 ) (-1472 2368 16 ) (-1472 2048 16 ) (-1472 2048 1567.719971 ) 
4 14 35 (-1664 2048 1567.719971 ) (-1824 2048 1567.719971 ) (-1824 2048 16 ) (-1664 2048 16 ) 
4 14 32 (-1472 2048 1567.719971 ) (-1664 2048 1567.719971 ) (-1664 2048 16 ) (-1472 2048 16 ) 
4 15 28 (-1024 2048 -128 ) (-1024 2048 -1 ) (-1472 2048 -1 ) (-1472 2048 -128 ) 
4 15 18 (-1472 2368 -128 ) (-1024 2368 -128 ) (-1024 2048 -128 ) (-1472 2048 -128 ) 
4 16 18 (-1792 2368 -128 ) (-1664 2368 -128 ) (-1664 2049 -128 ) (-1792 2049 -128 ) 
4 16 17 (-1792 2368 -128 ) (-1792 2049 -128 ) (-1792 2049 -1 ) (-1792 2368 -1 ) 
4 17 38 (-1792 2048 -1 ) (-1824 2048 -1 ) (-1824 2048 -128 ) (-1792 2048 -128 ) 
4 17 18 (-1824 2048 -128 ) (-1824 2368 -128 ) (-1792 2368 -128 ) (-1792 2048 -128 ) 
4 18 41 (-1664 2048 -128 ) (-1824 2048 -128 ) (-1824 2048 -3775.719971 ) (-1664 2048 -3775.719971 ) 
4 18 34 (-1472 2048 -128 ) (-1664 2048 -128 ) (-1664 2048 -3775.719971 ) (-1472 2048 -3775.719971 ) 
4 18 31 (-1024 2048 -3775.719971 ) (-1024 2048 -128 ) (-1472 2048 -128 ) (-1472 2048 -3775.719971 ) 
4 19 22 (608 1024 16 ) (608 1024 1567.719971 ) (512 1024 1567.719971 ) (512 1024 16 ) 
4 19 20 (512 1024 16 ) (512 1024 1567.719971 ) (512 2048 1567.719971 ) (512 2048 16 ) 
4 20 27 (0 2048 1567.719971 ) (0 2048 -128 ) (0 1024 -128 ) (0 1024 1567.719971 ) 
4 20 25 (0 1024 0 ) (0 1024 -128 ) (512 1024 -128 ) (512 1024 0 ) 
4 20 23 (0 1024 16 ) (0 1024 0 ) (512 1024 0 ) (512 1024 16 ) 
4 20 22 (512 1024 1567.719971 ) (0 1024 1567.719971 ) (0 1024 16 ) (512 1024 16 ) 
4 20 21 (0 2048 -128 ) (512 2048 -128 ) (512 1024 -128 ) (0 1024 -128 ) 
4 21 27 (0 2048 -128 ) (0 2048 -3775.719971 ) (0 1024 -3775.719971 ) (0 1024 -128 ) 
4 21 24 (608 1024 -3775.719971 ) (608 1024 -128 ) (512 1024 -128 ) (512 1024 -3775.719971 ) 
4 21 25 (512 1024 -128 ) (0 1024 -128 ) (0 1024 -3775.719971 ) (512 1024 -3775.719971 ) 
4 22 43 (0 576 16 ) (0 512 16 ) (0 512 1567.719971 ) (0 576 1567.719971 ) 
4 22 42 (0 1024 1567.719971 ) (0 1024 16 ) (0 576 16 ) (0 576 1567.719971 ) 
4 22 23 (0 576 16 ) (0 1024 16 ) (512 1024 16 ) (512 576 16 ) 
4 23 42 (0 1024 16 ) (0 1024 0 ) (0 576 0 ) (0 576 16 ) 
4 23 25 (0 576 0 ) (0 1024 0 ) (512 1024 0 ) (512 576 0 ) 
4 24 26 (512 576 -3775.719971 ) (608 576 -3775.719971 ) (608 576 -128 ) (512 576 -128 ) 
4 24 25 (512 1024 -3775.719971 ) (512 576 -3775.719971 ) (512 576 -128 ) (512 1024 -128 ) 
4 25 44 (0 576 0 ) (0 1024 0 ) (0 1024 -3775.719971 ) (0 576 -3775.719971 ) 
4 25 26 (0 576 -3775.719971 ) (512 576 -3775.719971 ) (512 576 -128 ) (0 576 -128 ) 
4 26 45 (0 576 -128 ) (0 576 -3775.719971 ) (0 512 -3775.719971 ) (0 512 -128 ) 
4 27 44 (0 1024 -3775.719971 ) (0 1024 0 ) (-1024 1024 0 ) (-1024 1024 -3775.719971 ) 
4 27 42 (0 1024 0 ) (0 1024 1567.719971 ) (-1024 1024 1567.719971 ) (-1024 1024 0 ) 
4 27 31 (-1024 2048 -128 ) (-1024 2048 -3775.719971 ) (-1024 1024 -3775.719971 ) (-1024 1024 -128 ) 
4 27 29 (-1024 1200 -128 ) (-1024 1120 -128 ) (-1024 1120 1567.719971 ) (-1024 1200 1567.719971 ) 
4 27 28 (-1024 2048 1567.719971 ) (-1024 2048 -128 ) (-1024 1200 -128 ) (-1024 1200 1567.719971 ) 
4 27 30 (-1024 1120 -128 ) (-1024 1024 -128 ) (-1024 1024 1567.719971 ) (-1024 1120 1567.719971 ) 
4 28 33 (-1472 1584 -127 ) (-1472 1488 -127 ) (-1472 1488 -17 ) (-1472 1584 -17 ) 
4 28 32 (-1472 1200 1567.719971 ) (-1472 2048 1567.719971 ) (-1472 2048 16 ) (-1472 1200 16 ) 
4 28 31 (-1472 1200 -128 ) (-1472 2048 -128 ) (-1024 2048 -128 ) (-1024 1200 -128 ) 
5 28 29 (-1168 1200 -128 ) (-1024 1200 -128 ) (-1024 1200 1567.719971 ) (-1472 1200 1567.719971 ) (-1472 1200 16 ) 
4 29 32 (-1472 1120 1567.719971 ) (-1472 1200 1567.719971 ) (-1472 1200 16 ) (-1472 1120 16 ) 
4 29 31 (-1168 1200 -128 ) (-1024 1200 -128 ) (-1024 1120 -128 ) (-1168 1120 -128 ) 
5 29 30 (-1168 1120 -128 ) (-1024 1120 -128 ) (-1024 1120 1567.719971 ) (-1472 1120 1567.719971 ) (-1472 1120 16 ) 
4 30 48 (-1024 1024 -128 ) (-1024 1024 -1 ) (-1472 1024 -1 ) (-1472 1024 -128 ) 
4 30 46 (-1024 1024 -1 ) (-1024 1024 1567.719971 ) (-1472 1024 1567.719971 ) (-1472 1024 -1 ) 
4 30 32 (-1472 1024 16 ) (-1472 1024 1567.719971 ) (-1472 1120 1567.719971 ) (-1472 1120 16 ) 
4 30 31 (-1024 1024 -128 ) (-1472 1024 -128 ) (-1472 1120 -128 ) (-1024 1120 -128 ) 
4 31 50 (-1024 1024 -3775.719971 ) (-1024 1024 -128 ) (-1472 1024 -128 ) (-1472 1024 -3775.719971 ) 
4 31 34 (-1472 1024 -3775.719971 ) (-1472 1024 -128 ) (-1472 2048 -128 ) (-1472 2048 -3775.719971 ) 
4 32 47 (-1472 1024 16 ) (-1472 1024 1567.719971 ) (-1664 1024 1567.719971 ) (-1664 1024 16 ) 
4 32 35 (-1664 2048 1567.719971 ) (-1664 2048 16 ) (-1664 1024 16 ) (-1664 1024 1567.719971 ) 
4 33 36 (-1664 1584 -127 ) (-1664 1488 -127 ) (-1664 1488 -17 ) (-1664 1584 -17 ) 
4 34 50 (-1472 1024 -3775.719971 ) (-1472 1024 -128 ) (-1664 1024 -128 ) (-1664 1024 -3775.719971 ) 
4 34 41 (-1664 2048 -128 ) (-1664 2048 -3775.719971 ) (-1664 1024 -3775.719971 ) (-1664 1024 -128 ) 
4 35 47 (-1664 1024 16 ) (-1664 1024 1567.719971 ) (-1824 1024 1567.719971 ) (-1824 1024 16 ) 
4 36 37 (-1680 1584 -127 ) (-1680 1488 -127 ) (-1680 1488 -1 ) (-1680 1584 -1 ) 
4 38 41 (-1824 2048 -128 ) (-1792 2048 -128 ) (-1792 1488 -128 ) (-1824 1488 -128 ) 
4 38 40 (-1824 1488 -128 ) (-1792 1488 -128 ) (-1792 1488 -1 ) (-1824 1488 -1 ) 
4 39 49 (-1664 1024 -128 ) (-1664 1024 -1 ) (-1792 1024 -1 ) (-1792 1024 -128 ) 
4 39 41 (-1664 1472 -128 ) (-1664 1024 -128 ) (-1792 1024 -128 ) (-1792 1472 -128 ) 
4 39 40 (-1792 1472 -128 ) (-1792 1024 -128 ) (-1792 1024 -1 ) (-1792 1472 -1 ) 
4 40 49 (-1792 1024 -1 ) (-1824 1024 -1 ) (-1824 1024 -128 ) (-1792 1024 -128 ) 
4 40 41 (-1792 1024 -128 ) (-1824 1024 -128 ) (-1824 1488 -128 ) (-1792 1488 -128 ) 
4 41 50 (-1664 1024 -3775.719971 ) (-1664 1024 -128 ) (-1824 1024 -128 ) (-1824 1024 -3775.719971 ) 
4 42 46 (-1024 1024 1567.719971 ) (-1024 1024 0 ) (-1024 576 0 ) (-1024 576 1567.719971 ) 
4 42 44 (-1024 576 0 ) (-1024 1024 0 ) (0 1024 0 ) (0 576 0 ) 
4 42 43 (0 576 16 ) (0 576 1567.719971 ) (-1024 576 1567.719971 ) (-1024 576 16 ) 
4 43 51 (-1024 512 16 ) (-1024 512 1567.719971 ) (-1024 576 1567.719971 ) (-1024 576 16 ) 
4 44 50 (-1024 1024 -128 ) (-1024 1024 -3775.719971 ) (-1024 576 -3775.719971 ) (-1024 576 -128 ) 
4 44 48 (-1024 1024 -1 ) (-1024 1024 -128 ) (-1024 576 -128 ) (-1024 576 -1 ) 
4 44 46 (-1024 1024 0 ) (-1024 1024 -1 ) (-1024 576 -1 ) (-1024 576 0 ) 
4 44 45 (-1024 576 -3775.719971 ) (0 576 -3775.719971 ) (0 576 -128 ) (-1024 576 -128 ) 
4 45 52 (-1024 576 -3775.719971 ) (-1024 512 -3775.719971 ) (-1024 512 -128 ) (-1024 576 -128 ) 
4 46 51 (-1024 576 16 ) (-1024 576 1567.719971 ) (-1472 576 1567.719971 ) (-1472 576 16 ) 
4 46 48 (-1024 576 -1 ) (-1472 576 -1 ) (-1472 1024 -1 ) (-1024 1024 -1 ) 
4 46 47 (-1472 576 16 ) (-1472 576 1567.719971 ) (-1472 1024 1567.719971 ) (-1472 1024 16 ) 
4 47 51 (-1824 576 1567.719971 ) (-1824 576 16 ) (-1472 576 16 ) (-1472 576 1567.719971 ) 
4 48 50 (-1024 576 -128 ) (-1472 576 -128 ) (-1472 1024 -128 ) (-1024 1024 -128 ) 
4 49 53 (-1824 576 -1 ) (-1824 576 -128 ) (-1664 576 -128 ) (-1664 576 -1 ) 
4 49 50 (-1664 576 -128 ) (-1824 576 -128 ) (-1824 1024 -128 ) (-1664 1024 -128 ) 
4 50 52 (-1664 576 -3775.719971 ) (-1024 576 -3775.719971 ) (-1024 576 -128 ) (-1664 576 -128 ) 
4 50 53 (-1824 576 -128 ) (-1824 576 -3775.719971 ) (-1664 576 -3775.719971 ) (-1664 576 -128 ) 
4 52 53 (-1664 576 -3775.719971 ) (-1664 512 -3775.719971 ) (-1664 512 -128 ) (-1664 576 -128 ) 
