C:\GABEMODPLUS\SRC\TIER1\RELEASE\PROCESSOR_DETECT.OBJ
C:\GABEMODPLUS\SRC\TIER1\RELEASE\TIER1.OBJ
C:\GABEMODPLUS\SRC\TIER1\RELEASE\STRTOOLS.OBJ
C:\GABEMODPLUS\SRC\TIER1\RELEASE\STRINGPOOL.OBJ
C:\GABEMODPLUS\SRC\TIER1\RELEASE\RANGECHECKEDVAR.OBJ
C:\GABEMODPLUS\SRC\TIER1\RELEASE\NEWBITBUF.OBJ
C:\GABEMODPLUS\SRC\TIER1\RELEASE\MEMSTACK.OBJ
C:\GABEMODPLUS\SRC\TIER1\RELEASE\MEMPOOL.OBJ
C:\GABEMODPLUS\SRC\TIER1\RELEASE\INTERFACE.OBJ
C:\GABEMODPLUS\SRC\TIER1\RELEASE\GENERICHASH.OBJ
C:\GABEMODPLUS\SRC\TIER1\RELEASE\DIFF.OBJ
C:\GABEMODPLUS\SRC\TIER1\RELEASE\DATAMANAGER.OBJ
C:\GABEMODPLUS\SRC\TIER1\RELEASE\CONVAR.OBJ
C:\GABEMODPLUS\SRC\TIER1\RELEASE\COMMANDBUFFER.OBJ
C:\GABEMODPLUS\SRC\TIER1\RELEASE\CHECKSUM_MD5.OBJ
C:\GABEMODPLUS\SRC\TIER1\RELEASE\CHECKSUM_CRC.OBJ
C:\GABEMODPLUS\SRC\TIER1\RELEASE\CHARACTERSET.OBJ
C:\GABEMODPLUS\SRC\TIER1\RELEASE\BYTESWAP.OBJ
C:\GABEMODPLUS\SRC\TIER1\RELEASE\BITBUF.OBJ
C:\GABEMODPLUS\SRC\TIER1\RELEASE\NETADR.OBJ
C:\GABEMODPLUS\SRC\TIER1\RELEASE\KEYVALUES.OBJ
C:\GABEMODPLUS\SRC\TIER1\RELEASE\UTLSYMBOL.OBJ
C:\GABEMODPLUS\SRC\TIER1\RELEASE\UTLSTRING.OBJ
C:\GABEMODPLUS\SRC\TIER1\RELEASE\UTLBUFFERUTIL.OBJ
C:\GABEMODPLUS\SRC\TIER1\RELEASE\UTLBUFFER.OBJ
C:\GABEMODPLUS\SRC\TIER1\RELEASE\UNIQUEID.OBJ
C:\GABEMODPLUS\SRC\TIER1\RELEASE\TOKENREADER.OBJ
C:\GABEMODPLUS\SRC\LIB\PUBLIC\TIER1.LIB
C:\GabeModPlus\src\tier1\Release\bitbuf.obj
C:\GabeModPlus\src\tier1\Release\byteswap.obj
C:\GabeModPlus\src\tier1\Release\characterset.obj
C:\GabeModPlus\src\tier1\Release\checksum_crc.obj
C:\GabeModPlus\src\tier1\Release\checksum_md5.obj
C:\GabeModPlus\src\tier1\Release\commandbuffer.obj
C:\GabeModPlus\src\tier1\Release\convar.obj
C:\GabeModPlus\src\tier1\Release\datamanager.obj
C:\GabeModPlus\src\tier1\Release\diff.obj
C:\GabeModPlus\src\tier1\Release\generichash.obj
C:\GabeModPlus\src\tier1\Release\interface.obj
C:\GabeModPlus\src\tier1\Release\KeyValues.obj
C:\GabeModPlus\src\tier1\Release\mempool.obj
C:\GabeModPlus\src\tier1\Release\memstack.obj
C:\GabeModPlus\src\tier1\Release\NetAdr.obj
C:\GabeModPlus\src\tier1\Release\newbitbuf.obj
C:\GabeModPlus\src\tier1\Release\processor_detect.obj
C:\GabeModPlus\src\tier1\Release\rangecheckedvar.obj
C:\GabeModPlus\src\tier1\Release\stringpool.obj
C:\GabeModPlus\src\tier1\Release\strtools.obj
C:\GabeModPlus\src\tier1\Release\tier1.obj
C:\GabeModPlus\src\tier1\Release\tokenreader.obj
C:\GabeModPlus\src\tier1\Release\uniqueid.obj
C:\GabeModPlus\src\tier1\Release\utlbuffer.obj
C:\GabeModPlus\src\tier1\Release\utlbufferutil.obj
C:\GabeModPlus\src\tier1\Release\utlstring.obj
C:\GabeModPlus\src\tier1\Release\utlsymbol.obj
C:\GabeModPlus\src\tier1\Release\cl.command.1.tlog
C:\GabeModPlus\src\tier1\Release\CL.read.1.tlog
C:\GabeModPlus\src\tier1\Release\CL.write.1.tlog
C:\GabeModPlus\src\tier1\Release\Lib-link.read.1.tlog
C:\GabeModPlus\src\tier1\Release\Lib-link.write.1.tlog
C:\GabeModPlus\src\tier1\Release\lib.command.1.tlog
C:\GabeModPlus\src\tier1\Release\Lib.read.1.tlog
