  KeyValues.cpp
  NetAdr.cpp
  bitbuf.cpp
  byteswap.cpp
  checksum_md5.cpp
  commandbuffer.cpp
  convar.cpp
  datamanager.cpp
  diff.cpp
  interface.cpp
  mempool.cpp
  memstack.cpp
  newbitbuf.cpp
  rangecheckedvar.cpp
  stringpool.cpp
  strtools.cpp
  tier1.cpp
  tokenreader.cpp
  uniqueid.cpp
  utlbuffer.cpp
  Generating Code...
  Compiling...
  utlbufferutil.cpp
  utlstring.cpp
  utlsymbol.cpp
  Generating Code...
C:\Program Files (x86)\MSBuild\Microsoft.Cpp\v4.0\V110\Microsoft.CppBuild.targets(1299,5): warning MSB8012: TargetPath(C:\GabeModPlus\src\tier1\.\Release\tier1.lib) does not match the Library's OutputFile property value (C:\GabeModPlus\src\lib\public\tier1.lib). This may cause your project to build incorrectly. To correct this, please make sure that $(OutDir), $(TargetName) and $(TargetExt) property values match the value specified in %(Lib.OutputFile).
  tier1-2005.vcxproj -> C:\GabeModPlus\src\tier1\.\Release\tier1.lib
