  stdafx.cpp
cl : Command line warning D9030: '/Gm' is incompatible with multiprocessing; ignoring /MP switch
  toolframework_server.cpp
  entity_tools_server.cpp
  weapon_multitool.cpp
  weapon_hax.cpp
  weapon_camera.cpp
  multiplayer_animstate.cpp
  playerinfomanager.cpp
  weapon_stunstick.cpp
  weapon_smg1.cpp
  weapon_slam.cpp
  weapon_shotgun.cpp
  weapon_rpg.cpp
c:\gabemodplus\src\game\shared\hl2mp\weapon_rpg.cpp(541): warning C4189: 'pPlayer' : local variable is initialized but not referenced
c:\gabemodplus\src\game\shared\hl2mp\weapon_rpg.cpp(1553): warning C4238: nonstandard extension used : class rvalue used as lvalue
  weapon_pistol.cpp
  weapon_physcannon.cpp
  weapon_hl2mpbasehlmpcombatweapon.cpp
  weapon_hl2mpbasebasebludgeon.cpp
  weapon_hl2mpbase_machinegun.cpp
  weapon_hl2mpbase.cpp
  weapon_frag.cpp
  weapon_crowbar.cpp
  Generating Code...
c:\gabemodplus\src\game\server\weapon_multitool.cpp(1549): warning C4701: potentially uninitialized local variable 'i' used
c:\gabemodplus\src\game\server\weapon_multitool.cpp(1005): warning C4701: potentially uninitialized local variable 'i' used
  Compiling...
  weapon_crossbow.cpp
  weapon_ar2.cpp
  weapon_357.cpp
  te_hl2mp_shotgun_shot.cpp
  grenade_tripmine.cpp
  grenade_satchel.cpp
  hl2mp_weapon_parse.cpp
  hl2mp_playeranimstate.cpp
  hl2mp_player_shared.cpp
  hl2mp_player.cpp
c:\gabemodplus\src\game\server\hl2mp\hl2mp_player.cpp(7): warning C4627: '#include "weapon_hl2mpbasehlmpcombatweapon.h"': skipped when looking for precompiled header use
          Add directive to 'cbase.h' or rebuild precompiled header
  hl2mp_gamerules.cpp
  hl2mp_gameinterface.cpp
  hl2mp_cvars.cpp
  hl2mp_client.cpp
  weapon_flaregun.cpp
  weapon_cguard.cpp
  vehicle_apc.cpp
  grenade_pathfollower.cpp
  grenade_homer.cpp
  grenade_beam.cpp
  Generating Code...
  Compiling...
  weapon_cubemap.cpp
  weapon_bugbait.cpp
  weapon_annabelle.cpp
  vehicle_viewcontroller.cpp
  vehicle_prisoner_pod.cpp
  vehicle_crane.cpp
  vehicle_airboat.cpp
  script_intro_shared.cpp
  script_intro.cpp
  rotorwash.cpp
  proto_sniper.cpp
  prop_thumper.cpp
  prop_combine_ball.cpp
  point_apc_controller.cpp
  npc_zombie.cpp
  npc_vortigaunt_episodic.cpp
  npc_turret_ground.cpp
  npc_turret_floor.cpp
  npc_turret_ceiling.cpp
  npc_talker.cpp
  Generating Code...
  Compiling...
  npc_strider.cpp
  npc_stalker.cpp
  npc_scanner.cpp
  npc_rollermine.cpp
  npc_PoisonZombie.cpp
  npc_playercompanion.cpp
  npc_mossman.cpp
  npc_monk.cpp
  npc_metropolice.cpp
  npc_manhack.cpp
  npc_launcher.cpp
  npc_kleiner.cpp
  npc_ichthyosaur.cpp
  npc_headcrab.cpp
  npc_gman.cpp
  npc_fisherman.cpp
  npc_enemyfinder.cpp
  npc_eli.cpp
  npc_dog.cpp
  npc_crow.cpp
  Generating Code...
  Compiling...
  npc_cranedriver.cpp
  npc_combines.cpp
  npc_combinegunship.cpp
  npc_combinedropship.cpp
  npc_combinecamera.cpp
  npc_combine.cpp
  npc_citizen17.cpp
  npc_bullseye.cpp
  npc_breen.cpp
  npc_BaseZombie.cpp
  npc_basescanner.cpp
  npc_barney.cpp
  npc_barnacle.cpp
  npc_attackchopper.cpp
  npc_apcdriver.cpp
  npc_antlionguard.cpp
  npc_antlion.cpp
  npc_alyx.cpp
  monster_dummy.cpp
  look_door.cpp
  Generating Code...
  Compiling...
  item_suit.cpp
  item_itemcrate.cpp
  item_healthkit.cpp
  item_dynamic_resupply.cpp
  item_battery.cpp
  item_ammo.cpp
  info_teleporter_countdown.cpp
  hl_playermove.cpp
  hl_gamemovement.cpp
  hl2_usermessages.cpp
  hl2_triggers.cpp
  hl2_playerlocaldata.cpp
  hl2_player.cpp
  hl2_gamerules.cpp
  hl2_eventlog.cpp
  hl2_ai_network.cpp
  grenade_frag.cpp
  grenade_bugbait.cpp
  grenade_ar2.cpp
  func_tank.cpp
  Generating Code...
  Compiling...
  func_recharge.cpp
  env_starfield.cpp
  env_speaker.cpp
  env_headcrabcanister_shared.cpp
  env_headcrabcanister.cpp
  env_alyxemp.cpp
  combine_mine.cpp
  citadel_effects.cpp
  cbasespriteprojectile.cpp
  cbasehelicopter.cpp
  basehlcombatweapon_shared.cpp
  basehlcombatweapon.cpp
  basebludgeonweapon.cpp
  ar2_explosion.cpp
  antlion_maker.cpp
  antlion_dust.cpp
  ai_spotlight.cpp
  ai_goal_police.cpp
  ai_behavior_police.cpp
  ai_behavior_holster.cpp
  Generating Code...
  Compiling...
  ai_behavior_functank.cpp
  ai_behavior_actbusy.cpp
  ai_allymanager.cpp
  usermessages.cpp
  te_worlddecal.cpp
  te_spritespray.cpp
  te_sprite.cpp
  te_sparks.cpp
  te_smoke.cpp
  te_showline.cpp
  te_projecteddecal.cpp
  te_playerdecal.cpp
  te_physicsprop.cpp
  te_particlesystem.cpp
  te_muzzleflash.cpp
  te_largefunnel.cpp
  te_killplayerattachments.cpp
  te_impact.cpp
  te_glowsprite.cpp
  te_glassshatter.cpp
  Generating Code...
  Compiling...
  te_gaussexplosion.cpp
  te_footprintdecal.cpp
  te_fizz.cpp
  te_explosion.cpp
  te_energysplash.cpp
  te_effect_dispatch.cpp
  te_dynamiclight.cpp
  te_decal.cpp
  te_clientprojectile.cpp
  te_bubbletrail.cpp
  te_bubbles.cpp
  te_bspdecal.cpp
  te_breakmodel.cpp
  te_bloodstream.cpp
  te_bloodsprite.cpp
  te_beamspline.cpp
  te_beamringpoint.cpp
  te_beamring.cpp
  te_beampoints.cpp
  te_beamlaser.cpp
  Generating Code...
  Compiling...
  te_beamfollow.cpp
  te_beaments.cpp
  te_beamentpoint.cpp
  te_basebeam.cpp
  te_armorricochet.cpp
  te.cpp
  steamjet.cpp
  SpriteTrail.cpp
  smokestack.cpp
  smoke_trail.cpp
  plasma.cpp
  particle_smokegrenade.cpp
  particle_fire.cpp
  movie_explosion.cpp
  event_tempentity_tester.cpp
  basetempentity.cpp
  world.cpp
  weight_button.cpp
  weapon_stickylauncher.cpp
  weapon_proficiency.cpp
  Generating Code...
  Compiling...
  weapon_parse.cpp
  wcedit.cpp
  WaterLODControl.cpp
  waterbullet.cpp
  voice_gamemgr.cpp
  vguiscreen.cpp
  vehicle_viewblend_shared.cpp
  vehicle_baseserver.cpp
  vehicle_base.cpp
  variant_t.cpp
  util_shared.cpp
  util.cpp
  usercmd.cpp
  triggers.cpp
  trains.cpp
  timedeventmgr.cpp
  textstatsmgr.cpp
  testtraceline.cpp
  testfunctions.cpp
  test_stressentities.cpp
  Generating Code...
  Compiling...
  test_proxytoggle.cpp
  test_ehandle.cpp
  tesla.cpp
  tempmonster.cpp
  TemplateEntities.cpp
  teamplay_gamerules.cpp
  team_spawnpoint.cpp
  team.cpp
  tanktrain.cpp
  weapon_propspawner.cpp
  weapon_proplauncher.cpp
  weapon_multitool_legacy.cpp
c:\gabemodplus\src\game\server\weapon_multitool_legacy.cpp(323): warning C4189: 'numBeamTypes' : local variable is initialized but not referenced
c:\gabemodplus\src\game\server\weapon_multitool_legacy.cpp(771): warning C4189: 'sounds' : local variable is initialized but not referenced
  weapon_lasergun.cpp
  weapon_jetpack.cpp
  test.cpp
  sv_htmlcon.cpp
  takedamageinfo.cpp
  survival_gamerules.cpp
  sun.cpp
  subs.cpp
  Generating Code...
  Compiling...
  sticky_pellet.cpp
  studio_shared.cpp
  sprite_perfmonitor.cpp
  Sprite.cpp
  spotlightend.cpp
  soundscape_system.cpp
  soundscape.cpp
  SoundParametersInternal.cpp
  soundenvelope.cpp
  soundent.cpp
  SoundEmitterSystem.cpp
  sound.cpp
  slideshow_display.cpp
  SkyCamera.cpp
  singleplay_gamerules.cpp
  simtimer.cpp
  shadowcontrol.cpp
  ServerNetworkProperty.cpp
  serverbenchmark_base.cpp
  sequence_Transitioner.cpp
  Generating Code...
  Compiling...
  sendproxy.cpp
  sdk_inventorymelon.cpp
  scriptedtarget.cpp
  scripted.cpp
  scratchpad_gamedll_helpers.cpp
  sceneentity_shared.cpp
  sceneentity.cpp
  SceneCache.cpp
  saverestore_gamedll.cpp
  saverestore.cpp
  rope_helpers.cpp
  rope.cpp
  recipientfilter.cpp
  RagdollBoogie.cpp
  ragdoll_shared.cpp
  ragdoll_manager.cpp
  props_shared.cpp
  props.cpp
  predicted_viewmodel.cpp
  predictableid.cpp
  Generating Code...
  Compiling...
  precache_register.cpp
  pointteleport.cpp
  pointhurt.cpp
  PointAngularVelocitySensor.cpp
  pointanglesensor.cpp
  point_template.cpp
  point_spotlight.cpp
  point_posecontroller.cpp
  point_playermoveconstraint.cpp
  point_devshot_camera.cpp
  point_camera.cpp
  point_bonusmaps_accessor.cpp
  plugin_check.cpp
  playerlocaldata.cpp
  player_resource.cpp
  player_pickup.cpp
  player_lagcompensation.cpp
  player_command.cpp
  player.cpp
  physobj.cpp
  Generating Code...
  Compiling...
  physics_shared.cpp
  physics_saverestore.cpp
  physics_prop_ragdoll.cpp
  physics_npc_solver.cpp
  physics_main_shared.cpp
  physics_main.cpp
  physics_impact_damage.cpp
  physics_fx.cpp
  physics_cannister.cpp
  physics_bone_follower.cpp
  physics.cpp
  physconstraint.cpp
  phys_controller.cpp
  pathtrack.cpp
  pathcorner.cpp
  particlesystemquery.cpp
  particle_system.cpp
  particle_parse.cpp
  particle_light.cpp
  obstacle_pushaway.cpp
  Generating Code...
  Compiling...
  npc_vehicledriver.cpp
  npc_fastzombie.cpp
  npc_agrunt.cpp
  ndebugoverlay.cpp
  nav_node.cpp
  nav_mesh.cpp
  nav_ladder.cpp
  nav_generate.cpp
  nav_file.cpp
  nav_edit.cpp
  nav_colors.cpp
  nav_area.cpp
  bot_main.cpp
  multiplay_gamerules.cpp
  mp_shareddefs.cpp
  movevars_shared.cpp
  movement.cpp
  movehelper_server.cpp
  monstermaker.cpp
  ModelSoundsCache.cpp
  Generating Code...
  Compiling...
  modelentities.cpp
  message_entity.cpp
  MaterialModifyControl.cpp
  maprules.cpp
  mapentities_shared.cpp
  mapentities.cpp
  lua_vector.cpp
  lua_test.cpp
  lua_player.cpp
  lua_ents.cpp
  lua_debugoverlay.cpp
c:\gabemodplus\src\game\server\lua_debugoverlay.cpp(76): warning C4189: 'noDepth' : local variable is initialized but not referenced
c:\gabemodplus\src\game\server\lua_debugoverlay.cpp(131): warning C4800: 'float' : forcing value to bool 'true' or 'false' (performance warning)
  lua_dbg.cpp
  logicrelay.cpp
  logicentities.cpp
  logicauto.cpp
  logic_navigation.cpp
  logic_measure_movement.cpp
  logic_autosave.cpp
  logic_achievement.cpp
  lights.cpp
  Generating Code...
  Compiling...
  lightglow.cpp
  item_world.cpp
  intermission.cpp
  info_overlay_accessor.cpp
  info_camera_link.cpp
  igamesystem.cpp
  hltvdirector.cpp
  hintsystem.cpp
  hintmessage.cpp
  hierarchy.cpp
  h_cycler.cpp
  h_ai.cpp
  weapon_immolator.cpp
c:\gabemodplus\src\game\server\hl2\weapon_immolator.cpp(383): warning C4390: ';' : empty controlled statement found; is this the intent?
  vehicle_jetski.cpp
c:\gabemodplus\src\game\server\hl2\vehicle_jetski.cpp(357): warning C4189: 'flRatio' : local variable is initialized but not referenced
c:\gabemodplus\src\game\server\hl2\vehicle_jetski.cpp(361): warning C4189: 'bLean' : local variable is initialized but not referenced
  vehicle_jeep.cpp
  npc_antliongrub.cpp
  hl1_monster_squad.cpp
  hl1_monster.cpp
  guntarget.cpp
  grenadethrown.cpp
  Generating Code...
c:\gabemodplus\src\game\server\hl2\weapon_immolator.cpp(418): warning C4706: assignment within conditional expression
  Compiling...
  globalstate.cpp
  globals.cpp
  gib.cpp
  genericmonster.cpp
  genericactor.cpp
  gameweaponmanager.cpp
  gamevars_shared.cpp
  gametrace_dll.cpp
  gamestringpool.cpp
  GameStats.cpp
  gamerules_register.cpp
  gamerules.cpp
  gamemovement.cpp
c:\gabemodplus\src\game\shared\gamemovement.cpp(2473): warning C4189: 'flNewSpeed' : local variable is initialized but not referenced
c:\gabemodplus\src\game\shared\gamemovement.cpp(2472): warning C4189: 'flMaxSpeed' : local variable is initialized but not referenced
  gameinterface.cpp
  game_ui.cpp
  game.cpp
  func_smokevolume.cpp
  func_reflective_glass.cpp
  func_occluder.cpp
  func_movelinear.cpp
  Generating Code...
  Compiling...
  Func_Monitor.cpp
  ge_luamanager.cpp
  ge_gamelua.cpp
  gabe_nextbot.cpp
  gabe_effect_carrier.cpp
  gabe_effects.cpp
  gabe_constraints.cpp
  gabeplus_shared.cpp
  gabeplus_npc_nextbot.cpp
  gabeplus_npcinfo.cpp
  gabeplus_maxammo.cpp
  func_lod.cpp
  func_ladder_endpoint.cpp
  func_ladder.cpp
  func_dust.cpp
  func_breakablesurf.cpp
  func_break.cpp
  func_areaportalwindow.cpp
  func_areaportalbase.cpp
  func_areaportal.cpp
  Generating Code...
c:\gabemodplus\src\game\server\ge_gamelua.cpp(272): warning C4700: uninitialized local variable 'handle' used
  Compiling...
  fourwheelvehiclephysics.cpp
  fogcontroller.cpp
  fish.cpp
  fire_smoke.cpp
  fire.cpp
  filters.cpp
  explode.cpp
  EventLog.cpp
  eventlist.cpp
  EnvSpark.cpp
  EnvShake.cpp
  envmicrophone.cpp
  EnvMessage.cpp
  EnvLaser.cpp
  EnvHudHint.cpp
  EnvFade.cpp
  EnvBeam.cpp
  env_zoom.cpp
  env_wind_shared.cpp
  env_tonemap_controller.cpp
  Generating Code...
  Compiling...
  env_texturetoggle.cpp
  env_screenoverlay.cpp
  env_projectedtexture.cpp
  env_player_surface_trigger.cpp
  env_particlescript.cpp
  env_entity_maker.cpp
  env_effectsscript.cpp
  env_detail_controller.cpp
  env_debughistory.cpp
  EntityParticleTrail_Shared.cpp
  EntityParticleTrail.cpp
  entitylist_base.cpp
  entitylist.cpp
  EntityFlame.cpp
  EntityDissolve.cpp
  entityblocker.cpp
  ehandle.cpp
  EffectsServer.cpp
  effects.cpp
  effect_dispatch_data.cpp
  Generating Code...
  Compiling...
  dynamiclight.cpp
  doors.cpp
  gabeplus_debugobjects.cpp
c:\gabemodplus\src\game\server\gabeplus_debugobjects.cpp(744): warning C4189: 'pEnt' : local variable is initialized but not referenced
  gabeplus_chaosent.cpp
c:\program files (x86)\windows kits\8.0\include\um\processenv.h(154): warning C4005: 'GetCommandLine' : macro redefinition
          c:\gabemodplus\src\public\tier0\protected_things.h(185) : see previous definition of 'GetCommandLine'
c:\program files (x86)\windows kits\8.0\include\um\consoleapi.h(153): warning C4005: 'ReadConsoleInput' : macro redefinition
          c:\gabemodplus\src\public\tier0\protected_things.h(251) : see previous definition of 'ReadConsoleInput'
c:\program files (x86)\windows kits\8.0\include\um\winreg.h(319): warning C4005: 'RegCreateKey' : macro redefinition
          c:\gabemodplus\src\public\tier0\protected_things.h(233) : see previous definition of 'RegCreateKey'
c:\program files (x86)\windows kits\8.0\include\um\winreg.h(355): warning C4005: 'RegCreateKeyEx' : macro redefinition
          c:\gabemodplus\src\public\tier0\protected_things.h(227) : see previous definition of 'RegCreateKeyEx'
c:\program files (x86)\windows kits\8.0\include\um\winreg.h(680): warning C4005: 'RegOpenKey' : macro redefinition
          c:\gabemodplus\src\public\tier0\protected_things.h(197) : see previous definition of 'RegOpenKey'
c:\program files (x86)\windows kits\8.0\include\um\winreg.h(708): warning C4005: 'RegOpenKeyEx' : macro redefinition
          c:\gabemodplus\src\public\tier0\protected_things.h(191) : see previous definition of 'RegOpenKeyEx'
c:\program files (x86)\windows kits\8.0\include\um\winreg.h(804): warning C4005: 'RegQueryValue' : macro redefinition
          c:\gabemodplus\src\public\tier0\protected_things.h(221) : see previous definition of 'RegQueryValue'
c:\program files (x86)\windows kits\8.0\include\um\winreg.h(866): warning C4005: 'RegQueryValueEx' : macro redefinition
          c:\gabemodplus\src\public\tier0\protected_things.h(215) : see previous definition of 'RegQueryValueEx'
c:\program files (x86)\windows kits\8.0\include\um\winreg.h(986): warning C4005: 'RegSetValue' : macro redefinition
          c:\gabemodplus\src\public\tier0\protected_things.h(209) : see previous definition of 'RegSetValue'
c:\program files (x86)\windows kits\8.0\include\um\winreg.h(1016): warning C4005: 'RegSetValueEx' : macro redefinition
          c:\gabemodplus\src\public\tier0\protected_things.h(203) : see previous definition of 'RegSetValueEx'
  ent_test.cpp
  edictfiller.cpp
  decals.cpp
  debugoverlay_shared.cpp
  death_pose.cpp
  damagemodifier.cpp
  CRagdollMagnet.cpp
  cplane.cpp
  controlentities.cpp
  CommentarySystem.cpp
  colorcorrectionvolume.cpp
  colorcorrection.cpp
  collisionproperty.cpp
  client.cpp
  cbase.cpp
  buttons.cpp
  Generating Code...
  Compiling...
  bmodels.cpp
  bitstring.cpp
  beam_shared.cpp
  baseviewmodel_shared.cpp
  baseviewmodel.cpp
  baseplayer_shared.cpp
  baseparticleentity.cpp
  basemultiplayerplayer.cpp
  basegrenade_timed.cpp
  basegrenade_shared.cpp
  basegrenade_contact.cpp
  basegrenade_concussion.cpp
  baseflex.cpp
  baseentity_shared.cpp
  baseentity.cpp
  basecombatweapon_shared.cpp
  basecombatweapon.cpp
  basecombatcharacter_shared.cpp
  basecombatcharacter.cpp
  BaseAnimatingOverlay.cpp
  Generating Code...
c:\gabemodplus\src\game\server\basecombatcharacter.cpp(1537): warning C4715: 'CBaseCombatCharacter::BecomeRagdoll' : not all control paths return a value
  Compiling...
  baseanimating.cpp
  baseachievement.cpp
  base_transmit_proxy.cpp
  base_playeranimstate.cpp
  animation.cpp
  ammodef.cpp
  ai_waypoint.cpp
  ai_utils.cpp
  ai_trackpather.cpp
  ai_task.cpp
  ai_tacticalservices.cpp
  ai_squadslot.cpp
  ai_squad.cpp
  ai_speechfilter.cpp
  ai_speech.cpp
  ai_sentence.cpp
  ai_senses.cpp
  ai_scriptconditions.cpp
  ai_schedule.cpp
  ai_saverestore.cpp
  Generating Code...
  Compiling...
  ai_route.cpp
  AI_ResponseSystem.cpp
  ai_relationship.cpp
  ai_playerally.cpp
  ai_planesolver.cpp
  ai_pathfinder.cpp
  ai_node.cpp
  ai_networkmanager.cpp
  ai_network.cpp
  ai_navigator.cpp
  ai_namespaces.cpp
  ai_movesolver.cpp
  ai_moveshoot.cpp
  ai_moveprobe.cpp
  ai_motor.cpp
  ai_memory.cpp
  ai_looktarget.cpp
  ai_localnavigator.cpp
  ai_link.cpp
  AI_Interest_Target.cpp
  Generating Code...
  Compiling...
  ai_initutils.cpp
  ai_hull.cpp
  ai_hint.cpp
  ai_goalentity.cpp
  ai_event.cpp
  ai_dynamiclink.cpp
  ai_default.cpp
  AI_Criteria.cpp
  ai_condition.cpp
  ai_concommands.cpp
  ai_blended_movement.cpp
  ai_behavior_standoff.cpp
  ai_behavior_rappel.cpp
  ai_behavior_lead.cpp
  ai_behavior_follow.cpp
  ai_behavior_fear.cpp
  ai_behavior_assault.cpp
  ai_behavior.cpp
  ai_basenpc_squad.cpp
  ai_basenpc_schedule.cpp
  Generating Code...
  Compiling...
  ai_basenpc_physicsflyer.cpp
  ai_basenpc_movement.cpp
  ai_basenpc_flyer_new.cpp
  ai_basenpc_flyer.cpp
  ai_basenpc.cpp
  ai_basehumanoid.cpp
  ai_baseactor.cpp
  ai_activity.cpp
  achievements_hl2.cpp
  weapon_physgun.cpp
c:\gabemodplus\src\game\shared\hl2mp\weapon_physgun.cpp(81): warning C4189: 'pszClass' : local variable is initialized but not referenced
  weapon_mp5.cpp
  weapon_eattach.cpp
  gabe_events.cpp
  activitylist.cpp
  achievements_hlx.cpp
  achievementmgr.cpp
  achievement_saverestore.cpp
  Generating Code...
cl : Command line warning D9030: '/Gm' is incompatible with multiprocessing; ignoring /MP switch
  studio.cpp
  stringregistry.cpp
  simple_physics.cpp
  sheetsimulator.cpp
  server_class.cpp
  ScratchPadUtils.cpp
  scratchpad3d.cpp
  rope_physics.cpp
  registry.cpp
  networkvar.cpp
  map_utils.cpp
  keyframe.cpp
  interval.cpp
  interpolatortypes.cpp
  init_factory.cpp
  h_export.cpp
  GameStats_BasicStatsFunctions.cpp
  gamehandle.cpp
  filesystem_helpers.cpp
  editor_sendcommand.cpp
  Generating Code...
  Compiling...
  dt_utlvector_send.cpp
  dt_utlvector_common.cpp
  dt_send.cpp
  collisionutils.cpp
  bone_setup.cpp
  Generating Code...
     Creating library .\Debug_hl2mp\Server.lib and object .\Debug_hl2mp\Server.exp
  server_hl2mp-2005.vcxproj -> C:\GabeModPlus\src\game\server\.\Debug_hl2mp\Server.dll
  Copying to D:\Program Files (x86)\Steam\steamapps\SourceMods\gabemodplus\bin\
          1 file(s) copied.
