 motionmapper

 Timestamp is 6987e1e4 (Sat Feb 07 20:07:48 2026)

 Preferred load address is 00400000

 Start         Length     Name                   Class
 0001:00000000 0002b79cH .text                   CODE
 0001:0002b7a0 000000d9H .text$yc                CODE
 0001:0002b880 000001d6H .text$yd                CODE
 0002:00000000 00000210H .idata$5                DATA
 0002:00000210 00000004H .CRT$XCA                DATA
 0002:00000214 0000001cH .CRT$XCU                DATA
 0002:00000230 00000004H .CRT$XCZ                DATA
 0002:00000234 00000004H .CRT$XIA                DATA
 0002:00000238 00000014H .CRT$XIC                DATA
 0002:0000024c 00000004H .CRT$XIY                DATA
 0002:00000250 00000004H .CRT$XIZ                DATA
 0002:00000254 00000004H .CRT$XPA                DATA
 0002:00000258 00000010H .CRT$XPX                DATA
 0002:00000268 00000004H .CRT$XPXA               DATA
 0002:0000026c 00000004H .CRT$XPZ                DATA
 0002:00000270 00000004H .CRT$XTA                DATA
 0002:00000274 00000004H .CRT$XTZ                DATA
 0002:00000280 0000fdc0H .rdata                  DATA
 0002:00010040 00000068H .rdata$debug            DATA
 0002:000100a8 000001a8H .rdata$r                DATA
 0002:00010250 0000000cH .rdata$sxdata           DATA
 0002:0001025c 00000004H .rtc$IAA                DATA
 0002:00010260 00000004H .rtc$IZZ                DATA
 0002:00010264 00000004H .rtc$TAA                DATA
 0002:00010268 00000004H .rtc$TZZ                DATA
 0002:00010270 00000644H .xdata$x                DATA
 0002:000108b4 00000050H .idata$2                DATA
 0002:00010904 00000014H .idata$3                DATA
 0002:00010918 00000210H .idata$4                DATA
 0002:00010b28 00000a62H .idata$6                DATA
 0002:00011590 00000053H .edata                  DATA
 0003:00000000 00002340H .data                   DATA
 0003:00002340 01397300H .bss                    DATA
 0004:00000000 000072e0H _RDATA                  DATA

  Address         Publics by Value              Rva+Base       Lib:Object

 0000:00000000       __except_list              00000000     <absolute>
 0000:00000003       ___safe_se_handler_count   00000003     <absolute>
 0000:00000000       ___ImageBase               00400000     <linker-defined>
 0001:00000000       ??1?$CUtlVector@DV?$CUtlMemory@DH@@@@QAE@XZ 00401000 f i cmdlib.obj
 0001:00000000       ??1?$CUtlVector@PAUStringPool_t@CUtlSymbolTable@@V?$CUtlMemory@PAUStringPool_t@CUtlSymbolTable@@H@@@@QAE@XZ 00401000 f i tier1:utlsymbol.obj
 0001:00000060       ?CmdLib_FPrintf@@YAXPAXPBDZZ 00401060 f   cmdlib.obj
 0001:00000200       ?CmdLib_GetBasePath@@YAPBDH@Z 00401200 f   cmdlib.obj
 0001:00000220       ?CmdLib_GetNumBasePaths@@YAHXZ 00401220 f   cmdlib.obj
 0001:00000230       ?CmdLib_HasBasePath@@YA_NPBDAAH@Z 00401230 f   cmdlib.obj
 0001:000002f0       ?CmdLib_InitFileSystem@@YAXPBDH@Z 004012f0 f   cmdlib.obj
 0001:00000320       ?CmdLib_SpewOutputFunc@@YA?AW4SpewRetval_t@@W4SpewType_t@@PBD@Z 00401320 f   cmdlib.obj
 0001:00000590       ?ExpandArg@@YAPADPAD@Z     00401590 f   cmdlib.obj
 0001:00000610       ?ExpandPath@@YAPADPAD@Z    00401610 f   cmdlib.obj
 0001:00000650       ?FileTime@@YAHPAD@Z        00401650 f   cmdlib.obj
 0001:00000710       ?Grow@?$CUtlMemory@EH@@QAEXH@Z 00401710 f i tier1:utlbuffer.obj
 0001:00000710       ?Grow@?$CUtlMemory@DH@@QAEXH@Z 00401710 f i cmdlib.obj
 0001:000007a0       ?InstallSpewFunction@@YAXXZ 004017a0 f   cmdlib.obj
 0001:000007e0       ?RemoveAll@?$CUtlLinkedList@P6AXPBD@ZG$0A@GV?$CUtlMemory@U?$UtlLinkedListElem_t@P6AXPBD@ZG@@G@@@@QAEXXZ 004017e0 f i cmdlib.obj
 0001:000007e0       ?RemoveAll@?$CUtlLinkedList@P6AXXZG$0A@GV?$CUtlMemory@U?$UtlLinkedListElem_t@P6AXXZG@@G@@@@QAEXXZ 004017e0 f i cmdlib.obj
 0001:00000850       ?SetConsoleTextColor@@YAGHHHH@Z 00401850 f   cmdlib.obj
 0001:000008d0       ??0CFSLoadModuleInfo@@QAE@XZ 004018d0 f   filesystem_init.obj
 0001:00000910       ??0CFSMountContentInfo@@QAE@XZ 00401910 f   filesystem_init.obj
 0001:00000930       ??0CFSSearchPathsInit@@QAE@XZ 00401930 f   filesystem_init.obj
 0001:00000950       ??0CTempEnvVar@@QAE@PBD@Z  00401950 f i filesystem_init.obj
 0001:00000a40       ??1CTempEnvVar@@QAE@XZ     00401a40 f i filesystem_init.obj
 0001:00000ab0       ?AddLanguageGameDir@@YAXPAVIFileSystem@@PBD1@Z 00401ab0 f   filesystem_init.obj
 0001:00000b80       ?DoesFileExistIn@@YA_NPBD0@Z 00401b80 f   filesystem_init.obj
 0001:00000bf0       ?DoesPathExistAlready@@YA_NPBD0@Z 00401bf0 f   filesystem_init.obj
 0001:00000e90       ?FileSystem_AddSearchPath_Platform@@YAXPAVIFileSystem@@PBD@Z 00401e90 f   filesystem_init.obj
 0001:00000f20       ?FileSystem_GetExecutableDir@@YA_NPADH@Z 00401f20 f   filesystem_init.obj
 0001:00001030       ?FileSystem_GetFileSystemDLLName@@YA?AW4FSReturnCode_t@@PADHAA_N@Z 00402030 f   filesystem_init.obj
 0001:000010f0       ?FileSystem_IsHldsUpdateToolDedicatedServer@@YA_NXZ 004020f0 f   filesystem_init.obj
 0001:00001180       ?FileSystem_LoadFileSystemModule@@YA?AW4FSReturnCode_t@@AAVCFSLoadModuleInfo@@@Z 00402180 f   filesystem_init.obj
 0001:00001240       ?FileSystem_LoadSearchPaths@@YA?AW4FSReturnCode_t@@AAVCFSSearchPathsInit@@@Z 00402240 f   filesystem_init.obj
 0001:00001430       ?FileSystem_MountContent@@YA?AW4FSReturnCode_t@@AAVCFSMountContentInfo@@@Z 00402430 f   filesystem_init.obj
 0001:00001560       ?FileSystem_SetBasePaths@@YA?AW4FSReturnCode_t@@PAVIFileSystem@@@Z 00402560 f   filesystem_init.obj
 0001:000015d0       ?FileSystem_SetupSteamEnvironment@@YA?AW4FSReturnCode_t@@AAVCFSSteamSetupInfo@@@Z 004025d0 f   filesystem_init.obj
 0001:00001700       ?FileSystem_SetupSteamInstallPath@@YA?AW4FSReturnCode_t@@XZ 00402700 f   filesystem_init.obj
 0001:00001790       ?IsLowViolenceBuild@@YA_NXZ 00402790 f   filesystem_init.obj
 0001:00001860       ?LaunchVConfig@@YAXXZ      00402860 f   filesystem_init.obj
 0001:000018e0       ?LoadGameInfoFile@@YA?AW4FSReturnCode_t@@PBDAAPAVKeyValues@@11@Z 004028e0 f   filesystem_init.obj
 0001:000019d0       ?LocateGameInfoFile@@YA?AW4FSReturnCode_t@@ABVCFSSteamSetupInfo@@PADH@Z 004029d0 f   filesystem_init.obj
 0001:00001ba0       ?Q_getwd@@YAXPADH@Z        00402ba0 f   filesystem_init.obj
 0001:00001bd0       ?ReadKeyValuesFile@@YAPAVKeyValues@@PBD@Z 00402bd0 f   filesystem_init.obj
 0001:00001cd0       ?SetSteamAppUser@@YAXPAVKeyValues@@PBDAAVCSteamEnvVars@@@Z 00402cd0 f   filesystem_init.obj
 0001:00001df0       ?SetSteamInstallPath@@YA?AW4FSReturnCode_t@@PADHAAVCSteamEnvVars@@_N@Z 00402df0 f   filesystem_init.obj
 0001:00001f70       ?SetValue@CTempEnvVar@@QAAXPBDZZ 00402f70 f i filesystem_init.obj
 0001:00001fd0       ?SetupFileSystemError@@YA?AW4FSReturnCode_t@@_NW41@PBDZZ 00402fd0 f   filesystem_init.obj
 0001:00002080       ?SetupSteamStartupEnvironment@@YA?AW4FSReturnCode_t@@PAVKeyValues@@PBDAAVCSteamEnvVars@@@Z 00403080 f   filesystem_init.obj
 0001:00002340       ?FileSystem_Init@@YA_NPBDHW4FSInitType_t@@_N@Z 00403340 f   filesystem_tools.obj
 0001:00002360       ?FileSystem_Init_Normal@@YA_NPBDW4FSInitType_t@@_N@Z 00403360 f   filesystem_tools.obj
 0001:00002560       ?FileSystem_SetupStandardDirectories@@YAXPBD0@Z 00403560 f   filesystem_tools.obj
 0001:000025e0       __malloc_crt               004035e0 f   memoverride.obj
 0001:000025e0       _malloc                    004035e0 f   memoverride.obj
 0001:000025e0       ??2@YAPAXI@Z               004035e0 f   memoverride.obj
 0001:00002630       _free                      00403630 f   memoverride.obj
 0001:00002630       ??3@YAXPAX@Z               00403630 f   memoverride.obj
 0001:00002650       ?MakeModuleFileName@@YAPBDXZ 00403650 f   memoverride.obj
 0001:000026e0       __calloc_base              004036e0 f   memoverride.obj
 0001:00002750       __calloc_crt               00403750 f   memoverride.obj
 0001:00002770       __heap_init                00403770 f   memoverride.obj
 0001:00002780       __msize                    00403780 f   memoverride.obj
 0001:000027a0       __realloc_crt              004037a0 f   memoverride.obj
 0001:000027f0       __recalloc_base            004037f0 f   memoverride.obj
 0001:00002870       __recalloc_crt             00403870 f   memoverride.obj
 0001:00002890       __strdup                   00403890 f   memoverride.obj
 0001:00002910       __wcsdup                   00403910 f   memoverride.obj
 0001:00002920       _calloc                    00403920 f   memoverride.obj
 0001:000029a0       ??0M_matrix4x4_t@@QAE@XZ   004039a0 f i motionmapper.obj
 0001:00002a20       ?BuildIndividualMeshes@@YAXPAUs_source_t@@@Z 00403a20 f   motionmapper.obj
 0001:00003060       ?Build_Reference@@YAXPAUs_source_t@@@Z 00404060 f   motionmapper.obj
 0001:00003130       ?CalcModelTangentSpaces@@YAXPAUs_source_t@@@Z 00404130 f   motionmapper.obj
 0001:00003bd0       ?CatBonePath@@YAXPAHPAUs_bone_t@@AAUM_matrix4x4_t@@H@Z 00404bd0 f   motionmapper.obj
 0001:00003cc0       ?CombineSkeletonAnimation@@YAXPAUs_source_t@@0PAPAUs_bone_t@@@Z 00404cc0 f   motionmapper.obj
 0001:00003ee0       ?GetNodeIndex@@YAHPAUs_source_t@@PAD@Z 00404ee0 f   motionmapper.obj
 0001:00003f50       ?Grab_Animation@@YAXPAUs_source_t@@@Z 00404f50 f   motionmapper.obj
 0001:00004320       ?Grab_Nodes@@YAHPAUs_node_t@@@Z 00405320 f   motionmapper.obj
 0001:00004410       ?Grab_Triangles@@YAXPAUs_source_t@@@Z 00405410 f   motionmapper.obj
 0001:000046b0       ?Grab_Vertexanimation@@YAXPAUs_source_t@@@Z 004056b0 f   motionmapper.obj
 0001:00004980       ?Grow@?$CUtlMemory@V?$CUtlVector@HV?$CUtlMemory@HH@@@@H@@QAEXH@Z 00405980 f i motionmapper.obj
 0001:00004a20       ?Grow@?$CUtlMemory@VCUtlSymbol@@H@@QAEXH@Z 00405a20 f i motionmapper.obj
 0001:00004ab0       ?Grow@?$CUtlMemory@VVector@@H@@QAEXH@Z 00405ab0 f i motionmapper.obj
 0001:00004b50       ?InsertMultipleBefore@?$CUtlVector@V?$CUtlVector@HV?$CUtlMemory@HH@@@@V?$CUtlMemory@V?$CUtlVector@HV?$CUtlMemory@HH@@@@H@@@@QAEHHHPBV?$CUtlVector@HV?$CUtlMemory@HH@@@@@Z 00405b50 f i motionmapper.obj
 0001:00004cb0       ?InsertMultipleBefore@?$CUtlVector@VVector@@V?$CUtlMemory@VVector@@H@@@@QAEHHHPBVVector@@@Z 00405cb0 f i motionmapper.obj
 0001:00004e10       ?Load_SMD@@YAHPAUs_source_t@@@Z 00405e10 f   motionmapper.obj
 0001:00005050       ?Load_Source@@YAPAUs_source_t@@PBD0_N1@Z 00406050 f   motionmapper.obj
 0001:000051f0       ?Load_Template@@YAPAUs_template_t@@PAD@Z 004061f0 f   motionmapper.obj
 0001:00005760       ?M_AngleMatrix@@YAXABVRadianEuler@@ABVVector@@AAUM_matrix4x4_t@@@Z 00406760 f   motionmapper.obj
 0001:000058c0       ?M_ConcatTransforms@@YAXABUM_matrix4x4_t@@0AAU1@@Z 004068c0 f   motionmapper.obj
 0001:00005c60       ?M_MatrixInvert@@YAXABUM_matrix4x4_t@@AAU1@@Z 00406c60 f   motionmapper.obj
 0001:00005d80       ?MdlError@@YAXPBDZZ        00406d80 f   motionmapper.obj
 0001:00005df0       ?MdlWarning@@YAXPBDZZ      00406df0 f   motionmapper.obj
 0001:00005e50       ?MotionMap@@YAPAUs_source_t@@PAU1@0PAUs_template_t@@@Z 00406e50 f   motionmapper.obj
 0001:00008960       ?New_IKSolve@@YAPAUs_iksolve_t@@XZ 00409960 f   motionmapper.obj
 0001:000089c0       ?New_Template@@YAPAUs_template_t@@XZ 004099c0 f   motionmapper.obj
 0001:00008a20       ?OpenGlobalFile@@YAHPAD@Z  00409a20 f   motionmapper.obj
 0001:00008b90       ?ParseFaceData@@YAXPAUs_source_t@@HPAUs_face_t@@@Z 00409b90 f   motionmapper.obj
 0001:00008f00       ?RemoveAll@?$CUtlVector@V?$CUtlVector@HV?$CUtlMemory@HH@@@@V?$CUtlMemory@V?$CUtlVector@HV?$CUtlMemory@HH@@@@H@@@@QAEXXZ 00409f00 f i motionmapper.obj
 0001:00008fa0       ?SaveAnimation@@YAXPAUs_source_t@@AAVCUtlBuffer@@@Z 00409fa0 f   motionmapper.obj
 0001:00009110       ?SaveNodes@@YAXPAUs_source_t@@AAVCUtlBuffer@@@Z 0040a110 f   motionmapper.obj
 0001:00009180       ?Save_SMD@@YAXPBDPAUs_source_t@@@Z 0040a180 f   motionmapper.obj
 0001:00009220       ?ScaleJoints@@YAXPAUs_source_t@@PAUs_jointScale_t@@@Z 0040a220 f   motionmapper.obj
 0001:00009320       ?ScaleSkeleton@@YAXPAUs_source_t@@M@Z 0040a320 f   motionmapper.obj
 0001:00009390       ?Set_DefaultTemplate@@YAXPAUs_template_t@@@Z 0040a390 f   motionmapper.obj
 0001:000096e0       ?SortAndBalanceBones@@YAHHHQAHQAM@Z 0040a6e0 f   motionmapper.obj
 0001:00009a30       ?checkCommand@@YAHPAD0HH@Z 0040aa30 f   motionmapper.obj
 0001:00009a90       ?faceCompare@@YAHPBX0@Z    0040aa90 f   motionmapper.obj
 0001:00009ae0       ?kalloc@@YAPAXHH@Z         0040aae0 f   motionmapper.obj
 0001:00009b00       ?lookup_index@@YAHPAUs_source_t@@HAAVVector@@1VVector2D@@@Z 0040ab00 f   motionmapper.obj
 0001:00009cb0       ?lookup_texture@@YAHPADH@Z 0040acb0 f   motionmapper.obj
 0001:00009d40       ?vlistCompare@@YAHPBX0@Z   0040ad40 f   motionmapper.obj
 0001:00009d90       ?vprint@@YAXHPBDZZ         0040ad90 f   motionmapper.obj
 0001:00009e80       _cosf                      0040ae80 f i motionmapper.obj
 0001:00009ea0       _main                      0040aea0 f   motionmapper.obj
 0001:0000a370       ?DefaultScriptLoadedCallback@@YAXPBD0H@Z 0040b370 f   scriplib.obj
 0001:0000a380       ?CompareFileTime@CScriptLib@@UAEHPBD0@Z 0040b380 f   scriplib.obj
 0001:0000a3e0       ?DeleteTemporaryFiles@CScriptLib@@UAEXPBD@Z 0040b3e0 f   scriplib.obj
 0001:0000a520       ?DoesFileExist@CScriptLib@@UAE_NPBD@Z 0040b520 f   scriplib.obj
 0001:0000a540       ?FindFiles@CScriptLib@@UAEHPAD_NAAV?$CUtlVector@UfileList_t@@V?$CUtlMemory@UfileList_t@@H@@@@@Z 0040b540 f   scriplib.obj
 0001:0000a810       ?GetFileList@CScriptLib@@AAEHPBD0AAV?$CUtlVector@UfileList_t@@V?$CUtlMemory@UfileList_t@@H@@@@@Z 0040b810 f   scriplib.obj
 0001:0000aa60       ?Grow@?$CUtlMemory@UfileList_t@@H@@QAEXH@Z 0040ba60 f i scriplib.obj
 0001:0000ab00       ?Grow@?$CUtlMemory@VCUtlString@@H@@QAEXH@Z 0040bb00 f i scriplib.obj
 0001:0000ab90       ?InsertBefore@?$CUtlVector@UfileList_t@@V?$CUtlMemory@UfileList_t@@H@@@@QAEHH@Z 0040bb90 f i scriplib.obj
 0001:0000ac00       ?InsertBefore@?$CUtlVector@VCUtlString@@V?$CUtlMemory@VCUtlString@@H@@@@QAEHH@Z 0040bc00 f i scriplib.obj
 0001:0000ac70       ?InsertMultipleBefore@?$CUtlVector@UfileList_t@@V?$CUtlMemory@UfileList_t@@H@@@@QAEHHHPBUfileList_t@@@Z 0040bc70 f i scriplib.obj
 0001:0000ad60       ?MakeTemporaryFilename@CScriptLib@@UAEPADPBDPADH@Z 0040bd60 f   scriplib.obj
 0001:0000add0       ?ReadFileToBuffer@CScriptLib@@UAE_NPBDAAVCUtlBuffer@@_N2@Z 0040bdd0 f   scriplib.obj
 0001:0000ae50       ?RecurseFileTree_r@CScriptLib@@AAEXPBDHAAV?$CUtlVector@VCUtlString@@V?$CUtlMemory@VCUtlString@@H@@@@@Z 0040be50 f   scriplib.obj
 0001:0000af80       ?RemoveAll@?$CUtlVector@UfileList_t@@V?$CUtlMemory@UfileList_t@@H@@@@QAEXXZ 0040bf80 f i scriplib.obj
 0001:0000afe0       ?RemoveAll@?$CUtlVector@VCUtlString@@V?$CUtlMemory@VCUtlString@@H@@@@QAEXXZ 0040bfe0 f i scriplib.obj
 0001:0000b040       ?WriteBufferToFile@CScriptLib@@UAE_NPBDAAVCUtlBuffer@@W4DiskWriteMode_t@@@Z 0040c040 f   scriplib.obj
 0001:0000b100       ?SinCos@@YAXMPAM0@Z        0040c100 f i mathlib:mathlib_base.obj
 0001:0000b120       ?_sqrtf@@YAMM@Z            0040c120 f   mathlib:mathlib_base.obj
 0001:0000b140       ?_rsqrtf@@YAMM@Z           0040c140 f   mathlib:mathlib_base.obj
 0001:0000b170       ?_VectorNormalize@@YIMAAVVector@@@Z 0040c170 f   mathlib:mathlib_base.obj
 0001:0000b1e0       ?_VectorNormalizeFast@@YIXAAVVector@@@Z 0040c1e0 f   mathlib:mathlib_base.obj
 0001:0000b250       ?_InvRSquared@@YAMPBM@Z    0040c250 f   mathlib:mathlib_base.obj
 0001:0000b2a0       ?AngleMatrix@@YAXABVQAngle@@AAUmatrix3x4_t@@@Z 0040c2a0 f   mathlib:mathlib_base.obj
 0001:0000b400       ?AngleMatrix@@YAXABVRadianEuler@@AAUmatrix3x4_t@@@Z 0040c400 f   mathlib:mathlib_base.obj
 0001:0000b450       ?ConcatTransforms@@YAXABUmatrix3x4_t@@0AAU1@@Z 0040c450 f   mathlib:mathlib_base.obj
 0001:0000b720       ?InitSinCosTable@@YAXXZ    0040c720 f   mathlib:mathlib_base.obj
 0001:0000b780       ?MathLib_Init@@YAXMMMH_N000@Z 0040c780 f   mathlib:mathlib_base.obj
 0001:0000b930       ?MatrixCopy@@YAXABUmatrix3x4_t@@AAU1@@Z 0040c930 f   mathlib:mathlib_base.obj
 0001:0000b980       ?BuildGammaTable@@YAXMMMH@Z 0040c980 f   mathlib:color_conversion.obj
 0001:0000bd10       ?_3DNow_InvRSquared@@YAMPBM@Z 0040cd10 f   mathlib:3dnow.obj
 0001:0000bd50       ?_3DNow_RSqrt@@YAMM@Z      0040cd50 f   mathlib:3dnow.obj
 0001:0000bd90       ?_3DNow_Sqrt@@YAMM@Z       0040cd90 f   mathlib:3dnow.obj
 0001:0000bdc0       ?_3DNow_VectorNormalize@@YIMAAVVector@@@Z 0040cdc0 f   mathlib:3dnow.obj
 0001:0000be50       ?_3DNow_VectorNormalizeFast@@YIXAAVVector@@@Z 0040ce50 f   mathlib:3dnow.obj
 0001:0000be60       ?_SSE2_SinCos@@YAXMPAM0@Z  0040ce60 f   mathlib:sse.obj
 0001:0000bf80       ?_SSE2_cos@@YAMM@Z         0040cf80 f   mathlib:sse.obj
 0001:0000c050       ?_SSE_InvRSquared@@YAMPBM@Z 0040d050 f   mathlib:sse.obj
 0001:0000c0a0       ?_SSE_RSqrtAccurate@@YAMM@Z 0040d0a0 f   mathlib:sse.obj
 0001:0000c0f0       ?_SSE_RSqrtFast@@YAMM@Z    0040d0f0 f   mathlib:sse.obj
 0001:0000c110       ?_SSE_SinCos@@YAXMPAM0@Z   0040d110 f   mathlib:sse.obj
 0001:0000c250       ?_SSE_Sqrt@@YAMM@Z         0040d250 f   mathlib:sse.obj
 0001:0000c270       ?_SSE_VectorNormalizeFast@@YIXAAVVector@@@Z 0040d270 f   mathlib:sse.obj
 0001:0000c310       ?_SSE_cos@@YAMM@Z          0040d310 f   mathlib:sse.obj
 0001:0000c3e0       ?V_AppendSlash@@YAXPADH@Z  0040d3e0 f   tier1:strtools.obj
 0001:0000c430       ?V_DefaultExtension@@YAXPADPBDH@Z 0040d430 f   tier1:strtools.obj
 0001:0000c4e0       ?V_ExtractFileExtension@@YAXPBDPADH@Z 0040d4e0 f   tier1:strtools.obj
 0001:0000c560       ?V_FileBase@@YAXPBDPADH@Z  0040d560 f   tier1:strtools.obj
 0001:0000c630       ?V_FixSlashes@@YAXPADD@Z   0040d630 f   tier1:strtools.obj
 0001:0000c660       ?V_IsAbsolutePath@@YA_NPBD@Z 0040d660 f   tier1:strtools.obj
 0001:0000c690       ?V_MakeAbsolutePath@@YAXPADHPBD1@Z 0040d690 f   tier1:strtools.obj
 0001:0000c830       ?V_RemoveDotSlashes@@YA_NPADD@Z 0040d830 f   tier1:strtools.obj
 0001:0000c970       ?V_StrRight@@YAXPBDHPADH@Z 0040d970 f   tier1:strtools.obj
 0001:0000c9f0       ?V_StrSlice@@YAXPBDHHPADH@Z 0040d9f0 f   tier1:strtools.obj
 0001:0000cab0       ?V_StripExtension@@YAXPBDPADH@Z 0040dab0 f   tier1:strtools.obj
 0001:0000cb60       ?V_StripFilename@@YAXPAD@Z 0040db60 f   tier1:strtools.obj
 0001:0000cba0       ?V_StripLastDir@@YA_NPADH@Z 0040dba0 f   tier1:strtools.obj
 0001:0000cc50       ?V_StripTrailingSlash@@YAXPAD@Z 0040dc50 f   tier1:strtools.obj
 0001:0000cc90       ?V_UnqualifiedFileName@@YAPBDPBD@Z 0040dc90 f   tier1:strtools.obj
 0001:0000ccd0       ?V_snprintf@@YAHPADHPBDZZ  0040dcd0 f   tier1:strtools.obj
 0001:0000cd20       ?V_stristr@@YAPADPADPBD@Z  0040dd20 f   tier1:strtools.obj
 0001:0000cd50       ?V_stristr@@YAPBDPBD0@Z    0040dd50 f   tier1:strtools.obj
 0001:0000ce00       ?V_strncasecmp@@YAHPBD0H@Z 0040de00 f   tier1:strtools.obj
 0001:0000ce80       ?V_strncat@@YAPADPADPBDIH@Z 0040de80 f   tier1:strtools.obj
 0001:0000cf10       ?V_strncmp@@YAHPBD0H@Z     0040df10 f   tier1:strtools.obj
 0001:0000cf70       ?V_strncpy@@YAXPADPBDH@Z   0040df70 f   tier1:strtools.obj
 0001:0000cfb0       ?V_vsnprintf@@YAHPADHPBD0@Z 0040dfb0 f   tier1:strtools.obj
 0001:0000cff0       ?Sys_GetFactoryThis@@YAP6APAXPBDPAH@ZXZ 0040dff0 f   tier1:interface.obj
 0001:0000d000       ?Sys_LoadInterface@@YA_NPBD0PAPAVCSysModule@@PAPAX@Z 0040e000 f   tier1:interface.obj
 0001:0000d060       ?Sys_LoadLibrary@@YAPAUHINSTANCE__@@PBD@Z 0040e060 f   tier1:interface.obj
 0001:0000d150       ?Sys_LoadModule@@YAPAVCSysModule@@PBD@Z 0040e150 f   tier1:interface.obj
 0001:0000d260       ?ThreadedLoadLibraryFunc@@YAIPAX@Z 0040e260 f   tier1:interface.obj
 0001:0000d280       _CreateInterface           0040e280 f   tier1:interface.obj
 0001:0000d2f0       ??0KeyValues@@QAE@PBD@Z    0040e2f0 f   tier1:KeyValues.obj
 0001:0000d350       ??2KeyValues@@SAPAXI@Z     0040e350 f   tier1:KeyValues.obj
 0001:0000d370       ?AppendIncludedKeys@KeyValues@@AAEXAAV?$CUtlVector@PAVKeyValues@@V?$CUtlMemory@PAVKeyValues@@H@@@@@Z 0040e370 f   tier1:KeyValues.obj
 0001:0000d3d0       ?CreateKey@KeyValues@@AAEPAV1@PBD@Z 0040e3d0 f   tier1:KeyValues.obj
 0001:0000d440       ?FindKey@KeyValues@@QAEPAV1@PBD_N@Z 0040e440 f   tier1:KeyValues.obj
 0001:0000d560       ?GetFirstValue@KeyValues@@QAEPAV1@XZ 0040e560 f   tier1:KeyValues.obj
 0001:0000d580       ?GetInt@KeyValues@@QAEHPBDH@Z 0040e580 f   tier1:KeyValues.obj
 0001:0000d600       ?GetName@KeyValues@@QBEPBDXZ 0040e600 f   tier1:KeyValues.obj
 0001:0000d620       ?GetNextValue@KeyValues@@QAEPAV1@XZ 0040e620 f   tier1:KeyValues.obj
 0001:0000d640       ?GetString@KeyValues@@QAEPBDPBD0@Z 0040e640 f   tier1:KeyValues.obj
 0001:0000d760       ?LoadFromBuffer@KeyValues@@QAE_NPBD0PAVIBaseFileSystem@@0@Z 0040e760 f   tier1:KeyValues.obj
 0001:0000d7e0       ?LoadFromBuffer@KeyValues@@QAE_NPBDAAVCUtlBuffer@@PAVIBaseFileSystem@@0@Z 0040e7e0 f   tier1:KeyValues.obj
 0001:0000db50       ?LoadFromFile@KeyValues@@QAE_NPAVIBaseFileSystem@@PBD1@Z 0040eb50 f   tier1:KeyValues.obj
 0001:0000dc40       ?MakeCopy@KeyValues@@QBEPAV1@XZ 0040ec40 f   tier1:KeyValues.obj
 0001:0000ddb0       ?MergeBaseKeys@KeyValues@@AAEXAAV?$CUtlVector@PAVKeyValues@@V?$CUtlMemory@PAVKeyValues@@H@@@@@Z 0040edb0 f   tier1:KeyValues.obj
 0001:0000deb0       ?ParseIncludedKeys@KeyValues@@AAEXPBD0PAVIBaseFileSystem@@0AAV?$CUtlVector@PAVKeyValues@@V?$CUtlMemory@PAVKeyValues@@H@@@@@Z 0040eeb0 f   tier1:KeyValues.obj
 0001:0000dfc0       ?ReadToken@KeyValues@@AAEPBDAAVCUtlBuffer@@AA_N1@Z 0040efc0 f   tier1:KeyValues.obj
 0001:0000e170       ?RecursiveLoadFromBuffer@KeyValues@@AAEXPBDAAVCUtlBuffer@@@Z 0040f170 f   tier1:KeyValues.obj
 0001:0000e4c0       ?RecursiveMergeKeyValues@KeyValues@@AAEXPAV1@@Z 0040f4c0 f   tier1:KeyValues.obj
 0001:0000e590       ?RemoveEverything@KeyValues@@AAEXXZ 0040f590 f   tier1:KeyValues.obj
 0001:0000e620       ?RemoveSubKey@KeyValues@@QAEXPAV1@@Z 0040f620 f   tier1:KeyValues.obj
 0001:0000e680       ?ReportError@CKeyValuesErrorStack@@QAEXPBD@Z 0040f680 f i tier1:KeyValues.obj
 0001:0000e710       ?SetString@KeyValues@@QAEXPBD0@Z 0040f710 f   tier1:KeyValues.obj
 0001:0000e780       ?deleteThis@KeyValues@@QAEXXZ 0040f780 f   tier1:KeyValues.obj
 0001:0000e7a0       ??0CUtlSymbol@@QAE@PBD@Z   0040f7a0 f   tier1:utlsymbol.obj
 0001:0000e7f0       ??1?$CUtlRBTree@VCStringPoolIndex@CUtlSymbolTable@@GVCLess@2@V?$CUtlMemory@U?$UtlRBTreeNode_t@VCStringPoolIndex@CUtlSymbolTable@@G@@G@@@@QAE@XZ 0040f7f0 f i tier1:utlsymbol.obj
 0001:0000e860       ??RCLess@CUtlSymbolTable@@QBE_NABVCStringPoolIndex@1@0@Z 0040f860 f   tier1:utlsymbol.obj
 0001:0000e920       ?AddString@CUtlSymbolTable@@QAE?AVCUtlSymbol@@PBD@Z 0040f920 f   tier1:utlsymbol.obj
 0001:0000ea60       ?AddToTail@?$CUtlVector@PAVKeyValues@@V?$CUtlMemory@PAVKeyValues@@H@@@@QAEHABQAVKeyValues@@@Z 0040fa60 f i tier1:KeyValues.obj
 0001:0000ea60       ?AddToTail@?$CUtlVector@PAUStringPool_t@CUtlSymbolTable@@V?$CUtlMemory@PAUStringPool_t@CUtlSymbolTable@@H@@@@QAEHABQAUStringPool_t@CUtlSymbolTable@@@Z 0040fa60 f i tier1:utlsymbol.obj
 0001:0000eac0       ?Find@?$CUtlRBTree@VCStringPoolIndex@CUtlSymbolTable@@GVCLess@2@V?$CUtlMemory@U?$UtlRBTreeNode_t@VCStringPoolIndex@CUtlSymbolTable@@G@@G@@@@QBEGABVCStringPoolIndex@CUtlSymbolTable@@@Z 0040fac0 f i tier1:utlsymbol.obj
 0001:0000ebb0       ?FindInsertionPosition@?$CUtlRBTree@VCStringPoolIndex@CUtlSymbolTable@@GVCLess@2@V?$CUtlMemory@U?$UtlRBTreeNode_t@VCStringPoolIndex@CUtlSymbolTable@@G@@G@@@@IAEXABVCStringPoolIndex@CUtlSymbolTable@@AAGAA_N@Z 0040fbb0 f i tier1:utlsymbol.obj
 0001:0000eca0       ?FindPoolWithSpace@CUtlSymbolTable@@ABEHH@Z 0040fca0 f   tier1:utlsymbol.obj
 0001:0000ece0       ?Grow@?$CUtlMemory@PAUStringPool_t@CUtlSymbolTable@@H@@QAEXH@Z 0040fce0 f i tier1:utlsymbol.obj
 0001:0000ece0       ?Grow@?$CUtlMemory@HH@@QAEXH@Z 0040fce0 f i motionmapper.obj
 0001:0000ece0       ?Grow@?$CUtlMemory@PAVKeyValues@@H@@QAEXH@Z 0040fce0 f i tier1:KeyValues.obj
 0001:0000ed70       ?Grow@?$CUtlMemory@U?$UtlRBTreeNode_t@VCStringPoolIndex@CUtlSymbolTable@@G@@G@@QAEXH@Z 0040fd70 f i tier1:utlsymbol.obj
 0001:0000ee20       ?Initialize@CUtlSymbol@@KAXXZ 0040fe20 f   tier1:utlsymbol.obj
 0001:0000eee0       ?InsertRebalance@?$CUtlRBTree@VCStringPoolIndex@CUtlSymbolTable@@GVCLess@2@V?$CUtlMemory@U?$UtlRBTreeNode_t@VCStringPoolIndex@CUtlSymbolTable@@G@@G@@@@IAEXG@Z 0040fee0 f i tier1:utlsymbol.obj
 0001:0000f350       ?IsLeftChild@?$CUtlRBTree@VCStringPoolIndex@CUtlSymbolTable@@GVCLess@2@V?$CUtlMemory@U?$UtlRBTreeNode_t@VCStringPoolIndex@CUtlSymbolTable@@G@@G@@@@QBE_NG@Z 00410350 f i tier1:utlsymbol.obj
 0001:0000f400       ?IsRightChild@?$CUtlRBTree@VCStringPoolIndex@CUtlSymbolTable@@GVCLess@2@V?$CUtlMemory@U?$UtlRBTreeNode_t@VCStringPoolIndex@CUtlSymbolTable@@G@@G@@@@QBE_NG@Z 00410400 f i tier1:utlsymbol.obj
 0001:0000f4b0       ?LinkToParent@?$CUtlRBTree@VCStringPoolIndex@CUtlSymbolTable@@GVCLess@2@V?$CUtlMemory@U?$UtlRBTreeNode_t@VCStringPoolIndex@CUtlSymbolTable@@G@@G@@@@IAEXGG_N@Z 004104b0 f i tier1:utlsymbol.obj
 0001:0000f530       ?NewNode@?$CUtlRBTree@VCStringPoolIndex@CUtlSymbolTable@@GVCLess@2@V?$CUtlMemory@U?$UtlRBTreeNode_t@VCStringPoolIndex@CUtlSymbolTable@@G@@G@@@@QAEGXZ 00410530 f i tier1:utlsymbol.obj
 0001:0000f610       ?Parent@?$CUtlRBTree@VCStringPoolIndex@CUtlSymbolTable@@GVCLess@2@V?$CUtlMemory@U?$UtlRBTreeNode_t@VCStringPoolIndex@CUtlSymbolTable@@G@@G@@@@QBEGG@Z 00410610 f i tier1:utlsymbol.obj
 0001:0000f670       ?RemoveAll@?$CUtlRBTree@VCStringPoolIndex@CUtlSymbolTable@@GVCLess@2@V?$CUtlMemory@U?$UtlRBTreeNode_t@VCStringPoolIndex@CUtlSymbolTable@@G@@G@@@@QAEXXZ 00410670 f i tier1:utlsymbol.obj
 0001:0000f760       ?RemoveAll@CUtlSymbolTable@@QAEXXZ 00410760 f   tier1:utlsymbol.obj
 0001:0000f7d0       ?RightChild@?$CUtlRBTree@VCStringPoolIndex@CUtlSymbolTable@@GVCLess@2@V?$CUtlMemory@U?$UtlRBTreeNode_t@VCStringPoolIndex@CUtlSymbolTable@@G@@G@@@@QBEGG@Z 004107d0 f i tier1:utlsymbol.obj
 0001:0000f830       ?RotateLeft@?$CUtlRBTree@VCStringPoolIndex@CUtlSymbolTable@@GVCLess@2@V?$CUtlMemory@U?$UtlRBTreeNode_t@VCStringPoolIndex@CUtlSymbolTable@@G@@G@@@@IAEXG@Z 00410830 f i tier1:utlsymbol.obj
 0001:0000fa00       ?RotateRight@?$CUtlRBTree@VCStringPoolIndex@CUtlSymbolTable@@GVCLess@2@V?$CUtlMemory@U?$UtlRBTreeNode_t@VCStringPoolIndex@CUtlSymbolTable@@G@@G@@@@IAEXG@Z 00410a00 f i tier1:utlsymbol.obj
 0001:0000fba0       ?String@CUtlSymbol@@QBEPBDXZ 00410ba0 f   tier1:utlsymbol.obj
 0001:0000fbc0       ?String@CUtlSymbolTableMT@@QBEPBDVCUtlSymbol@@@Z 00410bc0 f i tier1:utlsymbol.obj
 0001:0000fc30       ??$GetTypeBin@D@CUtlBuffer@@IAEXAAD@Z 00410c30 f i tier1:utlbuffer.obj
 0001:0000fca0       ??$PutTypeBin@D@CUtlBuffer@@IAEXD@Z 00410ca0 f i tier1:utlbuffer.obj
 0001:0000fd40       ??0CUtlBuffer@@QAE@HHH@Z   00410d40 f   tier1:utlbuffer.obj
 0001:0000fdd0       ??0CUtlBuffer@@QAE@PBXHH@Z 00410dd0 f   tier1:utlbuffer.obj
 0001:0000fe70       ??0CUtlCharConversion@@QAE@DPBDHPAUConversionArray_t@0@@Z 00410e70 f   tier1:utlbuffer.obj
 0001:0000ff10       ?AddNullTermination@CUtlBuffer@@IAEXXZ 00410f10 f   tier1:utlbuffer.obj
 0001:0000ff60       ?CheckArbitraryPeekGet@CUtlBuffer@@IAE_NHAAH@Z 00410f60 f   tier1:utlbuffer.obj
 0001:0000ffd0       ?CheckGet@CUtlBuffer@@IAE_NH@Z 00410fd0 f   tier1:utlbuffer.obj
 0001:00010030       ?CheckPut@CUtlBuffer@@IAE_NH@Z 00411030 f   tier1:utlbuffer.obj
 0001:00010080       ?EatCPPComment@CUtlBuffer@@QAE_NXZ 00411080 f   tier1:utlbuffer.obj
 0001:000100f0       ?EatWhiteSpace@CUtlBuffer@@QAEXXZ 004110f0 f   tier1:utlbuffer.obj
 0001:00010150       ?FindConversion@CUtlCStringConversion@@UAEDPBDPAH@Z 00411150 f   tier1:utlbuffer.obj
 0001:00010170       ?FindConversion@CUtlCharConversion@@UAEDPBDPAH@Z 00411170 f   tier1:utlbuffer.obj
 0001:000101f0       ?FindConversion@CUtlNoEscConversion@@UAEDPBDPAH@Z 004111f0 f i tier1:utlbuffer.obj
 0001:00010210       ?Get@CUtlBuffer@@QAEXPAXH@Z 00411210 f   tier1:utlbuffer.obj
 0001:00010280       ?GetCStringCharConversion@@YAPAVCUtlCharConversion@@XZ 00411280 f   tier1:utlbuffer.obj
 0001:00010290       ?GetChar@CUtlBuffer@@QAEDXZ 00411290 f i tier1:utlbuffer.obj
 0001:000102d0       ?GetDelimitedCharInternal@CUtlBuffer@@IAEDPAVCUtlCharConversion@@@Z 004112d0 f   tier1:utlbuffer.obj
 0001:00010390       ?GetDelimitedString@CUtlBuffer@@QAEXPAVCUtlCharConversion@@PADH@Z 00411390 f   tier1:utlbuffer.obj
 0001:000104f0       ?GetNoEscCharConversion@@YAPAVCUtlCharConversion@@XZ 004114f0 f   tier1:utlbuffer.obj
 0001:00010500       ?GetOverflow@CUtlBuffer@@IAE_NH@Z 00411500 f   tier1:utlbuffer.obj
 0001:00010510       ?GetString@CUtlBuffer@@QAEXPADH@Z 00411510 f   tier1:utlbuffer.obj
 0001:000105e0       ?PeekGet@CUtlBuffer@@QAEPBXHH@Z 004115e0 f   tier1:utlbuffer.obj
 0001:00010620       ?PeekStringLength@CUtlBuffer@@QAEHXZ 00411620 f   tier1:utlbuffer.obj
 0001:00010780       ?PeekStringMatch@CUtlBuffer@@IAE_NHPBDH@Z 00411780 f   tier1:utlbuffer.obj
 0001:000107e0       ?PeekWhiteSpace@CUtlBuffer@@IAEHH@Z 004117e0 f   tier1:utlbuffer.obj
 0001:00010880       ?Printf@CUtlBuffer@@QAAXPBDZZ 00411880 f   tier1:utlbuffer.obj
 0001:000108c0       ?Put@CUtlBuffer@@QAEXPBXH@Z 004118c0 f   tier1:utlbuffer.obj
 0001:00010930       ?PutOverflow@CUtlBuffer@@IAE_NH@Z 00411930 f   tier1:utlbuffer.obj
 0001:000109b0       ?PutString@CUtlBuffer@@QAEXPBD@Z 004119b0 f   tier1:utlbuffer.obj
 0001:00010b30       ?PutTabs@CUtlBuffer@@IAEXXZ 00411b30 f i tier1:utlbuffer.obj
 0001:00010bf0       ?Scanf@CUtlBuffer@@QAAHPBDZZ 00411bf0 f   tier1:utlbuffer.obj
 0001:00010c10       ?SeekGet@CUtlBuffer@@QAEXW4SeekType_t@1@H@Z 00411c10 f   tier1:utlbuffer.obj
 0001:00010c70       ?SetBufferType@CUtlBuffer@@QAEX_N0@Z 00411c70 f   tier1:utlbuffer.obj
 0001:00010ca0       ?VaScanf@CUtlBuffer@@QAEHPBDPAD@Z 00411ca0 f   tier1:utlbuffer.obj
 0001:00010f60       ??0CUtlString@@QAE@XZ      00411f60 f   tier1:utlstring.obj
 0001:00010f80       ??4CUtlString@@QAEAAV0@ABV0@@Z 00411f80 f   tier1:utlstring.obj
 0001:00010fa0       ?Get@CUtlString@@QBEPBDXZ  00411fa0 f   tier1:utlstring.obj
 0001:00010fb0       ?Set@CUtlBinaryBlock@@QAEXPBXH@Z 00411fb0 f   tier1:utlstring.obj
 0001:00011020       ?Set@CUtlString@@QAEXPBD@Z 00412020 f   tier1:utlstring.obj
 0001:0001105c       ___onexitinit              0041205c f   LIBCMT:onexit.obj
 0001:0001108b       __onexit                   0041208b f   LIBCMT:onexit.obj
 0001:00011181       _atexit                    00412181 f   LIBCMT:onexit.obj
 0001:000111a0       _memmove                   004121a0 f   LIBCMT:memmove.obj
 0001:000117f0       _strchr                    004127f0 f   LIBCMT:strchr.obj
 0001:0001185e       ___from_strstr_to_strchr   0041285e     LIBCMT:strchr.obj
 0001:00011920       _strstr                    00412920 f   LIBCMT:strstr.obj
 0001:00011b83       __initp_heap_handler       00412b83 f   LIBCMT:handler.obj
 0001:00011b90       _atoi                      00412b90 f   LIBCMT:atox.obj
 0001:00011b99       _atol                      00412b99 f   LIBCMT:atox.obj
 0001:00011bad       ___initstdio               00412bad f   LIBCMT:_file.obj
 0001:00011c20       ___endstdio                00412c20 f   LIBCMT:_file.obj
 0001:00011c47       ___iob_func                00412c47 f   LIBCMT:_file.obj
 0001:00011c4d       __lock_file                00412c4d f   LIBCMT:_file.obj
 0001:00011c8c       __lock_file2               00412c8c f   LIBCMT:_file.obj
 0001:00011cbc       __unlock_file              00412cbc f   LIBCMT:_file.obj
 0001:00011cf6       __unlock_file2             00412cf6 f   LIBCMT:_file.obj
 0001:00011d23       __get_printf_count_output  00412d23 f   LIBCMT:printf.obj
 0001:00011d38       _printf                    00412d38 f   LIBCMT:printf.obj
 0001:00011de4       _setvbuf                   00412de4 f   LIBCMT:setvbuf.obj
 0001:00011eea       _sprintf                   00412eea f   LIBCMT:sprintf.obj
 0001:00011f6c       __stat64i32                00412f6c f   LIBCMT:stati32.obj
 0001:00011fb0       __getcwd                   00412fb0 f   LIBCMT:getcwd.obj
 0001:00011fc5       __getdcwd                  00412fc5 f   LIBCMT:getcwd.obj
 0001:000120df       __validdrive               004130df f   LIBCMT:getcwd.obj
 0001:00012159       _mkdir                     00413159 f   LIBCMT:mkdir.obj
 0001:00012159       __mkdir                    00413159 f   LIBCMT:mkdir.obj
 0001:00012199       __findclose                00413199 f   LIBCMT:findfile.obj
 0001:000121bd       ___time64_t_from_ft        004131bd f   LIBCMT:findfi32.obj
 0001:00012239       __findfirst64i32           00413239 f   LIBCMT:findfi32.obj
 0001:0001235e       __findnext64i32            0041335e f   LIBCMT:findfi32.obj
 0001:00012480       __alloca_probe_16          00413480 f   LIBCMT:alloca16.obj
 0001:00012496       __alloca_probe_8           00413496     LIBCMT:alloca16.obj
 0001:000124ac       __fpmath                   004134ac f   LIBCMT:fpinit.obj
 0001:000124c3       __cfltcvt_init             004134c3 f   LIBCMT:fpinit.obj
 0001:00012523       __dupenv_s                 00413523 f   LIBCMT:getenv.obj
 0001:000125f7       __getenv_helper_nolock     004135f7 f   LIBCMT:getenv.obj
 0001:0001267b       _getenv                    0041367b f   LIBCMT:getenv.obj
 0001:000126f7       __putenv                   004136f7 f   LIBCMT:putenv.obj
 0001:0001294c       __chdir                    0041394c f   LIBCMT:chdir.obj
 0001:00012a66       __access                   00413a66 f   LIBCMT:access.obj
 0001:00012a7c       __access_s                 00413a7c f   LIBCMT:access.obj
 0001:00012ac4       __spawnv                   00413ac4 f   LIBCMT:spawnv.obj
 0001:00012b0b       __fclose_nolock            00413b0b f   LIBCMT:fclose.obj
 0001:00012b77       _fclose                    00413b77 f   LIBCMT:fclose.obj
 0001:00012bee       __fsopen                   00413bee f   LIBCMT:fopen.obj
 0001:00012cb2       _fopen                     00413cb2 f   LIBCMT:fopen.obj
 0001:00012cc7       __fread_nolock_s           00413cc7 f   LIBCMT:fread.obj
 0001:00012e8a       _fread                     00413e8a f   LIBCMT:fread.obj
 0001:00012ea5       _fread_s                   00413ea5 f   LIBCMT:fread.obj
 0001:00012f36       __fseek_nolock             00413f36 f   LIBCMT:fseek.obj
 0001:00012fc5       _fseek                     00413fc5 f   LIBCMT:fseek.obj
 0001:00013044       __ftell_nolock             00414044 f   LIBCMT:ftell.obj
 0001:0001339d       _ftell                     0041439d f   LIBCMT:ftell.obj
 0001:00013410       __chkstk                   00414410 f   LIBCMT:chkstk.obj
 0001:00013410       __alloca_probe             00414410     LIBCMT:chkstk.obj
 0001:00013440       _memcpy                    00414440 f   LIBCMT:memcpy.obj
 0001:00013a90       _strrchr                   00414a90 f   LIBCMT:strrchr.obj
 0001:00013bc7       __vsnprintf                00414bc7 f   LIBCMT:vsnprint.obj
 0001:00013be2       __vsnprintf_l              00414be2 f   LIBCMT:vsnprint.obj
 0001:00013c90       _memset                    00414c90 f   LIBCMT:memset.obj
 0001:00013d20       _fgets                     00414d20 f   LIBCMT:fgets.obj
 0001:00013e68       _fprintf                   00414e68 f   LIBCMT:fprintf.obj
 0001:00013f83       _fputc                     00414f83 f   LIBCMT:fputc.obj
 0001:0001408d       _sscanf                    0041508d f   LIBCMT:sscanf.obj
 0001:0001411c       ___copy_path_to_wide_string 0041511c f   LIBCMT:crt0dat.obj
 0001:000141cc       ___crtCorExitProcess       004151cc f   LIBCMT:crt0dat.obj
 0001:000141fe       ___crtExitProcess          004151fe f   LIBCMT:crt0dat.obj
 0001:00014214       __amsg_exit                00415214 f   LIBCMT:crt0dat.obj
 0001:00014230       __c_exit                   00415230 f   LIBCMT:crt0dat.obj
 0001:0001423f       __cexit                    0041523f f   LIBCMT:crt0dat.obj
 0001:0001424e       __cinit                    0041524e f   LIBCMT:crt0dat.obj
 0001:000142df       __exit                     004152df f   LIBCMT:crt0dat.obj
 0001:000142f3       __init_pointers            004152f3 f   LIBCMT:crt0dat.obj
 0001:00014343       __initterm_e               00415343 f   LIBCMT:crt0dat.obj
 0001:00014365       __lockexit                 00415365 f   LIBCMT:crt0dat.obj
 0001:0001436e       __unlockexit               0041536e f   LIBCMT:crt0dat.obj
 0001:000144a6       _exit                      004154a6 f   LIBCMT:crt0dat.obj
 0001:000144ba       ??0_LocaleUpdate@@QAE@PAUlocaleinfo_struct@@@Z 004154ba f i LIBCMT:atof.obj
 0001:00014542       __atof_l                   00415542 f   LIBCMT:atof.obj
 0001:000145de       _atof                      004155de f   LIBCMT:atof.obj
 0001:000145f0       _qsort                     004155f0 f   LIBCMT:qsort.obj
 0001:00014920       _strncmp                   00415920 f   LIBCMT:strncmp.obj
 0001:000149a0       _strncpy                   004159a0 f   LIBCMT:strncpy.obj
 0001:00014ac4       _strtok                    00415ac4 f   LIBCMT:strtok.obj
 0001:00014b89       __isdigit_l                00415b89 f i LIBCMT:_ctype.obj
 0001:00014bd9       __isgraph_l                00415bd9 f i LIBCMT:_ctype.obj
 0001:00014c2f       __isspace_l                00415c2f f i LIBCMT:_ctype.obj
 0001:00014c7f       __isxdigit_l               00415c7f f i LIBCMT:_ctype.obj
 0001:00014cd5       _isdigit                   00415cd5 f i LIBCMT:_ctype.obj
 0001:00014d00       _isgraph                   00415d00 f i LIBCMT:_ctype.obj
 0001:00014d2d       _isspace                   00415d2d f i LIBCMT:_ctype.obj
 0001:00014d58       _isxdigit                  00415d58 f i LIBCMT:_ctype.obj
 0001:00014d85       ___libm_sse2_acosf         00415d85 f   LIBCMT:acosf_sse2.obj
 0001:00015162       ___libm_sse2_atan2         00416162 f   LIBCMT:atan2_sse2.obj
 0001:00015678       ___libm_sse2_cosf          00416678 f   LIBCMT:cosf_sse2.obj
 0001:000157c5       ___libm_sse2_sinf          004167c5 f   LIBCMT:sinf_sse2.obj
 0001:0001590a       __get_sys_err_msg          0041690a f i LIBCMT:strerror.obj
 0001:00015930       _strerror                  00416930 f   LIBCMT:strerror.obj
 0001:00015998       ___doserrno                00416998 f   LIBCMT:dosmap.obj
 0001:000159ab       __dosmaperr                004169ab f   LIBCMT:dosmap.obj
 0001:000159cc       __errno                    004169cc f   LIBCMT:dosmap.obj
 0001:000159df       __get_errno_from_oserr     004169df f   LIBCMT:dosmap.obj
 0001:00015a20       __tempnam                  00416a20 f   LIBCMT:tempnam.obj
 0001:00015c57       __unlink                   00416c57 f   LIBCMT:unlink.obj
 0001:00015c60       _remove                    00416c60 f   LIBCMT:unlink.obj
 0001:00015ca0       ??1type_info@@UAE@XZ       00416ca0 f   LIBCMT:typinfo.obj
 0001:00015cae       ??_Gtype_info@@UAEPAXI@Z   00416cae f i LIBCMT:typinfo.obj
 0001:00015cae       ??_Etype_info@@UAEPAXI@Z   00416cae f i LIBCMT:typinfo.obj
 0001:00015e3c       _mainCRTStartup            00416e3c f   LIBCMT:crt0.obj
 0001:00015e50       _fmod                      00416e50 f   LIBCMT:87fmod.obj
 0001:00015e5a       __CIfmod                   00416e5a f   LIBCMT:87fmod.obj
 0001:00015e72       ___libm_sse2_powf          00416e72 f   LIBCMT:powf_sse2.obj
 0001:00016530       ___vdecl_sin2              00417530 f   LIBCMT:svml_dsin2_dispatch.obj
 0001:00016542       ___libm_sse2_pow           00417542 f   LIBCMT:pow_sse2.obj
 0001:00016fc0       ___vdecl_pow2              00417fc0 f   LIBCMT:svml_dpow2_dispatch.obj
 0001:00016fc5       __tolower_l                00417fc5 f   LIBCMT:tolower.obj
 0001:00017106       _tolower                   00418106 f   LIBCMT:tolower.obj
 0001:00017140       _strncat                   00418140 f   LIBCMT:strncat.obj
 0001:00017280       __alldiv                   00418280 f   LIBCMT:lldiv.obj
 0001:00017330       __allmul                   00418330 f   LIBCMT:llmul.obj
 0001:00017370       __allrem                   00418370 f   LIBCMT:llrem.obj
 0001:00017422       __strtod_l                 00418422 f   LIBCMT:strtod.obj
 0001:00017537       _strtod                    00418537 f   LIBCMT:strtod.obj
 0001:00017770       _strtol                    00418770 f   LIBCMT:strtol.obj
 0001:0001779a       _strtoul                   0041879a f   LIBCMT:strtol.obj
 0001:000177c4       __wtoi                     004187c4 f   LIBCMT:wtox.obj
 0001:000177cd       __wtol                     004187cd f   LIBCMT:wtox.obj
 0001:000177f0       __SEH_prolog4              004187f0 f   LIBCMT:sehprolg4.obj
 0001:00017835       __SEH_epilog4              00418835 f   LIBCMT:sehprolg4.obj
 0001:00017850       __except_handler4          00418850 f   LIBCMT:chandler4.obj
 0001:000179e5       ___isa_available_init      004189e5 f   LIBCMT:cpu_disp.obj
 0001:00017b1e       __call_reportfault         00418b1e f   LIBCMT:invarg.obj
 0001:00017c41       __initp_misc_invarg        00418c41 f   LIBCMT:invarg.obj
 0001:00017c4e       __invalid_parameter        00418c4e f   LIBCMT:invarg.obj
 0001:00017c79       __invalid_parameter_noinfo 00418c79 f   LIBCMT:invarg.obj
 0001:00017c89       __invoke_watson            00418c89 f   LIBCMT:invarg.obj
 0001:00017cb4       __lock                     00418cb4 f   LIBCMT:mlock.obj
 0001:00017ce8       __mtdeletelocks            00418ce8 f   LIBCMT:mlock.obj
 0001:00017d3c       __mtinitlocknum            00418d3c f   LIBCMT:mlock.obj
 0001:00017de3       __mtinitlocks              00418de3 f   LIBCMT:mlock.obj
 0001:00017e18       __unlock                   00418e18 f   LIBCMT:mlock.obj
 0001:00017e2d       __fcloseall                00418e2d f   LIBCMT:closeall.obj
 0001:00017eca       __fflush_nolock            00418eca f   LIBCMT:fflush.obj
 0001:00017f10       __flush                    00418f10 f   LIBCMT:fflush.obj
 0001:00017f74       __flushall                 00418f74 f   LIBCMT:fflush.obj
 0001:00018061       __ftbuf                    00419061 f   LIBCMT:_sftbuf.obj
 0001:00018092       __stbuf                    00419092 f   LIBCMT:_sftbuf.obj
 0001:00018138       __output_l                 00419138 f   LIBCMT:output.obj
 0001:00018dc6       __freebuf                  00419dc6 f   LIBCMT:_freebuf.obj
 0001:00018df6       __flsbuf                   00419df6 f   LIBCMT:_flsbuf.obj
 0001:0001905b       __wstat64i32               0041a05b f   LIBCMT:wstati32.obj
 0001:000194e2       __getdrive                 0041a4e2 f   LIBCMT:drive.obj
 0001:000195af       @__security_check_cookie@4 0041a5af f   LIBCMT:secchk.obj
 0001:000195be       __wmkdir                   0041a5be f   LIBCMT:wmkdir.obj
 0001:000195ef       _strcpy_s                  0041a5ef f   LIBCMT:strcpy_s.obj
 0001:00019644       ___loctotime64_t           0041a644 f   LIBCMT:dtoxtm64.obj
 0001:000198a8       __cfltcvt                  0041a8a8 f   LIBCMT:cvt.obj
 0001:000198c9       __cfltcvt_l                0041a8c9 f   LIBCMT:cvt.obj
 0001:0001994f       __cftoa_l                  0041a94f f   LIBCMT:cvt.obj
 0001:00019ca9       __cftoe                    0041aca9 f   LIBCMT:cvt.obj
 0001:00019e16       __cftoe_l                  0041ae16 f   LIBCMT:cvt.obj
 0001:00019fcc       __cftof_l                  0041afcc f   LIBCMT:cvt.obj
 0001:0001a08b       __cftog_l                  0041b08b f   LIBCMT:cvt.obj
 0001:0001a188       __cropzeros                0041b188 f   LIBCMT:cvt.obj
 0001:0001a199       __cropzeros_l              0041b199 f   LIBCMT:cvt.obj
 0001:0001a217       __fassign                  0041b217 f   LIBCMT:cvt.obj
 0001:0001a22f       __fassign_l                0041b22f f   LIBCMT:cvt.obj
 0001:0001a26f       __forcdecpt                0041b26f f   LIBCMT:cvt.obj
 0001:0001a280       __forcdecpt_l              0041b280 f   LIBCMT:cvt.obj
 0001:0001a2f2       __positive                 0041b2f2 f   LIBCMT:cvt.obj
 0001:0001a334       __setdefaultprecision      0041b334 f   LIBCMT:fp8.obj
 0001:0001a35b       __initp_misc_cfltcvt_tab   0041b35b f   LIBCMT:cmiscdat.obj
 0001:0001a380       _strlen                    0041b380 f   LIBCMT:strlen.obj
 0001:0001a40b       _strnlen                   0041b40b f   LIBCMT:strlen_s.obj
 0001:0001a426       ___wtomb_environ           0041b426 f   LIBCMT:wtombenv.obj
 0001:0001a4b3       __mbsnbicoll               0041b4b3 f   LIBCMT:mbsnbico.obj
 0001:0001a4cb       __mbsnbicoll_l             0041b4cb f   LIBCMT:mbsnbico.obj
 0001:0001a57f       _wcslen                    0041b57f f   LIBCMT:wcslen.obj
 0001:0001a598       ___crtsetenv               0041b598 f   LIBCMT:setenv.obj
 0001:0001a899       ___crtwsetenv              0041b899 f   LIBCMT:wsetenv.obj
 0001:0001abc4       __mbschr                   0041bbc4 f   LIBCMT:mbschr.obj
 0001:0001abd9       __mbschr_l                 0041bbd9 f   LIBCMT:mbschr.obj
 0001:0001ac74       __mbctoupper               0041bc74 f   LIBCMT:mbtoupr.obj
 0001:0001ac85       __mbctoupper_l             0041bc85 f   LIBCMT:mbtoupr.obj
 0001:0001ad1a       __waccess_s                0041bd1a f   LIBCMT:waccess.obj
 0001:0001adb6       __spawnve                  0041bdb6 f   LIBCMT:spawnve.obj
 0001:0001b011       __fileno                   0041c011 f   LIBCMT:fileno.obj
 0001:0001b035       __close                    0041c035 f   LIBCMT:close.obj
 0001:0001b10c       __close_nolock             0041c10c f   LIBCMT:close.obj
 0001:0001b1b4       __getstream                0041c1b4 f   LIBCMT:stream.obj
 0001:0001b2cc       __openfile                 0041c2cc f   LIBCMT:_open.obj
 0001:0001b550       __local_unwind4            0041c550 f   LIBCMT:exsup4.obj
 0001:0001b626       __seh_longjmp_unwind4@4    0041c626 f   LIBCMT:exsup4.obj
 0001:0001b642       @_EH4_CallFilterFunc@8     0041c642 f   LIBCMT:exsup4.obj
 0001:0001b659       @_EH4_TransferToHandler@8  0041c659 f   LIBCMT:exsup4.obj
 0001:0001b672       @_EH4_GlobalUnwind2@8      0041c672 f   LIBCMT:exsup4.obj
 0001:0001b68b       @_EH4_LocalUnwind@16       0041c68b f   LIBCMT:exsup4.obj
 0001:0001b6a2       __filbuf                   0041c6a2 f   LIBCMT:_filbuf.obj
 0001:0001b7d0       _memcpy_s                  0041c7d0 f   LIBCMT:memcpy_s.obj
 0001:0001b84f       __read                     0041c84f f   LIBCMT:read.obj
 0001:0001b964       __read_nolock              0041c964 f   LIBCMT:read.obj
 0001:0001c0fe       __lseek                    0041d0fe f   LIBCMT:lseek.obj
 0001:0001c1ed       __lseek_nolock             0041d1ed f   LIBCMT:lseek.obj
 0001:0001c25f       __lseeki64                 0041d25f f   LIBCMT:lseeki64.obj
 0001:0001c368       __lseeki64_nolock          0041d368 f   LIBCMT:lseeki64.obj
 0001:0001c3d9       __ioinit                   0041d3d9 f   LIBCMT:ioinit.obj
 0001:0001c3f5       __ioinit0                  0041d3f5 f   LIBCMT:ioinit.obj
 0001:0001c414       __ioinitCallback@12        0041d414 f   LIBCMT:ioinit.obj
 0001:0001c6e1       __VEC_memset               0041d6e1 f   LIBCMT:p4_memset.obj
 0001:0001c84b       __input_l                  0041d84b f   LIBCMT:input.obj
 0001:0001d95c       __RTC_Initialize           0041e95c f   LIBCMT:initsect.obj
 0001:0001d97c       __RTC_Terminate            0041e97c f   LIBCMT:initsect.obj
 0001:0001d99c       ___crtFlsAlloc             0041e99c f   LIBCMT:winapisupp.obj
 0001:0001d9aa       ___crtFlsFree              0041e9aa f   LIBCMT:winapisupp.obj
 0001:0001d9b8       ___crtFlsGetValue          0041e9b8 f   LIBCMT:winapisupp.obj
 0001:0001d9c6       ___crtFlsSetValue          0041e9c6 f   LIBCMT:winapisupp.obj
 0001:0001d9d7       ___crtIsPackagedApp        0041e9d7 f   LIBCMT:winapisupp.obj
 0001:0001da23       ___crtSetUnhandledExceptionFilter 0041ea23 f   LIBCMT:winapisupp.obj
 0001:0001da31       ___crtTerminateProcess     0041ea31 f   LIBCMT:winapisupp.obj
 0001:0001da46       ___crtUnhandledException   0041ea46 f   LIBCMT:winapisupp.obj
 0001:0001da5c       __FF_MSGBANNER             0041ea5c f   LIBCMT:crt0msg.obj
 0001:0001da95       __GET_RTERRMSG             0041ea95 f   LIBCMT:crt0msg.obj
 0001:0001dab9       __NMSG_WRITE               0041eab9 f   LIBCMT:crt0msg.obj
 0001:0001dc80       __FindPESection            0041ec80 f   LIBCMT:pesect.obj
 0001:0001dcd0       __IsNonwritableInCurrentImage 0041ecd0 f   LIBCMT:pesect.obj
 0001:0001dd90       __ValidateImageBase        0041ed90 f   LIBCMT:pesect.obj
 0001:0001ddc1       ?terminate@@YAXXZ          0041edc1 f   LIBCMT:hooks.obj
 0001:0001ddf5       __initp_eh_hooks           0041edf5 f   LIBCMT:hooks.obj
 0001:0001de06       __initp_misc_purevirt      0041ee06 f   LIBCMT:inithelp.obj
 0001:0001de13       __initp_misc_rand_s        0041ee13 f   LIBCMT:rand_s.obj
 0001:0001de20       ___get_sigabrt             0041ee20 f   LIBCMT:winsig.obj
 0001:0001de2d       __initp_misc_winsig        0041ee2d f   LIBCMT:winsig.obj
 0001:0001de49       _raise                     0041ee49 f   LIBCMT:winsig.obj
 0001:0001e03a       ___initmbctable            0041f03a f   LIBCMT:mbctype.obj
 0001:0001e2f5       ___updatetmbcinfo          0041f2f5 f   LIBCMT:mbctype.obj
 0001:0001e39a       __setmbcp                  0041f39a f   LIBCMT:mbctype.obj
 0001:0001e548       __setmbcp_nolock           0041f548 f   LIBCMT:mbctype.obj
 0001:0001e73d       __fltin2                   0041f73d f   LIBCMT:cfin.obj
 0001:0001e7e2       ___strgtold12_l            0041f7e2 f   LIBCMT:strgtold.obj
 0001:0001ef5e       ___addlocaleref            0041ff5e f   LIBCMT:localref.obj
 0001:0001efee       ___freetlocinfo            0041ffee f   LIBCMT:localref.obj
 0001:0001f148       ___removelocaleref         00420148 f   LIBCMT:localref.obj
 0001:0001f1e3       ___updatetlocinfo          004201e3 f   LIBCMT:localref.obj
 0001:0001f25f       __updatetlocinfoEx_nolock  0042025f f   LIBCMT:localref.obj
 0001:0001f2aa       __isctype_l                004202aa f   LIBCMT:isctype.obj
 0001:0001f359       __freefls@4                00420359 f   LIBCMT:tidtable.obj
 0001:0001f490       __getptd                   00420490 f   LIBCMT:tidtable.obj
 0001:0001f4a8       __getptd_noexit            004204a8 f   LIBCMT:tidtable.obj
 0001:0001f517       __initptd                  00420517 f   LIBCMT:tidtable.obj
 0001:0001f5c3       __mtinit                   004205c3 f   LIBCMT:tidtable.obj
 0001:0001f639       __mtterm                   00420639 f   LIBCMT:tidtable.obj
 0001:0001f656       ___raise_securityfailure   00420656 f   LIBCMT:gs_report.obj
 0001:0001f693       ___report_gsfailure        00420693 f   LIBCMT:gs_report.obj
 0001:0001f78c       ___report_rangecheckfailure 0042078c f   LIBCMT:gs_report.obj
 0001:0001f798       ___report_securityfailure  00420798 f   LIBCMT:gs_report.obj
 0001:0001f866       __locterm                  00420866 f   LIBCMT:wsetloca.obj
 0001:0001f8c0       _cos                       004208c0 f   LIBCMT:cos.obj
 0001:0001f900       __CIcos                    00420900 f   LIBCMT:cos.obj
 0001:0001f93b       __CIcos_default            0042093b f   LIBCMT:cos.obj
 0001:0001f94f       __cos_default              0042094f     LIBCMT:cos.obj
 0001:0001f9f0       _sin                       004209f0 f   LIBCMT:sin.obj
 0001:0001fa30       __CIsin                    00420a30 f   LIBCMT:sin.obj
 0001:0001fa6b       __CIsin_default            00420a6b f   LIBCMT:sin.obj
 0001:0001fa7f       __sin_default              00420a7f     LIBCMT:sin.obj
 0001:0001fb19       _abort                     00420b19 f   LIBCMT:abort.obj
 0001:0001fb5c       ___sys_errlist             00420b5c f   LIBCMT:syserr.obj
 0001:0001fb62       ___sys_nerr                00420b62 f   LIBCMT:syserr.obj
 0001:0001fb68       _strncpy_s                 00420b68 f   LIBCMT:strncpy_s.obj
 0001:0001fc0c       __ultoa_s                  00420c0c f   LIBCMT:xtoas.obj
 0001:0001fcf9       _strcat_s                  00420cf9 f   LIBCMT:strcat_s.obj
 0001:0001fd5c       __mbsrchr                  00420d5c f   LIBCMT:mbsrchr.obj
 0001:0001fd71       __mbsrchr_l                00420d71 f   LIBCMT:mbsrchr.obj
 0001:0001fe00       __rmtmp                    00420e00 f   LIBCMT:rmtmp.obj
 0001:0001fead       __wremove                  00420ead f   LIBCMT:wunlink.obj
 0001:0001fee0       _strcmp                    00420ee0 f   LIBCMT:strcmp.obj
 0001:0001ff6c       ?_Type_info_dtor@type_info@@CAXPAV1@@Z 00420f6c f   LIBCMT:typname.obj
 0001:0001ffdd       ?__CxxUnhandledExceptionFilter@@YGJPAU_EXCEPTION_POINTERS@@@Z 00420fdd f   LIBCMT:unhandld.obj
 0001:0002001e       ___CxxSetUnhandledExceptionFilter 0042101e f   LIBCMT:unhandld.obj
 0001:0002002c       __XcptFilter               0042102c f   LIBCMT:winxfltr.obj
 0001:00020187       __setargv                  00421187 f   LIBCMT:stdargv.obj
 0001:000203b4       __setenvp                  004213b4 f   LIBCMT:stdenvp.obj
 0001:00020495       ___set_app_type            00421495 f   LIBCMT:errmode.obj
 0001:000204a2       __set_error_mode           004214a2 f   LIBCMT:errmode.obj
 0001:000204e2       ___security_init_cookie    004214e2 f   LIBCMT:gs_support.obj
 0001:0002057c       ___crtGetEnvironmentStringsA 0042157c f   LIBCMT:a_env.obj
 0001:00020610       __cintrindisp2             00421610 f   LIBCMT:87cdisp.obj
 0001:0002064e       __cintrindisp1             0042164e f   LIBCMT:87cdisp.obj
 0001:0002068b       __ctrandisp2               0042168b f   LIBCMT:87cdisp.obj
 0001:0002081a       __ctrandisp1               0042181a f   LIBCMT:87cdisp.obj
 0001:0002084d       __fload                    0042184d f   LIBCMT:87cdisp.obj
 0001:00020890       __trandisp1                00421890 f   LIBCMT:87disp.obj
 0001:000208f7       __trandisp2                004218f7 f   LIBCMT:87disp.obj
 0001:00020983       __rttospopde               00421983     LIBCMT:87disp.obj
 0001:00020988       __rttospop                 00421988     LIBCMT:87disp.obj
 0001:0002098a       __rtnospop                 0042198a     LIBCMT:87disp.obj
 0001:0002098c       __rttosnpop                0042198c     LIBCMT:87disp.obj
 0001:0002098d       __rtnospopde               0042198d     LIBCMT:87disp.obj
 0001:00020994       __rtzeropop                00421994     LIBCMT:87disp.obj
 0001:00020996       __rtzeronpop               00421996     LIBCMT:87disp.obj
 0001:0002099b       __rtonepop                 0042199b     LIBCMT:87disp.obj
 0001:0002099d       __rtonenpop                0042199d     LIBCMT:87disp.obj
 0001:000209a2       __tosnan1                  004219a2     LIBCMT:87disp.obj
 0001:000209cd       __nosnan2                  004219cd     LIBCMT:87disp.obj
 0001:000209cf       __tosnan2                  004219cf     LIBCMT:87disp.obj
 0001:000209f7       __nan2                     004219f7     LIBCMT:87disp.obj
 0001:00020a36       __rtindfpop                00421a36     LIBCMT:87disp.obj
 0001:00020a38       __rtindfnpop               00421a38     LIBCMT:87disp.obj
 0001:00020a49       __rttosnpopde              00421a49     LIBCMT:87disp.obj
 0001:00020a53       __rtchsifneg               00421a53     LIBCMT:87disp.obj
 0001:00020a60       _tan                       00421a60 f   LIBCMT:tan.obj
 0001:00020aa0       __CItan                    00421aa0 f   LIBCMT:tan.obj
 0001:00020adb       __CItan_default            00421adb f   LIBCMT:tan.obj
 0001:00020aef       __tan_default              00421aef     LIBCMT:tan.obj
 0001:00020b90       ___sse2_sin2               00421b90 f   LIBCMT:svml_dsin2_sse2.obj
 0001:00020d50       ___sse4_sin2               00421d50 f   LIBCMT:svml_dsin2_sse4.obj
 0001:00021ce0       ___sse2_pow2               00422ce0 f   LIBCMT:svml_dpow2_sse2.obj
 0001:00022130       __isleadbyte_l             00423130 f i LIBCMT:_wctype.obj
 0001:00022166       _isleadbyte                00423166 f i LIBCMT:_wctype.obj
 0001:00022360       ___crtLCMapStringA         00423360 f   LIBCMT:a_map.obj
 0001:000223a4       __freea                    004233a4 f i LIBCMT:a_map.obj
 0001:000223d0       _iswctype                  004233d0 f   LIBCMT:iswctype.obj
 0001:000225fe       _wcstol                    004235fe f   LIBCMT:wcstol.obj
 0001:00022616       __crt_debugger_hook        00423616 f   LIBCMT:dbghook.obj
 0001:00022620       __aulldvrm                 00423620 f   LIBCMT:ulldvrm.obj
 0001:000226b5       __commit                   004236b5 f   LIBCMT:commit.obj
 0001:000227ac       __write                    004237ac f   LIBCMT:write.obj
 0001:0002289b       __write_nolock             0042389b f   LIBCMT:write.obj
 0001:000230e5       __isatty                   004240e5 f   LIBCMT:isatty.obj
 0001:00023149       __wctomb_s_l               00424149 f   LIBCMT:wctomb.obj
 0001:0002326b       _wctomb_s                  0042426b f   LIBCMT:wctomb.obj
 0001:00023286       __getbuf                   00424286 f   LIBCMT:_getbuf.obj
 0001:000232cc       __fstat64i32               004242cc f   LIBCMT:fstati32.obj
 0001:0002364f       __towlower_l               0042464f f   LIBCMT:towlower.obj
 0001:00023701       _towlower                  00424701 f   LIBCMT:towlower.obj
 0001:00023712       _wcspbrk                   00424712 f   LIBCMT:wcspbrk.obj
 0001:00023754       __wfullpath                00424754 f   LIBCMT:wfullpat.obj
 0001:000238dd       __wsopen_helper            004248dd f   LIBCMT:wopen.obj
 0001:000239a4       __wsopen_nolock            004249a4 f   LIBCMT:wopen.obj
 0001:0002411d       __wsopen_s                 0042511d f   LIBCMT:wopen.obj
 0001:0002413b       ___wdtoxmode               0042513b f   LIBCMT:wstat.obj
 0001:000241fd       ___daylight                004251fd f   LIBCMT:timeset.obj
 0001:00024203       ___dstbias                 00425203 f   LIBCMT:timeset.obj
 0001:00024209       ___timezone                00425209 f   LIBCMT:timeset.obj
 0001:0002420f       ___tzname                  0042520f f   LIBCMT:timeset.obj
 0001:00024215       __get_daylight             00425215 f   LIBCMT:timeset.obj
 0001:0002423f       __get_dstbias              0042523f f   LIBCMT:timeset.obj
 0001:00024269       __get_timezone             00425269 f   LIBCMT:timeset.obj
 0001:00024293       ___tzset                   00425293 f   LIBCMT:tzset.obj
 0001:000242e3       __isindst                  004252e3 f   LIBCMT:tzset.obj
 0001:00024a2b       __fptostr                  00425a2b f   LIBCMT:_fptostr.obj
 0001:00024adb       __atodbl_l                 00425adb f   LIBCMT:atodbl.obj
 0001:00024b67       __atoflt_l                 00425b67 f   LIBCMT:atodbl.obj
 0001:00024bf3       ___dtold                   00425bf3 f   LIBCMT:cfout.obj
 0001:00024cb9       __fltout2                  00425cb9 f   LIBCMT:cfout.obj
 0001:00024d50       __alldvrm                  00425d50 f   LIBCMT:lldvrm.obj
 0001:00024e30       __aullshr                  00425e30 f   LIBCMT:ullshr.obj
 0001:00024e4f       __controlfp_s              00425e4f f   LIBCMT:contrlfp.obj
 0001:00024eac       __fptrap                   00425eac f   LIBCMT:crt0fp.obj
 0001:00024eb5       __strnicoll_l              00425eb5 f   LIBCMT:strnicol.obj
 0001:00025203       ___crtCompareStringA       00426203 f   LIBCMT:a_cmp.obj
 0001:00025244       _wcschr                    00426244 f   LIBCMT:wcschr.obj
 0001:000252f2       _wcscpy_s                  004262f2 f   LIBCMT:wcscpy_s.obj
 0001:0002534e       __wcsnicoll                0042634e f   LIBCMT:wcsnicol.obj
 0001:00025418       __wcsnicoll_l              00426418 f   LIBCMT:wcsnicol.obj
 0001:0002553c       __wsetenvp                 0042653c f   LIBCMT:wstdenvp.obj
 0001:0002561e       ___mbtow_environ           0042661e f   LIBCMT:mbtowenv.obj
 0001:00025699       ___crtGetEnvironmentStringsW 00426699 f   LIBCMT:w_env.obj
 0001:000256f4       __dospawn                  004266f4 f   LIBCMT:dospawn.obj
 0001:00025919       __cenvarg                  00426919 f   LIBCMT:cenvarg.obj
 0001:00025ce2       ___lock_fhandle            00426ce2 f   LIBCMT:osfinfo.obj
 0001:00025d6e       __alloc_osfhnd             00426d6e f   LIBCMT:osfinfo.obj
 0001:00025f1d       __free_osfhnd              00426f1d f   LIBCMT:osfinfo.obj
 0001:00025fa3       __get_osfhandle            00426fa3 f   LIBCMT:osfinfo.obj
 0001:00026015       __set_osfhnd               00427015 f   LIBCMT:osfinfo.obj
 0001:00026097       __unlock_fhandle           00427097 f   LIBCMT:osfinfo.obj
 0001:000260bd       __sopen_helper             004270bd f   LIBCMT:open.obj
 0001:00026184       __sopen_nolock             00427184 f   LIBCMT:open.obj
 0001:000261d0       __sopen_s                  004271d0 f   LIBCMT:open.obj
 0001:000261ee       __mbsnbcmp                 004271ee f   LIBCMT:mbsnbcmp.obj
 0001:00026206       __mbsnbcmp_l               00427206 f   LIBCMT:mbsnbcmp.obj
 0001:0002631b       __mbsnbicmp                0042731b f   LIBCMT:mbsnbicm.obj
 0001:00026333       __mbsnbicmp_l              00427333 f   LIBCMT:mbsnbicm.obj
 0001:000264f0       __global_unwind2           004274f0 f   LIBCMT:exsup.obj
 0001:00026555       __local_unwind2            00427555 f   LIBCMT:exsup.obj
 0001:000265d9       __abnormal_termination     004275d9 f   LIBCMT:exsup.obj
 0001:000265fc       __NLG_Notify1              004275fc f   LIBCMT:exsup.obj
 0001:00026605       __NLG_Notify               00427605 f   LIBCMT:exsup.obj
 0001:0002661c       __NLG_Dispatch             0042761c     LIBCMT:exsup.obj
 0001:0002661c       __NLG_Dispatch2            0042761c     LIBCMT:exsup.obj
 0001:00026624       __NLG_Call                 00427624 f   LIBCMT:exsup.obj
 0001:00026626       __NLG_Return2              00427626     LIBCMT:exsup.obj
 0001:00026627       __ungetc_nolock            00427627 f   LIBCMT:ungetc.obj
 0001:00026707       __mbtowc_l                 00427707 f   LIBCMT:mbtowc.obj
 0001:000267fa       _mbtowc                    004277fa f   LIBCMT:mbtowc.obj
 0001:00026812       _wcscat_s                  00427812 f   LIBCMT:wcscat_s.obj
 0001:0002687e       _wcsncpy_s                 0042787e f   LIBCMT:wcsncpy_s.obj
 0001:0002693c       ___crtMessageBoxW          0042793c f   LIBCMT:crtmboxw.obj
 0001:00026b1e       ___crtCompareStringEx      00427b1e f   LIBCMT:winapinls.obj
 0001:00026b40       ___crtLCMapStringEx        00427b40 f   LIBCMT:winapinls.obj
 0001:00026c4e       ___crtGetStringTypeA       00427c4e f   LIBCMT:a_str.obj
 0001:00026c8c       __ld12tod                  00427c8c f   LIBCMT:intrncvt.obj
 0001:000271fc       __ld12tof                  004281fc f   LIBCMT:intrncvt.obj
 0001:0002776c       ___mtold12                 0042876c f   LIBCMT:mantold.obj
 0001:0002794e       ___free_lconv_mon          0042894e f   LIBCMT:initmon.obj
 0001:00027a4a       ___free_lconv_num          00428a4a f   LIBCMT:initnum.obj
 0001:00027ab1       ___free_lc_time            00428ab1 f   LIBCMT:inittime.obj
 0001:00027e31       ____lc_codepage_func       00428e31 f   LIBCMT:initctyp.obj
 0001:00027e57       _wcsnlen                   00428e57 f   LIBCMT:wcslen_s.obj
 0001:00027e76       __sse2_mathfcns_init       00428e76 f   LIBCMT:mathfcns.obj
 0001:00027e90       __CIcos_pentium4           00428e90 f   LIBCMT:cos_pentium4.obj
 0001:00027ea8       __cos_pentium4             00428ea8     LIBCMT:cos_pentium4.obj
 0001:00028040       __twoToTOS                 00429040 f   LIBCMT:common.obj
 0001:00028055       __load_CW                  00429055 f   LIBCMT:common.obj
 0001:0002806c       __convertTOStoQNaN         0042906c f   LIBCMT:common.obj
 0001:00028085       __fload_withFB             00429085 f   LIBCMT:common.obj
 0001:000280c8       __checkTOS_withFB          004290c8 f   LIBCMT:common.obj
 0001:000280de       __fast_exit                004290de f   LIBCMT:common.obj
 0001:000280eb       __math_exit                004290eb f   LIBCMT:common.obj
 0001:00028115       __check_overflow_exit      00429115 f   LIBCMT:common.obj
 0001:00028129       __check_range_exit         00429129 f   LIBCMT:common.obj
 0001:000281d0       __startTwoArgErrorHandling 004291d0 f   LIBCMT:genexcep.obj
 0001:000281e7       __startOneArgErrorHandling 004291e7 f   LIBCMT:genexcep.obj
 0001:00028230       __CIsin_pentium4           00429230 f   LIBCMT:sin_pentium4.obj
 0001:00028248       __sin_pentium4             00429248     LIBCMT:sin_pentium4.obj
 0001:0002844e       __ismbblead                0042944e f   LIBCMT:ismbbyte.obj
 0001:00028464       __87except                 00429464 f   LIBCMT:87except.obj
 0001:00028570       __CItan_pentium4           00429570 f   LIBCMT:tan_pentium4.obj
 0001:00028588       __tan_pentium4             00429588     LIBCMT:tan_pentium4.obj
 0001:000287d0       ___common_sin_reduction_LA 004297d0 f   LIBCMT:svml_dtrig.obj
 0001:00028b20       ___common_cos_reduction_LA 00429b20 f   LIBCMT:svml_dtrig.obj
 0001:00028e10       ___common_pi04_reduction_LA 00429e10 f   LIBCMT:svml_dtrig.obj
 0001:00029120       __wchartodigit             0042a120 f   LIBCMT:wchtodig.obj
 0001:000292bf       __putwch_nolock            0042a2bf f   LIBCMT:putwch.obj
 0001:00029300       __SEH_prolog4_GS           0042a300 f   LIBCMT:sehprolg4gs.obj
 0001:00029348       __SEH_epilog4_GS           0042a348 f   LIBCMT:sehprolg4gs.obj
 0001:00029357       ___crtLCMapStringW         0042a357 f   LIBCMT:w_map.obj
 0001:00029386       __wgetcwd                  0042a386 f   LIBCMT:wgetcwd.obj
 0001:0002939b       __wgetdcwd                 0042a39b f   LIBCMT:wgetcwd.obj
 0001:000294d6       __chsize_nolock            0042a4d6 f   LIBCMT:chsize.obj
 0001:0002968a       __get_fmode                0042a68a f   LIBCMT:setmode.obj
 0001:000296b4       __setmode_nolock           0042a6b4 f   LIBCMT:setmode.obj
 0001:00029781       _wcsrchr                   0042a781 f   LIBCMT:wcsrchr.obj
 0001:00029827       __wcsicmp                  0042a827 f   LIBCMT:wcsicmp.obj
 0001:000298ba       __wcsicmp_l                0042a8ba f   LIBCMT:wcsicmp.obj
 0001:00029993       _$I10_OUTPUT               0042a993 f   LIBCMT:x10fout.obj
 0001:0002a400       __control87                0042b400 f i LIBCMT:ieee87.obj
 0001:0002a797       __strnicmp                 0042b797 f   LIBCMT:strnicmp.obj
 0001:0002a802       __strnicmp_l               0042b802 f   LIBCMT:strnicmp.obj
 0001:0002a8b1       ___crtCompareStringW       0042b8b1 f   LIBCMT:w_cmp.obj
 0001:0002a915       __mbsnicmp                 0042b915 f   LIBCMT:mbsnicmp.obj
 0001:0002a92d       __mbsnicmp_l               0042b92d f   LIBCMT:mbsnicmp.obj
 0001:0002aac2       __matherr                  0042bac2 f   LIBCMT:matherr.obj
 0001:0002aac5       __handle_exc               0042bac5 f   LIBCMT:fpexcept.obj
 0001:0002aca1       __raise_exc                0042bca1 f   LIBCMT:fpexcept.obj
 0001:0002acc2       __raise_exc_ex             0042bcc2 f   LIBCMT:fpexcept.obj
 0001:0002afa7       __set_errno_from_matherr   0042bfa7 f   LIBCMT:fpexcept.obj
 0001:0002afd4       ___set_fpsr_sse2           0042bfd4 f   LIBCMT:fpctrl.obj
 0001:0002b04a       __clrfp                    0042c04a f   LIBCMT:fpctrl.obj
 0001:0002b059       __ctrlfp                   0042c059 f   LIBCMT:fpctrl.obj
 0001:0002b082       __set_statfp               0042c082 f   LIBCMT:fpctrl.obj
 0001:0002b0d8       __statfp                   0042c0d8 f   LIBCMT:fpctrl.obj
 0001:0002b0e6       ___termconout              0042c0e6 f   LIBCMT:initcon.obj
 0001:0002b0fd       ___initconout              0042c0fd f   LIBCMT:initcon.obj
 0001:0002b120       ___ascii_strnicmp          0042c120 f   LIBCMT:_strnicm.obj
 0001:0002b181       __decomp                   0042c181 f   LIBCMT:util.obj
 0001:0002b253       __set_exp                  0042c253 f   LIBCMT:util.obj
 0001:0002b27e       _IsProcessorFeaturePresent@4 0042c27e f   kernel32:KERNEL32.dll
 0001:0002b284       _RtlUnwind@16              0042c284 f   kernel32:KERNEL32.dll
 0001:0002b28a       __getch                    0042c28a f   LIBCMT:getch.obj
 0001:0002b28a       _getch                     0042c28a f   LIBCMT:getch.obj
 0001:0002b2cc       __getch_nolock             0042c2cc f   LIBCMT:getch.obj
 0001:0002b3a7       __getextendedkeycode       0042c3a7 f   LIBCMT:getch.obj
 0001:0002b454       ___ascii_stricmp           0042c454 f   LIBCMT:stricmp.obj
 0001:0002b48d       __stricmp                  0042c48d f   LIBCMT:stricmp.obj
 0001:0002b48d       _strcmpi                   0042c48d f   LIBCMT:stricmp.obj
 0001:0002b48d       _stricmp                   0042c48d f   LIBCMT:stricmp.obj
 0001:0002b4d4       __stricmp_l                0042c4d4 f   LIBCMT:stricmp.obj
 0001:0002b567       ?_strlwr_s_l_stat@@YAHPADIPAUlocaleinfo_struct@@@Z 0042c567 f   LIBCMT:strlwr.obj
 0001:0002b6d9       __strlwr                   0042c6d9 f   LIBCMT:strlwr.obj
 0001:0002b6d9       _strlwr                    0042c6d9 f   LIBCMT:strlwr.obj
 0001:0002b734       __strlwr_s_l               0042c734 f   LIBCMT:strlwr.obj
 0001:0002b766       ___termconin               0042c766 f   LIBCMT:initconin.obj
 0001:0002b77d       ___initconin               0042c77d f   LIBCMT:initconin.obj
 0002:00000000       __imp__RegOpenKeyExA@20    0042d000     advapi32:ADVAPI32.dll
 0002:00000004       __imp__RegCloseKey@4       0042d004     advapi32:ADVAPI32.dll
 0002:00000008       __imp__RegQueryValueExA@24 0042d008     advapi32:ADVAPI32.dll
 0002:0000000c       \177ADVAPI32_NULL_THUNK_DATA 0042d00c     advapi32:ADVAPI32.dll
 0002:00000010       __imp__LeaveCriticalSection@4 0042d010     kernel32:KERNEL32.dll
 0002:00000014       __imp__GetCurrentProcess@0 0042d014     kernel32:KERNEL32.dll
 0002:00000018       __imp__TerminateProcess@8  0042d018     kernel32:KERNEL32.dll
 0002:0000001c       __imp__GetConsoleScreenBufferInfo@8 0042d01c     kernel32:KERNEL32.dll
 0002:00000020       __imp__SetConsoleTextAttribute@8 0042d020     kernel32:KERNEL32.dll
 0002:00000024       __imp__EnterCriticalSection@4 0042d024     kernel32:KERNEL32.dll
 0002:00000028       __imp__GetModuleFileNameA@12 0042d028     kernel32:KERNEL32.dll
 0002:0000002c       __imp__GetModuleHandleA@4  0042d02c     kernel32:KERNEL32.dll
 0002:00000030       __imp__HeapAlloc@12        0042d030     kernel32:KERNEL32.dll
 0002:00000034       __imp__GetProcessHeap@0    0042d034     kernel32:KERNEL32.dll
 0002:00000038       __imp__VirtualQuery@12     0042d038     kernel32:KERNEL32.dll
 0002:0000003c       __imp__InitializeCriticalSection@4 0042d03c     kernel32:KERNEL32.dll
 0002:00000040       __imp__OutputDebugStringA@4 0042d040     kernel32:KERNEL32.dll
 0002:00000044       __imp__GetEnvironmentVariableA@12 0042d044     kernel32:KERNEL32.dll
 0002:00000048       __imp__GetStdHandle@4      0042d048     kernel32:KERNEL32.dll
 0002:0000004c       __imp__ReadConsoleInputA@16 0042d04c     kernel32:KERNEL32.dll
 0002:00000050       __imp__RaiseException@16   0042d050     kernel32:KERNEL32.dll
 0002:00000054       __imp__HeapFree@12         0042d054     kernel32:KERNEL32.dll
 0002:00000058       __imp__SetEndOfFile@4      0042d058     kernel32:KERNEL32.dll
 0002:0000005c       __imp__WriteConsoleW@20    0042d05c     kernel32:KERNEL32.dll
 0002:00000060       __imp__LCMapStringEx@36    0042d060     kernel32:KERNEL32.dll
 0002:00000064       __imp__MultiByteToWideChar@24 0042d064     kernel32:KERNEL32.dll
 0002:00000068       __imp__WideCharToMultiByte@32 0042d068     kernel32:KERNEL32.dll
 0002:0000006c       __imp__FreeLibrary@4       0042d06c     kernel32:KERNEL32.dll
 0002:00000070       __imp__GetProcAddress@8    0042d070     kernel32:KERNEL32.dll
 0002:00000074       __imp__LoadLibraryExA@12   0042d074     kernel32:KERNEL32.dll
 0002:00000078       __imp__EncodePointer@4     0042d078     kernel32:KERNEL32.dll
 0002:0000007c       __imp__DecodePointer@4     0042d07c     kernel32:KERNEL32.dll
 0002:00000080       __imp__GetDriveTypeW@4     0042d080     kernel32:KERNEL32.dll
 0002:00000084       __imp__GetFullPathNameA@16 0042d084     kernel32:KERNEL32.dll
 0002:00000088       __imp__GetLastError@0      0042d088     kernel32:KERNEL32.dll
 0002:0000008c       __imp__FindClose@4         0042d08c     kernel32:KERNEL32.dll
 0002:00000090       __imp__FindFirstFileExA@24 0042d090     kernel32:KERNEL32.dll
 0002:00000094       __imp__FindNextFileA@8     0042d094     kernel32:KERNEL32.dll
 0002:00000098       __imp__SystemTimeToTzSpecificLocalTime@12 0042d098     kernel32:KERNEL32.dll
 0002:0000009c       __imp__FileTimeToSystemTime@8 0042d09c     kernel32:KERNEL32.dll
 0002:000000a0       __imp__SetEnvironmentVariableA@8 0042d0a0     kernel32:KERNEL32.dll
 0002:000000a4       __imp__SetCurrentDirectoryA@4 0042d0a4     kernel32:KERNEL32.dll
 0002:000000a8       __imp__GetCurrentDirectoryA@8 0042d0a8     kernel32:KERNEL32.dll
 0002:000000ac       __imp__ReadFile@20         0042d0ac     kernel32:KERNEL32.dll
 0002:000000b0       __imp__InterlockedDecrement@4 0042d0b0     kernel32:KERNEL32.dll
 0002:000000b4       __imp__ExitProcess@4       0042d0b4     kernel32:KERNEL32.dll
 0002:000000b8       __imp__GetModuleHandleExW@12 0042d0b8     kernel32:KERNEL32.dll
 0002:000000bc       __imp__AreFileApisANSI@0   0042d0bc     kernel32:KERNEL32.dll
 0002:000000c0       __imp__GetCommandLineA@0   0042d0c0     kernel32:KERNEL32.dll
 0002:000000c4       __imp__IsProcessorFeaturePresent@4 0042d0c4     kernel32:KERNEL32.dll
 0002:000000c8       __imp__IsDebuggerPresent@0 0042d0c8     kernel32:KERNEL32.dll
 0002:000000cc       __imp__InitializeCriticalSectionAndSpinCount@8 0042d0cc     kernel32:KERNEL32.dll
 0002:000000d0       __imp__DeleteCriticalSection@4 0042d0d0     kernel32:KERNEL32.dll
 0002:000000d4       __imp__FileTimeToLocalFileTime@8 0042d0d4     kernel32:KERNEL32.dll
 0002:000000d8       __imp__FindFirstFileExW@24 0042d0d8     kernel32:KERNEL32.dll
 0002:000000dc       __imp__GetCurrentDirectoryW@8 0042d0dc     kernel32:KERNEL32.dll
 0002:000000e0       __imp__CreateDirectoryW@8  0042d0e0     kernel32:KERNEL32.dll
 0002:000000e4       __imp__SetEnvironmentVariableW@8 0042d0e4     kernel32:KERNEL32.dll
 0002:000000e8       __imp__GetFileAttributesExW@12 0042d0e8     kernel32:KERNEL32.dll
 0002:000000ec       __imp__CloseHandle@4       0042d0ec     kernel32:KERNEL32.dll
 0002:000000f0       __imp__RtlUnwind@16        0042d0f0     kernel32:KERNEL32.dll
 0002:000000f4       __imp__GetConsoleMode@8    0042d0f4     kernel32:KERNEL32.dll
 0002:000000f8       __imp__ReadConsoleW@20     0042d0f8     kernel32:KERNEL32.dll
 0002:000000fc       __imp__SetFilePointer@16   0042d0fc     kernel32:KERNEL32.dll
 0002:00000100       __imp__SetFilePointerEx@20 0042d100     kernel32:KERNEL32.dll
 0002:00000104       __imp__GetFileType@4       0042d104     kernel32:KERNEL32.dll
 0002:00000108       __imp__InitOnceExecuteOnce@16 0042d108     kernel32:KERNEL32.dll
 0002:0000010c       __imp__GetStartupInfoW@4   0042d10c     kernel32:KERNEL32.dll
 0002:00000110       __imp__UnhandledExceptionFilter@4 0042d110     kernel32:KERNEL32.dll
 0002:00000114       __imp__SetUnhandledExceptionFilter@4 0042d114     kernel32:KERNEL32.dll
 0002:00000118       __imp__FlsAlloc@4          0042d118     kernel32:KERNEL32.dll
 0002:0000011c       __imp__FlsGetValue@4       0042d11c     kernel32:KERNEL32.dll
 0002:00000120       __imp__FlsSetValue@8       0042d120     kernel32:KERNEL32.dll
 0002:00000124       __imp__FlsFree@4           0042d124     kernel32:KERNEL32.dll
 0002:00000128       __imp__GetModuleHandleW@4  0042d128     kernel32:KERNEL32.dll
 0002:0000012c       __imp__WriteFile@20        0042d12c     kernel32:KERNEL32.dll
 0002:00000130       __imp__GetModuleFileNameW@12 0042d130     kernel32:KERNEL32.dll
 0002:00000134       __imp__LoadLibraryExW@12   0042d134     kernel32:KERNEL32.dll
 0002:00000138       __imp__InterlockedIncrement@4 0042d138     kernel32:KERNEL32.dll
 0002:0000013c       __imp__IsValidCodePage@4   0042d13c     kernel32:KERNEL32.dll
 0002:00000140       __imp__GetACP@0            0042d140     kernel32:KERNEL32.dll
 0002:00000144       __imp__GetOEMCP@0          0042d144     kernel32:KERNEL32.dll
 0002:00000148       __imp__GetCPInfo@8         0042d148     kernel32:KERNEL32.dll
 0002:0000014c       __imp__SetLastError@4      0042d14c     kernel32:KERNEL32.dll
 0002:00000150       __imp__GetCurrentThreadId@0 0042d150     kernel32:KERNEL32.dll
 0002:00000154       __imp__DeleteFileW@4       0042d154     kernel32:KERNEL32.dll
 0002:00000158       __imp__QueryPerformanceCounter@4 0042d158     kernel32:KERNEL32.dll
 0002:0000015c       __imp__GetSystemTimeAsFileTime@4 0042d15c     kernel32:KERNEL32.dll
 0002:00000160       __imp__GetTickCount64@0    0042d160     kernel32:KERNEL32.dll
 0002:00000164       __imp__GetEnvironmentStringsW@0 0042d164     kernel32:KERNEL32.dll
 0002:00000168       __imp__FreeEnvironmentStringsW@4 0042d168     kernel32:KERNEL32.dll
 0002:0000016c       __imp__GetStringTypeW@16   0042d16c     kernel32:KERNEL32.dll
 0002:00000170       __imp__FlushFileBuffers@4  0042d170     kernel32:KERNEL32.dll
 0002:00000174       __imp__GetConsoleCP@0      0042d174     kernel32:KERNEL32.dll
 0002:00000178       __imp__GetFileInformationByHandle@8 0042d178     kernel32:KERNEL32.dll
 0002:0000017c       __imp__PeekNamedPipe@24    0042d17c     kernel32:KERNEL32.dll
 0002:00000180       __imp__GetFullPathNameW@16 0042d180     kernel32:KERNEL32.dll
 0002:00000184       __imp__CreateFileW@28      0042d184     kernel32:KERNEL32.dll
 0002:00000188       __imp__GetTimeZoneInformation@4 0042d188     kernel32:KERNEL32.dll
 0002:0000018c       __imp__WaitForSingleObject@8 0042d18c     kernel32:KERNEL32.dll
 0002:00000190       __imp__GetExitCodeProcess@8 0042d190     kernel32:KERNEL32.dll
 0002:00000194       __imp__CreateProcessA@40   0042d194     kernel32:KERNEL32.dll
 0002:00000198       __imp__SetStdHandle@8      0042d198     kernel32:KERNEL32.dll
 0002:0000019c       __imp__OutputDebugStringW@4 0042d19c     kernel32:KERNEL32.dll
 0002:000001a0       __imp__LoadLibraryW@4      0042d1a0     kernel32:KERNEL32.dll
 0002:000001a4       __imp__CompareStringEx@36  0042d1a4     kernel32:KERNEL32.dll
 0002:000001a8       __imp__SetConsoleMode@8    0042d1a8     kernel32:KERNEL32.dll
 0002:000001ac       \177KERNEL32_NULL_THUNK_DATA 0042d1ac     kernel32:KERNEL32.dll
 0002:000001b0       __imp__GetCPUInformation   0042d1b0     tier0:tier0.dll
 0002:000001b4       __imp__g_pMemAlloc         0042d1b4     tier0:tier0.dll
 0002:000001b8       __imp__CommandLine_Tier0   0042d1b8     tier0:tier0.dll
 0002:000001bc       __imp__Error               0042d1bc     tier0:tier0.dll
 0002:000001c0       __imp__Warning             0042d1c0     tier0:tier0.dll
 0002:000001c4       __imp__Msg                 0042d1c4     tier0:tier0.dll
 0002:000001c8       __imp___AssertValidWritePtr 0042d1c8     tier0:tier0.dll
 0002:000001cc       __imp__AssertValidStringPtr 0042d1cc     tier0:tier0.dll
 0002:000001d0       __imp__Plat_IsInDebugSession 0042d1d0     tier0:tier0.dll
 0002:000001d4       __imp__CreateSimpleThread  0042d1d4     tier0:tier0.dll
 0002:000001d8       __imp__ReleaseThreadHandle 0042d1d8     tier0:tier0.dll
 0002:000001dc       __imp__GetThreadedLoadLibraryFunc 0042d1dc     tier0:tier0.dll
 0002:000001e0       __imp__ThreadWaitForObjects 0042d1e0     tier0:tier0.dll
 0002:000001e4       __imp_?DevMsg@@YAXPBDZZ    0042d1e4     tier0:tier0.dll
 0002:000001e8       __imp_??0CThreadSpinRWLock@@QAE@XZ 0042d1e8     tier0:tier0.dll
 0002:000001ec       __imp_?LockForRead@CThreadSpinRWLock@@QAEXXZ 0042d1ec     tier0:tier0.dll
 0002:000001f0       __imp_?UnlockRead@CThreadSpinRWLock@@QAEXXZ 0042d1f0     tier0:tier0.dll
 0002:000001f4       __imp_?LockForWrite@CThreadSpinRWLock@@QAEXXZ 0042d1f4     tier0:tier0.dll
 0002:000001f8       __imp_?UnlockWrite@CThreadSpinRWLock@@QAEXXZ 0042d1f8     tier0:tier0.dll
 0002:000001fc       __imp__GetSpewOutputColor  0042d1fc     tier0:tier0.dll
 0002:00000200       __imp__SpewOutputFunc      0042d200     tier0:tier0.dll
 0002:00000204       \177tier0_NULL_THUNK_DATA  0042d204     tier0:tier0.dll
 0002:00000208       __imp__KeyValuesSystem     0042d208     vstdlib:vstdlib.dll
 0002:0000020c       \177vstdlib_NULL_THUNK_DATA 0042d20c     vstdlib:vstdlib.dll
[...]
 0002:0000fca8       _EnhancedKeys              0043cca8     LIBCMT:getch.obj
 0002:0000fd20       _NormalKeys                0043cd20     LIBCMT:getch.obj
 0002:00010270       __sehtable$__onexit        0043d270     LIBCMT:onexit.obj
 0002:00010290       __sehtable$_printf         0043d290     LIBCMT:printf.obj
 0002:000102b0       __sehtable$_setvbuf        0043d2b0     LIBCMT:setvbuf.obj
 0002:000102d0       __sehtable$_getenv         0043d2d0     LIBCMT:getenv.obj
 0002:000102f0       __sehtable$__dupenv_s      0043d2f0     LIBCMT:getenv.obj
 0002:00010310       __sehtable$__putenv        0043d310     LIBCMT:putenv.obj
 0002:00010330       __sehtable$_fclose         0043d330     LIBCMT:fclose.obj
 0002:00010350       __sehtable$__fsopen        0043d350     LIBCMT:fopen.obj
 0002:00010370       __sehtable$_fread_s        0043d370     LIBCMT:fread.obj
 0002:00010390       __sehtable$_fseek          0043d390     LIBCMT:fseek.obj
 0002:000103b0       __sehtable$_ftell          0043d3b0     LIBCMT:ftell.obj
 0002:000103d0       __sehtable$_fgets          0043d3d0     LIBCMT:fgets.obj
 0002:000103f0       __sehtable$_fprintf        0043d3f0     LIBCMT:fprintf.obj
 0002:00010410       __sehtable$_fputc          0043d410     LIBCMT:fputc.obj
 0002:00010430       __sehtable$_doexit         0043d430     LIBCMT:crt0dat.obj
 0002:00010450       __sehtable$__tempnam       0043d450     LIBCMT:tempnam.obj
 0002:00010470       __sehtable$___tmainCRTStartup 0043d470     LIBCMT:crt0.obj
 0002:00010490       __sehtable$__mtinitlocknum 0043d490     LIBCMT:mlock.obj
 0002:000104b0       __sehtable$__fcloseall     0043d4b0     LIBCMT:closeall.obj
 0002:000104d0       __sehtable$_flsall         0043d4d0     LIBCMT:fflush.obj
 0002:000104f8       __sehtable$__close         0043d4f8     LIBCMT:close.obj
 0002:00010518       __sehtable$__getstream     0043d518     LIBCMT:stream.obj
 0002:00010538       __sehtable$__read          0043d538     LIBCMT:read.obj
 0002:00010558       __sehtable$__lseek         0043d558     LIBCMT:lseek.obj
 0002:00010578       __sehtable$__lseeki64      0043d578     LIBCMT:lseeki64.obj
 0002:00010598       __sehtable$__ioinitCallback@12 0043d598     LIBCMT:ioinit.obj
 0002:000105b8       __sehtable$__IsNonwritableInCurrentImage 0043d5b8     LIBCMT:pesect.obj
 0002:000105d8       __sehtable$?terminate@@YAXXZ 0043d5d8     LIBCMT:hooks.obj
 0002:000105f8       __sehtable$_raise          0043d5f8     LIBCMT:winsig.obj
 0002:00010618       __sehtable$___updatetmbcinfo 0043d618     LIBCMT:mbctype.obj
 0002:00010638       __sehtable$__setmbcp       0043d638     LIBCMT:mbctype.obj
 0002:00010658       __sehtable$___updatetlocinfo 0043d658     LIBCMT:localref.obj
 0002:00010678       __sehtable$__freefls@4     0043d678     LIBCMT:tidtable.obj
 0002:000106a0       __sehtable$__initptd       0043d6a0     LIBCMT:tidtable.obj
 0002:000106c8       __sehtable$__locterm       0043d6c8     LIBCMT:wsetloca.obj
 0002:000106e8       __sehtable$__rmtmp         0043d6e8     LIBCMT:rmtmp.obj
 0002:00010710       __sehtable$?_Type_info_dtor@type_info@@CAXPAV1@@Z 0043d710     LIBCMT:typname.obj
 0002:00010730       __sehtable$__commit        0043d730     LIBCMT:commit.obj
 0002:00010750       __sehtable$__write         0043d750     LIBCMT:write.obj
 0002:00010770       __sehtable$__fstat64i32    0043d770     LIBCMT:fstati32.obj
 0002:00010790       __sehtable$__wsopen_helper 0043d790     LIBCMT:wopen.obj
 0002:000107b0       __sehtable$__isindst       0043d7b0     LIBCMT:tzset.obj
 0002:000107d0       __sehtable$___tzset        0043d7d0     LIBCMT:tzset.obj
 0002:000107f0       __sehtable$__tzset_nolock  0043d7f0     LIBCMT:tzset.obj
 0002:00010810       __sehtable$__alloc_osfhnd  0043d810     LIBCMT:osfinfo.obj
 0002:00010838       __sehtable$___lock_fhandle 0043d838     LIBCMT:osfinfo.obj
 0002:00010858       __sehtable$__sopen_helper  0043d858     LIBCMT:open.obj
 0002:00010878       __sehtable$___set_fpsr_sse2 0043d878     LIBCMT:fpctrl.obj
 0002:00010898       __sehtable$__getch         0043d898     LIBCMT:getch.obj
 0002:00010c6c       .idata$6                   0043dc6c     kernel32:KERNEL32.dll
 0002:00010cac       .idata$6                   0043dcac     advapi32:ADVAPI32.dll
 0002:00010d30       .idata$6                   0043dd30     tier0:tier0.dll
 0002:00010d4c       .idata$6                   0043dd4c     vstdlib:vstdlib.dll
 0002:00011590       .edata                     0043e590     Motionmapper.exp
 0002:000115b8       rgpv                       0043e5b8     Motionmapper.exp
 0002:000115bc       rgszName                   0043e5bc     Motionmapper.exp
 0002:000115c0       rgwOrd                     0043e5c0     Motionmapper.exp
 0002:000115c2       szName                     0043e5c2     Motionmapper.exp
 0002:000115d3       $N00001                    0043e5d3     Motionmapper.exp
 0003:00000000       _g_InitialColor            0043f000     cmdlib.obj
 0003:00000004       _g_LastColor               0043f004     cmdlib.obj
 0003:00000008       _g_BadColor                0043f008     cmdlib.obj
 0003:0000000c       _g_BackgroundFlags         0043f00c     cmdlib.obj
 0003:00000010       _vec2_invalid              0043f010     cmdlib.obj
 0003:00000050       _vec2_invalid              0043f050     filesystem_helpers.obj
 0003:00000058       _g_FileSystemErrorMode     0043f058     filesystem_init.obj
 0003:0000005c       _vec2_invalid              0043f05c     filesystem_init.obj
 0003:00000064       _vec2_invalid              0043f064     filesystem_tools.obj
 0003:0000032f       _g_bFirstWarning           0043f32f     motionmapper.obj
 0003:00000330       _vec2_invalid              0043f330     motionmapper.obj
 0003:00000338       _vec4_invalid              0043f338     motionmapper.obj
 0003:00000348       _g_VertAnimFixedPointScaleInv 0043f348     motionmapper.obj
 0003:00000354       _vec2_invalid              0043f354     scriplib.obj
 0003:0000035c       _g_ScriptLib               0043f35c     scriplib.obj
 0003:000003b8       _vec2_invalid              0043f3b8     mathlib:mathlib_base.obj
 0003:00000800       _vec2_invalid              0043f800     mathlib:color_conversion.obj
 0003:00000808       _vec2_invalid              0043f808     mathlib:3dnow.obj
 0003:00000810       _vec2_invalid              0043f810     mathlib:sse.obj
 0003:00000818       _s_BackSlashMap            0043f818     tier1:strtools.obj
 0003:00000824       _vec2_invalid              0043f824     tier1:strtools.obj
 0003:00000830       _s_LastFileLoadingFrom     0043f830     tier1:KeyValues.obj
 0003:00000834       _vec2_invalid              0043f834     tier1:KeyValues.obj
 0003:00000950       _vec2_invalid              0043f950     tier1:utlsymbol.obj
 0003:00000958       _s_pConversionArrays_StringCharConversion 0043f958     tier1:utlbuffer.obj
 0003:000009b0       _s_pConversionArrays_NoEscConversion 0043f9b0     tier1:utlbuffer.obj
 0003:000009b8       _vec2_invalid              0043f9b8     tier1:utlbuffer.obj
 0003:00000a2c       _vec2_invalid              0043fa2c     tier1:stringpool.obj
 0003:00000a38       _g_nRandomValues           0043fa38     tier1:generichash.obj
 0003:00000e38       _vec2_invalid              0043fe38     tier2:tier2.obj
 0003:00000e40       _vec4_invalid              0043fe40     tier2:tier2.obj
 0003:000010e0       _errtable                  004400e0     LIBCMT:dosmap.obj
 0003:00001248       _ErrnoNoMem                00440248     LIBCMT:dosmap.obj
 0003:0000124c       _DoserrorNoMem             0044024c     LIBCMT:dosmap.obj
 0003:00001278       __locktable                00440278     LIBCMT:mlock.obj
 0003:000013d0       _ext_strings               004403d0     LIBCMT:spawnve.obj
 0003:00001520       ?isPackaged@?1??__crtIsPackagedApp@@9@9 00440520     LIBCMT:winapisupp.obj
 0003:00001528       ___rgctypeflag             00440528     LIBCMT:mbctype.obj
 0003:00001530       ___rgcode_page_info        00440530     LIBCMT:mbctype.obj
 0003:00001c80       __ctype_loc_style          00440c80     LIBCMT:wsetloca.obj
 0003:00001c90       _NAME_                     00440c90     LIBCMT:cos.obj
 0003:00001ca0       _NAME_                     00440ca0     LIBCMT:sin.obj
 0003:00001cc0       _NAME_                     00440cc0     LIBCMT:tan.obj
 0003:00001d20       _tzstd                     00440d20     LIBCMT:timeset.obj
 0003:00001d60       _tzdst                     00440d60     LIBCMT:timeset.obj
 0003:00001da8       _dststart                  00440da8     LIBCMT:tzset.obj
 0003:00001db4       _dstend                    00440db4     LIBCMT:tzset.obj
 0003:00001e50       _DoubleFormat              00440e50     LIBCMT:intrncvt.obj
 0003:00001e68       _FloatFormat               00440e68     LIBCMT:intrncvt.obj
 0003:00002208       ?_names@?1??_get_fname@@9@9 00441208     LIBCMT:fpexcept.obj
 0003:000022f0       _over                      004412f0     LIBCMT:fpctrl.obj
 0003:000022fc       _under                     004412fc     LIBCMT:fpctrl.obj
 0003:00002308       ?__DAZ_ENABLED@?1??__set_fpsr_sse2@@9@9 00441308     LIBCMT:fpctrl.obj
 0003:00002338       _chbuf                     00441338     LIBCMT:getch.obj
 0003:00002340       _g_NumBasePaths            00441340     cmdlib.obj
 0003:00003b80       _vec2_origin               00442b80     cmdlib.obj
 0003:00003b88       _g_pBasePaths              00442b88     cmdlib.obj
 0003:000045b0       ?buf@?1??CmdLib_FPrintf@@YAXPAXPBDZZ@4V?$CUtlVector@DV?$CUtlMemory@DH@@@@A 004435b0     cmdlib.obj
 0003:000045c4       ?$S1@?1??CmdLib_FPrintf@@YAXPAXPBDZZ@4IA 004435c4     cmdlib.obj
 0003:000045c8       ?full@?1??ExpandArg@@YAPADPAD@Z@4PADA 004435c8     cmdlib.obj
 0003:000049c8       ?full@?1??ExpandPath@@YAPADPAD@Z@4PADA 004439c8     cmdlib.obj
 0003:00004dc8       _vec2_origin               00443dc8     filesystem_helpers.obj
 0003:00004dd0       _g_BreakSet                00443dd0     filesystem_helpers.obj
 0003:00004ed0       _g_BreakSetIncludingColons 00443ed0     filesystem_helpers.obj
 0003:00004fd0       _s_bUseVProjectBinDir      00443fd0     filesystem_init.obj
 0003:00004fd4       _vec2_origin               00443fd4     filesystem_init.obj
 0003:00004fe0       _g_FileSystemError         00443fe0     filesystem_init.obj
 0003:000050e0       ?s_pfnSuggestGameInfoDir@?1??GetSuggestGameInfoDirFn@?A0x3c95f0ac@@YAAAP6A_NPBVCFSSteamSetupInfo@@PADHPA_N@ZXZ@4P6A_N01H2@ZA 004440e0     filesystem_init.obj
 0003:000058f0       _vec2_origin               004448f0     filesystem_tools.obj
 0003:00005904       ?dummy@?4??MakeModuleFileName@@YAPBDXZ@4HA 00444904     memoverride.obj
 0003:00005908       ?pszOwner@?1??AllocUnattributed@@YAPAXI@Z@4PBDB 00444908     memoverride.obj
 0003:0000590c       ?$S1@?1??AllocUnattributed@@YAPAXI@Z@4IA 0044490c     memoverride.obj
 0003:00005910       ?pszOwner@?1??ReallocUnattributed@@YAPAXPAXI@Z@4PBDB 00444910     memoverride.obj
 0003:00005914       ?$S2@?1??ReallocUnattributed@@YAPAXPAXI@Z@4IA 00444914     memoverride.obj
 0003:009777d4       _vec2_origin               00db67d4     motionmapper.obj
 0003:009777dc       _vec4_origin               00db67dc     motionmapper.obj
 0003:009777f0       ?tmpvanim@?1??Grab_Vertexanimation@@YAXPAUs_source_t@@@Z@4PAUs_vertanim_t@@A 00db67f0     motionmapper.obj
 0003:012777f0       ?$S1@?1??Grab_Vertexanimation@@YAXPAUs_source_t@@@Z@4IA 016b67f0     motionmapper.obj
 0003:012777f8       ?v_listsort@?1??BuildIndividualMeshes@@YAXPAUs_source_t@@@Z@4PAHA 016b67f8     motionmapper.obj
 0003:012b77f8       ?v_ilistsort@?1??BuildIndividualMeshes@@YAXPAUs_source_t@@@Z@4PAHA 016f67f8     motionmapper.obj
 0003:012f77f8       ?facesort@?L@??BuildIndividualMeshes@@YAXPAUs_source_t@@@Z@4PAHA 017367f8     motionmapper.obj
 0003:013377f8       ?ifacesort@?L@??BuildIndividualMeshes@@YAXPAUs_source_t@@@Z@4PAHA 017767f8     motionmapper.obj
 0003:0138de60       _vec2_origin               017cce60     scriplib.obj
 0003:0138e268       _s_b3DNowEnabled           017cd268     mathlib:mathlib_base.obj
 0003:0138e269       _s_bMMXEnabled             017cd269     mathlib:mathlib_base.obj
 0003:0138e26a       _s_bSSEEnabled             017cd26a     mathlib:mathlib_base.obj
 0003:0138e26b       _s_bSSE2Enabled            017cd26b     mathlib:mathlib_base.obj
 0003:0138e270       _vec2_origin               017cd270     mathlib:mathlib_base.obj
 0003:01393290       _vec2_origin               017d2290     mathlib:color_conversion.obj
 0003:01393298       _texgammatable             017d2298     mathlib:color_conversion.obj
 0003:01393398       _texturetolinear           017d2398     mathlib:color_conversion.obj
 0003:01393798       _lineartotexture           017d2798     mathlib:color_conversion.obj
 0003:01394798       _lineartoscreen            017d3798     mathlib:color_conversion.obj
 0003:01395798       _g_Mathlib_GammaToLinear   017d4798     mathlib:color_conversion.obj
 0003:01395b98       _g_Mathlib_LinearToGamma   017d4b98     mathlib:color_conversion.obj
 0003:01395f98       _vec2_origin               017d4f98     mathlib:3dnow.obj
 0003:01395fa0       _vec2_origin               017d4fa0     mathlib:sse.obj
 0003:01395fa8       _vec2_origin               017d4fa8     tier1:strtools.obj
 0003:01395fb8       _vec2_origin               017d4fb8     tier1:KeyValues.obj
 0003:01395fc0       _s_pTokenBuf               017d4fc0     tier1:KeyValues.obj
 0003:013963c4       _g_CleanupSymbolTable      017d53c4     tier1:utlsymbol.obj
 0003:013963c8       _vec2_origin               017d53c8     tier1:utlsymbol.obj
 0003:013963d0       ?symbolsInitialized@?1??Initialize@CUtlSymbol@@KAXXZ@4_NA 017d53d0     tier1:utlsymbol.obj
 0003:01397700       _vec2_origin               017d6700     tier1:utlbuffer.obj
 0003:01397708       _vec2_origin               017d6708     tier1:stringpool.obj
 0003:01397740       _vec2_origin               017d6740     tier2:tier2.obj
 0003:01397748       _vec4_origin               017d6748     tier2:tier2.obj
 0003:01397760       ___enable_percent_n        017d6760     LIBCMT:printf.obj
 0003:013977b8       _lclcritsects              017d67b8     LIBCMT:mlock.obj
 0003:01397920       ?outmsg@?8??_NMSG_WRITE@@9@9 017d6920     LIBCMT:crt0msg.obj
 0003:01397f50       _g_pfnRtlGenRandom         017d6f50     LIBCMT:rand_s.obj
 0003:01397f54       _ctrlc_action              017d6f54     LIBCMT:winsig.obj
 0003:01397f58       _ctrlbreak_action          017d6f58     LIBCMT:winsig.obj
 0003:01397f5c       _abort_action              017d6f5c     LIBCMT:winsig.obj
 0003:01397f60       _term_action               017d6f60     LIBCMT:winsig.obj
 0003:01397f64       _ConsoleCtrlHandler_Installed 017d6f64     LIBCMT:winsig.obj
 0003:01397f80       _fSystemSet                017d6f80     LIBCMT:mbctype.obj
 0003:01397f88       _GS_ExceptionRecord        017d6f88     LIBCMT:gs_report.obj
 0003:01397fd8       _GS_ContextRecord          017d6fd8     LIBCMT:gs_report.obj
 0003:013982a4       _DebuggerWasPresent        017d72a4     LIBCMT:gs_report.obj
 0003:013982b0       ___type_info_root_node     017d72b0     LIBCMT:typname.obj
 0003:013982b8       ?_pgmname@?1??_setargv@@9@9 017d72b8     LIBCMT:stdargv.obj
 0003:013983c8       _lastTZ                    017d73c8     LIBCMT:tzset.obj
 0003:013983cc       ?first_time@?1??__tzset@@9@9 017d73cc     LIBCMT:tzset.obj
 0003:013983d0       _tzapiused                 017d73d0     LIBCMT:tzset.obj
 0003:013983d8       _tzinfo                    017d73d8     LIBCMT:tzset.obj
 0003:0139848c       ?pfnMessageBox@?1??__crtMessageBoxW@@9@9 017d748c     LIBCMT:crtmboxw.obj
 0003:01398490       ?pfnGetActiveWindow@?1??__crtMessageBoxW@@9@9 017d7490     LIBCMT:crtmboxw.obj
 0003:01398494       ?pfnGetLastActivePopup@?1??__crtMessageBoxW@@9@9 017d7494     LIBCMT:crtmboxw.obj
 0003:01398498       ?pfnGetProcessWindowStation@?1??__crtMessageBoxW@@9@9 017d7498     LIBCMT:crtmboxw.obj
 0003:0139849c       ?pfnGetUserObjectInformation@?1??__crtMessageBoxW@@9@9 017d749c     LIBCMT:crtmboxw.obj
 0003:013984d0       _heap                      017d74d0     LIBCMT:undname.obj
 0004:00000000       _static_const_table        017d9000     LIBCMT:svml_dsin2_sse2.obj
 0004:00000200       _MMDPI4                    017d9200     LIBCMT:svml_dsin2_sse4.obj
 0004:00000210       _MMISIGNMASK               017d9210     LIBCMT:svml_dsin2_sse4.obj
 0004:00000220       _PI02C_4                   017d9220     LIBCMT:svml_dsin2_sse4.obj
 0004:00000230       _PI02C_3                   017d9230     LIBCMT:svml_dsin2_sse4.obj
 0004:00000240       _PI02C_2                   017d9240     LIBCMT:svml_dsin2_sse4.obj
 0004:00000250       _PI02C_1                   017d9250     LIBCMT:svml_dsin2_sse4.obj
 0004:00000260       _PI02C_0                   017d9260     LIBCMT:svml_dsin2_sse4.obj
 0004:00000270       _RS                        017d9270     LIBCMT:svml_dsin2_sse4.obj
 0004:00000280       _MSK_LOW_BIT               017d9280     LIBCMT:svml_dsin2_sse4.obj
 0004:00000290       _MMI_ONE                   017d9290     LIBCMT:svml_dsin2_sse4.obj
 0004:000002a0       _THE_PI02_INV              017d92a0     LIBCMT:svml_dsin2_sse4.obj
 0004:000002b0       _TWO_POW_30                017d92b0     LIBCMT:svml_dsin2_sse4.obj
 0004:000002c0       _MMIABSMASK                017d92c0     LIBCMT:svml_dsin2_sse4.obj
 0004:000002d0       _MMDA1                     017d92d0     LIBCMT:svml_dsin2_sse4.obj
 0004:000002e0       _MMDA2                     017d92e0     LIBCMT:svml_dsin2_sse4.obj
 0004:000002f0       _MMDA3                     017d92f0     LIBCMT:svml_dsin2_sse4.obj
 0004:00000300       _MMDA4                     017d9300     LIBCMT:svml_dsin2_sse4.obj
 0004:00000310       _MMDA5                     017d9310     LIBCMT:svml_dsin2_sse4.obj
 0004:00000320       _MMDA6                     017d9320     LIBCMT:svml_dsin2_sse4.obj
 0004:00000330       _MMDA7                     017d9330     LIBCMT:svml_dsin2_sse4.obj
 0004:00000340       _MMDA8                     017d9340     LIBCMT:svml_dsin2_sse4.obj
 0004:00000350       _MMDHUGE                   017d9350     LIBCMT:svml_dsin2_sse4.obj
 0004:00000360       _MMDRSHIFT                 017d9360     LIBCMT:svml_dsin2_sse4.obj
 0004:00000370       _MMDPI3                    017d9370     LIBCMT:svml_dsin2_sse4.obj
 0004:00000380       _MMDPI2                    017d9380     LIBCMT:svml_dsin2_sse4.obj
 0004:00000390       _MMDINVPI                  017d9390     LIBCMT:svml_dsin2_sse4.obj
 0004:000003a0       _MMDPI1                    017d93a0     LIBCMT:svml_dsin2_sse4.obj
 0004:00000400       INF_c_1079_0_4             017d9400     LIBCMT:svml_dpow2_sse2.obj
 0004:00000410       QNaN_c_1079_0_4            017d9410     LIBCMT:svml_dpow2_sse2.obj
 0004:00000420       _static_const_table        017d9420     LIBCMT:svml_dpow2_sse2.obj
 0004:00006eb0       _2il0floatpacket_5         017dfeb0     LIBCMT:svml_dpow2_sse2.obj
 0004:00006eb8       _2il0floatpacket_6         017dfeb8     LIBCMT:svml_dpow2_sse2.obj
 0004:00006f00       __e02PI                    017dff00     LIBCMT:svml_dtrig.obj
 0004:000070a0       __e04PI                    017e00a0     LIBCMT:svml_dtrig.obj
 0004:00007230       _2il0floatpacket_2         017e0230     LIBCMT:svml_dtrig.obj
 0004:00007240       _2il0floatpacket_9         017e0240     LIBCMT:svml_dtrig.obj
 0004:00007250       _2il0floatpacket_12        017e0250     LIBCMT:svml_dtrig.obj
 0004:00007260       __dPI02                    017e0260     LIBCMT:svml_dtrig.obj
 0004:00007270       __d02PI                    017e0270     LIBCMT:svml_dtrig.obj
 0004:00007280       __DP4                      017e0280     LIBCMT:svml_dtrig.obj
 0004:000072a0       __dPI04                    017e02a0     LIBCMT:svml_dtrig.obj
 0004:000072b0       __d04PI                    017e02b0     LIBCMT:svml_dtrig.obj
 0004:000072c0       __QP4                      017e02c0     LIBCMT:svml_dtrig.obj
