 motionmapper

 Timestamp is 69ed4331 (Sat Apr 25 18:41:53 2026)

 Preferred load address is 00400000

 Start         Length     Name                   Class
 0001:00000000 0002b7ccH .text                   CODE
 0001:0002b7d0 000000d9H .text$yc                CODE
 0001:0002b8b0 000001d6H .text$yd                CODE
 0002:00000000 00000210H .idata$5                DATA
 0002:00000210 00000004H .CRT$XCA                DATA
 0002:00000214 0000001cH .CRT$XCU                DATA
 0002:00000230 00000004H .CRT$XCZ                DATA
 0002:00000234 00000004H .CRT$XIA                DATA
 0002:00000238 00000014H .CRT$XIC                DATA
 0002:0000024c 00000004H .CRT$XIY                DATA
 0002:00000250 00000004H .CRT$XIZ                DATA
 0002:00000254 00000004H .CRT$XPA                DATA
 0002:00000258 00000010H .CRT$XPX                DATA
 0002:00000268 00000004H .CRT$XPXA               DATA
 0002:0000026c 00000004H .CRT$XPZ                DATA
 0002:00000270 00000004H .CRT$XTA                DATA
 0002:00000274 00000004H .CRT$XTZ                DATA
 0002:00000280 0000fdc0H .rdata                  DATA
 0002:00010040 00000068H .rdata$debug            DATA
 0002:000100a8 000001a8H .rdata$r                DATA
 0002:00010250 0000000cH .rdata$sxdata           DATA
 0002:0001025c 00000004H .rtc$IAA                DATA
 0002:00010260 00000004H .rtc$IZZ                DATA
 0002:00010264 00000004H .rtc$TAA                DATA
 0002:00010268 00000004H .rtc$TZZ                DATA
 0002:00010270 00000644H .xdata$x                DATA
 0002:000108b4 00000050H .idata$2                DATA
 0002:00010904 00000014H .idata$3                DATA
 0002:00010918 00000210H .idata$4                DATA
 0002:00010b28 00000a62H .idata$6                DATA
 0002:00011590 00000053H .edata                  DATA
 0003:00000000 00002340H .data                   DATA
 0003:00002340 01397300H .bss                    DATA
 0004:00000000 000072e0H _RDATA                  DATA

  Address         Publics by Value              Rva+Base       Lib:Object

 0000:00000000       __except_list              00000000     <absolute>
 0000:00000003       ___safe_se_handler_count   00000003     <absolute>
 0000:00000000       ___ImageBase               00400000     <linker-defined>
 0001:00000000       ?CmdLib_FPrintf@@YAXPAXPBDZZ 00401000 f   cmdlib.obj
 0001:000001a0       ?CmdLib_GetBasePath@@YAPBDH@Z 004011a0 f   cmdlib.obj
 0001:000001c0       ?CmdLib_GetNumBasePaths@@YAHXZ 004011c0 f   cmdlib.obj
 0001:000001d0       ?CmdLib_HasBasePath@@YA_NPBDAAH@Z 004011d0 f   cmdlib.obj
 0001:00000290       ?CmdLib_InitFileSystem@@YAXPBDH@Z 00401290 f   cmdlib.obj
 0001:000002c0       ?CmdLib_SpewOutputFunc@@YA?AW4SpewRetval_t@@W4SpewType_t@@PBD@Z 004012c0 f   cmdlib.obj
 0001:00000530       ?ExpandArg@@YAPADPAD@Z     00401530 f   cmdlib.obj
 0001:000005b0       ?ExpandPath@@YAPADPAD@Z    004015b0 f   cmdlib.obj
 0001:000005f0       ?FileTime@@YAHPAD@Z        004015f0 f   cmdlib.obj
 0001:000006b0       ?InstallSpewFunction@@YAXXZ 004016b0 f   cmdlib.obj
 0001:000006f0       ?RemoveAll@?$CUtlLinkedList@P6AXXZG$0A@GV?$CUtlMemory@U?$UtlLinkedListElem_t@P6AXXZG@@G@@@@QAEXXZ 004016f0 f i cmdlib.obj
 0001:000006f0       ?RemoveAll@?$CUtlLinkedList@P6AXPBD@ZG$0A@GV?$CUtlMemory@U?$UtlLinkedListElem_t@P6AXPBD@ZG@@G@@@@QAEXXZ 004016f0 f i cmdlib.obj
 0001:00000760       ?SetConsoleTextColor@@YAGHHHH@Z 00401760 f   cmdlib.obj
 0001:000007e0       ??0CFSLoadModuleInfo@@QAE@XZ 004017e0 f   filesystem_init.obj
 0001:00000820       ??0CFSMountContentInfo@@QAE@XZ 00401820 f   filesystem_init.obj
 0001:00000840       ??0CFSSearchPathsInit@@QAE@XZ 00401840 f   filesystem_init.obj
 0001:00000860       ??0CTempEnvVar@@QAE@PBD@Z  00401860 f i filesystem_init.obj
 0001:00000950       ??1CTempEnvVar@@QAE@XZ     00401950 f i filesystem_init.obj
 0001:000009c0       ?AddLanguageGameDir@@YAXPAVIFileSystem@@PBD1@Z 004019c0 f   filesystem_init.obj
 0001:00000a90       ?DoesFileExistIn@@YA_NPBD0@Z 00401a90 f   filesystem_init.obj
 0001:00000b00       ?DoesPathExistAlready@@YA_NPBD0@Z 00401b00 f   filesystem_init.obj
 0001:00000da0       ?FileSystem_AddSearchPath_Platform@@YAXPAVIFileSystem@@PBD@Z 00401da0 f   filesystem_init.obj
 0001:00000e30       ?FileSystem_GetExecutableDir@@YA_NPADH@Z 00401e30 f   filesystem_init.obj
 0001:00000f40       ?FileSystem_GetFileSystemDLLName@@YA?AW4FSReturnCode_t@@PADHAA_N@Z 00401f40 f   filesystem_init.obj
 0001:00001000       ?FileSystem_IsHldsUpdateToolDedicatedServer@@YA_NXZ 00402000 f   filesystem_init.obj
 0001:00001090       ?FileSystem_LoadFileSystemModule@@YA?AW4FSReturnCode_t@@AAVCFSLoadModuleInfo@@@Z 00402090 f   filesystem_init.obj
 0001:00001150       ?FileSystem_LoadSearchPaths@@YA?AW4FSReturnCode_t@@AAVCFSSearchPathsInit@@@Z 00402150 f   filesystem_init.obj
 0001:00001340       ?FileSystem_MountContent@@YA?AW4FSReturnCode_t@@AAVCFSMountContentInfo@@@Z 00402340 f   filesystem_init.obj
 0001:00001470       ?FileSystem_SetBasePaths@@YA?AW4FSReturnCode_t@@PAVIFileSystem@@@Z 00402470 f   filesystem_init.obj
 0001:000014e0       ?FileSystem_SetupSteamEnvironment@@YA?AW4FSReturnCode_t@@AAVCFSSteamSetupInfo@@@Z 004024e0 f   filesystem_init.obj
 0001:00001610       ?FileSystem_SetupSteamInstallPath@@YA?AW4FSReturnCode_t@@XZ 00402610 f   filesystem_init.obj
 0001:000016a0       ?IsLowViolenceBuild@@YA_NXZ 004026a0 f   filesystem_init.obj
 0001:00001770       ?LaunchVConfig@@YAXXZ      00402770 f   filesystem_init.obj
 0001:000017f0       ?LoadGameInfoFile@@YA?AW4FSReturnCode_t@@PBDAAPAVKeyValues@@11@Z 004027f0 f   filesystem_init.obj
 0001:000018e0       ?LocateGameInfoFile@@YA?AW4FSReturnCode_t@@ABVCFSSteamSetupInfo@@PADH@Z 004028e0 f   filesystem_init.obj
 0001:00001ab0       ?Q_getwd@@YAXPADH@Z        00402ab0 f   filesystem_init.obj
 0001:00001ae0       ?ReadKeyValuesFile@@YAPAVKeyValues@@PBD@Z 00402ae0 f   filesystem_init.obj
 0001:00001be0       ?SetSteamAppUser@@YAXPAVKeyValues@@PBDAAVCSteamEnvVars@@@Z 00402be0 f   filesystem_init.obj
 0001:00001d00       ?SetSteamInstallPath@@YA?AW4FSReturnCode_t@@PADHAAVCSteamEnvVars@@_N@Z 00402d00 f   filesystem_init.obj
 0001:00001e80       ?SetValue@CTempEnvVar@@QAAXPBDZZ 00402e80 f i filesystem_init.obj
 0001:00001ee0       ?SetupFileSystemError@@YA?AW4FSReturnCode_t@@_NW41@PBDZZ 00402ee0 f   filesystem_init.obj
 0001:00001f90       ?SetupSteamStartupEnvironment@@YA?AW4FSReturnCode_t@@PAVKeyValues@@PBDAAVCSteamEnvVars@@@Z 00402f90 f   filesystem_init.obj
 0001:00002250       ?FileSystem_Init@@YA_NPBDHW4FSInitType_t@@_N@Z 00403250 f   filesystem_tools.obj
 0001:00002270       ?FileSystem_Init_Normal@@YA_NPBDW4FSInitType_t@@_N@Z 00403270 f   filesystem_tools.obj
 0001:00002470       ?FileSystem_SetupStandardDirectories@@YAXPBD0@Z 00403470 f   filesystem_tools.obj
 0001:000024f0       _malloc                    004034f0 f   memoverride.obj
 0001:000024f0       __malloc_crt               004034f0 f   memoverride.obj
 0001:000024f0       ??2@YAPAXI@Z               004034f0 f   memoverride.obj
 0001:00002540       ??3@YAXPAX@Z               00403540 f   memoverride.obj
 0001:00002540       _free                      00403540 f   memoverride.obj
 0001:00002560       ?MakeModuleFileName@@YAPBDXZ 00403560 f   memoverride.obj
 0001:000025f0       __calloc_base              004035f0 f   memoverride.obj
 0001:00002660       __calloc_crt               00403660 f   memoverride.obj
 0001:00002680       __heap_init                00403680 f   memoverride.obj
 0001:00002690       __msize                    00403690 f   memoverride.obj
 0001:000026b0       __realloc_crt              004036b0 f   memoverride.obj
 0001:00002700       __recalloc_base            00403700 f   memoverride.obj
 0001:00002780       __recalloc_crt             00403780 f   memoverride.obj
 0001:000027a0       __strdup                   004037a0 f   memoverride.obj
 0001:00002820       __wcsdup                   00403820 f   memoverride.obj
 0001:00002830       _calloc                    00403830 f   memoverride.obj
 0001:000028b0       ??0M_matrix4x4_t@@QAE@XZ   004038b0 f i motionmapper.obj
 0001:00002930       ?BuildIndividualMeshes@@YAXPAUs_source_t@@@Z 00403930 f   motionmapper.obj
 0001:00002f70       ?Build_Reference@@YAXPAUs_source_t@@@Z 00403f70 f   motionmapper.obj
 0001:00003040       ?CalcModelTangentSpaces@@YAXPAUs_source_t@@@Z 00404040 f   motionmapper.obj
 0001:00003ae0       ?CatBonePath@@YAXPAHPAUs_bone_t@@AAUM_matrix4x4_t@@H@Z 00404ae0 f   motionmapper.obj
 0001:00003bd0       ?CombineSkeletonAnimation@@YAXPAUs_source_t@@0PAPAUs_bone_t@@@Z 00404bd0 f   motionmapper.obj
 0001:00003df0       ?GetNodeIndex@@YAHPAUs_source_t@@PAD@Z 00404df0 f   motionmapper.obj
 0001:00003e70       ?Grab_Animation@@YAXPAUs_source_t@@@Z 00404e70 f   motionmapper.obj
 0001:00004240       ?Grab_Nodes@@YAHPAUs_node_t@@@Z 00405240 f   motionmapper.obj
 0001:00004330       ?Grab_Triangles@@YAXPAUs_source_t@@@Z 00405330 f   motionmapper.obj
 0001:000045d0       ?Grab_Vertexanimation@@YAXPAUs_source_t@@@Z 004055d0 f   motionmapper.obj
 0001:000048a0       ?Grow@?$CUtlMemory@V?$CUtlVector@HV?$CUtlMemory@HH@@@@H@@QAEXH@Z 004058a0 f i motionmapper.obj
 0001:00004940       ?Grow@?$CUtlMemory@VCUtlSymbol@@H@@QAEXH@Z 00405940 f i motionmapper.obj
 0001:000049d0       ?Grow@?$CUtlMemory@VVector@@H@@QAEXH@Z 004059d0 f i motionmapper.obj
 0001:00004a70       ?InsertMultipleBefore@?$CUtlVector@V?$CUtlVector@HV?$CUtlMemory@HH@@@@V?$CUtlMemory@V?$CUtlVector@HV?$CUtlMemory@HH@@@@H@@@@QAEHHHPBV?$CUtlVector@HV?$CUtlMemory@HH@@@@@Z 00405a70 f i motionmapper.obj
 0001:00004bd0       ?InsertMultipleBefore@?$CUtlVector@VVector@@V?$CUtlMemory@VVector@@H@@@@QAEHHHPBVVector@@@Z 00405bd0 f i motionmapper.obj
 0001:00004d30       ?Load_SMD@@YAHPAUs_source_t@@@Z 00405d30 f   motionmapper.obj
 0001:00004f70       ?Load_Source@@YAPAUs_source_t@@PBD0_N1@Z 00405f70 f   motionmapper.obj
 0001:00005110       ?Load_Template@@YAPAUs_template_t@@PAD@Z 00406110 f   motionmapper.obj
 0001:00005680       ?M_AngleMatrix@@YAXABVRadianEuler@@ABVVector@@AAUM_matrix4x4_t@@@Z 00406680 f   motionmapper.obj
 0001:000057e0       ?M_ConcatTransforms@@YAXABUM_matrix4x4_t@@0AAU1@@Z 004067e0 f   motionmapper.obj
 0001:00005b80       ?M_MatrixInvert@@YAXABUM_matrix4x4_t@@AAU1@@Z 00406b80 f   motionmapper.obj
 0001:00005ca0       ?MdlError@@YAXPBDZZ        00406ca0 f   motionmapper.obj
 0001:00005d10       ?MdlWarning@@YAXPBDZZ      00406d10 f   motionmapper.obj
 0001:00005d70       ?MotionMap@@YAPAUs_source_t@@PAU1@0PAUs_template_t@@@Z 00406d70 f   motionmapper.obj
 0001:00008880       ?New_IKSolve@@YAPAUs_iksolve_t@@XZ 00409880 f   motionmapper.obj
 0001:000088e0       ?New_Template@@YAPAUs_template_t@@XZ 004098e0 f   motionmapper.obj
 0001:00008940       ?OpenGlobalFile@@YAHPAD@Z  00409940 f   motionmapper.obj
 0001:00008ab0       ?ParseFaceData@@YAXPAUs_source_t@@HPAUs_face_t@@@Z 00409ab0 f   motionmapper.obj
 0001:00008e20       ?RemoveAll@?$CUtlVector@V?$CUtlVector@HV?$CUtlMemory@HH@@@@V?$CUtlMemory@V?$CUtlVector@HV?$CUtlMemory@HH@@@@H@@@@QAEXXZ 00409e20 f i motionmapper.obj
 0001:00008ec0       ?SaveAnimation@@YAXPAUs_source_t@@AAVCUtlBuffer@@@Z 00409ec0 f   motionmapper.obj
 0001:00009030       ?SaveNodes@@YAXPAUs_source_t@@AAVCUtlBuffer@@@Z 0040a030 f   motionmapper.obj
 0001:000090a0       ?Save_SMD@@YAXPBDPAUs_source_t@@@Z 0040a0a0 f   motionmapper.obj
 0001:00009140       ?ScaleJoints@@YAXPAUs_source_t@@PAUs_jointScale_t@@@Z 0040a140 f   motionmapper.obj
 0001:00009240       ?ScaleSkeleton@@YAXPAUs_source_t@@M@Z 0040a240 f   motionmapper.obj
 0001:000092b0       ?Set_DefaultTemplate@@YAXPAUs_template_t@@@Z 0040a2b0 f   motionmapper.obj
 0001:00009600       ?SortAndBalanceBones@@YAHHHQAHQAM@Z 0040a600 f   motionmapper.obj
 0001:00009950       ?checkCommand@@YAHPAD0HH@Z 0040a950 f   motionmapper.obj
 0001:000099b0       ?faceCompare@@YAHPBX0@Z    0040a9b0 f   motionmapper.obj
 0001:00009a00       ?kalloc@@YAPAXHH@Z         0040aa00 f   motionmapper.obj
 0001:00009a20       ?lookup_index@@YAHPAUs_source_t@@HAAVVector@@1VVector2D@@@Z 0040aa20 f   motionmapper.obj
 0001:00009bd0       ?lookup_texture@@YAHPADH@Z 0040abd0 f   motionmapper.obj
 0001:00009c60       ?vlistCompare@@YAHPBX0@Z   0040ac60 f   motionmapper.obj
 0001:00009cb0       ?vprint@@YAXHPBDZZ         0040acb0 f   motionmapper.obj
 0001:00009da0       _cosf                      0040ada0 f i motionmapper.obj
 0001:00009dd0       _main                      0040add0 f   motionmapper.obj
 0001:0000a2a0       ?DefaultScriptLoadedCallback@@YAXPBD0H@Z 0040b2a0 f   scriplib.obj
 0001:0000a2b0       ?CompareFileTime@CScriptLib@@UAEHPBD0@Z 0040b2b0 f   scriplib.obj
 0001:0000a310       ?DeleteTemporaryFiles@CScriptLib@@UAEXPBD@Z 0040b310 f   scriplib.obj
 0001:0000a450       ?DoesFileExist@CScriptLib@@UAE_NPBD@Z 0040b450 f   scriplib.obj
 0001:0000a470       ?FindFiles@CScriptLib@@UAEHPAD_NAAV?$CUtlVector@UfileList_t@@V?$CUtlMemory@UfileList_t@@H@@@@@Z 0040b470 f   scriplib.obj
 0001:0000a740       ?GetFileList@CScriptLib@@AAEHPBD0AAV?$CUtlVector@UfileList_t@@V?$CUtlMemory@UfileList_t@@H@@@@@Z 0040b740 f   scriplib.obj
 0001:0000a990       ?Grow@?$CUtlMemory@UfileList_t@@H@@QAEXH@Z 0040b990 f i scriplib.obj
 0001:0000aa30       ?Grow@?$CUtlMemory@VCUtlString@@H@@QAEXH@Z 0040ba30 f i scriplib.obj
 0001:0000aac0       ?InsertBefore@?$CUtlVector@UfileList_t@@V?$CUtlMemory@UfileList_t@@H@@@@QAEHH@Z 0040bac0 f i scriplib.obj
 0001:0000ab30       ?InsertBefore@?$CUtlVector@VCUtlString@@V?$CUtlMemory@VCUtlString@@H@@@@QAEHH@Z 0040bb30 f i scriplib.obj
 0001:0000aba0       ?InsertMultipleBefore@?$CUtlVector@UfileList_t@@V?$CUtlMemory@UfileList_t@@H@@@@QAEHHHPBUfileList_t@@@Z 0040bba0 f i scriplib.obj
 0001:0000ac90       ?MakeTemporaryFilename@CScriptLib@@UAEPADPBDPADH@Z 0040bc90 f   scriplib.obj
 0001:0000ad00       ?ReadFileToBuffer@CScriptLib@@UAE_NPBDAAVCUtlBuffer@@_N2@Z 0040bd00 f   scriplib.obj
 0001:0000ad80       ?RecurseFileTree_r@CScriptLib@@AAEXPBDHAAV?$CUtlVector@VCUtlString@@V?$CUtlMemory@VCUtlString@@H@@@@@Z 0040bd80 f   scriplib.obj
 0001:0000aeb0       ?RemoveAll@?$CUtlVector@UfileList_t@@V?$CUtlMemory@UfileList_t@@H@@@@QAEXXZ 0040beb0 f i scriplib.obj
 0001:0000af10       ?RemoveAll@?$CUtlVector@VCUtlString@@V?$CUtlMemory@VCUtlString@@H@@@@QAEXXZ 0040bf10 f i scriplib.obj
 0001:0000af70       ?WriteBufferToFile@CScriptLib@@UAE_NPBDAAVCUtlBuffer@@W4DiskWriteMode_t@@@Z 0040bf70 f   scriplib.obj
 0001:0000b030       ?_sqrtf@@YAMM@Z            0040c030 f   mathlib:mathlib_base.obj
 0001:0000b050       ?_rsqrtf@@YAMM@Z           0040c050 f   mathlib:mathlib_base.obj
 0001:0000b080       ?_VectorNormalize@@YIMAAVVector@@@Z 0040c080 f   mathlib:mathlib_base.obj
 0001:0000b0f0       ?_VectorNormalizeFast@@YIXAAVVector@@@Z 0040c0f0 f   mathlib:mathlib_base.obj
 0001:0000b160       ?_InvRSquared@@YAMPBM@Z    0040c160 f   mathlib:mathlib_base.obj
 0001:0000b1b0       ?SinCos@@YAXMPAM0@Z        0040c1b0 f i mathlib:mathlib_base.obj
 0001:0000b1d0       ?AngleMatrix@@YAXABVQAngle@@AAUmatrix3x4_t@@@Z 0040c1d0 f   mathlib:mathlib_base.obj
 0001:0000b330       ?AngleMatrix@@YAXABVRadianEuler@@AAUmatrix3x4_t@@@Z 0040c330 f   mathlib:mathlib_base.obj
 0001:0000b380       ?ConcatTransforms@@YAXABUmatrix3x4_t@@0AAU1@@Z 0040c380 f   mathlib:mathlib_base.obj
 0001:0000b650       ?InitSinCosTable@@YAXXZ    0040c650 f   mathlib:mathlib_base.obj
 0001:0000b6b0       ?MathLib_Init@@YAXMMMH_N000@Z 0040c6b0 f   mathlib:mathlib_base.obj
 0001:0000b860       ?MatrixCopy@@YAXABUmatrix3x4_t@@AAU1@@Z 0040c860 f   mathlib:mathlib_base.obj
 0001:0000b8b0       ?BuildGammaTable@@YAXMMMH@Z 0040c8b0 f   mathlib:color_conversion.obj
 0001:0000bc40       ?_3DNow_InvRSquared@@YAMPBM@Z 0040cc40 f   mathlib:3dnow.obj
 0001:0000bc80       ?_3DNow_RSqrt@@YAMM@Z      0040cc80 f   mathlib:3dnow.obj
 0001:0000bcc0       ?_3DNow_Sqrt@@YAMM@Z       0040ccc0 f   mathlib:3dnow.obj
 0001:0000bcf0       ?_3DNow_VectorNormalize@@YIMAAVVector@@@Z 0040ccf0 f   mathlib:3dnow.obj
 0001:0000bd80       ?_3DNow_VectorNormalizeFast@@YIXAAVVector@@@Z 0040cd80 f   mathlib:3dnow.obj
 0001:0000bd90       ?_SSE2_SinCos@@YAXMPAM0@Z  0040cd90 f   mathlib:sse.obj
 0001:0000beb0       ?_SSE2_cos@@YAMM@Z         0040ceb0 f   mathlib:sse.obj
 0001:0000bf80       ?_SSE_InvRSquared@@YAMPBM@Z 0040cf80 f   mathlib:sse.obj
 0001:0000bfd0       ?_SSE_RSqrtAccurate@@YAMM@Z 0040cfd0 f   mathlib:sse.obj
 0001:0000c020       ?_SSE_RSqrtFast@@YAMM@Z    0040d020 f   mathlib:sse.obj
 0001:0000c040       ?_SSE_SinCos@@YAXMPAM0@Z   0040d040 f   mathlib:sse.obj
 0001:0000c180       ?_SSE_Sqrt@@YAMM@Z         0040d180 f   mathlib:sse.obj
 0001:0000c1a0       ?_SSE_VectorNormalizeFast@@YIXAAVVector@@@Z 0040d1a0 f   mathlib:sse.obj
 0001:0000c240       ?_SSE_cos@@YAMM@Z          0040d240 f   mathlib:sse.obj
 0001:0000c310       ?V_AppendSlash@@YAXPADH@Z  0040d310 f   tier1:strtools.obj
 0001:0000c360       ?V_DefaultExtension@@YAXPADPBDH@Z 0040d360 f   tier1:strtools.obj
 0001:0000c410       ?V_ExtractFileExtension@@YAXPBDPADH@Z 0040d410 f   tier1:strtools.obj
 0001:0000c490       ?V_FileBase@@YAXPBDPADH@Z  0040d490 f   tier1:strtools.obj
 0001:0000c560       ?V_FixSlashes@@YAXPADD@Z   0040d560 f   tier1:strtools.obj
 0001:0000c590       ?V_IsAbsolutePath@@YA_NPBD@Z 0040d590 f   tier1:strtools.obj
 0001:0000c5c0       ?V_MakeAbsolutePath@@YAXPADHPBD1@Z 0040d5c0 f   tier1:strtools.obj
 0001:0000c760       ?V_RemoveDotSlashes@@YA_NPADD@Z 0040d760 f   tier1:strtools.obj
 0001:0000c8a0       ?V_StrRight@@YAXPBDHPADH@Z 0040d8a0 f   tier1:strtools.obj
 0001:0000c920       ?V_StrSlice@@YAXPBDHHPADH@Z 0040d920 f   tier1:strtools.obj
 0001:0000c9e0       ?V_StripExtension@@YAXPBDPADH@Z 0040d9e0 f   tier1:strtools.obj
 0001:0000ca90       ?V_StripFilename@@YAXPAD@Z 0040da90 f   tier1:strtools.obj
 0001:0000cad0       ?V_StripLastDir@@YA_NPADH@Z 0040dad0 f   tier1:strtools.obj
 0001:0000cb80       ?V_StripTrailingSlash@@YAXPAD@Z 0040db80 f   tier1:strtools.obj
 0001:0000cbc0       ?V_UnqualifiedFileName@@YAPBDPBD@Z 0040dbc0 f   tier1:strtools.obj
 0001:0000cc00       ?V_snprintf@@YAHPADHPBDZZ  0040dc00 f   tier1:strtools.obj
 0001:0000cc50       ?V_stristr@@YAPADPADPBD@Z  0040dc50 f   tier1:strtools.obj
 0001:0000cc80       ?V_stristr@@YAPBDPBD0@Z    0040dc80 f   tier1:strtools.obj
 0001:0000cd30       ?V_strncasecmp@@YAHPBD0H@Z 0040dd30 f   tier1:strtools.obj
 0001:0000cdb0       ?V_strncat@@YAPADPADPBDIH@Z 0040ddb0 f   tier1:strtools.obj
 0001:0000ce40       ?V_strncmp@@YAHPBD0H@Z     0040de40 f   tier1:strtools.obj
 0001:0000cea0       ?V_strncpy@@YAXPADPBDH@Z   0040dea0 f   tier1:strtools.obj
 0001:0000cee0       ?V_vsnprintf@@YAHPADHPBD0@Z 0040dee0 f   tier1:strtools.obj
 0001:0000cf20       ?Sys_GetFactoryThis@@YAP6APAXPBDPAH@ZXZ 0040df20 f   tier1:interface.obj
 0001:0000cf30       ?Sys_LoadInterface@@YA_NPBD0PAPAVCSysModule@@PAPAX@Z 0040df30 f   tier1:interface.obj
 0001:0000cf90       ?Sys_LoadLibrary@@YAPAUHINSTANCE__@@PBD@Z 0040df90 f   tier1:interface.obj
 0001:0000d080       ?Sys_LoadModule@@YAPAVCSysModule@@PBD@Z 0040e080 f   tier1:interface.obj
 0001:0000d190       ?ThreadedLoadLibraryFunc@@YAIPAX@Z 0040e190 f   tier1:interface.obj
 0001:0000d1b0       _CreateInterface           0040e1b0 f   tier1:interface.obj
 0001:0000d220       ??0KeyValues@@QAE@PBD@Z    0040e220 f   tier1:KeyValues.obj
 0001:0000d280       ??2KeyValues@@SAPAXI@Z     0040e280 f   tier1:KeyValues.obj
 0001:0000d2a0       ?AppendIncludedKeys@KeyValues@@AAEXAAV?$CUtlVector@PAVKeyValues@@V?$CUtlMemory@PAVKeyValues@@H@@@@@Z 0040e2a0 f   tier1:KeyValues.obj
 0001:0000d300       ?CreateKey@KeyValues@@AAEPAV1@PBD@Z 0040e300 f   tier1:KeyValues.obj
 0001:0000d370       ?FindKey@KeyValues@@QAEPAV1@PBD_N@Z 0040e370 f   tier1:KeyValues.obj
 0001:0000d490       ?GetFirstValue@KeyValues@@QAEPAV1@XZ 0040e490 f   tier1:KeyValues.obj
 0001:0000d4b0       ?GetInt@KeyValues@@QAEHPBDH@Z 0040e4b0 f   tier1:KeyValues.obj
 0001:0000d530       ?GetName@KeyValues@@QBEPBDXZ 0040e530 f   tier1:KeyValues.obj
 0001:0000d550       ?GetNextValue@KeyValues@@QAEPAV1@XZ 0040e550 f   tier1:KeyValues.obj
 0001:0000d570       ?GetString@KeyValues@@QAEPBDPBD0@Z 0040e570 f   tier1:KeyValues.obj
 0001:0000d690       ?LoadFromBuffer@KeyValues@@QAE_NPBD0PAVIBaseFileSystem@@0@Z 0040e690 f   tier1:KeyValues.obj
 0001:0000d710       ?LoadFromBuffer@KeyValues@@QAE_NPBDAAVCUtlBuffer@@PAVIBaseFileSystem@@0@Z 0040e710 f   tier1:KeyValues.obj
 0001:0000da80       ?LoadFromFile@KeyValues@@QAE_NPAVIBaseFileSystem@@PBD1@Z 0040ea80 f   tier1:KeyValues.obj
 0001:0000db70       ?MakeCopy@KeyValues@@QBEPAV1@XZ 0040eb70 f   tier1:KeyValues.obj
 0001:0000dce0       ?MergeBaseKeys@KeyValues@@AAEXAAV?$CUtlVector@PAVKeyValues@@V?$CUtlMemory@PAVKeyValues@@H@@@@@Z 0040ece0 f   tier1:KeyValues.obj
 0001:0000dde0       ?ParseIncludedKeys@KeyValues@@AAEXPBD0PAVIBaseFileSystem@@0AAV?$CUtlVector@PAVKeyValues@@V?$CUtlMemory@PAVKeyValues@@H@@@@@Z 0040ede0 f   tier1:KeyValues.obj
 0001:0000def0       ?ReadToken@KeyValues@@AAEPBDAAVCUtlBuffer@@AA_N1@Z 0040eef0 f   tier1:KeyValues.obj
 0001:0000e0a0       ?RecursiveLoadFromBuffer@KeyValues@@AAEXPBDAAVCUtlBuffer@@@Z 0040f0a0 f   tier1:KeyValues.obj
 0001:0000e3f0       ?RecursiveMergeKeyValues@KeyValues@@AAEXPAV1@@Z 0040f3f0 f   tier1:KeyValues.obj
 0001:0000e4c0       ?RemoveEverything@KeyValues@@AAEXXZ 0040f4c0 f   tier1:KeyValues.obj
 0001:0000e550       ?RemoveSubKey@KeyValues@@QAEXPAV1@@Z 0040f550 f   tier1:KeyValues.obj
 0001:0000e5b0       ?ReportError@CKeyValuesErrorStack@@QAEXPBD@Z 0040f5b0 f i tier1:KeyValues.obj
 0001:0000e640       ?SetString@KeyValues@@QAEXPBD0@Z 0040f640 f   tier1:KeyValues.obj
 0001:0000e6b0       ?deleteThis@KeyValues@@QAEXXZ 0040f6b0 f   tier1:KeyValues.obj
 0001:0000e6d0       ??0CUtlSymbol@@QAE@PBD@Z   0040f6d0 f   tier1:utlsymbol.obj
 0001:0000e720       ??1?$CUtlRBTree@VCStringPoolIndex@CUtlSymbolTable@@GVCLess@2@V?$CUtlMemory@U?$UtlRBTreeNode_t@VCStringPoolIndex@CUtlSymbolTable@@G@@G@@@@QAE@XZ 0040f720 f i tier1:utlsymbol.obj
 0001:0000e790       ??1?$CUtlVector@PAUStringPool_t@CUtlSymbolTable@@V?$CUtlMemory@PAUStringPool_t@CUtlSymbolTable@@H@@@@QAE@XZ 0040f790 f i tier1:utlsymbol.obj
 0001:0000e790       ??1?$CUtlVector@DV?$CUtlMemory@DH@@@@QAE@XZ 0040f790 f i cmdlib.obj
 0001:0000e7f0       ??RCLess@CUtlSymbolTable@@QBE_NABVCStringPoolIndex@1@0@Z 0040f7f0 f   tier1:utlsymbol.obj
 0001:0000e8b0       ?AddString@CUtlSymbolTable@@QAE?AVCUtlSymbol@@PBD@Z 0040f8b0 f   tier1:utlsymbol.obj
 0001:0000e9f0       ?AddToTail@?$CUtlVector@PAUStringPool_t@CUtlSymbolTable@@V?$CUtlMemory@PAUStringPool_t@CUtlSymbolTable@@H@@@@QAEHABQAUStringPool_t@CUtlSymbolTable@@@Z 0040f9f0 f i tier1:utlsymbol.obj
 0001:0000e9f0       ?AddToTail@?$CUtlVector@PAVKeyValues@@V?$CUtlMemory@PAVKeyValues@@H@@@@QAEHABQAVKeyValues@@@Z 0040f9f0 f i tier1:KeyValues.obj
 0001:0000ea50       ?Find@?$CUtlRBTree@VCStringPoolIndex@CUtlSymbolTable@@GVCLess@2@V?$CUtlMemory@U?$UtlRBTreeNode_t@VCStringPoolIndex@CUtlSymbolTable@@G@@G@@@@QBEGABVCStringPoolIndex@CUtlSymbolTable@@@Z 0040fa50 f i tier1:utlsymbol.obj
 0001:0000eb40       ?FindInsertionPosition@?$CUtlRBTree@VCStringPoolIndex@CUtlSymbolTable@@GVCLess@2@V?$CUtlMemory@U?$UtlRBTreeNode_t@VCStringPoolIndex@CUtlSymbolTable@@G@@G@@@@IAEXABVCStringPoolIndex@CUtlSymbolTable@@AAGAA_N@Z 0040fb40 f i tier1:utlsymbol.obj
 0001:0000ec30       ?FindPoolWithSpace@CUtlSymbolTable@@ABEHH@Z 0040fc30 f   tier1:utlsymbol.obj
 0001:0000ec70       ?Grow@?$CUtlMemory@PAUStringPool_t@CUtlSymbolTable@@H@@QAEXH@Z 0040fc70 f i tier1:utlsymbol.obj
 0001:0000ec70       ?Grow@?$CUtlMemory@HH@@QAEXH@Z 0040fc70 f i motionmapper.obj
 0001:0000ec70       ?Grow@?$CUtlMemory@PAVKeyValues@@H@@QAEXH@Z 0040fc70 f i tier1:KeyValues.obj
 0001:0000ed00       ?Grow@?$CUtlMemory@U?$UtlRBTreeNode_t@VCStringPoolIndex@CUtlSymbolTable@@G@@G@@QAEXH@Z 0040fd00 f i tier1:utlsymbol.obj
 0001:0000edb0       ?Initialize@CUtlSymbol@@KAXXZ 0040fdb0 f   tier1:utlsymbol.obj
 0001:0000ee70       ?InsertRebalance@?$CUtlRBTree@VCStringPoolIndex@CUtlSymbolTable@@GVCLess@2@V?$CUtlMemory@U?$UtlRBTreeNode_t@VCStringPoolIndex@CUtlSymbolTable@@G@@G@@@@IAEXG@Z 0040fe70 f i tier1:utlsymbol.obj
 0001:0000f2e0       ?IsLeftChild@?$CUtlRBTree@VCStringPoolIndex@CUtlSymbolTable@@GVCLess@2@V?$CUtlMemory@U?$UtlRBTreeNode_t@VCStringPoolIndex@CUtlSymbolTable@@G@@G@@@@QBE_NG@Z 004102e0 f i tier1:utlsymbol.obj
 0001:0000f390       ?IsRightChild@?$CUtlRBTree@VCStringPoolIndex@CUtlSymbolTable@@GVCLess@2@V?$CUtlMemory@U?$UtlRBTreeNode_t@VCStringPoolIndex@CUtlSymbolTable@@G@@G@@@@QBE_NG@Z 00410390 f i tier1:utlsymbol.obj
 0001:0000f440       ?LinkToParent@?$CUtlRBTree@VCStringPoolIndex@CUtlSymbolTable@@GVCLess@2@V?$CUtlMemory@U?$UtlRBTreeNode_t@VCStringPoolIndex@CUtlSymbolTable@@G@@G@@@@IAEXGG_N@Z 00410440 f i tier1:utlsymbol.obj
 0001:0000f4c0       ?NewNode@?$CUtlRBTree@VCStringPoolIndex@CUtlSymbolTable@@GVCLess@2@V?$CUtlMemory@U?$UtlRBTreeNode_t@VCStringPoolIndex@CUtlSymbolTable@@G@@G@@@@QAEGXZ 004104c0 f i tier1:utlsymbol.obj
 0001:0000f5a0       ?Parent@?$CUtlRBTree@VCStringPoolIndex@CUtlSymbolTable@@GVCLess@2@V?$CUtlMemory@U?$UtlRBTreeNode_t@VCStringPoolIndex@CUtlSymbolTable@@G@@G@@@@QBEGG@Z 004105a0 f i tier1:utlsymbol.obj
 0001:0000f600       ?RemoveAll@?$CUtlRBTree@VCStringPoolIndex@CUtlSymbolTable@@GVCLess@2@V?$CUtlMemory@U?$UtlRBTreeNode_t@VCStringPoolIndex@CUtlSymbolTable@@G@@G@@@@QAEXXZ 00410600 f i tier1:utlsymbol.obj
 0001:0000f6f0       ?RemoveAll@CUtlSymbolTable@@QAEXXZ 004106f0 f   tier1:utlsymbol.obj
 0001:0000f760       ?RightChild@?$CUtlRBTree@VCStringPoolIndex@CUtlSymbolTable@@GVCLess@2@V?$CUtlMemory@U?$UtlRBTreeNode_t@VCStringPoolIndex@CUtlSymbolTable@@G@@G@@@@QBEGG@Z 00410760 f i tier1:utlsymbol.obj
 0001:0000f7c0       ?RotateLeft@?$CUtlRBTree@VCStringPoolIndex@CUtlSymbolTable@@GVCLess@2@V?$CUtlMemory@U?$UtlRBTreeNode_t@VCStringPoolIndex@CUtlSymbolTable@@G@@G@@@@IAEXG@Z 004107c0 f i tier1:utlsymbol.obj
 0001:0000f990       ?RotateRight@?$CUtlRBTree@VCStringPoolIndex@CUtlSymbolTable@@GVCLess@2@V?$CUtlMemory@U?$UtlRBTreeNode_t@VCStringPoolIndex@CUtlSymbolTable@@G@@G@@@@IAEXG@Z 00410990 f i tier1:utlsymbol.obj
 0001:0000fb30       ?String@CUtlSymbol@@QBEPBDXZ 00410b30 f   tier1:utlsymbol.obj
 0001:0000fb50       ?String@CUtlSymbolTableMT@@QBEPBDVCUtlSymbol@@@Z 00410b50 f i tier1:utlsymbol.obj
 0001:0000fbc0       ??$GetTypeBin@D@CUtlBuffer@@IAEXAAD@Z 00410bc0 f i tier1:utlbuffer.obj
 0001:0000fc30       ??$PutTypeBin@D@CUtlBuffer@@IAEXD@Z 00410c30 f i tier1:utlbuffer.obj
 0001:0000fcd0       ??0CUtlBuffer@@QAE@HHH@Z   00410cd0 f   tier1:utlbuffer.obj
 0001:0000fd60       ??0CUtlBuffer@@QAE@PBXHH@Z 00410d60 f   tier1:utlbuffer.obj
 0001:0000fe00       ??0CUtlCharConversion@@QAE@DPBDHPAUConversionArray_t@0@@Z 00410e00 f   tier1:utlbuffer.obj
 0001:0000fea0       ?AddNullTermination@CUtlBuffer@@IAEXXZ 00410ea0 f   tier1:utlbuffer.obj
 0001:0000fef0       ?CheckArbitraryPeekGet@CUtlBuffer@@IAE_NHAAH@Z 00410ef0 f   tier1:utlbuffer.obj
 0001:0000ff60       ?CheckGet@CUtlBuffer@@IAE_NH@Z 00410f60 f   tier1:utlbuffer.obj
 0001:0000ffc0       ?CheckPut@CUtlBuffer@@IAE_NH@Z 00410fc0 f   tier1:utlbuffer.obj
 0001:00010010       ?EatCPPComment@CUtlBuffer@@QAE_NXZ 00411010 f   tier1:utlbuffer.obj
 0001:00010080       ?EatWhiteSpace@CUtlBuffer@@QAEXXZ 00411080 f   tier1:utlbuffer.obj
 0001:000100e0       ?FindConversion@CUtlCStringConversion@@UAEDPBDPAH@Z 004110e0 f   tier1:utlbuffer.obj
 0001:00010100       ?FindConversion@CUtlCharConversion@@UAEDPBDPAH@Z 00411100 f   tier1:utlbuffer.obj
 0001:00010180       ?FindConversion@CUtlNoEscConversion@@UAEDPBDPAH@Z 00411180 f i tier1:utlbuffer.obj
 0001:000101a0       ?Get@CUtlBuffer@@QAEXPAXH@Z 004111a0 f   tier1:utlbuffer.obj
 0001:00010210       ?GetCStringCharConversion@@YAPAVCUtlCharConversion@@XZ 00411210 f   tier1:utlbuffer.obj
 0001:00010220       ?GetChar@CUtlBuffer@@QAEDXZ 00411220 f i tier1:utlbuffer.obj
 0001:00010260       ?GetDelimitedCharInternal@CUtlBuffer@@IAEDPAVCUtlCharConversion@@@Z 00411260 f   tier1:utlbuffer.obj
 0001:00010320       ?GetDelimitedString@CUtlBuffer@@QAEXPAVCUtlCharConversion@@PADH@Z 00411320 f   tier1:utlbuffer.obj
 0001:00010480       ?GetNoEscCharConversion@@YAPAVCUtlCharConversion@@XZ 00411480 f   tier1:utlbuffer.obj
 0001:00010490       ?GetOverflow@CUtlBuffer@@IAE_NH@Z 00411490 f   tier1:utlbuffer.obj
 0001:000104a0       ?GetString@CUtlBuffer@@QAEXPADH@Z 004114a0 f   tier1:utlbuffer.obj
 0001:00010570       ?Grow@?$CUtlMemory@EH@@QAEXH@Z 00411570 f i tier1:utlbuffer.obj
 0001:00010570       ?Grow@?$CUtlMemory@DH@@QAEXH@Z 00411570 f i cmdlib.obj
 0001:00010600       ?PeekGet@CUtlBuffer@@QAEPBXHH@Z 00411600 f   tier1:utlbuffer.obj
 0001:00010640       ?PeekStringLength@CUtlBuffer@@QAEHXZ 00411640 f   tier1:utlbuffer.obj
 0001:000107a0       ?PeekStringMatch@CUtlBuffer@@IAE_NHPBDH@Z 004117a0 f   tier1:utlbuffer.obj
 0001:00010800       ?PeekWhiteSpace@CUtlBuffer@@IAEHH@Z 00411800 f   tier1:utlbuffer.obj
 0001:000108a0       ?Printf@CUtlBuffer@@QAAXPBDZZ 004118a0 f   tier1:utlbuffer.obj
 0001:000108e0       ?Put@CUtlBuffer@@QAEXPBXH@Z 004118e0 f   tier1:utlbuffer.obj
 0001:00010950       ?PutOverflow@CUtlBuffer@@IAE_NH@Z 00411950 f   tier1:utlbuffer.obj
 0001:000109d0       ?PutString@CUtlBuffer@@QAEXPBD@Z 004119d0 f   tier1:utlbuffer.obj
 0001:00010b50       ?PutTabs@CUtlBuffer@@IAEXXZ 00411b50 f i tier1:utlbuffer.obj
 0001:00010c10       ?Scanf@CUtlBuffer@@QAAHPBDZZ 00411c10 f   tier1:utlbuffer.obj
 0001:00010c30       ?SeekGet@CUtlBuffer@@QAEXW4SeekType_t@1@H@Z 00411c30 f   tier1:utlbuffer.obj
 0001:00010c90       ?SetBufferType@CUtlBuffer@@QAEX_N0@Z 00411c90 f   tier1:utlbuffer.obj
 0001:00010cc0       ?VaScanf@CUtlBuffer@@QAEHPBDPAD@Z 00411cc0 f   tier1:utlbuffer.obj
 0001:00010f80       ??0CUtlString@@QAE@XZ      00411f80 f   tier1:utlstring.obj
 0001:00010fa0       ??4CUtlString@@QAEAAV0@ABV0@@Z 00411fa0 f   tier1:utlstring.obj
 0001:00010fc0       ?Get@CUtlString@@QBEPBDXZ  00411fc0 f   tier1:utlstring.obj
 0001:00010fd0       ?Set@CUtlBinaryBlock@@QAEXPBXH@Z 00411fd0 f   tier1:utlstring.obj
 0001:00011040       ?Set@CUtlString@@QAEXPBD@Z 00412040 f   tier1:utlstring.obj
 0001:0001107c       ___onexitinit              0041207c f   LIBCMT:onexit.obj
 0001:000110ab       __onexit                   004120ab f   LIBCMT:onexit.obj
 0001:000111a1       _atexit                    004121a1 f   LIBCMT:onexit.obj
 0001:000111c0       _memmove                   004121c0 f   LIBCMT:memmove.obj
 0001:00011810       _strchr                    00412810 f   LIBCMT:strchr.obj
 0001:0001187e       ___from_strstr_to_strchr   0041287e     LIBCMT:strchr.obj
 0001:00011940       _strstr                    00412940 f   LIBCMT:strstr.obj
 0001:00011ba3       __initp_heap_handler       00412ba3 f   LIBCMT:handler.obj
 0001:00011bb0       _atoi                      00412bb0 f   LIBCMT:atox.obj
 0001:00011bb9       _atol                      00412bb9 f   LIBCMT:atox.obj
 0001:00011bcd       ___initstdio               00412bcd f   LIBCMT:_file.obj
 0001:00011c40       ___endstdio                00412c40 f   LIBCMT:_file.obj
 0001:00011c67       ___iob_func                00412c67 f   LIBCMT:_file.obj
 0001:00011c6d       __lock_file                00412c6d f   LIBCMT:_file.obj
 0001:00011cac       __lock_file2               00412cac f   LIBCMT:_file.obj
 0001:00011cdc       __unlock_file              00412cdc f   LIBCMT:_file.obj
 0001:00011d16       __unlock_file2             00412d16 f   LIBCMT:_file.obj
 0001:00011d43       __get_printf_count_output  00412d43 f   LIBCMT:printf.obj
 0001:00011d58       _printf                    00412d58 f   LIBCMT:printf.obj
 0001:00011e04       _setvbuf                   00412e04 f   LIBCMT:setvbuf.obj
 0001:00011f0a       _sprintf                   00412f0a f   LIBCMT:sprintf.obj
 0001:00011f8c       __stat64i32                00412f8c f   LIBCMT:stati32.obj
 0001:00011fd0       __getcwd                   00412fd0 f   LIBCMT:getcwd.obj
 0001:00011fe5       __getdcwd                  00412fe5 f   LIBCMT:getcwd.obj
 0001:000120ff       __validdrive               004130ff f   LIBCMT:getcwd.obj
 0001:00012179       _mkdir                     00413179 f   LIBCMT:mkdir.obj
 0001:00012179       __mkdir                    00413179 f   LIBCMT:mkdir.obj
 0001:000121b9       __findclose                004131b9 f   LIBCMT:findfile.obj
 0001:000121dd       ___time64_t_from_ft        004131dd f   LIBCMT:findfi32.obj
 0001:00012259       __findfirst64i32           00413259 f   LIBCMT:findfi32.obj
 0001:0001237e       __findnext64i32            0041337e f   LIBCMT:findfi32.obj
 0001:000124a0       __alloca_probe_16          004134a0 f   LIBCMT:alloca16.obj
 0001:000124b6       __alloca_probe_8           004134b6     LIBCMT:alloca16.obj
 0001:000124cc       __fpmath                   004134cc f   LIBCMT:fpinit.obj
 0001:000124e3       __cfltcvt_init             004134e3 f   LIBCMT:fpinit.obj
 0001:00012543       __dupenv_s                 00413543 f   LIBCMT:getenv.obj
 0001:00012617       __getenv_helper_nolock     00413617 f   LIBCMT:getenv.obj
 0001:0001269b       _getenv                    0041369b f   LIBCMT:getenv.obj
 0001:00012717       __putenv                   00413717 f   LIBCMT:putenv.obj
 0001:0001296c       __chdir                    0041396c f   LIBCMT:chdir.obj
 0001:00012a86       __access                   00413a86 f   LIBCMT:access.obj
 0001:00012a9c       __access_s                 00413a9c f   LIBCMT:access.obj
 0001:00012ae4       __spawnv                   00413ae4 f   LIBCMT:spawnv.obj
 0001:00012b2b       __fclose_nolock            00413b2b f   LIBCMT:fclose.obj
 0001:00012b97       _fclose                    00413b97 f   LIBCMT:fclose.obj
 0001:00012c0e       __fsopen                   00413c0e f   LIBCMT:fopen.obj
 0001:00012cd2       _fopen                     00413cd2 f   LIBCMT:fopen.obj
 0001:00012ce7       __fread_nolock_s           00413ce7 f   LIBCMT:fread.obj
 0001:00012eaa       _fread                     00413eaa f   LIBCMT:fread.obj
 0001:00012ec5       _fread_s                   00413ec5 f   LIBCMT:fread.obj
 0001:00012f56       __fseek_nolock             00413f56 f   LIBCMT:fseek.obj
 0001:00012fe5       _fseek                     00413fe5 f   LIBCMT:fseek.obj
 0001:00013064       __ftell_nolock             00414064 f   LIBCMT:ftell.obj
 0001:000133bd       _ftell                     004143bd f   LIBCMT:ftell.obj
 0001:00013430       __alloca_probe             00414430     LIBCMT:chkstk.obj
 0001:00013430       __chkstk                   00414430 f   LIBCMT:chkstk.obj
 0001:00013460       _memcpy                    00414460 f   LIBCMT:memcpy.obj
 0001:00013ab0       _strrchr                   00414ab0 f   LIBCMT:strrchr.obj
 0001:00013be7       __vsnprintf                00414be7 f   LIBCMT:vsnprint.obj
 0001:00013c02       __vsnprintf_l              00414c02 f   LIBCMT:vsnprint.obj
 0001:00013cb0       _memset                    00414cb0 f   LIBCMT:memset.obj
 0001:00013d40       _fgets                     00414d40 f   LIBCMT:fgets.obj
 0001:00013e88       _fprintf                   00414e88 f   LIBCMT:fprintf.obj
 0001:00013fa3       _fputc                     00414fa3 f   LIBCMT:fputc.obj
 0001:000140ad       _sscanf                    004150ad f   LIBCMT:sscanf.obj
 0001:0001413c       ___copy_path_to_wide_string 0041513c f   LIBCMT:crt0dat.obj
 0001:000141ec       ___crtCorExitProcess       004151ec f   LIBCMT:crt0dat.obj
 0001:0001421e       ___crtExitProcess          0041521e f   LIBCMT:crt0dat.obj
 0001:00014234       __amsg_exit                00415234 f   LIBCMT:crt0dat.obj
 0001:00014250       __c_exit                   00415250 f   LIBCMT:crt0dat.obj
 0001:0001425f       __cexit                    0041525f f   LIBCMT:crt0dat.obj
 0001:0001426e       __cinit                    0041526e f   LIBCMT:crt0dat.obj
 0001:000142ff       __exit                     004152ff f   LIBCMT:crt0dat.obj
 0001:00014313       __init_pointers            00415313 f   LIBCMT:crt0dat.obj
 0001:00014363       __initterm_e               00415363 f   LIBCMT:crt0dat.obj
 0001:00014385       __lockexit                 00415385 f   LIBCMT:crt0dat.obj
 0001:0001438e       __unlockexit               0041538e f   LIBCMT:crt0dat.obj
 0001:000144c6       _exit                      004154c6 f   LIBCMT:crt0dat.obj
 0001:000144da       ??0_LocaleUpdate@@QAE@PAUlocaleinfo_struct@@@Z 004154da f i LIBCMT:atof.obj
 0001:00014562       __atof_l                   00415562 f   LIBCMT:atof.obj
 0001:000145fe       _atof                      004155fe f   LIBCMT:atof.obj
 0001:00014610       _qsort                     00415610 f   LIBCMT:qsort.obj
 0001:00014940       _strncmp                   00415940 f   LIBCMT:strncmp.obj
 0001:000149c0       _strncpy                   004159c0 f   LIBCMT:strncpy.obj
 0001:00014ae4       _strtok                    00415ae4 f   LIBCMT:strtok.obj
 0001:00014ba9       __isdigit_l                00415ba9 f i LIBCMT:_ctype.obj
 0001:00014bf9       __isgraph_l                00415bf9 f i LIBCMT:_ctype.obj
 0001:00014c4f       __isspace_l                00415c4f f i LIBCMT:_ctype.obj
 0001:00014c9f       __isxdigit_l               00415c9f f i LIBCMT:_ctype.obj
 0001:00014cf5       _isdigit                   00415cf5 f i LIBCMT:_ctype.obj
 0001:00014d20       _isgraph                   00415d20 f i LIBCMT:_ctype.obj
 0001:00014d4d       _isspace                   00415d4d f i LIBCMT:_ctype.obj
 0001:00014d78       _isxdigit                  00415d78 f i LIBCMT:_ctype.obj
 0001:00014da5       ___libm_sse2_acosf         00415da5 f   LIBCMT:acosf_sse2.obj
 0001:00015182       ___libm_sse2_atan2         00416182 f   LIBCMT:atan2_sse2.obj
 0001:00015698       ___libm_sse2_cosf          00416698 f   LIBCMT:cosf_sse2.obj
 0001:000157e5       ___libm_sse2_sinf          004167e5 f   LIBCMT:sinf_sse2.obj
 0001:0001592a       __get_sys_err_msg          0041692a f i LIBCMT:strerror.obj
 0001:00015950       _strerror                  00416950 f   LIBCMT:strerror.obj
 0001:000159b8       ___doserrno                004169b8 f   LIBCMT:dosmap.obj
 0001:000159cb       __dosmaperr                004169cb f   LIBCMT:dosmap.obj
 0001:000159ec       __errno                    004169ec f   LIBCMT:dosmap.obj
 0001:000159ff       __get_errno_from_oserr     004169ff f   LIBCMT:dosmap.obj
 0001:00015a40       __tempnam                  00416a40 f   LIBCMT:tempnam.obj
 0001:00015c77       __unlink                   00416c77 f   LIBCMT:unlink.obj
 0001:00015c80       _remove                    00416c80 f   LIBCMT:unlink.obj
 0001:00015cc0       ??1type_info@@UAE@XZ       00416cc0 f   LIBCMT:typinfo.obj
 0001:00015cce       ??_Etype_info@@UAEPAXI@Z   00416cce f i LIBCMT:typinfo.obj
 0001:00015cce       ??_Gtype_info@@UAEPAXI@Z   00416cce f i LIBCMT:typinfo.obj
 0001:00015e5c       _mainCRTStartup            00416e5c f   LIBCMT:crt0.obj
 0001:00015e70       _fmod                      00416e70 f   LIBCMT:87fmod.obj
 0001:00015e7a       __CIfmod                   00416e7a f   LIBCMT:87fmod.obj
 0001:00015e93       ___libm_sse2_powf          00416e93 f   LIBCMT:powf_sse2.obj
 0001:00016550       ___vdecl_sin2              00417550 f   LIBCMT:svml_dsin2_dispatch.obj
 0001:00016562       ___libm_sse2_pow           00417562 f   LIBCMT:pow_sse2.obj
 0001:00016fe0       ___vdecl_pow2              00417fe0 f   LIBCMT:svml_dpow2_dispatch.obj
 0001:00016fe5       __tolower_l                00417fe5 f   LIBCMT:tolower.obj
 0001:00017126       _tolower                   00418126 f   LIBCMT:tolower.obj
 0001:00017160       _strncat                   00418160 f   LIBCMT:strncat.obj
 0001:000172a0       __alldiv                   004182a0 f   LIBCMT:lldiv.obj
 0001:00017350       __allmul                   00418350 f   LIBCMT:llmul.obj
 0001:00017390       __allrem                   00418390 f   LIBCMT:llrem.obj
 0001:00017442       __strtod_l                 00418442 f   LIBCMT:strtod.obj
 0001:00017557       _strtod                    00418557 f   LIBCMT:strtod.obj
 0001:00017790       _strtol                    00418790 f   LIBCMT:strtol.obj
 0001:000177ba       _strtoul                   004187ba f   LIBCMT:strtol.obj
 0001:000177e4       __wtoi                     004187e4 f   LIBCMT:wtox.obj
 0001:000177ed       __wtol                     004187ed f   LIBCMT:wtox.obj
 0001:00017810       __SEH_prolog4              00418810 f   LIBCMT:sehprolg4.obj
 0001:00017855       __SEH_epilog4              00418855 f   LIBCMT:sehprolg4.obj
 0001:00017870       __except_handler4          00418870 f   LIBCMT:chandler4.obj
 0001:00017a05       ___isa_available_init      00418a05 f   LIBCMT:cpu_disp.obj
 0001:00017b3e       __call_reportfault         00418b3e f   LIBCMT:invarg.obj
 0001:00017c61       __initp_misc_invarg        00418c61 f   LIBCMT:invarg.obj
 0001:00017c6e       __invalid_parameter        00418c6e f   LIBCMT:invarg.obj
 0001:00017c99       __invalid_parameter_noinfo 00418c99 f   LIBCMT:invarg.obj
 0001:00017ca9       __invoke_watson            00418ca9 f   LIBCMT:invarg.obj
 0001:00017cd4       __lock                     00418cd4 f   LIBCMT:mlock.obj
 0001:00017d08       __mtdeletelocks            00418d08 f   LIBCMT:mlock.obj
 0001:00017d5c       __mtinitlocknum            00418d5c f   LIBCMT:mlock.obj
 0001:00017e03       __mtinitlocks              00418e03 f   LIBCMT:mlock.obj
 0001:00017e38       __unlock                   00418e38 f   LIBCMT:mlock.obj
 0001:00017e4d       __fcloseall                00418e4d f   LIBCMT:closeall.obj
 0001:00017eea       __fflush_nolock            00418eea f   LIBCMT:fflush.obj
 0001:00017f30       __flush                    00418f30 f   LIBCMT:fflush.obj
 0001:00017f94       __flushall                 00418f94 f   LIBCMT:fflush.obj
 0001:00018081       __ftbuf                    00419081 f   LIBCMT:_sftbuf.obj
 0001:000180b2       __stbuf                    004190b2 f   LIBCMT:_sftbuf.obj
 0001:00018158       __output_l                 00419158 f   LIBCMT:output.obj
 0001:00018de6       __freebuf                  00419de6 f   LIBCMT:_freebuf.obj
 0001:00018e16       __flsbuf                   00419e16 f   LIBCMT:_flsbuf.obj
 0001:0001907b       __wstat64i32               0041a07b f   LIBCMT:wstati32.obj
 0001:00019502       __getdrive                 0041a502 f   LIBCMT:drive.obj
 0001:000195cf       @__security_check_cookie@4 0041a5cf f   LIBCMT:secchk.obj
 0001:000195de       __wmkdir                   0041a5de f   LIBCMT:wmkdir.obj
 0001:0001960f       _strcpy_s                  0041a60f f   LIBCMT:strcpy_s.obj
 0001:00019664       ___loctotime64_t           0041a664 f   LIBCMT:dtoxtm64.obj
 0001:000198c8       __cfltcvt                  0041a8c8 f   LIBCMT:cvt.obj
 0001:000198e9       __cfltcvt_l                0041a8e9 f   LIBCMT:cvt.obj
 0001:0001996f       __cftoa_l                  0041a96f f   LIBCMT:cvt.obj
 0001:00019cc9       __cftoe                    0041acc9 f   LIBCMT:cvt.obj
 0001:00019e36       __cftoe_l                  0041ae36 f   LIBCMT:cvt.obj
 0001:00019fec       __cftof_l                  0041afec f   LIBCMT:cvt.obj
 0001:0001a0ab       __cftog_l                  0041b0ab f   LIBCMT:cvt.obj
 0001:0001a1a8       __cropzeros                0041b1a8 f   LIBCMT:cvt.obj
 0001:0001a1b9       __cropzeros_l              0041b1b9 f   LIBCMT:cvt.obj
 0001:0001a237       __fassign                  0041b237 f   LIBCMT:cvt.obj
 0001:0001a24f       __fassign_l                0041b24f f   LIBCMT:cvt.obj
 0001:0001a28f       __forcdecpt                0041b28f f   LIBCMT:cvt.obj
 0001:0001a2a0       __forcdecpt_l              0041b2a0 f   LIBCMT:cvt.obj
 0001:0001a312       __positive                 0041b312 f   LIBCMT:cvt.obj
 0001:0001a354       __setdefaultprecision      0041b354 f   LIBCMT:fp8.obj
 0001:0001a37b       __initp_misc_cfltcvt_tab   0041b37b f   LIBCMT:cmiscdat.obj
 0001:0001a3a0       _strlen                    0041b3a0 f   LIBCMT:strlen.obj
 0001:0001a42b       _strnlen                   0041b42b f   LIBCMT:strlen_s.obj
 0001:0001a446       ___wtomb_environ           0041b446 f   LIBCMT:wtombenv.obj
 0001:0001a4d3       __mbsnbicoll               0041b4d3 f   LIBCMT:mbsnbico.obj
 0001:0001a4eb       __mbsnbicoll_l             0041b4eb f   LIBCMT:mbsnbico.obj
 0001:0001a59f       _wcslen                    0041b59f f   LIBCMT:wcslen.obj
 0001:0001a5b8       ___crtsetenv               0041b5b8 f   LIBCMT:setenv.obj
 0001:0001a8b9       ___crtwsetenv              0041b8b9 f   LIBCMT:wsetenv.obj
 0001:0001abe4       __mbschr                   0041bbe4 f   LIBCMT:mbschr.obj
 0001:0001abf9       __mbschr_l                 0041bbf9 f   LIBCMT:mbschr.obj
 0001:0001ac94       __mbctoupper               0041bc94 f   LIBCMT:mbtoupr.obj
 0001:0001aca5       __mbctoupper_l             0041bca5 f   LIBCMT:mbtoupr.obj
 0001:0001ad3a       __waccess_s                0041bd3a f   LIBCMT:waccess.obj
 0001:0001add6       __spawnve                  0041bdd6 f   LIBCMT:spawnve.obj
 0001:0001b031       __fileno                   0041c031 f   LIBCMT:fileno.obj
 0001:0001b055       __close                    0041c055 f   LIBCMT:close.obj
 0001:0001b12c       __close_nolock             0041c12c f   LIBCMT:close.obj
 0001:0001b1d4       __getstream                0041c1d4 f   LIBCMT:stream.obj
 0001:0001b2ec       __openfile                 0041c2ec f   LIBCMT:_open.obj
 0001:0001b570       __local_unwind4            0041c570 f   LIBCMT:exsup4.obj
 0001:0001b646       __seh_longjmp_unwind4@4    0041c646 f   LIBCMT:exsup4.obj
 0001:0001b662       @_EH4_CallFilterFunc@8     0041c662 f   LIBCMT:exsup4.obj
 0001:0001b679       @_EH4_TransferToHandler@8  0041c679 f   LIBCMT:exsup4.obj
 0001:0001b692       @_EH4_GlobalUnwind2@8      0041c692 f   LIBCMT:exsup4.obj
 0001:0001b6ab       @_EH4_LocalUnwind@16       0041c6ab f   LIBCMT:exsup4.obj
 0001:0001b6c2       __filbuf                   0041c6c2 f   LIBCMT:_filbuf.obj
 0001:0001b7f0       _memcpy_s                  0041c7f0 f   LIBCMT:memcpy_s.obj
 0001:0001b86f       __read                     0041c86f f   LIBCMT:read.obj
 0001:0001b984       __read_nolock              0041c984 f   LIBCMT:read.obj
 0001:0001c11e       __lseek                    0041d11e f   LIBCMT:lseek.obj
 0001:0001c20d       __lseek_nolock             0041d20d f   LIBCMT:lseek.obj
 0001:0001c27f       __lseeki64                 0041d27f f   LIBCMT:lseeki64.obj
 0001:0001c388       __lseeki64_nolock          0041d388 f   LIBCMT:lseeki64.obj
 0001:0001c3f9       __ioinit                   0041d3f9 f   LIBCMT:ioinit.obj
 0001:0001c415       __ioinit0                  0041d415 f   LIBCMT:ioinit.obj
 0001:0001c434       __ioinitCallback@12        0041d434 f   LIBCMT:ioinit.obj
 0001:0001c701       __VEC_memset               0041d701 f   LIBCMT:p4_memset.obj
 0001:0001c86b       __input_l                  0041d86b f   LIBCMT:input.obj
 0001:0001d97c       __RTC_Initialize           0041e97c f   LIBCMT:initsect.obj
 0001:0001d99c       __RTC_Terminate            0041e99c f   LIBCMT:initsect.obj
 0001:0001d9bc       ___crtFlsAlloc             0041e9bc f   LIBCMT:winapisupp.obj
 0001:0001d9ca       ___crtFlsFree              0041e9ca f   LIBCMT:winapisupp.obj
 0001:0001d9d8       ___crtFlsGetValue          0041e9d8 f   LIBCMT:winapisupp.obj
 0001:0001d9e6       ___crtFlsSetValue          0041e9e6 f   LIBCMT:winapisupp.obj
 0001:0001d9f7       ___crtIsPackagedApp        0041e9f7 f   LIBCMT:winapisupp.obj
 0001:0001da43       ___crtSetUnhandledExceptionFilter 0041ea43 f   LIBCMT:winapisupp.obj
 0001:0001da51       ___crtTerminateProcess     0041ea51 f   LIBCMT:winapisupp.obj
 0001:0001da66       ___crtUnhandledException   0041ea66 f   LIBCMT:winapisupp.obj
 0001:0001da7c       __FF_MSGBANNER             0041ea7c f   LIBCMT:crt0msg.obj
 0001:0001dab5       __GET_RTERRMSG             0041eab5 f   LIBCMT:crt0msg.obj
 0001:0001dad9       __NMSG_WRITE               0041ead9 f   LIBCMT:crt0msg.obj
 0001:0001dca0       __FindPESection            0041eca0 f   LIBCMT:pesect.obj
 0001:0001dcf0       __IsNonwritableInCurrentImage 0041ecf0 f   LIBCMT:pesect.obj
 0001:0001ddb0       __ValidateImageBase        0041edb0 f   LIBCMT:pesect.obj
 0001:0001dde1       ?terminate@@YAXXZ          0041ede1 f   LIBCMT:hooks.obj
 0001:0001de15       __initp_eh_hooks           0041ee15 f   LIBCMT:hooks.obj
 0001:0001de26       __initp_misc_purevirt      0041ee26 f   LIBCMT:inithelp.obj
 0001:0001de33       __initp_misc_rand_s        0041ee33 f   LIBCMT:rand_s.obj
 0001:0001de40       ___get_sigabrt             0041ee40 f   LIBCMT:winsig.obj
 0001:0001de4d       __initp_misc_winsig        0041ee4d f   LIBCMT:winsig.obj
 0001:0001de69       _raise                     0041ee69 f   LIBCMT:winsig.obj
 0001:0001e05a       ___initmbctable            0041f05a f   LIBCMT:mbctype.obj
 0001:0001e315       ___updatetmbcinfo          0041f315 f   LIBCMT:mbctype.obj
 0001:0001e3ba       __setmbcp                  0041f3ba f   LIBCMT:mbctype.obj
 0001:0001e568       __setmbcp_nolock           0041f568 f   LIBCMT:mbctype.obj
 0001:0001e75d       __fltin2                   0041f75d f   LIBCMT:cfin.obj
 0001:0001e802       ___strgtold12_l            0041f802 f   LIBCMT:strgtold.obj
 0001:0001ef7e       ___addlocaleref            0041ff7e f   LIBCMT:localref.obj
 0001:0001f00e       ___freetlocinfo            0042000e f   LIBCMT:localref.obj
 0001:0001f168       ___removelocaleref         00420168 f   LIBCMT:localref.obj
 0001:0001f203       ___updatetlocinfo          00420203 f   LIBCMT:localref.obj
 0001:0001f27f       __updatetlocinfoEx_nolock  0042027f f   LIBCMT:localref.obj
 0001:0001f2ca       __isctype_l                004202ca f   LIBCMT:isctype.obj
 0001:0001f379       __freefls@4                00420379 f   LIBCMT:tidtable.obj
 0001:0001f4b0       __getptd                   004204b0 f   LIBCMT:tidtable.obj
 0001:0001f4c8       __getptd_noexit            004204c8 f   LIBCMT:tidtable.obj
 0001:0001f537       __initptd                  00420537 f   LIBCMT:tidtable.obj
 0001:0001f5e3       __mtinit                   004205e3 f   LIBCMT:tidtable.obj
 0001:0001f659       __mtterm                   00420659 f   LIBCMT:tidtable.obj
 0001:0001f676       ___raise_securityfailure   00420676 f   LIBCMT:gs_report.obj
 0001:0001f6b3       ___report_gsfailure        004206b3 f   LIBCMT:gs_report.obj
 0001:0001f7ac       ___report_rangecheckfailure 004207ac f   LIBCMT:gs_report.obj
 0001:0001f7b8       ___report_securityfailure  004207b8 f   LIBCMT:gs_report.obj
 0001:0001f886       __locterm                  00420886 f   LIBCMT:wsetloca.obj
 0001:0001f8e0       _cos                       004208e0 f   LIBCMT:cos.obj
 0001:0001f920       __CIcos                    00420920 f   LIBCMT:cos.obj
 0001:0001f95b       __CIcos_default            0042095b f   LIBCMT:cos.obj
 0001:0001f96f       __cos_default              0042096f     LIBCMT:cos.obj
 0001:0001fa10       _sin                       00420a10 f   LIBCMT:sin.obj
 0001:0001fa50       __CIsin                    00420a50 f   LIBCMT:sin.obj
 0001:0001fa8b       __CIsin_default            00420a8b f   LIBCMT:sin.obj
 0001:0001fa9f       __sin_default              00420a9f     LIBCMT:sin.obj
 0001:0001fb39       _abort                     00420b39 f   LIBCMT:abort.obj
 0001:0001fb7c       ___sys_errlist             00420b7c f   LIBCMT:syserr.obj
 0001:0001fb82       ___sys_nerr                00420b82 f   LIBCMT:syserr.obj
 0001:0001fb88       _strncpy_s                 00420b88 f   LIBCMT:strncpy_s.obj
 0001:0001fc2c       __ultoa_s                  00420c2c f   LIBCMT:xtoas.obj
 0001:0001fd19       _strcat_s                  00420d19 f   LIBCMT:strcat_s.obj
 0001:0001fd7c       __mbsrchr                  00420d7c f   LIBCMT:mbsrchr.obj
 0001:0001fd91       __mbsrchr_l                00420d91 f   LIBCMT:mbsrchr.obj
 0001:0001fe20       __rmtmp                    00420e20 f   LIBCMT:rmtmp.obj
 0001:0001fecd       __wremove                  00420ecd f   LIBCMT:wunlink.obj
 0001:0001ff00       _strcmp                    00420f00 f   LIBCMT:strcmp.obj
 0001:0001ff8c       ?_Type_info_dtor@type_info@@CAXPAV1@@Z 00420f8c f   LIBCMT:typname.obj
 0001:0001fffd       ?__CxxUnhandledExceptionFilter@@YGJPAU_EXCEPTION_POINTERS@@@Z 00420ffd f   LIBCMT:unhandld.obj
 0001:0002003e       ___CxxSetUnhandledExceptionFilter 0042103e f   LIBCMT:unhandld.obj
 0001:0002004c       __XcptFilter               0042104c f   LIBCMT:winxfltr.obj
 0001:000201a7       __setargv                  004211a7 f   LIBCMT:stdargv.obj
 0001:000203d4       __setenvp                  004213d4 f   LIBCMT:stdenvp.obj
 0001:000204b5       ___set_app_type            004214b5 f   LIBCMT:errmode.obj
 0001:000204c2       __set_error_mode           004214c2 f   LIBCMT:errmode.obj
 0001:00020502       ___security_init_cookie    00421502 f   LIBCMT:gs_support.obj
 0001:0002059c       ___crtGetEnvironmentStringsA 0042159c f   LIBCMT:a_env.obj
 0001:00020630       __cintrindisp2             00421630 f   LIBCMT:87cdisp.obj
 0001:0002066e       __cintrindisp1             0042166e f   LIBCMT:87cdisp.obj
 0001:000206ab       __ctrandisp2               004216ab f   LIBCMT:87cdisp.obj
 0001:0002083a       __ctrandisp1               0042183a f   LIBCMT:87cdisp.obj
 0001:0002086d       __fload                    0042186d f   LIBCMT:87cdisp.obj
 0001:000208b0       __trandisp1                004218b0 f   LIBCMT:87disp.obj
 0001:00020917       __trandisp2                00421917 f   LIBCMT:87disp.obj
 0001:000209a3       __rttospopde               004219a3     LIBCMT:87disp.obj
 0001:000209a8       __rttospop                 004219a8     LIBCMT:87disp.obj
 0001:000209aa       __rtnospop                 004219aa     LIBCMT:87disp.obj
 0001:000209ac       __rttosnpop                004219ac     LIBCMT:87disp.obj
 0001:000209ad       __rtnospopde               004219ad     LIBCMT:87disp.obj
 0001:000209b4       __rtzeropop                004219b4     LIBCMT:87disp.obj
 0001:000209b6       __rtzeronpop               004219b6     LIBCMT:87disp.obj
 0001:000209bb       __rtonepop                 004219bb     LIBCMT:87disp.obj
 0001:000209bd       __rtonenpop                004219bd     LIBCMT:87disp.obj
 0001:000209c2       __tosnan1                  004219c2     LIBCMT:87disp.obj
 0001:000209ed       __nosnan2                  004219ed     LIBCMT:87disp.obj
 0001:000209ef       __tosnan2                  004219ef     LIBCMT:87disp.obj
 0001:00020a17       __nan2                     00421a17     LIBCMT:87disp.obj
 0001:00020a56       __rtindfpop                00421a56     LIBCMT:87disp.obj
 0001:00020a58       __rtindfnpop               00421a58     LIBCMT:87disp.obj
 0001:00020a69       __rttosnpopde              00421a69     LIBCMT:87disp.obj
 0001:00020a73       __rtchsifneg               00421a73     LIBCMT:87disp.obj
 0001:00020a80       _tan                       00421a80 f   LIBCMT:tan.obj
 0001:00020ac0       __CItan                    00421ac0 f   LIBCMT:tan.obj
 0001:00020afb       __CItan_default            00421afb f   LIBCMT:tan.obj
 0001:00020b0f       __tan_default              00421b0f     LIBCMT:tan.obj
 0001:00020bb0       ___sse2_sin2               00421bb0 f   LIBCMT:svml_dsin2_sse2.obj
 0001:00020d70       ___sse4_sin2               00421d70 f   LIBCMT:svml_dsin2_sse4.obj
 0001:00021d10       ___sse2_pow2               00422d10 f   LIBCMT:svml_dpow2_sse2.obj
 0001:00022160       __isleadbyte_l             00423160 f i LIBCMT:_wctype.obj
 0001:00022196       _isleadbyte                00423196 f i LIBCMT:_wctype.obj
 0001:00022390       ___crtLCMapStringA         00423390 f   LIBCMT:a_map.obj
 0001:000223d4       __freea                    004233d4 f i LIBCMT:a_map.obj
 0001:00022400       _iswctype                  00423400 f   LIBCMT:iswctype.obj
 0001:0002262e       _wcstol                    0042362e f   LIBCMT:wcstol.obj
 0001:00022646       __crt_debugger_hook        00423646 f   LIBCMT:dbghook.obj
 0001:00022650       __aulldvrm                 00423650 f   LIBCMT:ulldvrm.obj
 0001:000226e5       __commit                   004236e5 f   LIBCMT:commit.obj
 0001:000227dc       __write                    004237dc f   LIBCMT:write.obj
 0001:000228cb       __write_nolock             004238cb f   LIBCMT:write.obj
 0001:00023115       __isatty                   00424115 f   LIBCMT:isatty.obj
 0001:00023179       __wctomb_s_l               00424179 f   LIBCMT:wctomb.obj
 0001:0002329b       _wctomb_s                  0042429b f   LIBCMT:wctomb.obj
 0001:000232b6       __getbuf                   004242b6 f   LIBCMT:_getbuf.obj
 0001:000232fc       __fstat64i32               004242fc f   LIBCMT:fstati32.obj
 0001:0002367f       __towlower_l               0042467f f   LIBCMT:towlower.obj
 0001:00023731       _towlower                  00424731 f   LIBCMT:towlower.obj
 0001:00023742       _wcspbrk                   00424742 f   LIBCMT:wcspbrk.obj
 0001:00023784       __wfullpath                00424784 f   LIBCMT:wfullpat.obj
 0001:0002390d       __wsopen_helper            0042490d f   LIBCMT:wopen.obj
 0001:000239d4       __wsopen_nolock            004249d4 f   LIBCMT:wopen.obj
 0001:0002414d       __wsopen_s                 0042514d f   LIBCMT:wopen.obj
 0001:0002416b       ___wdtoxmode               0042516b f   LIBCMT:wstat.obj
 0001:0002422d       ___daylight                0042522d f   LIBCMT:timeset.obj
 0001:00024233       ___dstbias                 00425233 f   LIBCMT:timeset.obj
 0001:00024239       ___timezone                00425239 f   LIBCMT:timeset.obj
 0001:0002423f       ___tzname                  0042523f f   LIBCMT:timeset.obj
 0001:00024245       __get_daylight             00425245 f   LIBCMT:timeset.obj
 0001:0002426f       __get_dstbias              0042526f f   LIBCMT:timeset.obj
 0001:00024299       __get_timezone             00425299 f   LIBCMT:timeset.obj
 0001:000242c3       ___tzset                   004252c3 f   LIBCMT:tzset.obj
 0001:00024313       __isindst                  00425313 f   LIBCMT:tzset.obj
 0001:00024a5b       __fptostr                  00425a5b f   LIBCMT:_fptostr.obj
 0001:00024b0b       __atodbl_l                 00425b0b f   LIBCMT:atodbl.obj
 0001:00024b97       __atoflt_l                 00425b97 f   LIBCMT:atodbl.obj
 0001:00024c23       ___dtold                   00425c23 f   LIBCMT:cfout.obj
 0001:00024ce9       __fltout2                  00425ce9 f   LIBCMT:cfout.obj
 0001:00024d80       __alldvrm                  00425d80 f   LIBCMT:lldvrm.obj
 0001:00024e60       __aullshr                  00425e60 f   LIBCMT:ullshr.obj
 0001:00024e7f       __controlfp_s              00425e7f f   LIBCMT:contrlfp.obj
 0001:00024edc       __fptrap                   00425edc f   LIBCMT:crt0fp.obj
 0001:00024ee5       __strnicoll_l              00425ee5 f   LIBCMT:strnicol.obj
 0001:00025233       ___crtCompareStringA       00426233 f   LIBCMT:a_cmp.obj
 0001:00025274       _wcschr                    00426274 f   LIBCMT:wcschr.obj
 0001:00025322       _wcscpy_s                  00426322 f   LIBCMT:wcscpy_s.obj
 0001:0002537e       __wcsnicoll                0042637e f   LIBCMT:wcsnicol.obj
 0001:00025448       __wcsnicoll_l              00426448 f   LIBCMT:wcsnicol.obj
 0001:0002556c       __wsetenvp                 0042656c f   LIBCMT:wstdenvp.obj
 0001:0002564e       ___mbtow_environ           0042664e f   LIBCMT:mbtowenv.obj
 0001:000256c9       ___crtGetEnvironmentStringsW 004266c9 f   LIBCMT:w_env.obj
 0001:00025724       __dospawn                  00426724 f   LIBCMT:dospawn.obj
 0001:00025949       __cenvarg                  00426949 f   LIBCMT:cenvarg.obj
 0001:00025d12       ___lock_fhandle            00426d12 f   LIBCMT:osfinfo.obj
 0001:00025d9e       __alloc_osfhnd             00426d9e f   LIBCMT:osfinfo.obj
 0001:00025f4d       __free_osfhnd              00426f4d f   LIBCMT:osfinfo.obj
 0001:00025fd3       __get_osfhandle            00426fd3 f   LIBCMT:osfinfo.obj
 0001:00026045       __set_osfhnd               00427045 f   LIBCMT:osfinfo.obj
 0001:000260c7       __unlock_fhandle           004270c7 f   LIBCMT:osfinfo.obj
 0001:000260ed       __sopen_helper             004270ed f   LIBCMT:open.obj
 0001:000261b4       __sopen_nolock             004271b4 f   LIBCMT:open.obj
 0001:00026200       __sopen_s                  00427200 f   LIBCMT:open.obj
 0001:0002621e       __mbsnbcmp                 0042721e f   LIBCMT:mbsnbcmp.obj
 0001:00026236       __mbsnbcmp_l               00427236 f   LIBCMT:mbsnbcmp.obj
 0001:0002634b       __mbsnbicmp                0042734b f   LIBCMT:mbsnbicm.obj
 0001:00026363       __mbsnbicmp_l              00427363 f   LIBCMT:mbsnbicm.obj
 0001:00026520       __global_unwind2           00427520 f   LIBCMT:exsup.obj
 0001:00026585       __local_unwind2            00427585 f   LIBCMT:exsup.obj
 0001:00026609       __abnormal_termination     00427609 f   LIBCMT:exsup.obj
 0001:0002662c       __NLG_Notify1              0042762c f   LIBCMT:exsup.obj
 0001:00026635       __NLG_Notify               00427635 f   LIBCMT:exsup.obj
 0001:0002664c       __NLG_Dispatch2            0042764c     LIBCMT:exsup.obj
 0001:0002664c       __NLG_Dispatch             0042764c     LIBCMT:exsup.obj
 0001:00026654       __NLG_Call                 00427654 f   LIBCMT:exsup.obj
 0001:00026656       __NLG_Return2              00427656     LIBCMT:exsup.obj
 0001:00026657       __ungetc_nolock            00427657 f   LIBCMT:ungetc.obj
 0001:00026737       __mbtowc_l                 00427737 f   LIBCMT:mbtowc.obj
 0001:0002682a       _mbtowc                    0042782a f   LIBCMT:mbtowc.obj
 0001:00026842       _wcscat_s                  00427842 f   LIBCMT:wcscat_s.obj
 0001:000268ae       _wcsncpy_s                 004278ae f   LIBCMT:wcsncpy_s.obj
 0001:0002696c       ___crtMessageBoxW          0042796c f   LIBCMT:crtmboxw.obj
 0001:00026b4e       ___crtCompareStringEx      00427b4e f   LIBCMT:winapinls.obj
 0001:00026b70       ___crtLCMapStringEx        00427b70 f   LIBCMT:winapinls.obj
 0001:00026c7e       ___crtGetStringTypeA       00427c7e f   LIBCMT:a_str.obj
 0001:00026cbc       __ld12tod                  00427cbc f   LIBCMT:intrncvt.obj
 0001:0002722c       __ld12tof                  0042822c f   LIBCMT:intrncvt.obj
 0001:0002779c       ___mtold12                 0042879c f   LIBCMT:mantold.obj
 0001:0002797e       ___free_lconv_mon          0042897e f   LIBCMT:initmon.obj
 0001:00027a7a       ___free_lconv_num          00428a7a f   LIBCMT:initnum.obj
 0001:00027ae1       ___free_lc_time            00428ae1 f   LIBCMT:inittime.obj
 0001:00027e61       ____lc_codepage_func       00428e61 f   LIBCMT:initctyp.obj
 0001:00027e87       _wcsnlen                   00428e87 f   LIBCMT:wcslen_s.obj
 0001:00027ea6       __sse2_mathfcns_init       00428ea6 f   LIBCMT:mathfcns.obj
 0001:00027ec0       __CIcos_pentium4           00428ec0 f   LIBCMT:cos_pentium4.obj
 0001:00027ed8       __cos_pentium4             00428ed8     LIBCMT:cos_pentium4.obj
 0001:00028070       __twoToTOS                 00429070 f   LIBCMT:common.obj
 0001:00028085       __load_CW                  00429085 f   LIBCMT:common.obj
 0001:0002809c       __convertTOStoQNaN         0042909c f   LIBCMT:common.obj
 0001:000280b5       __fload_withFB             004290b5 f   LIBCMT:common.obj
 0001:000280f8       __checkTOS_withFB          004290f8 f   LIBCMT:common.obj
 0001:0002810e       __fast_exit                0042910e f   LIBCMT:common.obj
 0001:0002811b       __math_exit                0042911b f   LIBCMT:common.obj
 0001:00028145       __check_overflow_exit      00429145 f   LIBCMT:common.obj
 0001:00028159       __check_range_exit         00429159 f   LIBCMT:common.obj
 0001:00028200       __startTwoArgErrorHandling 00429200 f   LIBCMT:genexcep.obj
 0001:00028217       __startOneArgErrorHandling 00429217 f   LIBCMT:genexcep.obj
 0001:00028260       __CIsin_pentium4           00429260 f   LIBCMT:sin_pentium4.obj
 0001:00028278       __sin_pentium4             00429278     LIBCMT:sin_pentium4.obj
 0001:0002847e       __ismbblead                0042947e f   LIBCMT:ismbbyte.obj
 0001:00028494       __87except                 00429494 f   LIBCMT:87except.obj
 0001:000285a0       __CItan_pentium4           004295a0 f   LIBCMT:tan_pentium4.obj
 0001:000285b8       __tan_pentium4             004295b8     LIBCMT:tan_pentium4.obj
 0001:00028800       ___common_sin_reduction_LA 00429800 f   LIBCMT:svml_dtrig.obj
 0001:00028b50       ___common_cos_reduction_LA 00429b50 f   LIBCMT:svml_dtrig.obj
 0001:00028e40       ___common_pi04_reduction_LA 00429e40 f   LIBCMT:svml_dtrig.obj
 0001:00029150       __wchartodigit             0042a150 f   LIBCMT:wchtodig.obj
 0001:000292ef       __putwch_nolock            0042a2ef f   LIBCMT:putwch.obj
 0001:00029330       __SEH_prolog4_GS           0042a330 f   LIBCMT:sehprolg4gs.obj
 0001:00029378       __SEH_epilog4_GS           0042a378 f   LIBCMT:sehprolg4gs.obj
 0001:00029387       ___crtLCMapStringW         0042a387 f   LIBCMT:w_map.obj
 0001:000293b6       __wgetcwd                  0042a3b6 f   LIBCMT:wgetcwd.obj
 0001:000293cb       __wgetdcwd                 0042a3cb f   LIBCMT:wgetcwd.obj
 0001:00029506       __chsize_nolock            0042a506 f   LIBCMT:chsize.obj
 0001:000296ba       __get_fmode                0042a6ba f   LIBCMT:setmode.obj
 0001:000296e4       __setmode_nolock           0042a6e4 f   LIBCMT:setmode.obj
 0001:000297b1       _wcsrchr                   0042a7b1 f   LIBCMT:wcsrchr.obj
 0001:00029857       __wcsicmp                  0042a857 f   LIBCMT:wcsicmp.obj
 0001:000298ea       __wcsicmp_l                0042a8ea f   LIBCMT:wcsicmp.obj
 0001:000299c3       _$I10_OUTPUT               0042a9c3 f   LIBCMT:x10fout.obj
 0001:0002a430       __control87                0042b430 f i LIBCMT:ieee87.obj
 0001:0002a7c7       __strnicmp                 0042b7c7 f   LIBCMT:strnicmp.obj
 0001:0002a832       __strnicmp_l               0042b832 f   LIBCMT:strnicmp.obj
 0001:0002a8e1       ___crtCompareStringW       0042b8e1 f   LIBCMT:w_cmp.obj
 0001:0002a945       __mbsnicmp                 0042b945 f   LIBCMT:mbsnicmp.obj
 0001:0002a95d       __mbsnicmp_l               0042b95d f   LIBCMT:mbsnicmp.obj
 0001:0002aaf2       __matherr                  0042baf2 f   LIBCMT:matherr.obj
 0001:0002aaf5       __handle_exc               0042baf5 f   LIBCMT:fpexcept.obj
 0001:0002acd1       __raise_exc                0042bcd1 f   LIBCMT:fpexcept.obj
 0001:0002acf2       __raise_exc_ex             0042bcf2 f   LIBCMT:fpexcept.obj
 0001:0002afd7       __set_errno_from_matherr   0042bfd7 f   LIBCMT:fpexcept.obj
 0001:0002b004       ___set_fpsr_sse2           0042c004 f   LIBCMT:fpctrl.obj
 0001:0002b07a       __clrfp                    0042c07a f   LIBCMT:fpctrl.obj
 0001:0002b089       __ctrlfp                   0042c089 f   LIBCMT:fpctrl.obj
 0001:0002b0b2       __set_statfp               0042c0b2 f   LIBCMT:fpctrl.obj
 0001:0002b108       __statfp                   0042c108 f   LIBCMT:fpctrl.obj
 0001:0002b116       ___termconout              0042c116 f   LIBCMT:initcon.obj
 0001:0002b12d       ___initconout              0042c12d f   LIBCMT:initcon.obj
 0001:0002b150       ___ascii_strnicmp          0042c150 f   LIBCMT:_strnicm.obj
 0001:0002b1b1       __decomp                   0042c1b1 f   LIBCMT:util.obj
 0001:0002b283       __set_exp                  0042c283 f   LIBCMT:util.obj
 0001:0002b2ae       _IsProcessorFeaturePresent@4 0042c2ae f   kernel32:KERNEL32.dll
 0001:0002b2b4       _RtlUnwind@16              0042c2b4 f   kernel32:KERNEL32.dll
 0001:0002b2ba       __getch                    0042c2ba f   LIBCMT:getch.obj
 0001:0002b2ba       _getch                     0042c2ba f   LIBCMT:getch.obj
 0001:0002b2fc       __getch_nolock             0042c2fc f   LIBCMT:getch.obj
 0001:0002b3d7       __getextendedkeycode       0042c3d7 f   LIBCMT:getch.obj
 0001:0002b484       ___ascii_stricmp           0042c484 f   LIBCMT:stricmp.obj
 0001:0002b4bd       _strcmpi                   0042c4bd f   LIBCMT:stricmp.obj
 0001:0002b4bd       __stricmp                  0042c4bd f   LIBCMT:stricmp.obj
 0001:0002b4bd       _stricmp                   0042c4bd f   LIBCMT:stricmp.obj
 0001:0002b504       __stricmp_l                0042c504 f   LIBCMT:stricmp.obj
 0001:0002b597       ?_strlwr_s_l_stat@@YAHPADIPAUlocaleinfo_struct@@@Z 0042c597 f   LIBCMT:strlwr.obj
 0001:0002b709       _strlwr                    0042c709 f   LIBCMT:strlwr.obj
 0001:0002b709       __strlwr                   0042c709 f   LIBCMT:strlwr.obj
 0001:0002b764       __strlwr_s_l               0042c764 f   LIBCMT:strlwr.obj
 0001:0002b796       ___termconin               0042c796 f   LIBCMT:initconin.obj
 0001:0002b7ad       ___initconin               0042c7ad f   LIBCMT:initconin.obj
 0002:00000000       __imp__RegOpenKeyExA@20    0042d000     advapi32:ADVAPI32.dll
 0002:00000004       __imp__RegCloseKey@4       0042d004     advapi32:ADVAPI32.dll
 0002:00000008       __imp__RegQueryValueExA@24 0042d008     advapi32:ADVAPI32.dll
 0002:0000000c       \177ADVAPI32_NULL_THUNK_DATA 0042d00c     advapi32:ADVAPI32.dll
 0002:00000010       __imp__LeaveCriticalSection@4 0042d010     kernel32:KERNEL32.dll
 0002:00000014       __imp__GetCurrentProcess@0 0042d014     kernel32:KERNEL32.dll
 0002:00000018       __imp__TerminateProcess@8  0042d018     kernel32:KERNEL32.dll
 0002:0000001c       __imp__GetConsoleScreenBufferInfo@8 0042d01c     kernel32:KERNEL32.dll
 0002:00000020       __imp__SetConsoleTextAttribute@8 0042d020     kernel32:KERNEL32.dll
 0002:00000024       __imp__EnterCriticalSection@4 0042d024     kernel32:KERNEL32.dll
 0002:00000028       __imp__GetModuleFileNameA@12 0042d028     kernel32:KERNEL32.dll
 0002:0000002c       __imp__GetModuleHandleA@4  0042d02c     kernel32:KERNEL32.dll
 0002:00000030       __imp__HeapAlloc@12        0042d030     kernel32:KERNEL32.dll
 0002:00000034       __imp__GetProcessHeap@0    0042d034     kernel32:KERNEL32.dll
 0002:00000038       __imp__VirtualQuery@12     0042d038     kernel32:KERNEL32.dll
 0002:0000003c       __imp__InitializeCriticalSection@4 0042d03c     kernel32:KERNEL32.dll
 0002:00000040       __imp__OutputDebugStringA@4 0042d040     kernel32:KERNEL32.dll
 0002:00000044       __imp__GetEnvironmentVariableA@12 0042d044     kernel32:KERNEL32.dll
 0002:00000048       __imp__GetStdHandle@4      0042d048     kernel32:KERNEL32.dll
 0002:0000004c       __imp__ReadConsoleInputA@16 0042d04c     kernel32:KERNEL32.dll
 0002:00000050       __imp__RaiseException@16   0042d050     kernel32:KERNEL32.dll
 0002:00000054       __imp__HeapFree@12         0042d054     kernel32:KERNEL32.dll
 0002:00000058       __imp__SetEndOfFile@4      0042d058     kernel32:KERNEL32.dll
 0002:0000005c       __imp__WriteConsoleW@20    0042d05c     kernel32:KERNEL32.dll
 0002:00000060       __imp__LCMapStringEx@36    0042d060     kernel32:KERNEL32.dll
 0002:00000064       __imp__MultiByteToWideChar@24 0042d064     kernel32:KERNEL32.dll
 0002:00000068       __imp__WideCharToMultiByte@32 0042d068     kernel32:KERNEL32.dll
 0002:0000006c       __imp__FreeLibrary@4       0042d06c     kernel32:KERNEL32.dll
 0002:00000070       __imp__GetProcAddress@8    0042d070     kernel32:KERNEL32.dll
 0002:00000074       __imp__LoadLibraryExA@12   0042d074     kernel32:KERNEL32.dll
 0002:00000078       __imp__EncodePointer@4     0042d078     kernel32:KERNEL32.dll
 0002:0000007c       __imp__DecodePointer@4     0042d07c     kernel32:KERNEL32.dll
 0002:00000080       __imp__GetDriveTypeW@4     0042d080     kernel32:KERNEL32.dll
 0002:00000084       __imp__GetFullPathNameA@16 0042d084     kernel32:KERNEL32.dll
 0002:00000088       __imp__GetLastError@0      0042d088     kernel32:KERNEL32.dll
 0002:0000008c       __imp__FindClose@4         0042d08c     kernel32:KERNEL32.dll
 0002:00000090       __imp__FindFirstFileExA@24 0042d090     kernel32:KERNEL32.dll
 0002:00000094       __imp__FindNextFileA@8     0042d094     kernel32:KERNEL32.dll
 0002:00000098       __imp__SystemTimeToTzSpecificLocalTime@12 0042d098     kernel32:KERNEL32.dll
 0002:0000009c       __imp__FileTimeToSystemTime@8 0042d09c     kernel32:KERNEL32.dll
 0002:000000a0       __imp__SetEnvironmentVariableA@8 0042d0a0     kernel32:KERNEL32.dll
 0002:000000a4       __imp__SetCurrentDirectoryA@4 0042d0a4     kernel32:KERNEL32.dll
 0002:000000a8       __imp__GetCurrentDirectoryA@8 0042d0a8     kernel32:KERNEL32.dll
 0002:000000ac       __imp__ReadFile@20         0042d0ac     kernel32:KERNEL32.dll
 0002:000000b0       __imp__InterlockedDecrement@4 0042d0b0     kernel32:KERNEL32.dll
 0002:000000b4       __imp__ExitProcess@4       0042d0b4     kernel32:KERNEL32.dll
 0002:000000b8       __imp__GetModuleHandleExW@12 0042d0b8     kernel32:KERNEL32.dll
 0002:000000bc       __imp__AreFileApisANSI@0   0042d0bc     kernel32:KERNEL32.dll
 0002:000000c0       __imp__GetCommandLineA@0   0042d0c0     kernel32:KERNEL32.dll
 0002:000000c4       __imp__IsProcessorFeaturePresent@4 0042d0c4     kernel32:KERNEL32.dll
 0002:000000c8       __imp__IsDebuggerPresent@0 0042d0c8     kernel32:KERNEL32.dll
 0002:000000cc       __imp__InitializeCriticalSectionAndSpinCount@8 0042d0cc     kernel32:KERNEL32.dll
 0002:000000d0       __imp__DeleteCriticalSection@4 0042d0d0     kernel32:KERNEL32.dll
 0002:000000d4       __imp__FileTimeToLocalFileTime@8 0042d0d4     kernel32:KERNEL32.dll
 0002:000000d8       __imp__FindFirstFileExW@24 0042d0d8     kernel32:KERNEL32.dll
 0002:000000dc       __imp__GetCurrentDirectoryW@8 0042d0dc     kernel32:KERNEL32.dll
 0002:000000e0       __imp__CreateDirectoryW@8  0042d0e0     kernel32:KERNEL32.dll
 0002:000000e4       __imp__SetEnvironmentVariableW@8 0042d0e4     kernel32:KERNEL32.dll
 0002:000000e8       __imp__GetFileAttributesExW@12 0042d0e8     kernel32:KERNEL32.dll
 0002:000000ec       __imp__CloseHandle@4       0042d0ec     kernel32:KERNEL32.dll
 0002:000000f0       __imp__RtlUnwind@16        0042d0f0     kernel32:KERNEL32.dll
 0002:000000f4       __imp__GetConsoleMode@8    0042d0f4     kernel32:KERNEL32.dll
 0002:000000f8       __imp__ReadConsoleW@20     0042d0f8     kernel32:KERNEL32.dll
 0002:000000fc       __imp__SetFilePointer@16   0042d0fc     kernel32:KERNEL32.dll
 0002:00000100       __imp__SetFilePointerEx@20 0042d100     kernel32:KERNEL32.dll
 0002:00000104       __imp__GetFileType@4       0042d104     kernel32:KERNEL32.dll
 0002:00000108       __imp__InitOnceExecuteOnce@16 0042d108     kernel32:KERNEL32.dll
 0002:0000010c       __imp__GetStartupInfoW@4   0042d10c     kernel32:KERNEL32.dll
 0002:00000110       __imp__UnhandledExceptionFilter@4 0042d110     kernel32:KERNEL32.dll
 0002:00000114       __imp__SetUnhandledExceptionFilter@4 0042d114     kernel32:KERNEL32.dll
 0002:00000118       __imp__FlsAlloc@4          0042d118     kernel32:KERNEL32.dll
 0002:0000011c       __imp__FlsGetValue@4       0042d11c     kernel32:KERNEL32.dll
 0002:00000120       __imp__FlsSetValue@8       0042d120     kernel32:KERNEL32.dll
 0002:00000124       __imp__FlsFree@4           0042d124     kernel32:KERNEL32.dll
 0002:00000128       __imp__GetModuleHandleW@4  0042d128     kernel32:KERNEL32.dll
 0002:0000012c       __imp__WriteFile@20        0042d12c     kernel32:KERNEL32.dll
 0002:00000130       __imp__GetModuleFileNameW@12 0042d130     kernel32:KERNEL32.dll
 0002:00000134       __imp__LoadLibraryExW@12   0042d134     kernel32:KERNEL32.dll
 0002:00000138       __imp__InterlockedIncrement@4 0042d138     kernel32:KERNEL32.dll
 0002:0000013c       __imp__IsValidCodePage@4   0042d13c     kernel32:KERNEL32.dll
 0002:00000140       __imp__GetACP@0            0042d140     kernel32:KERNEL32.dll
 0002:00000144       __imp__GetOEMCP@0          0042d144     kernel32:KERNEL32.dll
 0002:00000148       __imp__GetCPInfo@8         0042d148     kernel32:KERNEL32.dll
 0002:0000014c       __imp__SetLastError@4      0042d14c     kernel32:KERNEL32.dll
 0002:00000150       __imp__GetCurrentThreadId@0 0042d150     kernel32:KERNEL32.dll
 0002:00000154       __imp__DeleteFileW@4       0042d154     kernel32:KERNEL32.dll
 0002:00000158       __imp__QueryPerformanceCounter@4 0042d158     kernel32:KERNEL32.dll
 0002:0000015c       __imp__GetSystemTimeAsFileTime@4 0042d15c     kernel32:KERNEL32.dll
 0002:00000160       __imp__GetTickCount64@0    0042d160     kernel32:KERNEL32.dll
 0002:00000164       __imp__GetEnvironmentStringsW@0 0042d164     kernel32:KERNEL32.dll
 0002:00000168       __imp__FreeEnvironmentStringsW@4 0042d168     kernel32:KERNEL32.dll
 0002:0000016c       __imp__GetStringTypeW@16   0042d16c     kernel32:KERNEL32.dll
 0002:00000170       __imp__FlushFileBuffers@4  0042d170     kernel32:KERNEL32.dll
 0002:00000174       __imp__GetConsoleCP@0      0042d174     kernel32:KERNEL32.dll
 0002:00000178       __imp__GetFileInformationByHandle@8 0042d178     kernel32:KERNEL32.dll
 0002:0000017c       __imp__PeekNamedPipe@24    0042d17c     kernel32:KERNEL32.dll
 0002:00000180       __imp__GetFullPathNameW@16 0042d180     kernel32:KERNEL32.dll
 0002:00000184       __imp__CreateFileW@28      0042d184     kernel32:KERNEL32.dll
 0002:00000188       __imp__GetTimeZoneInformation@4 0042d188     kernel32:KERNEL32.dll
 0002:0000018c       __imp__WaitForSingleObject@8 0042d18c     kernel32:KERNEL32.dll
 0002:00000190       __imp__GetExitCodeProcess@8 0042d190     kernel32:KERNEL32.dll
 0002:00000194       __imp__CreateProcessA@40   0042d194     kernel32:KERNEL32.dll
 0002:00000198       __imp__SetStdHandle@8      0042d198     kernel32:KERNEL32.dll
 0002:0000019c       __imp__OutputDebugStringW@4 0042d19c     kernel32:KERNEL32.dll
 0002:000001a0       __imp__LoadLibraryW@4      0042d1a0     kernel32:KERNEL32.dll
 0002:000001a4       __imp__CompareStringEx@36  0042d1a4     kernel32:KERNEL32.dll
 0002:000001a8       __imp__SetConsoleMode@8    0042d1a8     kernel32:KERNEL32.dll
 0002:000001ac       \177KERNEL32_NULL_THUNK_DATA 0042d1ac     kernel32:KERNEL32.dll
 0002:000001b0       __imp__GetCPUInformation   0042d1b0     tier0:tier0.dll
 0002:000001b4       __imp__g_pMemAlloc         0042d1b4     tier0:tier0.dll
 0002:000001b8       __imp__CommandLine_Tier0   0042d1b8     tier0:tier0.dll
 0002:000001bc       __imp__Error               0042d1bc     tier0:tier0.dll
 0002:000001c0       __imp__Warning             0042d1c0     tier0:tier0.dll
 0002:000001c4       __imp__Msg                 0042d1c4     tier0:tier0.dll
 0002:000001c8       __imp___AssertValidWritePtr 0042d1c8     tier0:tier0.dll
 0002:000001cc       __imp__AssertValidStringPtr 0042d1cc     tier0:tier0.dll
 0002:000001d0       __imp__Plat_IsInDebugSession 0042d1d0     tier0:tier0.dll
 0002:000001d4       __imp__CreateSimpleThread  0042d1d4     tier0:tier0.dll
 0002:000001d8       __imp__ReleaseThreadHandle 0042d1d8     tier0:tier0.dll
 0002:000001dc       __imp__GetThreadedLoadLibraryFunc 0042d1dc     tier0:tier0.dll
 0002:000001e0       __imp__ThreadWaitForObjects 0042d1e0     tier0:tier0.dll
 0002:000001e4       __imp_?DevMsg@@YAXPBDZZ    0042d1e4     tier0:tier0.dll
 0002:000001e8       __imp_??0CThreadSpinRWLock@@QAE@XZ 0042d1e8     tier0:tier0.dll
 0002:000001ec       __imp_?LockForRead@CThreadSpinRWLock@@QAEXXZ 0042d1ec     tier0:tier0.dll
 0002:000001f0       __imp_?UnlockRead@CThreadSpinRWLock@@QAEXXZ 0042d1f0     tier0:tier0.dll
 0002:000001f4       __imp_?LockForWrite@CThreadSpinRWLock@@QAEXXZ 0042d1f4     tier0:tier0.dll
 0002:000001f8       __imp_?UnlockWrite@CThreadSpinRWLock@@QAEXXZ 0042d1f8     tier0:tier0.dll
 0002:000001fc       __imp__GetSpewOutputColor  0042d1fc     tier0:tier0.dll
 0002:00000200       __imp__SpewOutputFunc      0042d200     tier0:tier0.dll
 0002:00000204       \177tier0_NULL_THUNK_DATA  0042d204     tier0:tier0.dll
 0002:00000208       __imp__KeyValuesSystem     0042d208     vstdlib:vstdlib.dll
 0002:0000020c       \177vstdlib_NULL_THUNK_DATA 0042d20c     vstdlib:vstdlib.dll
[...]
 0002:0000fca8       _EnhancedKeys              0043cca8     LIBCMT:getch.obj
 0002:0000fd20       _NormalKeys                0043cd20     LIBCMT:getch.obj
 0002:00010270       __sehtable$__onexit        0043d270     LIBCMT:onexit.obj
 0002:00010290       __sehtable$_printf         0043d290     LIBCMT:printf.obj
 0002:000102b0       __sehtable$_setvbuf        0043d2b0     LIBCMT:setvbuf.obj
 0002:000102d0       __sehtable$_getenv         0043d2d0     LIBCMT:getenv.obj
 0002:000102f0       __sehtable$__dupenv_s      0043d2f0     LIBCMT:getenv.obj
 0002:00010310       __sehtable$__putenv        0043d310     LIBCMT:putenv.obj
 0002:00010330       __sehtable$_fclose         0043d330     LIBCMT:fclose.obj
 0002:00010350       __sehtable$__fsopen        0043d350     LIBCMT:fopen.obj
 0002:00010370       __sehtable$_fread_s        0043d370     LIBCMT:fread.obj
 0002:00010390       __sehtable$_fseek          0043d390     LIBCMT:fseek.obj
 0002:000103b0       __sehtable$_ftell          0043d3b0     LIBCMT:ftell.obj
 0002:000103d0       __sehtable$_fgets          0043d3d0     LIBCMT:fgets.obj
 0002:000103f0       __sehtable$_fprintf        0043d3f0     LIBCMT:fprintf.obj
 0002:00010410       __sehtable$_fputc          0043d410     LIBCMT:fputc.obj
 0002:00010430       __sehtable$_doexit         0043d430     LIBCMT:crt0dat.obj
 0002:00010450       __sehtable$__tempnam       0043d450     LIBCMT:tempnam.obj
 0002:00010470       __sehtable$___tmainCRTStartup 0043d470     LIBCMT:crt0.obj
 0002:00010490       __sehtable$__mtinitlocknum 0043d490     LIBCMT:mlock.obj
 0002:000104b0       __sehtable$__fcloseall     0043d4b0     LIBCMT:closeall.obj
 0002:000104d0       __sehtable$_flsall         0043d4d0     LIBCMT:fflush.obj
 0002:000104f8       __sehtable$__close         0043d4f8     LIBCMT:close.obj
 0002:00010518       __sehtable$__getstream     0043d518     LIBCMT:stream.obj
 0002:00010538       __sehtable$__read          0043d538     LIBCMT:read.obj
 0002:00010558       __sehtable$__lseek         0043d558     LIBCMT:lseek.obj
 0002:00010578       __sehtable$__lseeki64      0043d578     LIBCMT:lseeki64.obj
 0002:00010598       __sehtable$__ioinitCallback@12 0043d598     LIBCMT:ioinit.obj
 0002:000105b8       __sehtable$__IsNonwritableInCurrentImage 0043d5b8     LIBCMT:pesect.obj
 0002:000105d8       __sehtable$?terminate@@YAXXZ 0043d5d8     LIBCMT:hooks.obj
 0002:000105f8       __sehtable$_raise          0043d5f8     LIBCMT:winsig.obj
 0002:00010618       __sehtable$___updatetmbcinfo 0043d618     LIBCMT:mbctype.obj
 0002:00010638       __sehtable$__setmbcp       0043d638     LIBCMT:mbctype.obj
 0002:00010658       __sehtable$___updatetlocinfo 0043d658     LIBCMT:localref.obj
 0002:00010678       __sehtable$__freefls@4     0043d678     LIBCMT:tidtable.obj
 0002:000106a0       __sehtable$__initptd       0043d6a0     LIBCMT:tidtable.obj
 0002:000106c8       __sehtable$__locterm       0043d6c8     LIBCMT:wsetloca.obj
 0002:000106e8       __sehtable$__rmtmp         0043d6e8     LIBCMT:rmtmp.obj
 0002:00010710       __sehtable$?_Type_info_dtor@type_info@@CAXPAV1@@Z 0043d710     LIBCMT:typname.obj
 0002:00010730       __sehtable$__commit        0043d730     LIBCMT:commit.obj
 0002:00010750       __sehtable$__write         0043d750     LIBCMT:write.obj
 0002:00010770       __sehtable$__fstat64i32    0043d770     LIBCMT:fstati32.obj
 0002:00010790       __sehtable$__wsopen_helper 0043d790     LIBCMT:wopen.obj
 0002:000107b0       __sehtable$__isindst       0043d7b0     LIBCMT:tzset.obj
 0002:000107d0       __sehtable$___tzset        0043d7d0     LIBCMT:tzset.obj
 0002:000107f0       __sehtable$__tzset_nolock  0043d7f0     LIBCMT:tzset.obj
 0002:00010810       __sehtable$__alloc_osfhnd  0043d810     LIBCMT:osfinfo.obj
 0002:00010838       __sehtable$___lock_fhandle 0043d838     LIBCMT:osfinfo.obj
 0002:00010858       __sehtable$__sopen_helper  0043d858     LIBCMT:open.obj
 0002:00010878       __sehtable$___set_fpsr_sse2 0043d878     LIBCMT:fpctrl.obj
 0002:00010898       __sehtable$__getch         0043d898     LIBCMT:getch.obj
 0002:00010c6c       .idata$6                   0043dc6c     kernel32:KERNEL32.dll
 0002:00010cac       .idata$6                   0043dcac     advapi32:ADVAPI32.dll
 0002:00010d30       .idata$6                   0043dd30     tier0:tier0.dll
 0002:00010d4c       .idata$6                   0043dd4c     vstdlib:vstdlib.dll
 0002:00011590       .edata                     0043e590     Motionmapper.exp
 0002:000115b8       rgpv                       0043e5b8     Motionmapper.exp
 0002:000115bc       rgszName                   0043e5bc     Motionmapper.exp
 0002:000115c0       rgwOrd                     0043e5c0     Motionmapper.exp
 0002:000115c2       szName                     0043e5c2     Motionmapper.exp
 0002:000115d3       $N00001                    0043e5d3     Motionmapper.exp
 0003:00000000       _g_InitialColor            0043f000     cmdlib.obj
 0003:00000004       _g_LastColor               0043f004     cmdlib.obj
 0003:00000008       _g_BadColor                0043f008     cmdlib.obj
 0003:0000000c       _g_BackgroundFlags         0043f00c     cmdlib.obj
 0003:00000010       _vec2_invalid              0043f010     cmdlib.obj
 0003:00000050       _vec2_invalid              0043f050     filesystem_helpers.obj
 0003:00000058       _g_FileSystemErrorMode     0043f058     filesystem_init.obj
 0003:0000005c       _vec2_invalid              0043f05c     filesystem_init.obj
 0003:00000064       _vec2_invalid              0043f064     filesystem_tools.obj
 0003:0000032f       _g_bFirstWarning           0043f32f     motionmapper.obj
 0003:00000330       _vec2_invalid              0043f330     motionmapper.obj
 0003:00000338       _vec4_invalid              0043f338     motionmapper.obj
 0003:00000348       _g_VertAnimFixedPointScaleInv 0043f348     motionmapper.obj
 0003:00000354       _vec2_invalid              0043f354     scriplib.obj
 0003:0000035c       _g_ScriptLib               0043f35c     scriplib.obj
 0003:000003b8       _vec2_invalid              0043f3b8     mathlib:mathlib_base.obj
 0003:00000800       _vec2_invalid              0043f800     mathlib:color_conversion.obj
 0003:00000808       _vec2_invalid              0043f808     mathlib:3dnow.obj
 0003:00000810       _vec2_invalid              0043f810     mathlib:sse.obj
 0003:00000818       _s_BackSlashMap            0043f818     tier1:strtools.obj
 0003:00000824       _vec2_invalid              0043f824     tier1:strtools.obj
 0003:00000830       _s_LastFileLoadingFrom     0043f830     tier1:KeyValues.obj
 0003:00000834       _vec2_invalid              0043f834     tier1:KeyValues.obj
 0003:00000950       _vec2_invalid              0043f950     tier1:utlsymbol.obj
 0003:00000958       _s_pConversionArrays_StringCharConversion 0043f958     tier1:utlbuffer.obj
 0003:000009b0       _s_pConversionArrays_NoEscConversion 0043f9b0     tier1:utlbuffer.obj
 0003:000009b8       _vec2_invalid              0043f9b8     tier1:utlbuffer.obj
 0003:00000a2c       _vec2_invalid              0043fa2c     tier1:stringpool.obj
 0003:00000a38       _g_nRandomValues           0043fa38     tier1:generichash.obj
 0003:00000e38       _vec2_invalid              0043fe38     tier2:tier2.obj
 0003:00000e40       _vec4_invalid              0043fe40     tier2:tier2.obj
 0003:000010e0       _errtable                  004400e0     LIBCMT:dosmap.obj
 0003:00001248       _ErrnoNoMem                00440248     LIBCMT:dosmap.obj
 0003:0000124c       _DoserrorNoMem             0044024c     LIBCMT:dosmap.obj
 0003:00001278       __locktable                00440278     LIBCMT:mlock.obj
 0003:000013d0       _ext_strings               004403d0     LIBCMT:spawnve.obj
 0003:00001520       ?isPackaged@?1??__crtIsPackagedApp@@9@9 00440520     LIBCMT:winapisupp.obj
 0003:00001528       ___rgctypeflag             00440528     LIBCMT:mbctype.obj
 0003:00001530       ___rgcode_page_info        00440530     LIBCMT:mbctype.obj
 0003:00001c80       __ctype_loc_style          00440c80     LIBCMT:wsetloca.obj
 0003:00001c90       _NAME_                     00440c90     LIBCMT:cos.obj
 0003:00001ca0       _NAME_                     00440ca0     LIBCMT:sin.obj
 0003:00001cc0       _NAME_                     00440cc0     LIBCMT:tan.obj
 0003:00001d20       _tzstd                     00440d20     LIBCMT:timeset.obj
 0003:00001d60       _tzdst                     00440d60     LIBCMT:timeset.obj
 0003:00001da8       _dststart                  00440da8     LIBCMT:tzset.obj
 0003:00001db4       _dstend                    00440db4     LIBCMT:tzset.obj
 0003:00001e50       _DoubleFormat              00440e50     LIBCMT:intrncvt.obj
 0003:00001e68       _FloatFormat               00440e68     LIBCMT:intrncvt.obj
 0003:00002208       ?_names@?1??_get_fname@@9@9 00441208     LIBCMT:fpexcept.obj
 0003:000022f0       _over                      004412f0     LIBCMT:fpctrl.obj
 0003:000022fc       _under                     004412fc     LIBCMT:fpctrl.obj
 0003:00002308       ?__DAZ_ENABLED@?1??__set_fpsr_sse2@@9@9 00441308     LIBCMT:fpctrl.obj
 0003:00002338       _chbuf                     00441338     LIBCMT:getch.obj
 0003:00002340       _g_NumBasePaths            00441340     cmdlib.obj
 0003:00003b80       _vec2_origin               00442b80     cmdlib.obj
 0003:00003b88       _g_pBasePaths              00442b88     cmdlib.obj
 0003:000045b0       ?buf@?1??CmdLib_FPrintf@@YAXPAXPBDZZ@4V?$CUtlVector@DV?$CUtlMemory@DH@@@@A 004435b0     cmdlib.obj
 0003:000045c4       ?$S1@?1??CmdLib_FPrintf@@YAXPAXPBDZZ@4IA 004435c4     cmdlib.obj
 0003:000045c8       ?full@?1??ExpandArg@@YAPADPAD@Z@4PADA 004435c8     cmdlib.obj
 0003:000049c8       ?full@?1??ExpandPath@@YAPADPAD@Z@4PADA 004439c8     cmdlib.obj
 0003:00004dc8       _vec2_origin               00443dc8     filesystem_helpers.obj
 0003:00004dd0       _g_BreakSet                00443dd0     filesystem_helpers.obj
 0003:00004ed0       _g_BreakSetIncludingColons 00443ed0     filesystem_helpers.obj
 0003:00004fd0       _s_bUseVProjectBinDir      00443fd0     filesystem_init.obj
 0003:00004fd4       _vec2_origin               00443fd4     filesystem_init.obj
 0003:00004fe0       _g_FileSystemError         00443fe0     filesystem_init.obj
 0003:000050e0       ?s_pfnSuggestGameInfoDir@?1??GetSuggestGameInfoDirFn@?A0x3c95f0ac@@YAAAP6A_NPBVCFSSteamSetupInfo@@PADHPA_N@ZXZ@4P6A_N01H2@ZA 004440e0     filesystem_init.obj
 0003:000058f0       _vec2_origin               004448f0     filesystem_tools.obj
 0003:00005904       ?dummy@?4??MakeModuleFileName@@YAPBDXZ@4HA 00444904     memoverride.obj
 0003:00005908       ?pszOwner@?1??AllocUnattributed@@YAPAXI@Z@4PBDB 00444908     memoverride.obj
 0003:0000590c       ?$S1@?1??AllocUnattributed@@YAPAXI@Z@4IA 0044490c     memoverride.obj
 0003:00005910       ?pszOwner@?1??ReallocUnattributed@@YAPAXPAXI@Z@4PBDB 00444910     memoverride.obj
 0003:00005914       ?$S2@?1??ReallocUnattributed@@YAPAXPAXI@Z@4IA 00444914     memoverride.obj
 0003:009777d4       _vec2_origin               00db67d4     motionmapper.obj
 0003:009777dc       _vec4_origin               00db67dc     motionmapper.obj
 0003:009777f0       ?tmpvanim@?1??Grab_Vertexanimation@@YAXPAUs_source_t@@@Z@4PAUs_vertanim_t@@A 00db67f0     motionmapper.obj
 0003:012777f0       ?$S1@?1??Grab_Vertexanimation@@YAXPAUs_source_t@@@Z@4IA 016b67f0     motionmapper.obj
 0003:012777f8       ?v_listsort@?1??BuildIndividualMeshes@@YAXPAUs_source_t@@@Z@4PAHA 016b67f8     motionmapper.obj
 0003:012b77f8       ?v_ilistsort@?1??BuildIndividualMeshes@@YAXPAUs_source_t@@@Z@4PAHA 016f67f8     motionmapper.obj
 0003:012f77f8       ?facesort@?L@??BuildIndividualMeshes@@YAXPAUs_source_t@@@Z@4PAHA 017367f8     motionmapper.obj
 0003:013377f8       ?ifacesort@?L@??BuildIndividualMeshes@@YAXPAUs_source_t@@@Z@4PAHA 017767f8     motionmapper.obj
 0003:0138de60       _vec2_origin               017cce60     scriplib.obj
 0003:0138de68       _s_b3DNowEnabled           017cce68     mathlib:mathlib_base.obj
 0003:0138de69       _s_bMMXEnabled             017cce69     mathlib:mathlib_base.obj
 0003:0138de6a       _s_bSSEEnabled             017cce6a     mathlib:mathlib_base.obj
 0003:0138de6b       _s_bSSE2Enabled            017cce6b     mathlib:mathlib_base.obj
 0003:0138e270       _vec2_origin               017cd270     mathlib:mathlib_base.obj
 0003:01393290       _vec2_origin               017d2290     mathlib:color_conversion.obj
 0003:01393298       _texgammatable             017d2298     mathlib:color_conversion.obj
 0003:01393398       _texturetolinear           017d2398     mathlib:color_conversion.obj
 0003:01393798       _lineartotexture           017d2798     mathlib:color_conversion.obj
 0003:01394798       _lineartoscreen            017d3798     mathlib:color_conversion.obj
 0003:01395798       _g_Mathlib_GammaToLinear   017d4798     mathlib:color_conversion.obj
 0003:01395b98       _g_Mathlib_LinearToGamma   017d4b98     mathlib:color_conversion.obj
 0003:01395f98       _vec2_origin               017d4f98     mathlib:3dnow.obj
 0003:01395fa0       _vec2_origin               017d4fa0     mathlib:sse.obj
 0003:01395fa8       _vec2_origin               017d4fa8     tier1:strtools.obj
 0003:01395fb8       _vec2_origin               017d4fb8     tier1:KeyValues.obj
 0003:01395fc0       _s_pTokenBuf               017d4fc0     tier1:KeyValues.obj
 0003:013963c4       _g_CleanupSymbolTable      017d53c4     tier1:utlsymbol.obj
 0003:013963c8       _vec2_origin               017d53c8     tier1:utlsymbol.obj
 0003:013963d0       ?symbolsInitialized@?1??Initialize@CUtlSymbol@@KAXXZ@4_NA 017d53d0     tier1:utlsymbol.obj
 0003:01397700       _vec2_origin               017d6700     tier1:utlbuffer.obj
 0003:01397708       _vec2_origin               017d6708     tier1:stringpool.obj
 0003:01397740       _vec2_origin               017d6740     tier2:tier2.obj
 0003:01397748       _vec4_origin               017d6748     tier2:tier2.obj
 0003:01397760       ___enable_percent_n        017d6760     LIBCMT:printf.obj
 0003:013977b8       _lclcritsects              017d67b8     LIBCMT:mlock.obj
 0003:01397920       ?outmsg@?8??_NMSG_WRITE@@9@9 017d6920     LIBCMT:crt0msg.obj
 0003:01397f50       _g_pfnRtlGenRandom         017d6f50     LIBCMT:rand_s.obj
 0003:01397f54       _ctrlc_action              017d6f54     LIBCMT:winsig.obj
 0003:01397f58       _ctrlbreak_action          017d6f58     LIBCMT:winsig.obj
 0003:01397f5c       _abort_action              017d6f5c     LIBCMT:winsig.obj
 0003:01397f60       _term_action               017d6f60     LIBCMT:winsig.obj
 0003:01397f64       _ConsoleCtrlHandler_Installed 017d6f64     LIBCMT:winsig.obj
 0003:01397f80       _fSystemSet                017d6f80     LIBCMT:mbctype.obj
 0003:01397f88       _GS_ExceptionRecord        017d6f88     LIBCMT:gs_report.obj
 0003:01397fd8       _GS_ContextRecord          017d6fd8     LIBCMT:gs_report.obj
 0003:013982a4       _DebuggerWasPresent        017d72a4     LIBCMT:gs_report.obj
 0003:013982b0       ___type_info_root_node     017d72b0     LIBCMT:typname.obj
 0003:013982b8       ?_pgmname@?1??_setargv@@9@9 017d72b8     LIBCMT:stdargv.obj
 0003:013983c8       _lastTZ                    017d73c8     LIBCMT:tzset.obj
 0003:013983cc       ?first_time@?1??__tzset@@9@9 017d73cc     LIBCMT:tzset.obj
 0003:013983d0       _tzapiused                 017d73d0     LIBCMT:tzset.obj
 0003:013983d8       _tzinfo                    017d73d8     LIBCMT:tzset.obj
 0003:0139848c       ?pfnMessageBox@?1??__crtMessageBoxW@@9@9 017d748c     LIBCMT:crtmboxw.obj
 0003:01398490       ?pfnGetActiveWindow@?1??__crtMessageBoxW@@9@9 017d7490     LIBCMT:crtmboxw.obj
 0003:01398494       ?pfnGetLastActivePopup@?1??__crtMessageBoxW@@9@9 017d7494     LIBCMT:crtmboxw.obj
 0003:01398498       ?pfnGetProcessWindowStation@?1??__crtMessageBoxW@@9@9 017d7498     LIBCMT:crtmboxw.obj
 0003:0139849c       ?pfnGetUserObjectInformation@?1??__crtMessageBoxW@@9@9 017d749c     LIBCMT:crtmboxw.obj
 0003:013984d0       _heap                      017d74d0     LIBCMT:undname.obj
 0004:00000000       _static_const_table        017d9000     LIBCMT:svml_dsin2_sse2.obj
 0004:00000200       _MMDPI4                    017d9200     LIBCMT:svml_dsin2_sse4.obj
 0004:00000210       _MMISIGNMASK               017d9210     LIBCMT:svml_dsin2_sse4.obj
 0004:00000220       _PI02C_4                   017d9220     LIBCMT:svml_dsin2_sse4.obj
 0004:00000230       _PI02C_3                   017d9230     LIBCMT:svml_dsin2_sse4.obj
 0004:00000240       _PI02C_2                   017d9240     LIBCMT:svml_dsin2_sse4.obj
 0004:00000250       _PI02C_1                   017d9250     LIBCMT:svml_dsin2_sse4.obj
 0004:00000260       _PI02C_0                   017d9260     LIBCMT:svml_dsin2_sse4.obj
 0004:00000270       _RS                        017d9270     LIBCMT:svml_dsin2_sse4.obj
 0004:00000280       _MSK_LOW_BIT               017d9280     LIBCMT:svml_dsin2_sse4.obj
 0004:00000290       _MMI_ONE                   017d9290     LIBCMT:svml_dsin2_sse4.obj
 0004:000002a0       _THE_PI02_INV              017d92a0     LIBCMT:svml_dsin2_sse4.obj
 0004:000002b0       _TWO_POW_30                017d92b0     LIBCMT:svml_dsin2_sse4.obj
 0004:000002c0       _MMIABSMASK                017d92c0     LIBCMT:svml_dsin2_sse4.obj
 0004:000002d0       _MMDA1                     017d92d0     LIBCMT:svml_dsin2_sse4.obj
 0004:000002e0       _MMDA2                     017d92e0     LIBCMT:svml_dsin2_sse4.obj
 0004:000002f0       _MMDA3                     017d92f0     LIBCMT:svml_dsin2_sse4.obj
 0004:00000300       _MMDA4                     017d9300     LIBCMT:svml_dsin2_sse4.obj
 0004:00000310       _MMDA5                     017d9310     LIBCMT:svml_dsin2_sse4.obj
 0004:00000320       _MMDA6                     017d9320     LIBCMT:svml_dsin2_sse4.obj
 0004:00000330       _MMDA7                     017d9330     LIBCMT:svml_dsin2_sse4.obj
 0004:00000340       _MMDA8                     017d9340     LIBCMT:svml_dsin2_sse4.obj
 0004:00000350       _MMDHUGE                   017d9350     LIBCMT:svml_dsin2_sse4.obj
 0004:00000360       _MMDRSHIFT                 017d9360     LIBCMT:svml_dsin2_sse4.obj
 0004:00000370       _MMDPI3                    017d9370     LIBCMT:svml_dsin2_sse4.obj
 0004:00000380       _MMDPI2                    017d9380     LIBCMT:svml_dsin2_sse4.obj
 0004:00000390       _MMDINVPI                  017d9390     LIBCMT:svml_dsin2_sse4.obj
 0004:000003a0       _MMDPI1                    017d93a0     LIBCMT:svml_dsin2_sse4.obj
 0004:00000400       INF_c_1079_0_4             017d9400     LIBCMT:svml_dpow2_sse2.obj
 0004:00000410       QNaN_c_1079_0_4            017d9410     LIBCMT:svml_dpow2_sse2.obj
 0004:00000420       _static_const_table        017d9420     LIBCMT:svml_dpow2_sse2.obj
 0004:00006eb0       _2il0floatpacket_5         017dfeb0     LIBCMT:svml_dpow2_sse2.obj
 0004:00006eb8       _2il0floatpacket_6         017dfeb8     LIBCMT:svml_dpow2_sse2.obj
 0004:00006f00       __e02PI                    017dff00     LIBCMT:svml_dtrig.obj
 0004:000070a0       __e04PI                    017e00a0     LIBCMT:svml_dtrig.obj
 0004:00007230       _2il0floatpacket_2         017e0230     LIBCMT:svml_dtrig.obj
 0004:00007240       _2il0floatpacket_9         017e0240     LIBCMT:svml_dtrig.obj
 0004:00007250       _2il0floatpacket_12        017e0250     LIBCMT:svml_dtrig.obj
 0004:00007260       __dPI02                    017e0260     LIBCMT:svml_dtrig.obj
 0004:00007270       __d02PI                    017e0270     LIBCMT:svml_dtrig.obj
 0004:00007280       __DP4                      017e0280     LIBCMT:svml_dtrig.obj
 0004:000072a0       __dPI04                    017e02a0     LIBCMT:svml_dtrig.obj
 0004:000072b0       __d04PI                    017e02b0     LIBCMT:svml_dtrig.obj
 0004:000072c0       __QP4                      017e02c0     LIBCMT:svml_dtrig.obj
