C:\GABEMODPLUS\SRC\UTILS\VBSP\RELEASE\MEMOVERRIDE.OBJ
C:\GABEMODPLUS\SRC\UTILS\VBSP\RELEASE\MATERIALSUB.OBJ
C:\GABEMODPLUS\SRC\UTILS\VBSP\RELEASE\MATERIALPATCH.OBJ
C:\GABEMODPLUS\SRC\UTILS\VBSP\RELEASE\MAP.OBJ
C:\GABEMODPLUS\SRC\UTILS\VBSP\RELEASE\LUMPFILES.OBJ
C:\GABEMODPLUS\SRC\UTILS\VBSP\RELEASE\LOADCMDLINE.OBJ
C:\GABEMODPLUS\SRC\UTILS\VBSP\RELEASE\LEAKFILE.OBJ
C:\GABEMODPLUS\SRC\UTILS\VBSP\RELEASE\IVP.OBJ
C:\GABEMODPLUS\SRC\UTILS\VBSP\RELEASE\GLFILE.OBJ
C:\GABEMODPLUS\SRC\UTILS\VBSP\RELEASE\FACES.OBJ
C:\GABEMODPLUS\SRC\UTILS\VBSP\RELEASE\DISP_VBSP.OBJ
C:\GABEMODPLUS\SRC\UTILS\VBSP\RELEASE\DISP_POWERINFO.OBJ
C:\GABEMODPLUS\SRC\UTILS\VBSP\RELEASE\DISP_IVP.OBJ
C:\GABEMODPLUS\SRC\UTILS\VBSP\RELEASE\DISP_COMMON.OBJ
C:\GABEMODPLUS\SRC\UTILS\VBSP\RELEASE\DETAILOBJECTS.OBJ
C:\GABEMODPLUS\SRC\UTILS\VBSP\RELEASE\DETAIL.OBJ
C:\GABEMODPLUS\SRC\UTILS\VBSP\RELEASE\CUBEMAP.OBJ
C:\GABEMODPLUS\SRC\UTILS\VBSP\RELEASE\CSG.OBJ
C:\GABEMODPLUS\SRC\UTILS\VBSP\RELEASE\COLLISIONUTILS.OBJ
C:\GABEMODPLUS\SRC\UTILS\VBSP\RELEASE\BRUSHBSP.OBJ
C:\GABEMODPLUS\SRC\UTILS\VBSP\RELEASE\CHUNKFILE.OBJ
C:\GABEMODPLUS\SRC\UTILS\VBSP\RELEASE\BUILDDISP.OBJ
C:\GABEMODPLUS\SRC\UTILS\VBSP\RELEASE\BSPLIB.OBJ
C:\GABEMODPLUS\SRC\UTILS\VBSP\RELEASE\ZIP_UTILS.OBJ
C:\GABEMODPLUS\SRC\UTILS\VBSP\RELEASE\WRITEBSP.OBJ
C:\GABEMODPLUS\SRC\UTILS\VBSP\RELEASE\WORLDVERTEXTRANSITIONFIXUP.OBJ
C:\GABEMODPLUS\SRC\UTILS\VBSP\RELEASE\VBSP.OBJ
C:\GABEMODPLUS\SRC\UTILS\VBSP\RELEASE\UTILMATLIB.OBJ
C:\GABEMODPLUS\SRC\UTILS\VBSP\RELEASE\TREE.OBJ
C:\GABEMODPLUS\SRC\UTILS\VBSP\RELEASE\TEXTURES.OBJ
C:\GABEMODPLUS\SRC\UTILS\VBSP\RELEASE\STATICPROP.OBJ
C:\GABEMODPLUS\SRC\UTILS\VBSP\RELEASE\SCRATCHPAD_HELPERS.OBJ
C:\GABEMODPLUS\SRC\UTILS\VBSP\RELEASE\SCRATCHPAD3D.OBJ
C:\GABEMODPLUS\SRC\UTILS\VBSP\RELEASE\PRTFILE.OBJ
C:\GABEMODPLUS\SRC\UTILS\VBSP\RELEASE\PORTALS.OBJ
C:\GABEMODPLUS\SRC\UTILS\VBSP\RELEASE\PHYSDLL.OBJ
C:\GABEMODPLUS\SRC\UTILS\VBSP\RELEASE\OVERLAY.OBJ
C:\GABEMODPLUS\SRC\UTILS\VBSP\RELEASE\NORMALS.OBJ
C:\GABEMODPLUS\SRC\UTILS\VBSP\RELEASE\NODRAW.OBJ
C:\GABEMODPLUS\SRC\UTILS\VBSP\RELEASE\MSTRISTRIP.OBJ
C:\GABEMODPLUS\SRC\UTILS\VBSP\RELEASE\TOOLS_MINIDUMP.OBJ
C:\GABEMODPLUS\SRC\UTILS\VBSP\RELEASE\THREADS.OBJ
C:\GABEMODPLUS\SRC\UTILS\VBSP\RELEASE\SCRIPLIB.OBJ
C:\GABEMODPLUS\SRC\UTILS\VBSP\RELEASE\POLYLIB.OBJ
C:\GABEMODPLUS\SRC\UTILS\VBSP\RELEASE\PACIFIER.OBJ
C:\GABEMODPLUS\SRC\UTILS\VBSP\RELEASE\MAP_SHARED.OBJ
C:\GABEMODPLUS\SRC\UTILS\VBSP\RELEASE\FILESYSTEM_TOOLS.OBJ
C:\GABEMODPLUS\SRC\UTILS\VBSP\RELEASE\FILESYSTEM_INIT.OBJ
C:\GABEMODPLUS\SRC\UTILS\VBSP\RELEASE\FILESYSTEM_HELPERS.OBJ
C:\GABEMODPLUS\SRC\UTILS\VBSP\RELEASE\CMDLIB.OBJ
C:\GABEMODPLUS\SRC\UTILS\VBSP\RELEASE\VC110.PDB
C:\GabeModPlus\src\utils\vbsp\Release\brushbsp.obj
C:\GabeModPlus\src\utils\vbsp\Release\bsplib.obj
C:\GabeModPlus\src\utils\vbsp\Release\builddisp.obj
C:\GabeModPlus\src\utils\vbsp\Release\chunkfile.obj
C:\GabeModPlus\src\utils\vbsp\Release\cmdlib.obj
C:\GabeModPlus\src\utils\vbsp\Release\collisionutils.obj
C:\GabeModPlus\src\utils\vbsp\Release\csg.obj
C:\GabeModPlus\src\utils\vbsp\Release\cubemap.obj
C:\GabeModPlus\src\utils\vbsp\Release\detail.obj
C:\GabeModPlus\src\utils\vbsp\Release\detailobjects.obj
C:\GabeModPlus\src\utils\vbsp\Release\disp_common.obj
C:\GabeModPlus\src\utils\vbsp\Release\disp_ivp.obj
C:\GabeModPlus\src\utils\vbsp\Release\disp_powerinfo.obj
C:\GabeModPlus\src\utils\vbsp\Release\disp_vbsp.obj
C:\GabeModPlus\src\utils\vbsp\Release\faces.obj
C:\GabeModPlus\src\utils\vbsp\Release\filesystem_helpers.obj
C:\GabeModPlus\src\utils\vbsp\Release\filesystem_init.obj
C:\GabeModPlus\src\utils\vbsp\Release\filesystem_tools.obj
C:\GabeModPlus\src\utils\vbsp\Release\glfile.obj
C:\GabeModPlus\src\utils\vbsp\Release\ivp.obj
C:\GabeModPlus\src\utils\vbsp\Release\leakfile.obj
C:\GabeModPlus\src\utils\vbsp\Release\loadcmdline.obj
C:\GabeModPlus\src\utils\vbsp\Release\lumpfiles.obj
C:\GabeModPlus\src\utils\vbsp\Release\map.obj
C:\GabeModPlus\src\utils\vbsp\Release\map_shared.obj
C:\GabeModPlus\src\utils\vbsp\Release\materialpatch.obj
C:\GabeModPlus\src\utils\vbsp\Release\materialsub.obj
C:\GabeModPlus\src\utils\vbsp\Release\memoverride.obj
C:\GabeModPlus\src\utils\vbsp\Release\mstristrip.obj
C:\GabeModPlus\src\utils\vbsp\Release\nodraw.obj
C:\GabeModPlus\src\utils\vbsp\Release\normals.obj
C:\GabeModPlus\src\utils\vbsp\Release\overlay.obj
C:\GabeModPlus\src\utils\vbsp\Release\pacifier.obj
C:\GabeModPlus\src\utils\vbsp\Release\physdll.obj
C:\GabeModPlus\src\utils\vbsp\Release\polylib.obj
C:\GabeModPlus\src\utils\vbsp\Release\portals.obj
C:\GabeModPlus\src\utils\vbsp\Release\prtfile.obj
C:\GabeModPlus\src\utils\vbsp\Release\scratchpad3d.obj
C:\GabeModPlus\src\utils\vbsp\Release\scratchpad_helpers.obj
C:\GabeModPlus\src\utils\vbsp\Release\scriplib.obj
C:\GabeModPlus\src\utils\vbsp\Release\staticprop.obj
C:\GabeModPlus\src\utils\vbsp\Release\textures.obj
C:\GabeModPlus\src\utils\vbsp\Release\threads.obj
C:\GabeModPlus\src\utils\vbsp\Release\tools_minidump.obj
C:\GabeModPlus\src\utils\vbsp\Release\tree.obj
C:\GabeModPlus\src\utils\vbsp\Release\utilmatlib.obj
C:\GabeModPlus\src\utils\vbsp\Release\vbsp.obj
C:\GabeModPlus\src\utils\vbsp\Release\worldvertextransitionfixup.obj
C:\GabeModPlus\src\utils\vbsp\Release\writebsp.obj
C:\GabeModPlus\src\utils\vbsp\Release\zip_utils.obj
C:\GabeModPlus\src\utils\vbsp\Release\cl.command.1.tlog
C:\GabeModPlus\src\utils\vbsp\Release\CL.read.1.tlog
C:\GabeModPlus\src\utils\vbsp\Release\CL.write.1.tlog
C:\GabeModPlus\src\utils\vbsp\Release\link.command.1.tlog
C:\GabeModPlus\src\utils\vbsp\Release\link.read.1.tlog
C:\GabeModPlus\src\utils\vbsp\Release\link.write.1.tlog
C:\GabeModPlus\src\utils\vbsp\Release\Vbsp.exp
C:\GabeModPlus\src\utils\vbsp\Release\vc110.pdb
